/pscratch/sd/h/hmuki/plexus/plexus/utils/dataloader.py:412: UserWarning: Sparse invariant checks are implicitly disabled. Memory errors (e.g. SEGFAULT) will occur when operating on a sparse tensor which violates the invariants, but checks incur performance overhead. To silence this warning, explicitly opt in or out. See `torch.sparse.check_sparse_tensor_invariants.__doc__` for guidance.  (Triggered internally at /pytorch/aten/src/ATen/Context.cpp:760.)
  adj_local = torch.sparse_coo_tensor(
/pscratch/sd/h/hmuki/plexus/plexus/utils/dataloader.py:412: UserWarning: Sparse invariant checks are implicitly disabled. Memory errors (e.g. SEGFAULT) will occur when operating on a sparse tensor which violates the invariants, but checks incur performance overhead. To silence this warning, explicitly opt in or out. See `torch.sparse.check_sparse_tensor_invariants.__doc__` for guidance.  (Triggered internally at /pytorch/aten/src/ATen/Context.cpp:760.)
  adj_local = torch.sparse_coo_tensor(
/pscratch/sd/h/hmuki/plexus/plexus/utils/dataloader.py:412: UserWarning: Sparse invariant checks are implicitly disabled. Memory errors (e.g. SEGFAULT) will occur when operating on a sparse tensor which violates the invariants, but checks incur performance overhead. To silence this warning, explicitly opt in or out. See `torch.sparse.check_sparse_tensor_invariants.__doc__` for guidance.  (Triggered internally at /pytorch/aten/src/ATen/Context.cpp:760.)
  adj_local = torch.sparse_coo_tensor(
/pscratch/sd/h/hmuki/plexus/plexus/utils/dataloader.py:412: UserWarning: Sparse invariant checks are implicitly disabled. Memory errors (e.g. SEGFAULT) will occur when operating on a sparse tensor which violates the invariants, but checks incur performance overhead. To silence this warning, explicitly opt in or out. See `torch.sparse.check_sparse_tensor_invariants.__doc__` for guidance.  (Triggered internally at /pytorch/aten/src/ATen/Context.cpp:760.)
  adj_local = torch.sparse_coo_tensor(
/pscratch/sd/h/hmuki/plexus/plexus/utils/dataloader.py:425: UserWarning: Sparse CSR tensor support is in beta state. If you miss a functionality in the sparse tensor support, please submit a feature request to https://github.com/pytorch/pytorch/issues. (Triggered internally at /pytorch/aten/src/ATen/SparseCsrTensorImpl.cpp:49.)
  adj_local = adj_local.to_sparse_csr()
/pscratch/sd/h/hmuki/plexus/plexus/utils/dataloader.py:425: UserWarning: Sparse CSR tensor support is in beta state. If you miss a functionality in the sparse tensor support, please submit a feature request to https://github.com/pytorch/pytorch/issues. (Triggered internally at /pytorch/aten/src/ATen/SparseCsrTensorImpl.cpp:49.)
  adj_local = adj_local.to_sparse_csr()
/pscratch/sd/h/hmuki/plexus/plexus/utils/dataloader.py:425: UserWarning: Sparse CSR tensor support is in beta state. If you miss a functionality in the sparse tensor support, please submit a feature request to https://github.com/pytorch/pytorch/issues. (Triggered internally at /pytorch/aten/src/ATen/SparseCsrTensorImpl.cpp:49.)
  adj_local = adj_local.to_sparse_csr()
/pscratch/sd/h/hmuki/plexus/plexus/utils/dataloader.py:425: UserWarning: Sparse CSR tensor support is in beta state. If you miss a functionality in the sparse tensor support, please submit a feature request to https://github.com/pytorch/pytorch/issues. (Triggered internally at /pytorch/aten/src/ATen/SparseCsrTensorImpl.cpp:49.)
  adj_local = adj_local.to_sparse_csr()
/pscratch/sd/h/hmuki/plexus/plexus/utils/dataloader.py:412: UserWarning: Sparse invariant checks are implicitly disabled. Memory errors (e.g. SEGFAULT) will occur when operating on a sparse tensor which violates the invariants, but checks incur performance overhead. To silence this warning, explicitly opt in or out. See `torch.sparse.check_sparse_tensor_invariants.__doc__` for guidance.  (Triggered internally at /pytorch/aten/src/ATen/Context.cpp:760.)
  adj_local = torch.sparse_coo_tensor(
/pscratch/sd/h/hmuki/plexus/plexus/utils/dataloader.py:412: UserWarning: Sparse invariant checks are implicitly disabled. Memory errors (e.g. SEGFAULT) will occur when operating on a sparse tensor which violates the invariants, but checks incur performance overhead. To silence this warning, explicitly opt in or out. See `torch.sparse.check_sparse_tensor_invariants.__doc__` for guidance.  (Triggered internally at /pytorch/aten/src/ATen/Context.cpp:760.)
  adj_local = torch.sparse_coo_tensor(
/pscratch/sd/h/hmuki/plexus/plexus/utils/dataloader.py:412: UserWarning: Sparse invariant checks are implicitly disabled. Memory errors (e.g. SEGFAULT) will occur when operating on a sparse tensor which violates the invariants, but checks incur performance overhead. To silence this warning, explicitly opt in or out. See `torch.sparse.check_sparse_tensor_invariants.__doc__` for guidance.  (Triggered internally at /pytorch/aten/src/ATen/Context.cpp:760.)
  adj_local = torch.sparse_coo_tensor(
/pscratch/sd/h/hmuki/plexus/plexus/utils/dataloader.py:412: UserWarning: Sparse invariant checks are implicitly disabled. Memory errors (e.g. SEGFAULT) will occur when operating on a sparse tensor which violates the invariants, but checks incur performance overhead. To silence this warning, explicitly opt in or out. See `torch.sparse.check_sparse_tensor_invariants.__doc__` for guidance.  (Triggered internally at /pytorch/aten/src/ATen/Context.cpp:760.)
  adj_local = torch.sparse_coo_tensor(
/pscratch/sd/h/hmuki/plexus/plexus/utils/dataloader.py:412: UserWarning: Sparse invariant checks are implicitly disabled. Memory errors (e.g. SEGFAULT) will occur when operating on a sparse tensor which violates the invariants, but checks incur performance overhead. To silence this warning, explicitly opt in or out. See `torch.sparse.check_sparse_tensor_invariants.__doc__` for guidance.  (Triggered internally at /pytorch/aten/src/ATen/Context.cpp:760.)
  adj_local = torch.sparse_coo_tensor(
/pscratch/sd/h/hmuki/plexus/plexus/utils/dataloader.py:412: UserWarning: Sparse invariant checks are implicitly disabled. Memory errors (e.g. SEGFAULT) will occur when operating on a sparse tensor which violates the invariants, but checks incur performance overhead. To silence this warning, explicitly opt in or out. See `torch.sparse.check_sparse_tensor_invariants.__doc__` for guidance.  (Triggered internally at /pytorch/aten/src/ATen/Context.cpp:760.)
  adj_local = torch.sparse_coo_tensor(
/pscratch/sd/h/hmuki/plexus/plexus/utils/dataloader.py:412: UserWarning: Sparse invariant checks are implicitly disabled. Memory errors (e.g. SEGFAULT) will occur when operating on a sparse tensor which violates the invariants, but checks incur performance overhead. To silence this warning, explicitly opt in or out. See `torch.sparse.check_sparse_tensor_invariants.__doc__` for guidance.  (Triggered internally at /pytorch/aten/src/ATen/Context.cpp:760.)
  adj_local = torch.sparse_coo_tensor(
/pscratch/sd/h/hmuki/plexus/plexus/utils/dataloader.py:412: UserWarning: Sparse invariant checks are implicitly disabled. Memory errors (e.g. SEGFAULT) will occur when operating on a sparse tensor which violates the invariants, but checks incur performance overhead. To silence this warning, explicitly opt in or out. See `torch.sparse.check_sparse_tensor_invariants.__doc__` for guidance.  (Triggered internally at /pytorch/aten/src/ATen/Context.cpp:760.)
  adj_local = torch.sparse_coo_tensor(
/pscratch/sd/h/hmuki/plexus/plexus/utils/dataloader.py:412: UserWarning: Sparse invariant checks are implicitly disabled. Memory errors (e.g. SEGFAULT) will occur when operating on a sparse tensor which violates the invariants, but checks incur performance overhead. To silence this warning, explicitly opt in or out. See `torch.sparse.check_sparse_tensor_invariants.__doc__` for guidance.  (Triggered internally at /pytorch/aten/src/ATen/Context.cpp:760.)
  adj_local = torch.sparse_coo_tensor(
/pscratch/sd/h/hmuki/plexus/plexus/utils/dataloader.py:412: UserWarning: Sparse invariant checks are implicitly disabled. Memory errors (e.g. SEGFAULT) will occur when operating on a sparse tensor which violates the invariants, but checks incur performance overhead. To silence this warning, explicitly opt in or out. See `torch.sparse.check_sparse_tensor_invariants.__doc__` for guidance.  (Triggered internally at /pytorch/aten/src/ATen/Context.cpp:760.)
  adj_local = torch.sparse_coo_tensor(
/pscratch/sd/h/hmuki/plexus/plexus/utils/dataloader.py:412: UserWarning: Sparse invariant checks are implicitly disabled. Memory errors (e.g. SEGFAULT) will occur when operating on a sparse tensor which violates the invariants, but checks incur performance overhead. To silence this warning, explicitly opt in or out. See `torch.sparse.check_sparse_tensor_invariants.__doc__` for guidance.  (Triggered internally at /pytorch/aten/src/ATen/Context.cpp:760.)
  adj_local = torch.sparse_coo_tensor(
/pscratch/sd/h/hmuki/plexus/plexus/utils/dataloader.py:412: UserWarning: Sparse invariant checks are implicitly disabled. Memory errors (e.g. SEGFAULT) will occur when operating on a sparse tensor which violates the invariants, but checks incur performance overhead. To silence this warning, explicitly opt in or out. See `torch.sparse.check_sparse_tensor_invariants.__doc__` for guidance.  (Triggered internally at /pytorch/aten/src/ATen/Context.cpp:760.)
  adj_local = torch.sparse_coo_tensor(
/pscratch/sd/h/hmuki/plexus/plexus/utils/dataloader.py:425: UserWarning: Sparse CSR tensor support is in beta state. If you miss a functionality in the sparse tensor support, please submit a feature request to https://github.com/pytorch/pytorch/issues. (Triggered internally at /pytorch/aten/src/ATen/SparseCsrTensorImpl.cpp:49.)
  adj_local = adj_local.to_sparse_csr()
/pscratch/sd/h/hmuki/plexus/plexus/utils/dataloader.py:425: UserWarning: Sparse CSR tensor support is in beta state. If you miss a functionality in the sparse tensor support, please submit a feature request to https://github.com/pytorch/pytorch/issues. (Triggered internally at /pytorch/aten/src/ATen/SparseCsrTensorImpl.cpp:49.)
  adj_local = adj_local.to_sparse_csr()
/pscratch/sd/h/hmuki/plexus/plexus/utils/dataloader.py:425: UserWarning: Sparse CSR tensor support is in beta state. If you miss a functionality in the sparse tensor support, please submit a feature request to https://github.com/pytorch/pytorch/issues. (Triggered internally at /pytorch/aten/src/ATen/SparseCsrTensorImpl.cpp:49.)
  adj_local = adj_local.to_sparse_csr()
/pscratch/sd/h/hmuki/plexus/plexus/utils/dataloader.py:425: UserWarning: Sparse CSR tensor support is in beta state. If you miss a functionality in the sparse tensor support, please submit a feature request to https://github.com/pytorch/pytorch/issues. (Triggered internally at /pytorch/aten/src/ATen/SparseCsrTensorImpl.cpp:49.)
  adj_local = adj_local.to_sparse_csr()
/pscratch/sd/h/hmuki/plexus/plexus/utils/dataloader.py:425: UserWarning: Sparse CSR tensor support is in beta state. If you miss a functionality in the sparse tensor support, please submit a feature request to https://github.com/pytorch/pytorch/issues. (Triggered internally at /pytorch/aten/src/ATen/SparseCsrTensorImpl.cpp:49.)
  adj_local = adj_local.to_sparse_csr()
/pscratch/sd/h/hmuki/plexus/plexus/utils/dataloader.py:425: UserWarning: Sparse CSR tensor support is in beta state. If you miss a functionality in the sparse tensor support, please submit a feature request to https://github.com/pytorch/pytorch/issues. (Triggered internally at /pytorch/aten/src/ATen/SparseCsrTensorImpl.cpp:49.)
  adj_local = adj_local.to_sparse_csr()
/pscratch/sd/h/hmuki/plexus/plexus/utils/dataloader.py:425: UserWarning: Sparse CSR tensor support is in beta state. If you miss a functionality in the sparse tensor support, please submit a feature request to https://github.com/pytorch/pytorch/issues. (Triggered internally at /pytorch/aten/src/ATen/SparseCsrTensorImpl.cpp:49.)
  adj_local = adj_local.to_sparse_csr()
/pscratch/sd/h/hmuki/plexus/plexus/utils/dataloader.py:425: UserWarning: Sparse CSR tensor support is in beta state. If you miss a functionality in the sparse tensor support, please submit a feature request to https://github.com/pytorch/pytorch/issues. (Triggered internally at /pytorch/aten/src/ATen/SparseCsrTensorImpl.cpp:49.)
  adj_local = adj_local.to_sparse_csr()
/pscratch/sd/h/hmuki/plexus/plexus/utils/dataloader.py:425: UserWarning: Sparse CSR tensor support is in beta state. If you miss a functionality in the sparse tensor support, please submit a feature request to https://github.com/pytorch/pytorch/issues. (Triggered internally at /pytorch/aten/src/ATen/SparseCsrTensorImpl.cpp:49.)
  adj_local = adj_local.to_sparse_csr()
/pscratch/sd/h/hmuki/plexus/plexus/utils/dataloader.py:425: UserWarning: Sparse CSR tensor support is in beta state. If you miss a functionality in the sparse tensor support, please submit a feature request to https://github.com/pytorch/pytorch/issues. (Triggered internally at /pytorch/aten/src/ATen/SparseCsrTensorImpl.cpp:49.)
  adj_local = adj_local.to_sparse_csr()
/pscratch/sd/h/hmuki/plexus/plexus/utils/dataloader.py:425: UserWarning: Sparse CSR tensor support is in beta state. If you miss a functionality in the sparse tensor support, please submit a feature request to https://github.com/pytorch/pytorch/issues. (Triggered internally at /pytorch/aten/src/ATen/SparseCsrTensorImpl.cpp:49.)
  adj_local = adj_local.to_sparse_csr()
/pscratch/sd/h/hmuki/plexus/plexus/utils/dataloader.py:425: UserWarning: Sparse CSR tensor support is in beta state. If you miss a functionality in the sparse tensor support, please submit a feature request to https://github.com/pytorch/pytorch/issues. (Triggered internally at /pytorch/aten/src/ATen/SparseCsrTensorImpl.cpp:49.)
  adj_local = adj_local.to_sparse_csr()
[info] RMSNorm + ReLU + Dropout fused and compiled with torch.compile
steps_per_epoch:  41
steps_per_epoch:  41
steps_per_epoch:  41
steps_per_epoch:  41
steps_per_epoch:  41
steps_per_epoch:  41
steps_per_epoch:  41
steps_per_epoch:  41
steps_per_epoch:  41
steps_per_epoch:  41
steps_per_epoch:  41
steps_per_epoch:  41
steps_per_epoch:  41
steps_per_epoch:  41
steps_per_epoch:  41
steps_per_epoch:  41
Epoch: 000, Train Loss: 3.4580
Epoch: 001, Train Loss: 3.4188
Epoch: 002, Train Loss: 3.3513
Epoch: 003, Train Loss: 3.3100
Epoch: 004, Train Loss: 3.2761
Epoch: 005, Train Loss: 3.2748
Epoch: 006, Train Loss: 3.2499
Epoch: 007, Train Loss: 3.2295
Epoch: 008, Train Loss: 3.2717
rank 3 Peak GPU memory: 7.07 GB
rank 2 Peak GPU memory: 7.07 GB
rank 1 Peak GPU memory: 7.07 GB
rank 6 Peak GPU memory: 7.07 GB
rank 4 Peak GPU memory: 7.07 GB
rank 7 Peak GPU memory: 7.07 GB
rank 9 Peak GPU memory: 7.07 GB
rank 10 Peak GPU memory: 7.16 GB
rank 11 Peak GPU memory: 7.07 GB
rank 5 Peak GPU memory: 7.15 GB
rank 8 Peak GPU memory: 7.07 GB
rank 12 Peak GPU memory: 7.07 GB
rank 15 Peak GPU memory: 7.16 GB
rank 14 Peak GPU memory: 7.07 GB
rank 13 Peak GPU memory: 7.07 GB
|--[95m 'drop | Max Time: 0.170 ms | Avg Time: 0.150 ms | Load Imbalance: 1.138' [0m

|--[95m 'epoch 0 | Max Time: 7646.045 ms | Avg Time: 7644.858 ms | Load Imbalance: 1.000' [0m
	|--[92m 'minibatch prep | Max Time: 587.188 ms | Avg Time: 568.426 ms | Load Imbalance: 1.033' [0m
		|--[96m 'sample nodes | Max Time: 158.618 ms | Avg Time: 155.830 ms | Load Imbalance: 1.018' [0m
		|--[96m 'compact indices | Max Time: 35.765 ms | Avg Time: 34.724 ms | Load Imbalance: 1.030' [0m
		|--[96m 'compact adj shards | Max Time: 366.617 ms | Avg Time: 350.732 ms | Load Imbalance: 1.045' [0m
			|--[91m 'compact layout prep | Max Time: 112.666 ms | Avg Time: 99.560 ms | Load Imbalance: 1.132' [0m
			|--[91m 'compact csr: indices | Max Time: 2.740 ms | Avg Time: 2.669 ms | Load Imbalance: 1.027' [0m
			|--[91m 'compact csr: row ptrs | Max Time: 26.313 ms | Avg Time: 24.510 ms | Load Imbalance: 1.074' [0m
			|--[91m 'compact csr: nnz index | Max Time: 26.520 ms | Avg Time: 26.348 ms | Load Imbalance: 1.007' [0m
			|--[91m 'compact csr: select nnz | Max Time: 9.131 ms | Avg Time: 8.946 ms | Load Imbalance: 1.021' [0m
			|--[91m 'compact csr: col map | Max Time: 16.212 ms | Avg Time: 16.072 ms | Load Imbalance: 1.009' [0m
			|--[91m 'compact csr: edge scale | Max Time: 36.441 ms | Avg Time: 34.813 ms | Load Imbalance: 1.047' [0m
			|--[91m 'compact csr: crow | Max Time: 47.315 ms | Avg Time: 43.934 ms | Load Imbalance: 1.077' [0m
			|--[91m 'compact csr: adjt direct | Max Time: 47.326 ms | Avg Time: 46.050 ms | Load Imbalance: 1.028' [0m
		|--[96m 'compact feature slice | Max Time: 12.600 ms | Avg Time: 12.542 ms | Load Imbalance: 1.005' [0m
		|--[96m 'compact label slice | Max Time: 8.812 ms | Avg Time: 8.320 ms | Load Imbalance: 1.059' [0m
	|--[92m 'train step | Max Time: 7084.063 ms | Avg Time: 7074.562 ms | Load Imbalance: 1.001' [0m
		|--[96m 'input_linear | Max Time: 475.709 ms | Avg Time: 449.170 ms | Load Imbalance: 1.059' [0m
			|--[91m 'input_linear X * W | Max Time: 47.169 ms | Avg Time: 44.265 ms | Load Imbalance: 1.066' [0m
			|--[91m 'all-reduce | Max Time: 425.476 ms | Avg Time: 398.049 ms | Load Imbalance: 1.069' [0m
			|--[91m 'OUT + BIAS | Max Time: 5.773 ms | Avg Time: 5.758 ms | Load Imbalance: 1.003' [0m
		|--[96m 'gcn conv fwd | Max Time: 1106.263 ms | Avg Time: 981.119 ms | Load Imbalance: 1.128' [0m
			|--[91m 'AGG = A * H | Max Time: 40.289 ms | Avg Time: 35.676 ms | Load Imbalance: 1.129' [0m
			|--[91m 'allreduce H | Max Time: 516.115 ms | Avg Time: 411.291 ms | Load Imbalance: 1.255' [0m
				|--[95m 'allreduce lowp comm dtype | Max Time: 9.726 ms | Avg Time: 9.629 ms | Load Imbalance: 1.010' [0m
				|--[95m 'allreduce lowp | Max Time: 493.377 ms | Avg Time: 388.495 ms | Load Imbalance: 1.270' [0m
				|--[95m 'allreduce copy back | Max Time: 11.949 ms | Avg Time: 11.919 ms | Load Imbalance: 1.003' [0m
			|--[91m 'Allgather W | Max Time: 59.859 ms | Avg Time: 40.455 ms | Load Imbalance: 1.480' [0m
				|--[95m 'gather | Max Time: 59.339 ms | Avg Time: 39.926 ms | Load Imbalance: 1.486' [0m
			|--[91m 'OUT = AGG * W | Max Time: 23.548 ms | Avg Time: 23.133 ms | Load Imbalance: 1.018' [0m
			|--[91m 'allreduce Q | Max Time: 507.223 ms | Avg Time: 468.686 ms | Load Imbalance: 1.082' [0m
				|--[95m 'allreduce lowp comm dtype | Max Time: 9.965 ms | Avg Time: 9.939 ms | Load Imbalance: 1.003' [0m
				|--[95m 'allreduce lowp | Max Time: 484.291 ms | Avg Time: 445.760 ms | Load Imbalance: 1.086' [0m
				|--[95m 'allreduce copy back | Max Time: 11.847 ms | Avg Time: 11.814 ms | Load Imbalance: 1.003' [0m
		|--[96m 'activation | Max Time: 3828.691 ms | Avg Time: 3716.056 ms | Load Imbalance: 1.030' [0m
			|--[91m 'all-reduce | Max Time: 400.651 ms | Avg Time: 271.322 ms | Load Imbalance: 1.477' [0m
		|--[96m 'output_linear | Max Time: 192.389 ms | Avg Time: 155.734 ms | Load Imbalance: 1.235' [0m
			|--[91m 'output_linear X * W | Max Time: 5.223 ms | Avg Time: 5.075 ms | Load Imbalance: 1.029' [0m
			|--[91m 'all-reduce | Max Time: 186.197 ms | Avg Time: 149.479 ms | Load Imbalance: 1.246' [0m
			|--[91m 'OUT + BIAS | Max Time: 0.811 ms | Avg Time: 0.772 ms | Load Imbalance: 1.051' [0m
		|--[96m 'cross entropy fwd | Max Time: 132.688 ms | Avg Time: 121.108 ms | Load Imbalance: 1.096' [0m
		|--[96m 'cross entropy bwd | Max Time: 8.839 ms | Avg Time: 5.678 ms | Load Imbalance: 1.557' [0m
		|--[96m 'linear_3d_bwd | Max Time: 74.349 ms | Avg Time: 69.794 ms | Load Imbalance: 1.065' [0m
			|--[91m 'output_linear GRAD_X | Max Time: 9.106 ms | Avg Time: 6.363 ms | Load Imbalance: 1.431' [0m
			|--[91m 'all-reduce | Max Time: 38.794 ms | Avg Time: 34.507 ms | Load Imbalance: 1.124' [0m
			|--[91m 'output_linear GRAD_W | Max Time: 16.342 ms | Avg Time: 13.691 ms | Load Imbalance: 1.194' [0m
			|--[91m 'input_linear GRAD_W | Max Time: 6.154 ms | Avg Time: 6.113 ms | Load Imbalance: 1.007' [0m
		|--[96m 'gcn conv bwd | Max Time: 743.857 ms | Avg Time: 603.831 ms | Load Imbalance: 1.232' [0m
			|--[91m 'GRAD_AGG = GRAD_OUT * W.T | Max Time: 23.275 ms | Avg Time: 23.109 ms | Load Imbalance: 1.007' [0m
			|--[91m 'allreduce lowp comm dtype | Max Time: 9.804 ms | Avg Time: 9.694 ms | Load Imbalance: 1.011' [0m
			|--[91m 'allreduce lowp | Max Time: 222.438 ms | Avg Time: 211.228 ms | Load Imbalance: 1.053' [0m
			|--[91m 'allreduce copy back | Max Time: 12.031 ms | Avg Time: 12.002 ms | Load Imbalance: 1.002' [0m
			|--[91m 'GRAD_W = AGG.T * GRAD_OUT | Max Time: 24.177 ms | Avg Time: 24.089 ms | Load Imbalance: 1.004' [0m
			|--[91m 'ReduceScatter grad_weight | Max Time: 4.369 ms | Avg Time: 4.047 ms | Load Imbalance: 1.080' [0m
				|--[95m 'reduce-scatter | Max Time: 3.895 ms | Avg Time: 3.561 ms | Load Imbalance: 1.094' [0m
					|--[92m 'reduce-scatter-dist | Max Time: 3.513 ms | Avg Time: 3.173 ms | Load Imbalance: 1.107' [0m
			|--[91m 'GRAD_H = A.T * GRAD_AGG | Max Time: 26.648 ms | Avg Time: 23.157 ms | Load Imbalance: 1.151' [0m
			|--[91m 'allreduce grad_x | Max Time: 208.752 ms | Avg Time: 204.042 ms | Load Imbalance: 1.023' [0m
				|--[95m 'allreduce lowp comm dtype | Max Time: 9.530 ms | Avg Time: 9.442 ms | Load Imbalance: 1.009' [0m
				|--[95m 'allreduce lowp | Max Time: 186.115 ms | Avg Time: 181.467 ms | Load Imbalance: 1.026' [0m
				|--[95m 'allreduce copy back | Max Time: 12.002 ms | Avg Time: 11.966 ms | Load Imbalance: 1.003' [0m
			|--[91m 'gather | Max Time: 216.857 ms | Avg Time: 89.622 ms | Load Imbalance: 2.420' [0m
		|--[96m 'sync_norm_gradients | Max Time: 130.490 ms | Avg Time: 43.585 ms | Load Imbalance: 2.994' [0m
		|--[96m 'sync_data_parallel_gradients | Max Time: 0.098 ms | Avg Time: 0.096 ms | Load Imbalance: 1.016' [0m

|--[95m 'epoch 1 | Max Time: 1805.731 ms | Avg Time: 1805.715 ms | Load Imbalance: 1.000' [0m
	|--[92m 'minibatch prep | Max Time: 463.799 ms | Avg Time: 448.783 ms | Load Imbalance: 1.033' [0m
		|--[96m 'sample nodes | Max Time: 140.612 ms | Avg Time: 140.117 ms | Load Imbalance: 1.004' [0m
		|--[96m 'compact indices | Max Time: 25.230 ms | Avg Time: 24.991 ms | Load Imbalance: 1.010' [0m
		|--[96m 'compact adj shards | Max Time: 278.749 ms | Avg Time: 264.109 ms | Load Imbalance: 1.055' [0m
			|--[91m 'compact layout prep | Max Time: 65.269 ms | Avg Time: 54.685 ms | Load Imbalance: 1.194' [0m
			|--[91m 'compact csr: indices | Max Time: 2.699 ms | Avg Time: 2.617 ms | Load Imbalance: 1.031' [0m
			|--[91m 'compact csr: row ptrs | Max Time: 15.836 ms | Avg Time: 15.607 ms | Load Imbalance: 1.015' [0m
			|--[91m 'compact csr: nnz index | Max Time: 22.682 ms | Avg Time: 22.491 ms | Load Imbalance: 1.008' [0m
			|--[91m 'compact csr: select nnz | Max Time: 9.134 ms | Avg Time: 8.955 ms | Load Imbalance: 1.020' [0m
			|--[91m 'compact csr: col map | Max Time: 16.240 ms | Avg Time: 16.080 ms | Load Imbalance: 1.010' [0m
			|--[91m 'compact csr: edge scale | Max Time: 29.509 ms | Avg Time: 28.641 ms | Load Imbalance: 1.030' [0m
			|--[91m 'compact csr: crow | Max Time: 24.480 ms | Avg Time: 23.292 ms | Load Imbalance: 1.051' [0m
			|--[91m 'compact csr: adjt direct | Max Time: 45.537 ms | Avg Time: 44.212 ms | Load Imbalance: 1.030' [0m
		|--[96m 'compact feature slice | Max Time: 12.144 ms | Avg Time: 12.126 ms | Load Imbalance: 1.002' [0m
		|--[96m 'compact label slice | Max Time: 1.630 ms | Avg Time: 1.620 ms | Load Imbalance: 1.006' [0m
	|--[92m 'train step | Max Time: 1362.033 ms | Avg Time: 1355.136 ms | Load Imbalance: 1.005' [0m
		|--[96m 'input_linear | Max Time: 63.758 ms | Avg Time: 54.720 ms | Load Imbalance: 1.165' [0m
			|--[91m 'input_linear X * W | Max Time: 6.278 ms | Avg Time: 6.237 ms | Load Imbalance: 1.007' [0m
			|--[91m 'all-reduce | Max Time: 50.964 ms | Avg Time: 41.868 ms | Load Imbalance: 1.217' [0m
			|--[91m 'OUT + BIAS | Max Time: 5.765 ms | Avg Time: 5.750 ms | Load Imbalance: 1.003' [0m
		|--[96m 'gcn conv fwd | Max Time: 495.777 ms | Avg Time: 491.959 ms | Load Imbalance: 1.008' [0m
			|--[91m 'AGG = A * H | Max Time: 26.801 ms | Avg Time: 23.394 ms | Load Imbalance: 1.146' [0m
			|--[91m 'allreduce H | Max Time: 219.211 ms | Avg Time: 215.270 ms | Load Imbalance: 1.018' [0m
				|--[95m 'allreduce lowp comm dtype | Max Time: 9.553 ms | Avg Time: 9.437 ms | Load Imbalance: 1.012' [0m
				|--[95m 'allreduce lowp | Max Time: 196.781 ms | Avg Time: 192.818 ms | Load Imbalance: 1.021' [0m
				|--[95m 'allreduce copy back | Max Time: 11.879 ms | Avg Time: 11.854 ms | Load Imbalance: 1.002' [0m
			|--[91m 'Allgather W | Max Time: 8.418 ms | Avg Time: 7.142 ms | Load Imbalance: 1.179' [0m
				|--[95m 'gather | Max Time: 7.942 ms | Avg Time: 6.660 ms | Load Imbalance: 1.192' [0m
			|--[91m 'OUT = AGG * W | Max Time: 22.913 ms | Avg Time: 22.878 ms | Load Imbalance: 1.002' [0m
			|--[91m 'allreduce Q | Max Time: 227.338 ms | Avg Time: 221.533 ms | Load Imbalance: 1.026' [0m
				|--[95m 'allreduce lowp comm dtype | Max Time: 9.969 ms | Avg Time: 9.936 ms | Load Imbalance: 1.003' [0m
				|--[95m 'allreduce lowp | Max Time: 204.388 ms | Avg Time: 198.615 ms | Load Imbalance: 1.029' [0m
				|--[95m 'allreduce copy back | Max Time: 11.840 ms | Avg Time: 11.814 ms | Load Imbalance: 1.002' [0m
		|--[96m 'activation | Max Time: 52.670 ms | Avg Time: 51.439 ms | Load Imbalance: 1.024' [0m
			|--[91m 'all-reduce | Max Time: 27.192 ms | Avg Time: 25.946 ms | Load Imbalance: 1.048' [0m
		|--[96m 'output_linear | Max Time: 49.439 ms | Avg Time: 48.392 ms | Load Imbalance: 1.022' [0m
			|--[91m 'output_linear X * W | Max Time: 5.054 ms | Avg Time: 5.029 ms | Load Imbalance: 1.005' [0m
			|--[91m 'all-reduce | Max Time: 43.243 ms | Avg Time: 42.200 ms | Load Imbalance: 1.025' [0m
			|--[91m 'OUT + BIAS | Max Time: 0.804 ms | Avg Time: 0.772 ms | Load Imbalance: 1.041' [0m
		|--[96m 'cross entropy fwd | Max Time: 41.338 ms | Avg Time: 40.106 ms | Load Imbalance: 1.031' [0m
		|--[96m 'cross entropy bwd | Max Time: 4.162 ms | Avg Time: 4.043 ms | Load Imbalance: 1.030' [0m
		|--[96m 'linear_3d_bwd | Max Time: 58.353 ms | Avg Time: 57.343 ms | Load Imbalance: 1.018' [0m
			|--[91m 'output_linear GRAD_X | Max Time: 4.417 ms | Avg Time: 4.324 ms | Load Imbalance: 1.022' [0m
			|--[91m 'all-reduce | Max Time: 34.309 ms | Avg Time: 33.053 ms | Load Imbalance: 1.038' [0m
			|--[91m 'output_linear GRAD_W | Max Time: 5.040 ms | Avg Time: 4.996 ms | Load Imbalance: 1.009' [0m
			|--[91m 'input_linear GRAD_W | Max Time: 6.174 ms | Avg Time: 6.107 ms | Load Imbalance: 1.011' [0m
		|--[96m 'gcn conv bwd | Max Time: 518.173 ms | Avg Time: 516.411 ms | Load Imbalance: 1.003' [0m
			|--[91m 'GRAD_AGG = GRAD_OUT * W.T | Max Time: 23.095 ms | Avg Time: 23.056 ms | Load Imbalance: 1.002' [0m
			|--[91m 'allreduce lowp comm dtype | Max Time: 9.832 ms | Avg Time: 9.699 ms | Load Imbalance: 1.014' [0m
			|--[91m 'allreduce lowp | Max Time: 196.372 ms | Avg Time: 194.767 ms | Load Imbalance: 1.008' [0m
			|--[91m 'allreduce copy back | Max Time: 12.044 ms | Avg Time: 12.007 ms | Load Imbalance: 1.003' [0m
			|--[91m 'GRAD_W = AGG.T * GRAD_OUT | Max Time: 24.122 ms | Avg Time: 24.055 ms | Load Imbalance: 1.003' [0m
			|--[91m 'ReduceScatter grad_weight | Max Time: 3.878 ms | Avg Time: 3.602 ms | Load Imbalance: 1.077' [0m
				|--[95m 'reduce-scatter | Max Time: 3.400 ms | Avg Time: 3.120 ms | Load Imbalance: 1.090' [0m
					|--[92m 'reduce-scatter-dist | Max Time: 3.021 ms | Avg Time: 2.734 ms | Load Imbalance: 1.105' [0m
			|--[91m 'GRAD_H = A.T * GRAD_AGG | Max Time: 26.646 ms | Avg Time: 23.143 ms | Load Imbalance: 1.151' [0m
			|--[91m 'allreduce grad_x | Max Time: 211.182 ms | Avg Time: 205.016 ms | Load Imbalance: 1.030' [0m
				|--[95m 'allreduce lowp comm dtype | Max Time: 9.544 ms | Avg Time: 9.434 ms | Load Imbalance: 1.012' [0m
				|--[95m 'allreduce lowp | Max Time: 188.524 ms | Avg Time: 182.457 ms | Load Imbalance: 1.033' [0m
				|--[95m 'allreduce copy back | Max Time: 11.994 ms | Avg Time: 11.960 ms | Load Imbalance: 1.003' [0m
			|--[91m 'gather | Max Time: 22.856 ms | Avg Time: 18.256 ms | Load Imbalance: 1.252' [0m
		|--[96m 'sync_norm_gradients | Max Time: 6.047 ms | Avg Time: 4.948 ms | Load Imbalance: 1.222' [0m
		|--[96m 'sync_data_parallel_gradients | Max Time: 0.098 ms | Avg Time: 0.096 ms | Load Imbalance: 1.018' [0m

|--[95m 'epoch 2 | Max Time: 1799.705 ms | Avg Time: 1799.689 ms | Load Imbalance: 1.000' [0m
	|--[92m 'minibatch prep | Max Time: 463.767 ms | Avg Time: 448.701 ms | Load Imbalance: 1.034' [0m
		|--[96m 'sample nodes | Max Time: 140.622 ms | Avg Time: 140.113 ms | Load Imbalance: 1.004' [0m
		|--[96m 'compact indices | Max Time: 25.297 ms | Avg Time: 24.962 ms | Load Imbalance: 1.013' [0m
		|--[96m 'compact adj shards | Max Time: 278.677 ms | Avg Time: 264.086 ms | Load Imbalance: 1.055' [0m
			|--[91m 'compact layout prep | Max Time: 65.227 ms | Avg Time: 54.570 ms | Load Imbalance: 1.195' [0m
			|--[91m 'compact csr: indices | Max Time: 2.697 ms | Avg Time: 2.618 ms | Load Imbalance: 1.030' [0m
			|--[91m 'compact csr: row ptrs | Max Time: 15.897 ms | Avg Time: 15.624 ms | Load Imbalance: 1.017' [0m
			|--[91m 'compact csr: nnz index | Max Time: 22.548 ms | Avg Time: 22.423 ms | Load Imbalance: 1.006' [0m
			|--[91m 'compact csr: select nnz | Max Time: 9.129 ms | Avg Time: 8.949 ms | Load Imbalance: 1.020' [0m
			|--[91m 'compact csr: col map | Max Time: 16.193 ms | Avg Time: 16.080 ms | Load Imbalance: 1.007' [0m
			|--[91m 'compact csr: edge scale | Max Time: 29.512 ms | Avg Time: 28.671 ms | Load Imbalance: 1.029' [0m
			|--[91m 'compact csr: crow | Max Time: 24.461 ms | Avg Time: 23.296 ms | Load Imbalance: 1.050' [0m
			|--[91m 'compact csr: adjt direct | Max Time: 45.577 ms | Avg Time: 44.229 ms | Load Imbalance: 1.030' [0m
		|--[96m 'compact feature slice | Max Time: 12.153 ms | Avg Time: 12.124 ms | Load Imbalance: 1.002' [0m
		|--[96m 'compact label slice | Max Time: 1.633 ms | Avg Time: 1.627 ms | Load Imbalance: 1.004' [0m
	|--[92m 'train step | Max Time: 1356.563 ms | Avg Time: 1349.198 ms | Load Imbalance: 1.005' [0m
		|--[96m 'input_linear | Max Time: 63.849 ms | Avg Time: 54.794 ms | Load Imbalance: 1.165' [0m
			|--[91m 'input_linear X * W | Max Time: 6.303 ms | Avg Time: 6.241 ms | Load Imbalance: 1.010' [0m
			|--[91m 'all-reduce | Max Time: 50.976 ms | Avg Time: 41.952 ms | Load Imbalance: 1.215' [0m
			|--[91m 'OUT + BIAS | Max Time: 5.767 ms | Avg Time: 5.750 ms | Load Imbalance: 1.003' [0m
		|--[96m 'gcn conv fwd | Max Time: 492.533 ms | Avg Time: 488.573 ms | Load Imbalance: 1.008' [0m
			|--[91m 'AGG = A * H | Max Time: 26.799 ms | Avg Time: 23.380 ms | Load Imbalance: 1.146' [0m
			|--[91m 'allreduce H | Max Time: 219.207 ms | Avg Time: 214.666 ms | Load Imbalance: 1.021' [0m
				|--[95m 'allreduce lowp comm dtype | Max Time: 9.550 ms | Avg Time: 9.440 ms | Load Imbalance: 1.012' [0m
				|--[95m 'allreduce lowp | Max Time: 196.773 ms | Avg Time: 192.212 ms | Load Imbalance: 1.024' [0m
				|--[95m 'allreduce copy back | Max Time: 11.880 ms | Avg Time: 11.854 ms | Load Imbalance: 1.002' [0m
			|--[91m 'Allgather W | Max Time: 9.238 ms | Avg Time: 7.529 ms | Load Imbalance: 1.227' [0m
				|--[95m 'gather | Max Time: 8.762 ms | Avg Time: 6.978 ms | Load Imbalance: 1.256' [0m
			|--[91m 'OUT = AGG * W | Max Time: 22.951 ms | Avg Time: 22.890 ms | Load Imbalance: 1.003' [0m
			|--[91m 'allreduce Q | Max Time: 223.797 ms | Avg Time: 218.360 ms | Load Imbalance: 1.025' [0m
				|--[95m 'allreduce lowp comm dtype | Max Time: 9.996 ms | Avg Time: 9.940 ms | Load Imbalance: 1.006' [0m
				|--[95m 'allreduce lowp | Max Time: 200.851 ms | Avg Time: 195.437 ms | Load Imbalance: 1.028' [0m
				|--[95m 'allreduce copy back | Max Time: 11.840 ms | Avg Time: 11.813 ms | Load Imbalance: 1.002' [0m
		|--[96m 'activation | Max Time: 50.880 ms | Avg Time: 50.362 ms | Load Imbalance: 1.010' [0m
			|--[91m 'all-reduce | Max Time: 25.417 ms | Avg Time: 24.870 ms | Load Imbalance: 1.022' [0m
		|--[96m 'output_linear | Max Time: 51.206 ms | Avg Time: 49.085 ms | Load Imbalance: 1.043' [0m
			|--[91m 'output_linear X * W | Max Time: 5.054 ms | Avg Time: 5.030 ms | Load Imbalance: 1.005' [0m
			|--[91m 'all-reduce | Max Time: 45.014 ms | Avg Time: 42.894 ms | Load Imbalance: 1.049' [0m
			|--[91m 'OUT + BIAS | Max Time: 0.807 ms | Avg Time: 0.772 ms | Load Imbalance: 1.046' [0m
		|--[96m 'cross entropy fwd | Max Time: 40.966 ms | Avg Time: 39.526 ms | Load Imbalance: 1.036' [0m
		|--[96m 'cross entropy bwd | Max Time: 4.152 ms | Avg Time: 4.053 ms | Load Imbalance: 1.024' [0m
		|--[96m 'linear_3d_bwd | Max Time: 59.524 ms | Avg Time: 57.437 ms | Load Imbalance: 1.036' [0m
			|--[91m 'output_linear GRAD_X | Max Time: 4.413 ms | Avg Time: 4.336 ms | Load Imbalance: 1.018' [0m
			|--[91m 'all-reduce | Max Time: 35.485 ms | Avg Time: 33.141 ms | Load Imbalance: 1.071' [0m
			|--[91m 'output_linear GRAD_W | Max Time: 5.042 ms | Avg Time: 4.994 ms | Load Imbalance: 1.010' [0m
			|--[91m 'input_linear GRAD_W | Max Time: 6.204 ms | Avg Time: 6.109 ms | Load Imbalance: 1.016' [0m
		|--[96m 'gcn conv bwd | Max Time: 516.115 ms | Avg Time: 514.922 ms | Load Imbalance: 1.002' [0m
			|--[91m 'GRAD_AGG = GRAD_OUT * W.T | Max Time: 23.094 ms | Avg Time: 23.058 ms | Load Imbalance: 1.002' [0m
			|--[91m 'allreduce lowp comm dtype | Max Time: 9.872 ms | Avg Time: 9.698 ms | Load Imbalance: 1.018' [0m
			|--[91m 'allreduce lowp | Max Time: 195.916 ms | Avg Time: 194.891 ms | Load Imbalance: 1.005' [0m
			|--[91m 'allreduce copy back | Max Time: 12.036 ms | Avg Time: 12.001 ms | Load Imbalance: 1.003' [0m
			|--[91m 'GRAD_W = AGG.T * GRAD_OUT | Max Time: 24.153 ms | Avg Time: 24.061 ms | Load Imbalance: 1.004' [0m
			|--[91m 'ReduceScatter grad_weight | Max Time: 3.771 ms | Avg Time: 3.556 ms | Load Imbalance: 1.060' [0m
				|--[95m 'reduce-scatter | Max Time: 3.285 ms | Avg Time: 3.074 ms | Load Imbalance: 1.069' [0m
					|--[92m 'reduce-scatter-dist | Max Time: 2.896 ms | Avg Time: 2.689 ms | Load Imbalance: 1.077' [0m
			|--[91m 'GRAD_H = A.T * GRAD_AGG | Max Time: 26.606 ms | Avg Time: 23.131 ms | Load Imbalance: 1.150' [0m
			|--[91m 'allreduce grad_x | Max Time: 211.478 ms | Avg Time: 205.716 ms | Load Imbalance: 1.028' [0m
				|--[95m 'allreduce lowp comm dtype | Max Time: 9.561 ms | Avg Time: 9.437 ms | Load Imbalance: 1.013' [0m
				|--[95m 'allreduce lowp | Max Time: 188.849 ms | Avg Time: 183.147 ms | Load Imbalance: 1.031' [0m
				|--[95m 'allreduce copy back | Max Time: 12.004 ms | Avg Time: 11.965 ms | Load Imbalance: 1.003' [0m
			|--[91m 'gather | Max Time: 20.754 ms | Avg Time: 15.999 ms | Load Imbalance: 1.297' [0m
		|--[96m 'sync_norm_gradients | Max Time: 5.619 ms | Avg Time: 4.952 ms | Load Imbalance: 1.135' [0m
		|--[96m 'sync_data_parallel_gradients | Max Time: 0.098 ms | Avg Time: 0.096 ms | Load Imbalance: 1.019' [0m

|--[95m 'epoch 3 | Max Time: 1799.696 ms | Avg Time: 1799.682 ms | Load Imbalance: 1.000' [0m
	|--[92m 'minibatch prep | Max Time: 463.900 ms | Avg Time: 449.011 ms | Load Imbalance: 1.033' [0m
		|--[96m 'sample nodes | Max Time: 140.605 ms | Avg Time: 140.089 ms | Load Imbalance: 1.004' [0m
		|--[96m 'compact indices | Max Time: 25.394 ms | Avg Time: 24.981 ms | Load Imbalance: 1.017' [0m
		|--[96m 'compact adj shards | Max Time: 278.798 ms | Avg Time: 264.401 ms | Load Imbalance: 1.054' [0m
			|--[91m 'compact layout prep | Max Time: 65.182 ms | Avg Time: 54.684 ms | Load Imbalance: 1.192' [0m
			|--[91m 'compact csr: indices | Max Time: 4.446 ms | Avg Time: 2.739 ms | Load Imbalance: 1.623' [0m
			|--[91m 'compact csr: row ptrs | Max Time: 15.901 ms | Avg Time: 15.605 ms | Load Imbalance: 1.019' [0m
			|--[91m 'compact csr: nnz index | Max Time: 22.719 ms | Avg Time: 22.493 ms | Load Imbalance: 1.010' [0m
			|--[91m 'compact csr: select nnz | Max Time: 9.131 ms | Avg Time: 8.952 ms | Load Imbalance: 1.020' [0m
			|--[91m 'compact csr: col map | Max Time: 16.217 ms | Avg Time: 16.082 ms | Load Imbalance: 1.008' [0m
			|--[91m 'compact csr: edge scale | Max Time: 29.407 ms | Avg Time: 28.683 ms | Load Imbalance: 1.025' [0m
			|--[91m 'compact csr: crow | Max Time: 24.387 ms | Avg Time: 23.323 ms | Load Imbalance: 1.046' [0m
			|--[91m 'compact csr: adjt direct | Max Time: 45.626 ms | Avg Time: 44.259 ms | Load Imbalance: 1.031' [0m
		|--[96m 'compact feature slice | Max Time: 12.136 ms | Avg Time: 12.123 ms | Load Imbalance: 1.001' [0m
		|--[96m 'compact label slice | Max Time: 1.638 ms | Avg Time: 1.628 ms | Load Imbalance: 1.006' [0m
	|--[92m 'train step | Max Time: 1355.621 ms | Avg Time: 1348.714 ms | Load Imbalance: 1.005' [0m
		|--[96m 'input_linear | Max Time: 65.722 ms | Avg Time: 56.529 ms | Load Imbalance: 1.163' [0m
			|--[91m 'input_linear X * W | Max Time: 6.296 ms | Avg Time: 6.245 ms | Load Imbalance: 1.008' [0m
			|--[91m 'all-reduce | Max Time: 52.911 ms | Avg Time: 43.677 ms | Load Imbalance: 1.211' [0m
			|--[91m 'OUT + BIAS | Max Time: 5.764 ms | Avg Time: 5.750 ms | Load Imbalance: 1.002' [0m
		|--[96m 'gcn conv fwd | Max Time: 496.331 ms | Avg Time: 490.993 ms | Load Imbalance: 1.011' [0m
			|--[91m 'AGG = A * H | Max Time: 26.821 ms | Avg Time: 23.399 ms | Load Imbalance: 1.146' [0m
			|--[91m 'allreduce H | Max Time: 217.642 ms | Avg Time: 213.529 ms | Load Imbalance: 1.019' [0m
				|--[95m 'allreduce lowp comm dtype | Max Time: 9.545 ms | Avg Time: 9.440 ms | Load Imbalance: 1.011' [0m
				|--[95m 'allreduce lowp | Max Time: 195.121 ms | Avg Time: 191.076 ms | Load Imbalance: 1.021' [0m
				|--[95m 'allreduce copy back | Max Time: 11.882 ms | Avg Time: 11.853 ms | Load Imbalance: 1.003' [0m
			|--[91m 'Allgather W | Max Time: 9.221 ms | Avg Time: 7.774 ms | Load Imbalance: 1.186' [0m
				|--[95m 'gather | Max Time: 8.738 ms | Avg Time: 7.292 ms | Load Imbalance: 1.198' [0m
			|--[91m 'OUT = AGG * W | Max Time: 22.910 ms | Avg Time: 22.880 ms | Load Imbalance: 1.001' [0m
			|--[91m 'allreduce Q | Max Time: 229.997 ms | Avg Time: 221.667 ms | Load Imbalance: 1.038' [0m
				|--[95m 'allreduce lowp comm dtype | Max Time: 9.984 ms | Avg Time: 9.940 ms | Load Imbalance: 1.004' [0m
				|--[95m 'allreduce lowp | Max Time: 207.161 ms | Avg Time: 198.745 ms | Load Imbalance: 1.042' [0m
				|--[95m 'allreduce copy back | Max Time: 11.841 ms | Avg Time: 11.812 ms | Load Imbalance: 1.002' [0m
		|--[96m 'activation | Max Time: 51.149 ms | Avg Time: 50.573 ms | Load Imbalance: 1.011' [0m
			|--[91m 'all-reduce | Max Time: 25.643 ms | Avg Time: 25.079 ms | Load Imbalance: 1.023' [0m
		|--[96m 'output_linear | Max Time: 52.261 ms | Avg Time: 49.246 ms | Load Imbalance: 1.061' [0m
			|--[91m 'output_linear X * W | Max Time: 5.048 ms | Avg Time: 5.028 ms | Load Imbalance: 1.004' [0m
			|--[91m 'all-reduce | Max Time: 46.077 ms | Avg Time: 43.054 ms | Load Imbalance: 1.070' [0m
			|--[91m 'OUT + BIAS | Max Time: 0.803 ms | Avg Time: 0.773 ms | Load Imbalance: 1.039' [0m
		|--[96m 'cross entropy fwd | Max Time: 41.920 ms | Avg Time: 39.903 ms | Load Imbalance: 1.051' [0m
		|--[96m 'cross entropy bwd | Max Time: 4.083 ms | Avg Time: 3.985 ms | Load Imbalance: 1.025' [0m
		|--[96m 'linear_3d_bwd | Max Time: 58.092 ms | Avg Time: 56.916 ms | Load Imbalance: 1.021' [0m
			|--[91m 'output_linear GRAD_X | Max Time: 4.373 ms | Avg Time: 4.306 ms | Load Imbalance: 1.016' [0m
			|--[91m 'all-reduce | Max Time: 33.960 ms | Avg Time: 32.644 ms | Load Imbalance: 1.040' [0m
			|--[91m 'output_linear GRAD_W | Max Time: 5.043 ms | Avg Time: 4.994 ms | Load Imbalance: 1.010' [0m
			|--[91m 'input_linear GRAD_W | Max Time: 6.208 ms | Avg Time: 6.115 ms | Load Imbalance: 1.015' [0m
		|--[96m 'gcn conv bwd | Max Time: 512.251 ms | Avg Time: 510.656 ms | Load Imbalance: 1.003' [0m
			|--[91m 'GRAD_AGG = GRAD_OUT * W.T | Max Time: 23.090 ms | Avg Time: 23.058 ms | Load Imbalance: 1.001' [0m
			|--[91m 'allreduce lowp comm dtype | Max Time: 9.799 ms | Avg Time: 9.675 ms | Load Imbalance: 1.013' [0m
			|--[91m 'allreduce lowp | Max Time: 192.428 ms | Avg Time: 191.156 ms | Load Imbalance: 1.007' [0m
			|--[91m 'allreduce copy back | Max Time: 12.046 ms | Avg Time: 12.003 ms | Load Imbalance: 1.004' [0m
			|--[91m 'GRAD_W = AGG.T * GRAD_OUT | Max Time: 24.107 ms | Avg Time: 24.058 ms | Load Imbalance: 1.002' [0m
			|--[91m 'ReduceScatter grad_weight | Max Time: 4.607 ms | Avg Time: 3.759 ms | Load Imbalance: 1.226' [0m
				|--[95m 'reduce-scatter | Max Time: 4.127 ms | Avg Time: 3.276 ms | Load Imbalance: 1.260' [0m
					|--[92m 'reduce-scatter-dist | Max Time: 3.743 ms | Avg Time: 2.890 ms | Load Imbalance: 1.295' [0m
			|--[91m 'GRAD_H = A.T * GRAD_AGG | Max Time: 26.614 ms | Avg Time: 23.130 ms | Load Imbalance: 1.151' [0m
			|--[91m 'allreduce grad_x | Max Time: 210.337 ms | Avg Time: 204.399 ms | Load Imbalance: 1.029' [0m
				|--[95m 'allreduce lowp comm dtype | Max Time: 9.566 ms | Avg Time: 9.445 ms | Load Imbalance: 1.013' [0m
				|--[95m 'allreduce lowp | Max Time: 187.701 ms | Avg Time: 181.815 ms | Load Imbalance: 1.032' [0m
				|--[95m 'allreduce copy back | Max Time: 12.007 ms | Avg Time: 11.971 ms | Load Imbalance: 1.003' [0m
			|--[91m 'gather | Max Time: 20.163 ms | Avg Time: 16.608 ms | Load Imbalance: 1.214' [0m
		|--[96m 'sync_norm_gradients | Max Time: 6.765 ms | Avg Time: 5.156 ms | Load Imbalance: 1.312' [0m
		|--[96m 'sync_data_parallel_gradients | Max Time: 0.097 ms | Avg Time: 0.096 ms | Load Imbalance: 1.010' [0m

|--[95m 'epoch 4 | Max Time: 1795.569 ms | Avg Time: 1795.552 ms | Load Imbalance: 1.000' [0m
	|--[92m 'minibatch prep | Max Time: 464.478 ms | Avg Time: 448.628 ms | Load Imbalance: 1.035' [0m
		|--[96m 'sample nodes | Max Time: 140.586 ms | Avg Time: 140.103 ms | Load Imbalance: 1.003' [0m
		|--[96m 'compact indices | Max Time: 25.271 ms | Avg Time: 24.943 ms | Load Imbalance: 1.013' [0m
		|--[96m 'compact adj shards | Max Time: 279.409 ms | Avg Time: 264.047 ms | Load Imbalance: 1.058' [0m
			|--[91m 'compact layout prep | Max Time: 65.307 ms | Avg Time: 54.579 ms | Load Imbalance: 1.197' [0m
			|--[91m 'compact csr: indices | Max Time: 2.699 ms | Avg Time: 2.604 ms | Load Imbalance: 1.036' [0m
			|--[91m 'compact csr: row ptrs | Max Time: 15.937 ms | Avg Time: 15.627 ms | Load Imbalance: 1.020' [0m
			|--[91m 'compact csr: nnz index | Max Time: 22.555 ms | Avg Time: 22.401 ms | Load Imbalance: 1.007' [0m
			|--[91m 'compact csr: select nnz | Max Time: 9.108 ms | Avg Time: 8.943 ms | Load Imbalance: 1.019' [0m
			|--[91m 'compact csr: col map | Max Time: 16.206 ms | Avg Time: 16.070 ms | Load Imbalance: 1.008' [0m
			|--[91m 'compact csr: edge scale | Max Time: 29.789 ms | Avg Time: 28.695 ms | Load Imbalance: 1.038' [0m
			|--[91m 'compact csr: crow | Max Time: 24.294 ms | Avg Time: 23.269 ms | Load Imbalance: 1.044' [0m
			|--[91m 'compact csr: adjt direct | Max Time: 45.589 ms | Avg Time: 44.198 ms | Load Imbalance: 1.031' [0m
		|--[96m 'compact feature slice | Max Time: 12.164 ms | Avg Time: 12.123 ms | Load Imbalance: 1.003' [0m
		|--[96m 'compact label slice | Max Time: 1.644 ms | Avg Time: 1.630 ms | Load Imbalance: 1.008' [0m
	|--[92m 'train step | Max Time: 1351.805 ms | Avg Time: 1345.136 ms | Load Imbalance: 1.005' [0m
		|--[96m 'input_linear | Max Time: 64.214 ms | Avg Time: 54.990 ms | Load Imbalance: 1.168' [0m
			|--[91m 'input_linear X * W | Max Time: 6.312 ms | Avg Time: 6.225 ms | Load Imbalance: 1.014' [0m
			|--[91m 'all-reduce | Max Time: 51.364 ms | Avg Time: 42.208 ms | Load Imbalance: 1.217' [0m
			|--[91m 'OUT + BIAS | Max Time: 5.769 ms | Avg Time: 5.751 ms | Load Imbalance: 1.003' [0m
		|--[96m 'gcn conv fwd | Max Time: 493.094 ms | Avg Time: 488.795 ms | Load Imbalance: 1.009' [0m
			|--[91m 'AGG = A * H | Max Time: 26.827 ms | Avg Time: 23.400 ms | Load Imbalance: 1.146' [0m
			|--[91m 'allreduce H | Max Time: 218.675 ms | Avg Time: 213.444 ms | Load Imbalance: 1.025' [0m
				|--[95m 'allreduce lowp comm dtype | Max Time: 9.545 ms | Avg Time: 9.442 ms | Load Imbalance: 1.011' [0m
				|--[95m 'allreduce lowp | Max Time: 196.155 ms | Avg Time: 190.990 ms | Load Imbalance: 1.027' [0m
				|--[95m 'allreduce copy back | Max Time: 11.878 ms | Avg Time: 11.852 ms | Load Imbalance: 1.002' [0m
			|--[91m 'Allgather W | Max Time: 8.800 ms | Avg Time: 7.528 ms | Load Imbalance: 1.169' [0m
				|--[95m 'gather | Max Time: 8.319 ms | Avg Time: 7.046 ms | Load Imbalance: 1.181' [0m
			|--[91m 'OUT = AGG * W | Max Time: 22.920 ms | Avg Time: 22.880 ms | Load Imbalance: 1.002' [0m
			|--[91m 'allreduce Q | Max Time: 227.041 ms | Avg Time: 219.802 ms | Load Imbalance: 1.033' [0m
				|--[95m 'allreduce lowp comm dtype | Max Time: 9.988 ms | Avg Time: 9.940 ms | Load Imbalance: 1.005' [0m
				|--[95m 'allreduce lowp | Max Time: 204.128 ms | Avg Time: 196.880 ms | Load Imbalance: 1.037' [0m
				|--[95m 'allreduce copy back | Max Time: 11.860 ms | Avg Time: 11.813 ms | Load Imbalance: 1.004' [0m
		|--[96m 'activation | Max Time: 51.335 ms | Avg Time: 50.585 ms | Load Imbalance: 1.015' [0m
			|--[91m 'all-reduce | Max Time: 25.804 ms | Avg Time: 25.087 ms | Load Imbalance: 1.029' [0m
		|--[96m 'output_linear | Max Time: 49.008 ms | Avg Time: 48.332 ms | Load Imbalance: 1.014' [0m
			|--[91m 'output_linear X * W | Max Time: 5.048 ms | Avg Time: 5.028 ms | Load Imbalance: 1.004' [0m
			|--[91m 'all-reduce | Max Time: 42.786 ms | Avg Time: 42.142 ms | Load Imbalance: 1.015' [0m
			|--[91m 'OUT + BIAS | Max Time: 0.804 ms | Avg Time: 0.772 ms | Load Imbalance: 1.042' [0m
		|--[96m 'cross entropy fwd | Max Time: 42.456 ms | Avg Time: 39.169 ms | Load Imbalance: 1.084' [0m
		|--[96m 'cross entropy bwd | Max Time: 4.069 ms | Avg Time: 3.912 ms | Load Imbalance: 1.040' [0m
		|--[96m 'linear_3d_bwd | Max Time: 57.902 ms | Avg Time: 56.763 ms | Load Imbalance: 1.020' [0m
			|--[91m 'output_linear GRAD_X | Max Time: 4.415 ms | Avg Time: 4.275 ms | Load Imbalance: 1.033' [0m
			|--[91m 'all-reduce | Max Time: 33.647 ms | Avg Time: 32.533 ms | Load Imbalance: 1.034' [0m
			|--[91m 'output_linear GRAD_W | Max Time: 5.064 ms | Avg Time: 4.990 ms | Load Imbalance: 1.015' [0m
			|--[91m 'input_linear GRAD_W | Max Time: 6.210 ms | Avg Time: 6.109 ms | Load Imbalance: 1.016' [0m
		|--[96m 'gcn conv bwd | Max Time: 516.804 ms | Avg Time: 513.948 ms | Load Imbalance: 1.006' [0m
			|--[91m 'GRAD_AGG = GRAD_OUT * W.T | Max Time: 23.087 ms | Avg Time: 23.054 ms | Load Imbalance: 1.001' [0m
			|--[91m 'allreduce lowp comm dtype | Max Time: 9.791 ms | Avg Time: 9.668 ms | Load Imbalance: 1.013' [0m
			|--[91m 'allreduce lowp | Max Time: 196.392 ms | Avg Time: 193.664 ms | Load Imbalance: 1.014' [0m
			|--[91m 'allreduce copy back | Max Time: 12.046 ms | Avg Time: 12.004 ms | Load Imbalance: 1.003' [0m
			|--[91m 'GRAD_W = AGG.T * GRAD_OUT | Max Time: 24.110 ms | Avg Time: 24.050 ms | Load Imbalance: 1.002' [0m
			|--[91m 'ReduceScatter grad_weight | Max Time: 3.708 ms | Avg Time: 3.530 ms | Load Imbalance: 1.050' [0m
				|--[95m 'reduce-scatter | Max Time: 3.222 ms | Avg Time: 3.048 ms | Load Imbalance: 1.057' [0m
					|--[92m 'reduce-scatter-dist | Max Time: 2.839 ms | Avg Time: 2.662 ms | Load Imbalance: 1.067' [0m
			|--[91m 'GRAD_H = A.T * GRAD_AGG | Max Time: 26.638 ms | Avg Time: 23.143 ms | Load Imbalance: 1.151' [0m
			|--[91m 'allreduce grad_x | Max Time: 211.059 ms | Avg Time: 204.835 ms | Load Imbalance: 1.030' [0m
				|--[95m 'allreduce lowp comm dtype | Max Time: 9.552 ms | Avg Time: 9.448 ms | Load Imbalance: 1.011' [0m
				|--[95m 'allreduce lowp | Max Time: 188.373 ms | Avg Time: 182.252 ms | Load Imbalance: 1.034' [0m
				|--[95m 'allreduce copy back | Max Time: 12.005 ms | Avg Time: 11.970 ms | Load Imbalance: 1.003' [0m
			|--[91m 'gather | Max Time: 21.969 ms | Avg Time: 17.189 ms | Load Imbalance: 1.278' [0m
		|--[96m 'sync_norm_gradients | Max Time: 5.636 ms | Avg Time: 4.867 ms | Load Imbalance: 1.158' [0m
		|--[96m 'sync_data_parallel_gradients | Max Time: 0.097 ms | Avg Time: 0.096 ms | Load Imbalance: 1.010' [0m

|--[95m 'epoch 5 | Max Time: 1794.476 ms | Avg Time: 1792.723 ms | Load Imbalance: 1.001' [0m
	|--[92m 'minibatch prep | Max Time: 464.474 ms | Avg Time: 448.827 ms | Load Imbalance: 1.035' [0m
		|--[96m 'sample nodes | Max Time: 140.614 ms | Avg Time: 140.098 ms | Load Imbalance: 1.004' [0m
		|--[96m 'compact indices | Max Time: 25.309 ms | Avg Time: 24.926 ms | Load Imbalance: 1.015' [0m
		|--[96m 'compact adj shards | Max Time: 279.253 ms | Avg Time: 264.271 ms | Load Imbalance: 1.057' [0m
			|--[91m 'compact layout prep | Max Time: 65.446 ms | Avg Time: 54.686 ms | Load Imbalance: 1.197' [0m
			|--[91m 'compact csr: indices | Max Time: 2.713 ms | Avg Time: 2.624 ms | Load Imbalance: 1.034' [0m
			|--[91m 'compact csr: row ptrs | Max Time: 15.912 ms | Avg Time: 15.613 ms | Load Imbalance: 1.019' [0m
			|--[91m 'compact csr: nnz index | Max Time: 22.757 ms | Avg Time: 22.502 ms | Load Imbalance: 1.011' [0m
			|--[91m 'compact csr: select nnz | Max Time: 9.136 ms | Avg Time: 8.947 ms | Load Imbalance: 1.021' [0m
			|--[91m 'compact csr: col map | Max Time: 16.213 ms | Avg Time: 16.100 ms | Load Imbalance: 1.007' [0m
			|--[91m 'compact csr: edge scale | Max Time: 29.398 ms | Avg Time: 28.694 ms | Load Imbalance: 1.025' [0m
			|--[91m 'compact csr: crow | Max Time: 24.349 ms | Avg Time: 23.307 ms | Load Imbalance: 1.045' [0m
			|--[91m 'compact csr: adjt direct | Max Time: 45.578 ms | Avg Time: 44.204 ms | Load Imbalance: 1.031' [0m
		|--[96m 'compact feature slice | Max Time: 12.156 ms | Avg Time: 12.122 ms | Load Imbalance: 1.003' [0m
		|--[96m 'compact label slice | Max Time: 1.635 ms | Avg Time: 1.625 ms | Load Imbalance: 1.007' [0m
	|--[92m 'train step | Max Time: 1349.246 ms | Avg Time: 1341.967 ms | Load Imbalance: 1.005' [0m
		|--[96m 'input_linear | Max Time: 64.250 ms | Avg Time: 54.631 ms | Load Imbalance: 1.176' [0m
			|--[91m 'input_linear X * W | Max Time: 6.295 ms | Avg Time: 6.233 ms | Load Imbalance: 1.010' [0m
			|--[91m 'all-reduce | Max Time: 51.426 ms | Avg Time: 41.817 ms | Load Imbalance: 1.230' [0m
			|--[91m 'OUT + BIAS | Max Time: 5.765 ms | Avg Time: 5.750 ms | Load Imbalance: 1.003' [0m
		|--[96m 'gcn conv fwd | Max Time: 491.916 ms | Avg Time: 487.411 ms | Load Imbalance: 1.009' [0m
			|--[91m 'AGG = A * H | Max Time: 26.840 ms | Avg Time: 23.398 ms | Load Imbalance: 1.147' [0m
			|--[91m 'allreduce H | Max Time: 217.973 ms | Avg Time: 214.210 ms | Load Imbalance: 1.018' [0m
				|--[95m 'allreduce lowp comm dtype | Max Time: 9.545 ms | Avg Time: 9.440 ms | Load Imbalance: 1.011' [0m
				|--[95m 'allreduce lowp | Max Time: 195.481 ms | Avg Time: 191.753 ms | Load Imbalance: 1.019' [0m
				|--[95m 'allreduce copy back | Max Time: 11.888 ms | Avg Time: 11.856 ms | Load Imbalance: 1.003' [0m
			|--[91m 'Allgather W | Max Time: 8.411 ms | Avg Time: 7.471 ms | Load Imbalance: 1.126' [0m
				|--[95m 'gather | Max Time: 7.931 ms | Avg Time: 6.989 ms | Load Imbalance: 1.135' [0m
			|--[91m 'OUT = AGG * W | Max Time: 22.924 ms | Avg Time: 22.880 ms | Load Imbalance: 1.002' [0m
			|--[91m 'allreduce Q | Max Time: 222.438 ms | Avg Time: 217.709 ms | Load Imbalance: 1.022' [0m
				|--[95m 'allreduce lowp comm dtype | Max Time: 9.987 ms | Avg Time: 9.941 ms | Load Imbalance: 1.005' [0m
				|--[95m 'allreduce lowp | Max Time: 199.525 ms | Avg Time: 194.787 ms | Load Imbalance: 1.024' [0m
				|--[95m 'allreduce copy back | Max Time: 11.856 ms | Avg Time: 11.811 ms | Load Imbalance: 1.004' [0m
		|--[96m 'activation | Max Time: 51.271 ms | Avg Time: 50.565 ms | Load Imbalance: 1.014' [0m
			|--[91m 'all-reduce | Max Time: 25.753 ms | Avg Time: 25.070 ms | Load Imbalance: 1.027' [0m
		|--[96m 'output_linear | Max Time: 50.077 ms | Avg Time: 48.471 ms | Load Imbalance: 1.033' [0m
			|--[91m 'output_linear X * W | Max Time: 5.047 ms | Avg Time: 5.029 ms | Load Imbalance: 1.004' [0m
			|--[91m 'all-reduce | Max Time: 43.886 ms | Avg Time: 42.280 ms | Load Imbalance: 1.038' [0m
			|--[91m 'OUT + BIAS | Max Time: 0.803 ms | Avg Time: 0.772 ms | Load Imbalance: 1.040' [0m
		|--[96m 'cross entropy fwd | Max Time: 41.094 ms | Avg Time: 39.732 ms | Load Imbalance: 1.034' [0m
		|--[96m 'cross entropy bwd | Max Time: 4.101 ms | Avg Time: 3.917 ms | Load Imbalance: 1.047' [0m
		|--[96m 'linear_3d_bwd | Max Time: 57.640 ms | Avg Time: 56.707 ms | Load Imbalance: 1.016' [0m
			|--[91m 'output_linear GRAD_X | Max Time: 4.393 ms | Avg Time: 4.269 ms | Load Imbalance: 1.029' [0m
			|--[91m 'all-reduce | Max Time: 33.314 ms | Avg Time: 32.486 ms | Load Imbalance: 1.025' [0m
			|--[91m 'output_linear GRAD_W | Max Time: 5.052 ms | Avg Time: 4.991 ms | Load Imbalance: 1.012' [0m
			|--[91m 'input_linear GRAD_W | Max Time: 6.197 ms | Avg Time: 6.110 ms | Load Imbalance: 1.014' [0m
		|--[96m 'gcn conv bwd | Max Time: 513.248 ms | Avg Time: 511.677 ms | Load Imbalance: 1.003' [0m
			|--[91m 'GRAD_AGG = GRAD_OUT * W.T | Max Time: 23.090 ms | Avg Time: 23.054 ms | Load Imbalance: 1.002' [0m
			|--[91m 'allreduce lowp comm dtype | Max Time: 9.810 ms | Avg Time: 9.681 ms | Load Imbalance: 1.013' [0m
			|--[91m 'allreduce lowp | Max Time: 191.924 ms | Avg Time: 190.071 ms | Load Imbalance: 1.010' [0m
			|--[91m 'allreduce copy back | Max Time: 12.050 ms | Avg Time: 12.009 ms | Load Imbalance: 1.003' [0m
			|--[91m 'GRAD_W = AGG.T * GRAD_OUT | Max Time: 24.120 ms | Avg Time: 24.057 ms | Load Imbalance: 1.003' [0m
			|--[91m 'ReduceScatter grad_weight | Max Time: 4.818 ms | Avg Time: 3.818 ms | Load Imbalance: 1.262' [0m
				|--[95m 'reduce-scatter | Max Time: 4.334 ms | Avg Time: 3.335 ms | Load Imbalance: 1.300' [0m
					|--[92m 'reduce-scatter-dist | Max Time: 3.948 ms | Avg Time: 2.948 ms | Load Imbalance: 1.339' [0m
			|--[91m 'GRAD_H = A.T * GRAD_AGG | Max Time: 26.632 ms | Avg Time: 23.140 ms | Load Imbalance: 1.151' [0m
			|--[91m 'allreduce grad_x | Max Time: 210.487 ms | Avg Time: 205.533 ms | Load Imbalance: 1.024' [0m
				|--[95m 'allreduce lowp comm dtype | Max Time: 9.549 ms | Avg Time: 9.449 ms | Load Imbalance: 1.011' [0m
				|--[95m 'allreduce lowp | Max Time: 187.906 ms | Avg Time: 182.950 ms | Load Imbalance: 1.027' [0m
				|--[95m 'allreduce copy back | Max Time: 12.007 ms | Avg Time: 11.968 ms | Load Imbalance: 1.003' [0m
			|--[91m 'gather | Max Time: 21.947 ms | Avg Time: 17.506 ms | Load Imbalance: 1.254' [0m
		|--[96m 'sync_norm_gradients | Max Time: 6.055 ms | Avg Time: 5.068 ms | Load Imbalance: 1.195' [0m
		|--[96m 'sync_data_parallel_gradients | Max Time: 0.098 ms | Avg Time: 0.096 ms | Load Imbalance: 1.017' [0m

|--[95m 'epoch 6 | Max Time: 1795.313 ms | Avg Time: 1795.185 ms | Load Imbalance: 1.000' [0m
	|--[92m 'minibatch prep | Max Time: 464.369 ms | Avg Time: 448.729 ms | Load Imbalance: 1.035' [0m
		|--[96m 'sample nodes | Max Time: 140.611 ms | Avg Time: 140.111 ms | Load Imbalance: 1.004' [0m
		|--[96m 'compact indices | Max Time: 25.328 ms | Avg Time: 24.956 ms | Load Imbalance: 1.015' [0m
		|--[96m 'compact adj shards | Max Time: 279.057 ms | Avg Time: 264.116 ms | Load Imbalance: 1.057' [0m
			|--[91m 'compact layout prep | Max Time: 65.312 ms | Avg Time: 54.621 ms | Load Imbalance: 1.196' [0m
			|--[91m 'compact csr: indices | Max Time: 2.725 ms | Avg Time: 2.613 ms | Load Imbalance: 1.043' [0m
			|--[91m 'compact csr: row ptrs | Max Time: 15.904 ms | Avg Time: 15.627 ms | Load Imbalance: 1.018' [0m
			|--[91m 'compact csr: nnz index | Max Time: 22.634 ms | Avg Time: 22.464 ms | Load Imbalance: 1.008' [0m
			|--[91m 'compact csr: select nnz | Max Time: 9.140 ms | Avg Time: 8.956 ms | Load Imbalance: 1.021' [0m
			|--[91m 'compact csr: col map | Max Time: 16.257 ms | Avg Time: 16.100 ms | Load Imbalance: 1.010' [0m
			|--[91m 'compact csr: edge scale | Max Time: 29.439 ms | Avg Time: 28.662 ms | Load Imbalance: 1.027' [0m
			|--[91m 'compact csr: crow | Max Time: 24.406 ms | Avg Time: 23.300 ms | Load Imbalance: 1.047' [0m
			|--[91m 'compact csr: adjt direct | Max Time: 45.572 ms | Avg Time: 44.150 ms | Load Imbalance: 1.032' [0m
		|--[96m 'compact feature slice | Max Time: 12.152 ms | Avg Time: 12.127 ms | Load Imbalance: 1.002' [0m
		|--[96m 'compact label slice | Max Time: 1.639 ms | Avg Time: 1.632 ms | Load Imbalance: 1.005' [0m
	|--[92m 'train step | Max Time: 1351.647 ms | Avg Time: 1344.655 ms | Load Imbalance: 1.005' [0m
		|--[96m 'input_linear | Max Time: 64.437 ms | Avg Time: 55.399 ms | Load Imbalance: 1.163' [0m
			|--[91m 'input_linear X * W | Max Time: 6.290 ms | Avg Time: 6.229 ms | Load Imbalance: 1.010' [0m
			|--[91m 'all-reduce | Max Time: 51.595 ms | Avg Time: 42.608 ms | Load Imbalance: 1.211' [0m
			|--[91m 'OUT + BIAS | Max Time: 5.766 ms | Avg Time: 5.750 ms | Load Imbalance: 1.003' [0m
		|--[96m 'gcn conv fwd | Max Time: 494.306 ms | Avg Time: 490.429 ms | Load Imbalance: 1.008' [0m
			|--[91m 'AGG = A * H | Max Time: 26.836 ms | Avg Time: 23.390 ms | Load Imbalance: 1.147' [0m
			|--[91m 'allreduce H | Max Time: 217.044 ms | Avg Time: 213.759 ms | Load Imbalance: 1.015' [0m
				|--[95m 'allreduce lowp comm dtype | Max Time: 9.547 ms | Avg Time: 9.440 ms | Load Imbalance: 1.011' [0m
				|--[95m 'allreduce lowp | Max Time: 194.519 ms | Avg Time: 191.304 ms | Load Imbalance: 1.017' [0m
				|--[95m 'allreduce copy back | Max Time: 11.879 ms | Avg Time: 11.854 ms | Load Imbalance: 1.002' [0m
			|--[91m 'Allgather W | Max Time: 8.771 ms | Avg Time: 8.169 ms | Load Imbalance: 1.074' [0m
				|--[95m 'gather | Max Time: 8.285 ms | Avg Time: 7.572 ms | Load Imbalance: 1.094' [0m
			|--[91m 'OUT = AGG * W | Max Time: 22.964 ms | Avg Time: 22.890 ms | Load Imbalance: 1.003' [0m
			|--[91m 'allreduce Q | Max Time: 226.187 ms | Avg Time: 220.471 ms | Load Imbalance: 1.026' [0m
				|--[95m 'allreduce lowp comm dtype | Max Time: 9.985 ms | Avg Time: 9.940 ms | Load Imbalance: 1.004' [0m
				|--[95m 'allreduce lowp | Max Time: 203.271 ms | Avg Time: 197.550 ms | Load Imbalance: 1.029' [0m
				|--[95m 'allreduce copy back | Max Time: 11.853 ms | Avg Time: 11.811 ms | Load Imbalance: 1.004' [0m
		|--[96m 'activation | Max Time: 51.742 ms | Avg Time: 50.905 ms | Load Imbalance: 1.016' [0m
			|--[91m 'all-reduce | Max Time: 26.284 ms | Avg Time: 25.411 ms | Load Imbalance: 1.034' [0m
		|--[96m 'output_linear | Max Time: 49.318 ms | Avg Time: 48.273 ms | Load Imbalance: 1.022' [0m
			|--[91m 'output_linear X * W | Max Time: 5.050 ms | Avg Time: 5.029 ms | Load Imbalance: 1.004' [0m
			|--[91m 'all-reduce | Max Time: 43.154 ms | Avg Time: 42.081 ms | Load Imbalance: 1.026' [0m
			|--[91m 'OUT + BIAS | Max Time: 0.804 ms | Avg Time: 0.772 ms | Load Imbalance: 1.041' [0m
		|--[96m 'cross entropy fwd | Max Time: 38.925 ms | Avg Time: 38.088 ms | Load Imbalance: 1.022' [0m
		|--[96m 'cross entropy bwd | Max Time: 4.040 ms | Avg Time: 3.907 ms | Load Imbalance: 1.034' [0m
		|--[96m 'linear_3d_bwd | Max Time: 57.408 ms | Avg Time: 56.689 ms | Load Imbalance: 1.013' [0m
			|--[91m 'output_linear GRAD_X | Max Time: 4.363 ms | Avg Time: 4.270 ms | Load Imbalance: 1.022' [0m
			|--[91m 'all-reduce | Max Time: 33.269 ms | Avg Time: 32.479 ms | Load Imbalance: 1.024' [0m
			|--[91m 'output_linear GRAD_W | Max Time: 5.043 ms | Avg Time: 4.989 ms | Load Imbalance: 1.011' [0m
			|--[91m 'input_linear GRAD_W | Max Time: 6.208 ms | Avg Time: 6.107 ms | Load Imbalance: 1.017' [0m
		|--[96m 'gcn conv bwd | Max Time: 513.758 ms | Avg Time: 512.241 ms | Load Imbalance: 1.003' [0m
			|--[91m 'GRAD_AGG = GRAD_OUT * W.T | Max Time: 23.092 ms | Avg Time: 23.054 ms | Load Imbalance: 1.002' [0m
			|--[91m 'allreduce lowp comm dtype | Max Time: 9.799 ms | Avg Time: 9.676 ms | Load Imbalance: 1.013' [0m
			|--[91m 'allreduce lowp | Max Time: 193.415 ms | Avg Time: 191.484 ms | Load Imbalance: 1.010' [0m
			|--[91m 'allreduce copy back | Max Time: 12.051 ms | Avg Time: 12.006 ms | Load Imbalance: 1.004' [0m
			|--[91m 'GRAD_W = AGG.T * GRAD_OUT | Max Time: 24.128 ms | Avg Time: 24.061 ms | Load Imbalance: 1.003' [0m
			|--[91m 'ReduceScatter grad_weight | Max Time: 3.681 ms | Avg Time: 3.532 ms | Load Imbalance: 1.042' [0m
				|--[95m 'reduce-scatter | Max Time: 3.199 ms | Avg Time: 3.050 ms | Load Imbalance: 1.049' [0m
					|--[92m 'reduce-scatter-dist | Max Time: 2.814 ms | Avg Time: 2.664 ms | Load Imbalance: 1.056' [0m
			|--[91m 'GRAD_H = A.T * GRAD_AGG | Max Time: 26.649 ms | Avg Time: 23.138 ms | Load Imbalance: 1.152' [0m
			|--[91m 'allreduce grad_x | Max Time: 209.636 ms | Avg Time: 205.673 ms | Load Imbalance: 1.019' [0m
				|--[95m 'allreduce lowp comm dtype | Max Time: 9.559 ms | Avg Time: 9.447 ms | Load Imbalance: 1.012' [0m
				|--[95m 'allreduce lowp | Max Time: 186.951 ms | Avg Time: 183.093 ms | Load Imbalance: 1.021' [0m
				|--[95m 'allreduce copy back | Max Time: 12.007 ms | Avg Time: 11.967 ms | Load Imbalance: 1.003' [0m
			|--[91m 'gather | Max Time: 20.826 ms | Avg Time: 16.807 ms | Load Imbalance: 1.239' [0m
		|--[96m 'sync_norm_gradients | Max Time: 5.704 ms | Avg Time: 4.815 ms | Load Imbalance: 1.185' [0m
		|--[96m 'sync_data_parallel_gradients | Max Time: 0.097 ms | Avg Time: 0.096 ms | Load Imbalance: 1.012' [0m

|--[95m 'epoch 7 | Max Time: 1788.322 ms | Avg Time: 1788.307 ms | Load Imbalance: 1.000' [0m
	|--[92m 'minibatch prep | Max Time: 463.722 ms | Avg Time: 448.779 ms | Load Imbalance: 1.033' [0m
		|--[96m 'sample nodes | Max Time: 140.631 ms | Avg Time: 140.112 ms | Load Imbalance: 1.004' [0m
		|--[96m 'compact indices | Max Time: 25.248 ms | Avg Time: 24.929 ms | Load Imbalance: 1.013' [0m
		|--[96m 'compact adj shards | Max Time: 278.719 ms | Avg Time: 264.212 ms | Load Imbalance: 1.055' [0m
			|--[91m 'compact layout prep | Max Time: 65.204 ms | Avg Time: 54.623 ms | Load Imbalance: 1.194' [0m
			|--[91m 'compact csr: indices | Max Time: 2.727 ms | Avg Time: 2.612 ms | Load Imbalance: 1.044' [0m
			|--[91m 'compact csr: row ptrs | Max Time: 15.838 ms | Avg Time: 15.632 ms | Load Imbalance: 1.013' [0m
			|--[91m 'compact csr: nnz index | Max Time: 22.690 ms | Avg Time: 22.524 ms | Load Imbalance: 1.007' [0m
			|--[91m 'compact csr: select nnz | Max Time: 9.191 ms | Avg Time: 8.961 ms | Load Imbalance: 1.026' [0m
			|--[91m 'compact csr: col map | Max Time: 16.251 ms | Avg Time: 16.089 ms | Load Imbalance: 1.010' [0m
			|--[91m 'compact csr: edge scale | Max Time: 29.524 ms | Avg Time: 28.711 ms | Load Imbalance: 1.028' [0m
			|--[91m 'compact csr: crow | Max Time: 24.413 ms | Avg Time: 23.290 ms | Load Imbalance: 1.048' [0m
			|--[91m 'compact csr: adjt direct | Max Time: 45.543 ms | Avg Time: 44.150 ms | Load Imbalance: 1.032' [0m
		|--[96m 'compact feature slice | Max Time: 12.139 ms | Avg Time: 12.122 ms | Load Imbalance: 1.001' [0m
		|--[96m 'compact label slice | Max Time: 1.633 ms | Avg Time: 1.623 ms | Load Imbalance: 1.006' [0m
	|--[92m 'train step | Max Time: 1344.609 ms | Avg Time: 1337.720 ms | Load Imbalance: 1.005' [0m
		|--[96m 'input_linear | Max Time: 63.534 ms | Avg Time: 54.571 ms | Load Imbalance: 1.164' [0m
			|--[91m 'input_linear X * W | Max Time: 6.271 ms | Avg Time: 6.230 ms | Load Imbalance: 1.007' [0m
			|--[91m 'all-reduce | Max Time: 50.725 ms | Avg Time: 41.776 ms | Load Imbalance: 1.214' [0m
			|--[91m 'OUT + BIAS | Max Time: 5.765 ms | Avg Time: 5.750 ms | Load Imbalance: 1.003' [0m
		|--[96m 'gcn conv fwd | Max Time: 489.909 ms | Avg Time: 486.652 ms | Load Imbalance: 1.007' [0m
			|--[91m 'AGG = A * H | Max Time: 26.832 ms | Avg Time: 23.424 ms | Load Imbalance: 1.145' [0m
			|--[91m 'allreduce H | Max Time: 216.105 ms | Avg Time: 213.836 ms | Load Imbalance: 1.011' [0m
				|--[95m 'allreduce lowp comm dtype | Max Time: 9.551 ms | Avg Time: 9.439 ms | Load Imbalance: 1.012' [0m
				|--[95m 'allreduce lowp | Max Time: 193.579 ms | Avg Time: 191.381 ms | Load Imbalance: 1.011' [0m
				|--[95m 'allreduce copy back | Max Time: 11.885 ms | Avg Time: 11.855 ms | Load Imbalance: 1.003' [0m
			|--[91m 'Allgather W | Max Time: 8.692 ms | Avg Time: 7.228 ms | Load Imbalance: 1.203' [0m
				|--[95m 'gather | Max Time: 8.210 ms | Avg Time: 6.746 ms | Load Imbalance: 1.217' [0m
			|--[91m 'OUT = AGG * W | Max Time: 22.910 ms | Avg Time: 22.877 ms | Load Imbalance: 1.001' [0m
			|--[91m 'allreduce Q | Max Time: 221.588 ms | Avg Time: 217.546 ms | Load Imbalance: 1.019' [0m
				|--[95m 'allreduce lowp comm dtype | Max Time: 9.990 ms | Avg Time: 9.941 ms | Load Imbalance: 1.005' [0m
				|--[95m 'allreduce lowp | Max Time: 198.689 ms | Avg Time: 194.624 ms | Load Imbalance: 1.021' [0m
				|--[95m 'allreduce copy back | Max Time: 11.855 ms | Avg Time: 11.812 ms | Load Imbalance: 1.004' [0m
		|--[96m 'activation | Max Time: 50.953 ms | Avg Time: 50.593 ms | Load Imbalance: 1.007' [0m
			|--[91m 'all-reduce | Max Time: 25.492 ms | Avg Time: 25.098 ms | Load Imbalance: 1.016' [0m
		|--[96m 'output_linear | Max Time: 49.203 ms | Avg Time: 48.544 ms | Load Imbalance: 1.014' [0m
			|--[91m 'output_linear X * W | Max Time: 5.053 ms | Avg Time: 5.030 ms | Load Imbalance: 1.005' [0m
			|--[91m 'all-reduce | Max Time: 43.018 ms | Avg Time: 42.353 ms | Load Imbalance: 1.016' [0m
			|--[91m 'OUT + BIAS | Max Time: 0.807 ms | Avg Time: 0.772 ms | Load Imbalance: 1.046' [0m
		|--[96m 'cross entropy fwd | Max Time: 40.704 ms | Avg Time: 38.276 ms | Load Imbalance: 1.063' [0m
		|--[96m 'cross entropy bwd | Max Time: 4.034 ms | Avg Time: 3.902 ms | Load Imbalance: 1.034' [0m
		|--[96m 'linear_3d_bwd | Max Time: 57.529 ms | Avg Time: 56.510 ms | Load Imbalance: 1.018' [0m
			|--[91m 'output_linear GRAD_X | Max Time: 4.334 ms | Avg Time: 4.266 ms | Load Imbalance: 1.016' [0m
			|--[91m 'all-reduce | Max Time: 33.237 ms | Avg Time: 32.303 ms | Load Imbalance: 1.029' [0m
			|--[91m 'output_linear GRAD_W | Max Time: 5.053 ms | Avg Time: 4.986 ms | Load Imbalance: 1.013' [0m
			|--[91m 'input_linear GRAD_W | Max Time: 6.226 ms | Avg Time: 6.108 ms | Load Imbalance: 1.019' [0m
		|--[96m 'gcn conv bwd | Max Time: 512.039 ms | Avg Time: 510.395 ms | Load Imbalance: 1.003' [0m
			|--[91m 'GRAD_AGG = GRAD_OUT * W.T | Max Time: 23.093 ms | Avg Time: 23.054 ms | Load Imbalance: 1.002' [0m
			|--[91m 'allreduce lowp comm dtype | Max Time: 9.818 ms | Avg Time: 9.682 ms | Load Imbalance: 1.014' [0m
			|--[91m 'allreduce lowp | Max Time: 192.351 ms | Avg Time: 190.764 ms | Load Imbalance: 1.008' [0m
			|--[91m 'allreduce copy back | Max Time: 12.046 ms | Avg Time: 12.006 ms | Load Imbalance: 1.003' [0m
			|--[91m 'GRAD_W = AGG.T * GRAD_OUT | Max Time: 24.134 ms | Avg Time: 24.062 ms | Load Imbalance: 1.003' [0m
			|--[91m 'ReduceScatter grad_weight | Max Time: 3.660 ms | Avg Time: 3.517 ms | Load Imbalance: 1.041' [0m
				|--[95m 'reduce-scatter | Max Time: 3.175 ms | Avg Time: 3.034 ms | Load Imbalance: 1.047' [0m
					|--[92m 'reduce-scatter-dist | Max Time: 2.789 ms | Avg Time: 2.648 ms | Load Imbalance: 1.053' [0m
			|--[91m 'GRAD_H = A.T * GRAD_AGG | Max Time: 26.596 ms | Avg Time: 23.163 ms | Load Imbalance: 1.148' [0m
			|--[91m 'allreduce grad_x | Max Time: 211.683 ms | Avg Time: 204.359 ms | Load Imbalance: 1.036' [0m
				|--[95m 'allreduce lowp comm dtype | Max Time: 9.578 ms | Avg Time: 9.446 ms | Load Imbalance: 1.014' [0m
				|--[95m 'allreduce lowp | Max Time: 188.998 ms | Avg Time: 181.781 ms | Load Imbalance: 1.040' [0m
				|--[95m 'allreduce copy back | Max Time: 12.006 ms | Avg Time: 11.967 ms | Load Imbalance: 1.003' [0m
			|--[91m 'gather | Max Time: 21.601 ms | Avg Time: 16.980 ms | Load Imbalance: 1.272' [0m
		|--[96m 'sync_norm_gradients | Max Time: 5.254 ms | Avg Time: 4.553 ms | Load Imbalance: 1.154' [0m
		|--[96m 'sync_data_parallel_gradients | Max Time: 0.098 ms | Avg Time: 0.096 ms | Load Imbalance: 1.016' [0m

|--[95m 'epoch 8 | Max Time: 1979.911 ms | Avg Time: 1979.878 ms | Load Imbalance: 1.000' [0m
	|--[92m 'minibatch prep | Max Time: 650.965 ms | Avg Time: 490.588 ms | Load Imbalance: 1.327' [0m
		|--[96m 'sample nodes | Max Time: 140.605 ms | Avg Time: 140.112 ms | Load Imbalance: 1.004' [0m
		|--[96m 'compact indices | Max Time: 25.177 ms | Avg Time: 24.867 ms | Load Imbalance: 1.012' [0m
		|--[96m 'compact adj shards | Max Time: 466.096 ms | Avg Time: 306.097 ms | Load Imbalance: 1.523' [0m
			|--[91m 'compact layout prep | Max Time: 65.365 ms | Avg Time: 54.494 ms | Load Imbalance: 1.199' [0m
			|--[91m 'compact csr: indices | Max Time: 2.706 ms | Avg Time: 2.606 ms | Load Imbalance: 1.038' [0m
			|--[91m 'compact csr: row ptrs | Max Time: 15.899 ms | Avg Time: 15.578 ms | Load Imbalance: 1.021' [0m
			|--[91m 'compact csr: nnz index | Max Time: 22.707 ms | Avg Time: 22.482 ms | Load Imbalance: 1.010' [0m
			|--[91m 'compact csr: select nnz | Max Time: 9.179 ms | Avg Time: 9.008 ms | Load Imbalance: 1.019' [0m
			|--[91m 'compact csr: col map | Max Time: 16.208 ms | Avg Time: 16.079 ms | Load Imbalance: 1.008' [0m
			|--[91m 'compact csr: edge scale | Max Time: 29.297 ms | Avg Time: 28.619 ms | Load Imbalance: 1.024' [0m
			|--[91m 'compact csr: crow | Max Time: 24.460 ms | Avg Time: 23.277 ms | Load Imbalance: 1.051' [0m
			|--[91m 'compact csr: adjt direct | Max Time: 46.358 ms | Avg Time: 44.284 ms | Load Imbalance: 1.047' [0m
		|--[96m 'compact feature slice | Max Time: 12.154 ms | Avg Time: 12.127 ms | Load Imbalance: 1.002' [0m
		|--[96m 'compact label slice | Max Time: 1.629 ms | Avg Time: 1.618 ms | Load Imbalance: 1.006' [0m
	|--[92m 'train step | Max Time: 1536.971 ms | Avg Time: 1487.479 ms | Load Imbalance: 1.033' [0m
		|--[96m 'input_linear | Max Time: 251.237 ms | Avg Time: 182.073 ms | Load Imbalance: 1.380' [0m
			|--[91m 'input_linear X * W | Max Time: 6.292 ms | Avg Time: 6.230 ms | Load Imbalance: 1.010' [0m
			|--[91m 'all-reduce | Max Time: 238.185 ms | Avg Time: 169.252 ms | Load Imbalance: 1.407' [0m
			|--[91m 'OUT + BIAS | Max Time: 5.767 ms | Avg Time: 5.751 ms | Load Imbalance: 1.003' [0m
		|--[96m 'gcn conv fwd | Max Time: 529.242 ms | Avg Time: 506.097 ms | Load Imbalance: 1.046' [0m
			|--[91m 'AGG = A * H | Max Time: 26.829 ms | Avg Time: 23.413 ms | Load Imbalance: 1.146' [0m
			|--[91m 'allreduce H | Max Time: 217.633 ms | Avg Time: 212.443 ms | Load Imbalance: 1.024' [0m
				|--[95m 'allreduce lowp comm dtype | Max Time: 9.540 ms | Avg Time: 9.438 ms | Load Imbalance: 1.011' [0m
				|--[95m 'allreduce lowp | Max Time: 195.209 ms | Avg Time: 189.990 ms | Load Imbalance: 1.027' [0m
				|--[95m 'allreduce copy back | Max Time: 11.884 ms | Avg Time: 11.855 ms | Load Imbalance: 1.002' [0m
			|--[91m 'Allgather W | Max Time: 9.319 ms | Avg Time: 7.314 ms | Load Imbalance: 1.274' [0m
				|--[95m 'gather | Max Time: 8.842 ms | Avg Time: 6.832 ms | Load Imbalance: 1.294' [0m
			|--[91m 'OUT = AGG * W | Max Time: 22.911 ms | Avg Time: 22.878 ms | Load Imbalance: 1.001' [0m
			|--[91m 'allreduce Q | Max Time: 262.935 ms | Avg Time: 238.308 ms | Load Imbalance: 1.103' [0m
				|--[95m 'allreduce lowp comm dtype | Max Time: 9.985 ms | Avg Time: 9.941 ms | Load Imbalance: 1.004' [0m
				|--[95m 'allreduce lowp | Max Time: 240.040 ms | Avg Time: 215.383 ms | Load Imbalance: 1.114' [0m
				|--[95m 'allreduce copy back | Max Time: 11.856 ms | Avg Time: 11.814 ms | Load Imbalance: 1.004' [0m
		|--[96m 'activation | Max Time: 51.199 ms | Avg Time: 50.431 ms | Load Imbalance: 1.015' [0m
			|--[91m 'all-reduce | Max Time: 25.705 ms | Avg Time: 24.938 ms | Load Imbalance: 1.031' [0m
		|--[96m 'output_linear | Max Time: 49.225 ms | Avg Time: 48.188 ms | Load Imbalance: 1.022' [0m
			|--[91m 'output_linear X * W | Max Time: 5.055 ms | Avg Time: 5.029 ms | Load Imbalance: 1.005' [0m
			|--[91m 'all-reduce | Max Time: 43.031 ms | Avg Time: 41.998 ms | Load Imbalance: 1.025' [0m
			|--[91m 'OUT + BIAS | Max Time: 0.803 ms | Avg Time: 0.771 ms | Load Imbalance: 1.041' [0m
		|--[96m 'cross entropy fwd | Max Time: 38.751 ms | Avg Time: 37.680 ms | Load Imbalance: 1.028' [0m
		|--[96m 'cross entropy bwd | Max Time: 4.226 ms | Avg Time: 3.983 ms | Load Imbalance: 1.061' [0m
		|--[96m 'linear_3d_bwd | Max Time: 58.849 ms | Avg Time: 57.297 ms | Load Imbalance: 1.027' [0m
			|--[91m 'output_linear GRAD_X | Max Time: 4.517 ms | Avg Time: 4.303 ms | Load Imbalance: 1.050' [0m
			|--[91m 'all-reduce | Max Time: 34.511 ms | Avg Time: 33.019 ms | Load Imbalance: 1.045' [0m
			|--[91m 'output_linear GRAD_W | Max Time: 5.059 ms | Avg Time: 4.995 ms | Load Imbalance: 1.013' [0m
			|--[91m 'input_linear GRAD_W | Max Time: 6.214 ms | Avg Time: 6.109 ms | Load Imbalance: 1.017' [0m
		|--[96m 'gcn conv bwd | Max Time: 512.684 ms | Avg Time: 510.973 ms | Load Imbalance: 1.003' [0m
			|--[91m 'GRAD_AGG = GRAD_OUT * W.T | Max Time: 23.091 ms | Avg Time: 23.055 ms | Load Imbalance: 1.002' [0m
			|--[91m 'allreduce lowp comm dtype | Max Time: 9.823 ms | Avg Time: 9.681 ms | Load Imbalance: 1.015' [0m
			|--[91m 'allreduce lowp | Max Time: 192.442 ms | Avg Time: 190.757 ms | Load Imbalance: 1.009' [0m
			|--[91m 'allreduce copy back | Max Time: 12.049 ms | Avg Time: 12.005 ms | Load Imbalance: 1.004' [0m
			|--[91m 'GRAD_W = AGG.T * GRAD_OUT | Max Time: 24.115 ms | Avg Time: 24.054 ms | Load Imbalance: 1.003' [0m
			|--[91m 'ReduceScatter grad_weight | Max Time: 3.672 ms | Avg Time: 3.537 ms | Load Imbalance: 1.038' [0m
				|--[95m 'reduce-scatter | Max Time: 3.191 ms | Avg Time: 3.053 ms | Load Imbalance: 1.045' [0m
					|--[92m 'reduce-scatter-dist | Max Time: 2.806 ms | Avg Time: 2.667 ms | Load Imbalance: 1.052' [0m
			|--[91m 'GRAD_H = A.T * GRAD_AGG | Max Time: 26.617 ms | Avg Time: 23.162 ms | Load Imbalance: 1.149' [0m
			|--[91m 'allreduce grad_x | Max Time: 210.018 ms | Avg Time: 204.884 ms | Load Imbalance: 1.025' [0m
				|--[95m 'allreduce lowp comm dtype | Max Time: 9.548 ms | Avg Time: 9.448 ms | Load Imbalance: 1.011' [0m
				|--[95m 'allreduce lowp | Max Time: 187.366 ms | Avg Time: 182.299 ms | Load Imbalance: 1.028' [0m
				|--[95m 'allreduce copy back | Max Time: 12.007 ms | Avg Time: 11.969 ms | Load Imbalance: 1.003' [0m
			|--[91m 'gather | Max Time: 20.469 ms | Avg Time: 17.027 ms | Load Imbalance: 1.202' [0m
		|--[96m 'sync_norm_gradients | Max Time: 5.864 ms | Avg Time: 4.978 ms | Load Imbalance: 1.178' [0m
		|--[96m 'sync_data_parallel_gradients | Max Time: 0.098 ms | Avg Time: 0.096 ms | Load Imbalance: 1.016' [0m

|--[95m 'epoch 9 | Max Time: 1797.167 ms | Avg Time: 1797.156 ms | Load Imbalance: 1.000' [0m
	|--[92m 'minibatch prep | Max Time: 466.153 ms | Avg Time: 448.949 ms | Load Imbalance: 1.038' [0m
		|--[96m 'sample nodes | Max Time: 140.588 ms | Avg Time: 140.094 ms | Load Imbalance: 1.004' [0m
		|--[96m 'compact indices | Max Time: 25.418 ms | Avg Time: 24.946 ms | Load Imbalance: 1.019' [0m
		|--[96m 'compact adj shards | Max Time: 280.731 ms | Avg Time: 264.389 ms | Load Imbalance: 1.062' [0m
			|--[91m 'compact layout prep | Max Time: 65.860 ms | Avg Time: 54.671 ms | Load Imbalance: 1.205' [0m
			|--[91m 'compact csr: indices | Max Time: 2.742 ms | Avg Time: 2.624 ms | Load Imbalance: 1.045' [0m
			|--[91m 'compact csr: row ptrs | Max Time: 15.929 ms | Avg Time: 15.667 ms | Load Imbalance: 1.017' [0m
			|--[91m 'compact csr: nnz index | Max Time: 22.664 ms | Avg Time: 22.512 ms | Load Imbalance: 1.007' [0m
			|--[91m 'compact csr: select nnz | Max Time: 9.150 ms | Avg Time: 8.962 ms | Load Imbalance: 1.021' [0m
			|--[91m 'compact csr: col map | Max Time: 16.225 ms | Avg Time: 16.083 ms | Load Imbalance: 1.009' [0m
			|--[91m 'compact csr: edge scale | Max Time: 29.639 ms | Avg Time: 28.681 ms | Load Imbalance: 1.033' [0m
			|--[91m 'compact csr: crow | Max Time: 24.486 ms | Avg Time: 23.292 ms | Load Imbalance: 1.051' [0m
			|--[91m 'compact csr: adjt direct | Max Time: 45.772 ms | Avg Time: 44.165 ms | Load Imbalance: 1.036' [0m
		|--[96m 'compact feature slice | Max Time: 12.144 ms | Avg Time: 12.117 ms | Load Imbalance: 1.002' [0m
		|--[96m 'compact label slice | Max Time: 1.636 ms | Avg Time: 1.623 ms | Load Imbalance: 1.007' [0m
	|--[92m 'train step | Max Time: 1353.386 ms | Avg Time: 1346.408 ms | Load Imbalance: 1.005' [0m
		|--[96m 'input_linear | Max Time: 66.501 ms | Avg Time: 54.924 ms | Load Imbalance: 1.211' [0m
			|--[91m 'input_linear X * W | Max Time: 6.268 ms | Avg Time: 6.230 ms | Load Imbalance: 1.006' [0m
			|--[91m 'all-reduce | Max Time: 53.751 ms | Avg Time: 42.145 ms | Load Imbalance: 1.275' [0m
			|--[91m 'OUT + BIAS | Max Time: 5.767 ms | Avg Time: 5.751 ms | Load Imbalance: 1.003' [0m
		|--[96m 'gcn conv fwd | Max Time: 494.186 ms | Avg Time: 489.584 ms | Load Imbalance: 1.009' [0m
			|--[91m 'AGG = A * H | Max Time: 26.840 ms | Avg Time: 23.400 ms | Load Imbalance: 1.147' [0m
			|--[91m 'allreduce H | Max Time: 217.606 ms | Avg Time: 214.317 ms | Load Imbalance: 1.015' [0m
				|--[95m 'allreduce lowp comm dtype | Max Time: 9.554 ms | Avg Time: 9.440 ms | Load Imbalance: 1.012' [0m
				|--[95m 'allreduce lowp | Max Time: 195.087 ms | Avg Time: 191.862 ms | Load Imbalance: 1.017' [0m
				|--[95m 'allreduce copy back | Max Time: 11.894 ms | Avg Time: 11.856 ms | Load Imbalance: 1.003' [0m
			|--[91m 'Allgather W | Max Time: 7.947 ms | Avg Time: 7.363 ms | Load Imbalance: 1.079' [0m
				|--[95m 'gather | Max Time: 7.467 ms | Avg Time: 6.881 ms | Load Imbalance: 1.085' [0m
			|--[91m 'OUT = AGG * W | Max Time: 22.920 ms | Avg Time: 22.878 ms | Load Imbalance: 1.002' [0m
			|--[91m 'allreduce Q | Max Time: 224.630 ms | Avg Time: 219.883 ms | Load Imbalance: 1.022' [0m
				|--[95m 'allreduce lowp comm dtype | Max Time: 9.996 ms | Avg Time: 9.941 ms | Load Imbalance: 1.006' [0m
				|--[95m 'allreduce lowp | Max Time: 201.718 ms | Avg Time: 196.958 ms | Load Imbalance: 1.024' [0m
				|--[95m 'allreduce copy back | Max Time: 11.862 ms | Avg Time: 11.814 ms | Load Imbalance: 1.004' [0m
		|--[96m 'activation | Max Time: 51.156 ms | Avg Time: 50.676 ms | Load Imbalance: 1.009' [0m
			|--[91m 'all-reduce | Max Time: 25.648 ms | Avg Time: 25.183 ms | Load Imbalance: 1.018' [0m
		|--[96m 'output_linear | Max Time: 49.817 ms | Avg Time: 48.817 ms | Load Imbalance: 1.020' [0m
			|--[91m 'output_linear X * W | Max Time: 5.052 ms | Avg Time: 5.029 ms | Load Imbalance: 1.005' [0m
			|--[91m 'all-reduce | Max Time: 43.611 ms | Avg Time: 42.625 ms | Load Imbalance: 1.023' [0m
			|--[91m 'OUT + BIAS | Max Time: 0.803 ms | Avg Time: 0.772 ms | Load Imbalance: 1.041' [0m
		|--[96m 'cross entropy fwd | Max Time: 40.113 ms | Avg Time: 38.226 ms | Load Imbalance: 1.049' [0m
		|--[96m 'cross entropy bwd | Max Time: 4.297 ms | Avg Time: 3.928 ms | Load Imbalance: 1.094' [0m
		|--[96m 'linear_3d_bwd | Max Time: 61.818 ms | Avg Time: 57.478 ms | Load Imbalance: 1.076' [0m
			|--[91m 'output_linear GRAD_X | Max Time: 4.636 ms | Avg Time: 4.282 ms | Load Imbalance: 1.083' [0m
			|--[91m 'all-reduce | Max Time: 37.466 ms | Avg Time: 33.205 ms | Load Imbalance: 1.128' [0m
			|--[91m 'output_linear GRAD_W | Max Time: 5.067 ms | Avg Time: 4.995 ms | Load Imbalance: 1.014' [0m
			|--[91m 'input_linear GRAD_W | Max Time: 6.230 ms | Avg Time: 6.119 ms | Load Imbalance: 1.018' [0m
		|--[96m 'gcn conv bwd | Max Time: 516.024 ms | Avg Time: 513.662 ms | Load Imbalance: 1.005' [0m
			|--[91m 'GRAD_AGG = GRAD_OUT * W.T | Max Time: 23.092 ms | Avg Time: 23.056 ms | Load Imbalance: 1.002' [0m
			|--[91m 'allreduce lowp comm dtype | Max Time: 9.788 ms | Avg Time: 9.665 ms | Load Imbalance: 1.013' [0m
			|--[91m 'allreduce lowp | Max Time: 196.112 ms | Avg Time: 193.337 ms | Load Imbalance: 1.014' [0m
			|--[91m 'allreduce copy back | Max Time: 12.049 ms | Avg Time: 12.008 ms | Load Imbalance: 1.003' [0m
			|--[91m 'GRAD_W = AGG.T * GRAD_OUT | Max Time: 24.099 ms | Avg Time: 24.049 ms | Load Imbalance: 1.002' [0m
			|--[91m 'ReduceScatter grad_weight | Max Time: 3.841 ms | Avg Time: 3.657 ms | Load Imbalance: 1.050' [0m
				|--[95m 'reduce-scatter | Max Time: 3.356 ms | Avg Time: 3.175 ms | Load Imbalance: 1.057' [0m
					|--[92m 'reduce-scatter-dist | Max Time: 2.966 ms | Avg Time: 2.789 ms | Load Imbalance: 1.064' [0m
			|--[91m 'GRAD_H = A.T * GRAD_AGG | Max Time: 26.638 ms | Avg Time: 23.139 ms | Load Imbalance: 1.151' [0m
			|--[91m 'allreduce grad_x | Max Time: 209.512 ms | Avg Time: 205.131 ms | Load Imbalance: 1.021' [0m
				|--[95m 'allreduce lowp comm dtype | Max Time: 9.571 ms | Avg Time: 9.460 ms | Load Imbalance: 1.012' [0m
				|--[95m 'allreduce lowp | Max Time: 186.812 ms | Avg Time: 182.530 ms | Load Imbalance: 1.023' [0m
				|--[95m 'allreduce copy back | Max Time: 12.021 ms | Avg Time: 11.975 ms | Load Imbalance: 1.004' [0m
			|--[91m 'gather | Max Time: 20.203 ms | Avg Time: 16.809 ms | Load Imbalance: 1.202' [0m
		|--[96m 'sync_norm_gradients | Max Time: 5.684 ms | Avg Time: 4.991 ms | Load Imbalance: 1.139' [0m
		|--[96m 'sync_data_parallel_gradients | Max Time: 0.097 ms | Avg Time: 0.096 ms | Load Imbalance: 1.012' [0m

Epoch: 009, Train Loss: 3.2592
rank 0 Peak GPU memory: 7.15 GB
