/pscratch/sd/h/hmuki/plexus/plexus/utils/dataloader.py:412: UserWarning: Sparse invariant checks are implicitly disabled. Memory errors (e.g. SEGFAULT) will occur when operating on a sparse tensor which violates the invariants, but checks incur performance overhead. To silence this warning, explicitly opt in or out. See `torch.sparse.check_sparse_tensor_invariants.__doc__` for guidance.  (Triggered internally at /pytorch/aten/src/ATen/Context.cpp:760.)
  adj_local = torch.sparse_coo_tensor(
/pscratch/sd/h/hmuki/plexus/plexus/utils/dataloader.py:425: UserWarning: Sparse CSR tensor support is in beta state. If you miss a functionality in the sparse tensor support, please submit a feature request to https://github.com/pytorch/pytorch/issues. (Triggered internally at /pytorch/aten/src/ATen/SparseCsrTensorImpl.cpp:49.)
  adj_local = adj_local.to_sparse_csr()
/pscratch/sd/h/hmuki/plexus/plexus/utils/dataloader.py:412: UserWarning: Sparse invariant checks are implicitly disabled. Memory errors (e.g. SEGFAULT) will occur when operating on a sparse tensor which violates the invariants, but checks incur performance overhead. To silence this warning, explicitly opt in or out. See `torch.sparse.check_sparse_tensor_invariants.__doc__` for guidance.  (Triggered internally at /pytorch/aten/src/ATen/Context.cpp:760.)
  adj_local = torch.sparse_coo_tensor(
/pscratch/sd/h/hmuki/plexus/plexus/utils/dataloader.py:412: UserWarning: Sparse invariant checks are implicitly disabled. Memory errors (e.g. SEGFAULT) will occur when operating on a sparse tensor which violates the invariants, but checks incur performance overhead. To silence this warning, explicitly opt in or out. See `torch.sparse.check_sparse_tensor_invariants.__doc__` for guidance.  (Triggered internally at /pytorch/aten/src/ATen/Context.cpp:760.)
  adj_local = torch.sparse_coo_tensor(
/pscratch/sd/h/hmuki/plexus/plexus/utils/dataloader.py:412: UserWarning: Sparse invariant checks are implicitly disabled. Memory errors (e.g. SEGFAULT) will occur when operating on a sparse tensor which violates the invariants, but checks incur performance overhead. To silence this warning, explicitly opt in or out. See `torch.sparse.check_sparse_tensor_invariants.__doc__` for guidance.  (Triggered internally at /pytorch/aten/src/ATen/Context.cpp:760.)
  adj_local = torch.sparse_coo_tensor(
/pscratch/sd/h/hmuki/plexus/plexus/utils/dataloader.py:412: UserWarning: Sparse invariant checks are implicitly disabled. Memory errors (e.g. SEGFAULT) will occur when operating on a sparse tensor which violates the invariants, but checks incur performance overhead. To silence this warning, explicitly opt in or out. See `torch.sparse.check_sparse_tensor_invariants.__doc__` for guidance.  (Triggered internally at /pytorch/aten/src/ATen/Context.cpp:760.)
  adj_local = torch.sparse_coo_tensor(
/pscratch/sd/h/hmuki/plexus/plexus/utils/dataloader.py:425: UserWarning: Sparse CSR tensor support is in beta state. If you miss a functionality in the sparse tensor support, please submit a feature request to https://github.com/pytorch/pytorch/issues. (Triggered internally at /pytorch/aten/src/ATen/SparseCsrTensorImpl.cpp:49.)
  adj_local = adj_local.to_sparse_csr()
/pscratch/sd/h/hmuki/plexus/plexus/utils/dataloader.py:425: UserWarning: Sparse CSR tensor support is in beta state. If you miss a functionality in the sparse tensor support, please submit a feature request to https://github.com/pytorch/pytorch/issues. (Triggered internally at /pytorch/aten/src/ATen/SparseCsrTensorImpl.cpp:49.)
  adj_local = adj_local.to_sparse_csr()
/pscratch/sd/h/hmuki/plexus/plexus/utils/dataloader.py:425: UserWarning: Sparse CSR tensor support is in beta state. If you miss a functionality in the sparse tensor support, please submit a feature request to https://github.com/pytorch/pytorch/issues. (Triggered internally at /pytorch/aten/src/ATen/SparseCsrTensorImpl.cpp:49.)
  adj_local = adj_local.to_sparse_csr()
/pscratch/sd/h/hmuki/plexus/plexus/utils/dataloader.py:412: UserWarning: Sparse invariant checks are implicitly disabled. Memory errors (e.g. SEGFAULT) will occur when operating on a sparse tensor which violates the invariants, but checks incur performance overhead. To silence this warning, explicitly opt in or out. See `torch.sparse.check_sparse_tensor_invariants.__doc__` for guidance.  (Triggered internally at /pytorch/aten/src/ATen/Context.cpp:760.)
  adj_local = torch.sparse_coo_tensor(
/pscratch/sd/h/hmuki/plexus/plexus/utils/dataloader.py:412: UserWarning: Sparse invariant checks are implicitly disabled. Memory errors (e.g. SEGFAULT) will occur when operating on a sparse tensor which violates the invariants, but checks incur performance overhead. To silence this warning, explicitly opt in or out. See `torch.sparse.check_sparse_tensor_invariants.__doc__` for guidance.  (Triggered internally at /pytorch/aten/src/ATen/Context.cpp:760.)
  adj_local = torch.sparse_coo_tensor(
/pscratch/sd/h/hmuki/plexus/plexus/utils/dataloader.py:425: UserWarning: Sparse CSR tensor support is in beta state. If you miss a functionality in the sparse tensor support, please submit a feature request to https://github.com/pytorch/pytorch/issues. (Triggered internally at /pytorch/aten/src/ATen/SparseCsrTensorImpl.cpp:49.)
  adj_local = adj_local.to_sparse_csr()
/pscratch/sd/h/hmuki/plexus/plexus/utils/dataloader.py:412: UserWarning: Sparse invariant checks are implicitly disabled. Memory errors (e.g. SEGFAULT) will occur when operating on a sparse tensor which violates the invariants, but checks incur performance overhead. To silence this warning, explicitly opt in or out. See `torch.sparse.check_sparse_tensor_invariants.__doc__` for guidance.  (Triggered internally at /pytorch/aten/src/ATen/Context.cpp:760.)
  adj_local = torch.sparse_coo_tensor(
/pscratch/sd/h/hmuki/plexus/plexus/utils/dataloader.py:412: UserWarning: Sparse invariant checks are implicitly disabled. Memory errors (e.g. SEGFAULT) will occur when operating on a sparse tensor which violates the invariants, but checks incur performance overhead. To silence this warning, explicitly opt in or out. See `torch.sparse.check_sparse_tensor_invariants.__doc__` for guidance.  (Triggered internally at /pytorch/aten/src/ATen/Context.cpp:760.)
  adj_local = torch.sparse_coo_tensor(
/pscratch/sd/h/hmuki/plexus/plexus/utils/dataloader.py:412: UserWarning: Sparse invariant checks are implicitly disabled. Memory errors (e.g. SEGFAULT) will occur when operating on a sparse tensor which violates the invariants, but checks incur performance overhead. To silence this warning, explicitly opt in or out. See `torch.sparse.check_sparse_tensor_invariants.__doc__` for guidance.  (Triggered internally at /pytorch/aten/src/ATen/Context.cpp:760.)
  adj_local = torch.sparse_coo_tensor(
/pscratch/sd/h/hmuki/plexus/plexus/utils/dataloader.py:412: UserWarning: Sparse invariant checks are implicitly disabled. Memory errors (e.g. SEGFAULT) will occur when operating on a sparse tensor which violates the invariants, but checks incur performance overhead. To silence this warning, explicitly opt in or out. See `torch.sparse.check_sparse_tensor_invariants.__doc__` for guidance.  (Triggered internally at /pytorch/aten/src/ATen/Context.cpp:760.)
  adj_local = torch.sparse_coo_tensor(
/pscratch/sd/h/hmuki/plexus/plexus/utils/dataloader.py:412: UserWarning: Sparse invariant checks are implicitly disabled. Memory errors (e.g. SEGFAULT) will occur when operating on a sparse tensor which violates the invariants, but checks incur performance overhead. To silence this warning, explicitly opt in or out. See `torch.sparse.check_sparse_tensor_invariants.__doc__` for guidance.  (Triggered internally at /pytorch/aten/src/ATen/Context.cpp:760.)
  adj_local = torch.sparse_coo_tensor(
/pscratch/sd/h/hmuki/plexus/plexus/utils/dataloader.py:425: UserWarning: Sparse CSR tensor support is in beta state. If you miss a functionality in the sparse tensor support, please submit a feature request to https://github.com/pytorch/pytorch/issues. (Triggered internally at /pytorch/aten/src/ATen/SparseCsrTensorImpl.cpp:49.)
  adj_local = adj_local.to_sparse_csr()
/pscratch/sd/h/hmuki/plexus/plexus/utils/dataloader.py:425: UserWarning: Sparse CSR tensor support is in beta state. If you miss a functionality in the sparse tensor support, please submit a feature request to https://github.com/pytorch/pytorch/issues. (Triggered internally at /pytorch/aten/src/ATen/SparseCsrTensorImpl.cpp:49.)
  adj_local = adj_local.to_sparse_csr()
/pscratch/sd/h/hmuki/plexus/plexus/utils/dataloader.py:425: UserWarning: Sparse CSR tensor support is in beta state. If you miss a functionality in the sparse tensor support, please submit a feature request to https://github.com/pytorch/pytorch/issues. (Triggered internally at /pytorch/aten/src/ATen/SparseCsrTensorImpl.cpp:49.)
  adj_local = adj_local.to_sparse_csr()
/pscratch/sd/h/hmuki/plexus/plexus/utils/dataloader.py:425: UserWarning: Sparse CSR tensor support is in beta state. If you miss a functionality in the sparse tensor support, please submit a feature request to https://github.com/pytorch/pytorch/issues. (Triggered internally at /pytorch/aten/src/ATen/SparseCsrTensorImpl.cpp:49.)
  adj_local = adj_local.to_sparse_csr()
/pscratch/sd/h/hmuki/plexus/plexus/utils/dataloader.py:412: UserWarning: Sparse invariant checks are implicitly disabled. Memory errors (e.g. SEGFAULT) will occur when operating on a sparse tensor which violates the invariants, but checks incur performance overhead. To silence this warning, explicitly opt in or out. See `torch.sparse.check_sparse_tensor_invariants.__doc__` for guidance.  (Triggered internally at /pytorch/aten/src/ATen/Context.cpp:760.)
  adj_local = torch.sparse_coo_tensor(
/pscratch/sd/h/hmuki/plexus/plexus/utils/dataloader.py:425: UserWarning: Sparse CSR tensor support is in beta state. If you miss a functionality in the sparse tensor support, please submit a feature request to https://github.com/pytorch/pytorch/issues. (Triggered internally at /pytorch/aten/src/ATen/SparseCsrTensorImpl.cpp:49.)
  adj_local = adj_local.to_sparse_csr()
/pscratch/sd/h/hmuki/plexus/plexus/utils/dataloader.py:425: UserWarning: Sparse CSR tensor support is in beta state. If you miss a functionality in the sparse tensor support, please submit a feature request to https://github.com/pytorch/pytorch/issues. (Triggered internally at /pytorch/aten/src/ATen/SparseCsrTensorImpl.cpp:49.)
  adj_local = adj_local.to_sparse_csr()
/pscratch/sd/h/hmuki/plexus/plexus/utils/dataloader.py:425: UserWarning: Sparse CSR tensor support is in beta state. If you miss a functionality in the sparse tensor support, please submit a feature request to https://github.com/pytorch/pytorch/issues. (Triggered internally at /pytorch/aten/src/ATen/SparseCsrTensorImpl.cpp:49.)
  adj_local = adj_local.to_sparse_csr()
/pscratch/sd/h/hmuki/plexus/plexus/utils/dataloader.py:412: UserWarning: Sparse invariant checks are implicitly disabled. Memory errors (e.g. SEGFAULT) will occur when operating on a sparse tensor which violates the invariants, but checks incur performance overhead. To silence this warning, explicitly opt in or out. See `torch.sparse.check_sparse_tensor_invariants.__doc__` for guidance.  (Triggered internally at /pytorch/aten/src/ATen/Context.cpp:760.)
  adj_local = torch.sparse_coo_tensor(
/pscratch/sd/h/hmuki/plexus/plexus/utils/dataloader.py:425: UserWarning: Sparse CSR tensor support is in beta state. If you miss a functionality in the sparse tensor support, please submit a feature request to https://github.com/pytorch/pytorch/issues. (Triggered internally at /pytorch/aten/src/ATen/SparseCsrTensorImpl.cpp:49.)
  adj_local = adj_local.to_sparse_csr()
/pscratch/sd/h/hmuki/plexus/plexus/utils/dataloader.py:425: UserWarning: Sparse CSR tensor support is in beta state. If you miss a functionality in the sparse tensor support, please submit a feature request to https://github.com/pytorch/pytorch/issues. (Triggered internally at /pytorch/aten/src/ATen/SparseCsrTensorImpl.cpp:49.)
  adj_local = adj_local.to_sparse_csr()
/pscratch/sd/h/hmuki/plexus/plexus/utils/dataloader.py:412: UserWarning: Sparse invariant checks are implicitly disabled. Memory errors (e.g. SEGFAULT) will occur when operating on a sparse tensor which violates the invariants, but checks incur performance overhead. To silence this warning, explicitly opt in or out. See `torch.sparse.check_sparse_tensor_invariants.__doc__` for guidance.  (Triggered internally at /pytorch/aten/src/ATen/Context.cpp:760.)
  adj_local = torch.sparse_coo_tensor(
/pscratch/sd/h/hmuki/plexus/plexus/utils/dataloader.py:425: UserWarning: Sparse CSR tensor support is in beta state. If you miss a functionality in the sparse tensor support, please submit a feature request to https://github.com/pytorch/pytorch/issues. (Triggered internally at /pytorch/aten/src/ATen/SparseCsrTensorImpl.cpp:49.)
  adj_local = adj_local.to_sparse_csr()
/pscratch/sd/h/hmuki/plexus/plexus/utils/dataloader.py:412: UserWarning: Sparse invariant checks are implicitly disabled. Memory errors (e.g. SEGFAULT) will occur when operating on a sparse tensor which violates the invariants, but checks incur performance overhead. To silence this warning, explicitly opt in or out. See `torch.sparse.check_sparse_tensor_invariants.__doc__` for guidance.  (Triggered internally at /pytorch/aten/src/ATen/Context.cpp:760.)
  adj_local = torch.sparse_coo_tensor(
/pscratch/sd/h/hmuki/plexus/plexus/utils/dataloader.py:425: UserWarning: Sparse CSR tensor support is in beta state. If you miss a functionality in the sparse tensor support, please submit a feature request to https://github.com/pytorch/pytorch/issues. (Triggered internally at /pytorch/aten/src/ATen/SparseCsrTensorImpl.cpp:49.)
  adj_local = adj_local.to_sparse_csr()
[info] RMSNorm + ReLU + Dropout fused and compiled with torch.compile
steps_per_epoch:  51
steps_per_epoch:  51
steps_per_epoch:  51
steps_per_epoch:  51
steps_per_epoch:  51
steps_per_epoch:  51
steps_per_epoch:  51
steps_per_epoch:  51
steps_per_epoch:  51
steps_per_epoch:  51
steps_per_epoch:  51
steps_per_epoch:  51
steps_per_epoch:  51
steps_per_epoch:  51
steps_per_epoch:  51
steps_per_epoch:  51
Epoch: 000, Train Loss: 3.4700
Epoch: 001, Train Loss: 3.4438
Epoch: 002, Train Loss: 3.3902
Epoch: 003, Train Loss: 3.3279
Epoch: 004, Train Loss: 3.3049
Epoch: 005, Train Loss: 3.2611
Epoch: 006, Train Loss: 3.2158
Epoch: 007, Train Loss: 3.1085
Epoch: 008, Train Loss: 3.0715
rank 3 Peak GPU memory: 5.50 GB
rank 2 Peak GPU memory: 5.50 GB
rank 1 Peak GPU memory: 5.50 GB
rank 4 Peak GPU memory: 5.50 GB
rank 7 Peak GPU memory: 5.50 GB
rank 6 Peak GPU memory: 5.50 GB
rank 5 Peak GPU memory: 5.59 GB
rank 10 Peak GPU memory: 5.59 GB
rank 8 Peak GPU memory: 5.50 GB
rank 11 Peak GPU memory: 5.50 GB
rank 9 Peak GPU memory: 5.50 GB
rank 15 Peak GPU memory: 5.59 GB
rank 12 Peak GPU memory: 5.50 GB
rank 13 Peak GPU memory: 5.50 GB
rank 14 Peak GPU memory: 5.50 GB
|--[95m 'drop | Max Time: 0.168 ms | Avg Time: 0.152 ms | Load Imbalance: 1.103' [0m

|--[95m 'epoch 0 | Max Time: 9060.123 ms | Avg Time: 9058.618 ms | Load Imbalance: 1.000' [0m
	|--[92m 'minibatch prep | Max Time: 671.572 ms | Avg Time: 655.572 ms | Load Imbalance: 1.024' [0m
		|--[96m 'sample nodes | Max Time: 195.428 ms | Avg Time: 191.387 ms | Load Imbalance: 1.021' [0m
		|--[96m 'compact indices | Max Time: 42.309 ms | Avg Time: 40.859 ms | Load Imbalance: 1.035' [0m
		|--[96m 'compact adj shards | Max Time: 419.557 ms | Avg Time: 401.515 ms | Load Imbalance: 1.045' [0m
			|--[91m 'compact layout prep | Max Time: 127.319 ms | Avg Time: 112.717 ms | Load Imbalance: 1.130' [0m
			|--[91m 'compact csr: indices | Max Time: 3.390 ms | Avg Time: 3.294 ms | Load Imbalance: 1.029' [0m
			|--[91m 'compact csr: row ptrs | Max Time: 28.397 ms | Avg Time: 27.707 ms | Load Imbalance: 1.025' [0m
			|--[91m 'compact csr: nnz index | Max Time: 28.962 ms | Avg Time: 28.433 ms | Load Imbalance: 1.019' [0m
			|--[91m 'compact csr: select nnz | Max Time: 9.308 ms | Avg Time: 9.214 ms | Load Imbalance: 1.010' [0m
			|--[91m 'compact csr: col map | Max Time: 17.109 ms | Avg Time: 16.985 ms | Load Imbalance: 1.007' [0m
			|--[91m 'compact csr: edge scale | Max Time: 41.094 ms | Avg Time: 40.238 ms | Load Imbalance: 1.021' [0m
			|--[91m 'compact csr: crow | Max Time: 51.863 ms | Avg Time: 48.916 ms | Load Imbalance: 1.060' [0m
			|--[91m 'compact csr: adjt direct | Max Time: 59.470 ms | Avg Time: 54.268 ms | Load Imbalance: 1.096' [0m
		|--[96m 'compact feature slice | Max Time: 4.741 ms | Avg Time: 4.712 ms | Load Imbalance: 1.006' [0m
		|--[96m 'compact label slice | Max Time: 8.186 ms | Avg Time: 7.896 ms | Load Imbalance: 1.037' [0m
	|--[92m 'train step | Max Time: 8409.588 ms | Avg Time: 8398.600 ms | Load Imbalance: 1.001' [0m
		|--[96m 'input_linear | Max Time: 478.475 ms | Avg Time: 448.844 ms | Load Imbalance: 1.066' [0m
			|--[91m 'input_linear X * W | Max Time: 51.028 ms | Avg Time: 45.989 ms | Load Imbalance: 1.110' [0m
			|--[91m 'all-reduce | Max Time: 423.434 ms | Avg Time: 394.117 ms | Load Imbalance: 1.074' [0m
			|--[91m 'OUT + BIAS | Max Time: 5.833 ms | Avg Time: 5.816 ms | Load Imbalance: 1.003' [0m
		|--[96m 'gcn conv fwd | Max Time: 993.204 ms | Avg Time: 929.470 ms | Load Imbalance: 1.069' [0m
			|--[91m 'AGG = A * H | Max Time: 41.019 ms | Avg Time: 37.076 ms | Load Imbalance: 1.106' [0m
			|--[91m 'allreduce H | Max Time: 539.963 ms | Avg Time: 475.907 ms | Load Imbalance: 1.135' [0m
				|--[95m 'allreduce lowp comm dtype | Max Time: 9.677 ms | Avg Time: 9.530 ms | Load Imbalance: 1.015' [0m
				|--[95m 'allreduce lowp | Max Time: 517.303 ms | Avg Time: 453.031 ms | Load Imbalance: 1.142' [0m
				|--[95m 'allreduce copy back | Max Time: 11.857 ms | Avg Time: 11.825 ms | Load Imbalance: 1.003' [0m
			|--[91m 'Allgather W | Max Time: 45.871 ms | Avg Time: 27.585 ms | Load Imbalance: 1.663' [0m
				|--[95m 'gather | Max Time: 45.230 ms | Avg Time: 26.935 ms | Load Imbalance: 1.679' [0m
			|--[91m 'OUT = AGG * W | Max Time: 24.124 ms | Avg Time: 23.801 ms | Load Imbalance: 1.014' [0m
			|--[91m 'allreduce Q | Max Time: 406.190 ms | Avg Time: 362.786 ms | Load Imbalance: 1.120' [0m
				|--[95m 'allreduce lowp comm dtype | Max Time: 9.997 ms | Avg Time: 9.981 ms | Load Imbalance: 1.002' [0m
				|--[95m 'allreduce lowp | Max Time: 382.947 ms | Avg Time: 339.547 ms | Load Imbalance: 1.128' [0m
				|--[95m 'allreduce copy back | Max Time: 11.805 ms | Avg Time: 11.784 ms | Load Imbalance: 1.002' [0m
		|--[96m 'activation | Max Time: 4891.125 ms | Avg Time: 4749.145 ms | Load Imbalance: 1.030' [0m
			|--[91m 'all-reduce | Max Time: 145.090 ms | Avg Time: 82.665 ms | Load Imbalance: 1.755' [0m
		|--[96m 'output_linear | Max Time: 6.967 ms | Avg Time: 6.934 ms | Load Imbalance: 1.005' [0m
			|--[91m 'output_linear X * W | Max Time: 5.770 ms | Avg Time: 5.744 ms | Load Imbalance: 1.005' [0m
			|--[91m 'all-reduce | Max Time: 0.121 ms | Avg Time: 0.120 ms | Load Imbalance: 1.008' [0m
			|--[91m 'OUT + BIAS | Max Time: 0.503 ms | Avg Time: 0.493 ms | Load Imbalance: 1.022' [0m
		|--[96m 'cross entropy fwd | Max Time: 201.584 ms | Avg Time: 176.908 ms | Load Imbalance: 1.139' [0m
		|--[96m 'cross entropy bwd | Max Time: 8.336 ms | Avg Time: 5.765 ms | Load Imbalance: 1.446' [0m
		|--[96m 'linear_3d_bwd | Max Time: 102.525 ms | Avg Time: 98.814 ms | Load Imbalance: 1.038' [0m
			|--[91m 'output_linear GRAD_X | Max Time: 16.956 ms | Avg Time: 10.540 ms | Load Imbalance: 1.609' [0m
			|--[91m 'all-reduce | Max Time: 72.426 ms | Avg Time: 61.211 ms | Load Imbalance: 1.183' [0m
			|--[91m 'output_linear GRAD_W | Max Time: 14.918 ms | Avg Time: 12.463 ms | Load Imbalance: 1.197' [0m
			|--[91m 'input_linear GRAD_W | Max Time: 4.888 ms | Avg Time: 4.872 ms | Load Imbalance: 1.003' [0m
		|--[96m 'gcn conv bwd | Max Time: 551.193 ms | Avg Time: 543.793 ms | Load Imbalance: 1.014' [0m
			|--[91m 'gather | Max Time: 12.468 ms | Avg Time: 8.900 ms | Load Imbalance: 1.401' [0m
			|--[91m 'GRAD_AGG = GRAD_OUT * W.T | Max Time: 24.025 ms | Avg Time: 23.862 ms | Load Imbalance: 1.007' [0m
			|--[91m 'allreduce lowp comm dtype | Max Time: 9.873 ms | Avg Time: 9.657 ms | Load Imbalance: 1.022' [0m
			|--[91m 'allreduce lowp | Max Time: 218.866 ms | Avg Time: 210.538 ms | Load Imbalance: 1.040' [0m
			|--[91m 'allreduce copy back | Max Time: 11.942 ms | Avg Time: 11.922 ms | Load Imbalance: 1.002' [0m
			|--[91m 'GRAD_W = AGG.T * GRAD_OUT | Max Time: 24.664 ms | Avg Time: 24.594 ms | Load Imbalance: 1.003' [0m
			|--[91m 'ReduceScatter grad_weight | Max Time: 21.563 ms | Avg Time: 18.364 ms | Load Imbalance: 1.174' [0m
				|--[95m 'reduce-scatter | Max Time: 20.960 ms | Avg Time: 17.759 ms | Load Imbalance: 1.180' [0m
					|--[92m 'reduce-scatter-dist | Max Time: 20.478 ms | Avg Time: 17.276 ms | Load Imbalance: 1.185' [0m
			|--[91m 'GRAD_H = A.T * GRAD_AGG | Max Time: 27.333 ms | Avg Time: 24.976 ms | Load Imbalance: 1.094' [0m
			|--[91m 'allreduce grad_x | Max Time: 212.799 ms | Avg Time: 207.387 ms | Load Imbalance: 1.026' [0m
				|--[95m 'allreduce lowp comm dtype | Max Time: 9.319 ms | Avg Time: 9.163 ms | Load Imbalance: 1.017' [0m
				|--[95m 'allreduce lowp | Max Time: 190.125 ms | Avg Time: 184.907 ms | Load Imbalance: 1.028' [0m
				|--[95m 'allreduce copy back | Max Time: 11.908 ms | Avg Time: 11.873 ms | Load Imbalance: 1.003' [0m
		|--[96m 'sync_norm_gradients | Max Time: 7.045 ms | Avg Time: 6.218 ms | Load Imbalance: 1.133' [0m
		|--[96m 'sync_data_parallel_gradients | Max Time: 0.146 ms | Avg Time: 0.123 ms | Load Imbalance: 1.186' [0m

|--[95m 'epoch 1 | Max Time: 1896.120 ms | Avg Time: 1896.101 ms | Load Imbalance: 1.000' [0m
	|--[92m 'minibatch prep | Max Time: 558.894 ms | Avg Time: 533.871 ms | Load Imbalance: 1.047' [0m
		|--[96m 'sample nodes | Max Time: 185.226 ms | Avg Time: 174.143 ms | Load Imbalance: 1.064' [0m
		|--[96m 'compact indices | Max Time: 31.286 ms | Avg Time: 30.995 ms | Load Imbalance: 1.009' [0m
		|--[96m 'compact adj shards | Max Time: 330.049 ms | Avg Time: 314.512 ms | Load Imbalance: 1.049' [0m
			|--[91m 'compact layout prep | Max Time: 79.139 ms | Avg Time: 66.953 ms | Load Imbalance: 1.182' [0m
			|--[91m 'compact csr: indices | Max Time: 3.393 ms | Avg Time: 3.259 ms | Load Imbalance: 1.041' [0m
			|--[91m 'compact csr: row ptrs | Max Time: 18.992 ms | Avg Time: 18.769 ms | Load Imbalance: 1.012' [0m
			|--[91m 'compact csr: nnz index | Max Time: 24.400 ms | Avg Time: 24.167 ms | Load Imbalance: 1.010' [0m
			|--[91m 'compact csr: select nnz | Max Time: 9.305 ms | Avg Time: 9.228 ms | Load Imbalance: 1.008' [0m
			|--[91m 'compact csr: col map | Max Time: 17.085 ms | Avg Time: 17.001 ms | Load Imbalance: 1.005' [0m
			|--[91m 'compact csr: edge scale | Max Time: 35.610 ms | Avg Time: 34.827 ms | Load Imbalance: 1.022' [0m
			|--[91m 'compact csr: crow | Max Time: 28.584 ms | Avg Time: 28.007 ms | Load Imbalance: 1.021' [0m
			|--[91m 'compact csr: adjt direct | Max Time: 54.332 ms | Avg Time: 52.826 ms | Load Imbalance: 1.028' [0m
		|--[96m 'compact feature slice | Max Time: 4.340 ms | Avg Time: 4.318 ms | Load Imbalance: 1.005' [0m
		|--[96m 'compact label slice | Max Time: 1.088 ms | Avg Time: 1.045 ms | Load Imbalance: 1.042' [0m
	|--[92m 'train step | Max Time: 1365.979 ms | Avg Time: 1357.868 ms | Load Imbalance: 1.006' [0m
		|--[96m 'input_linear | Max Time: 78.860 ms | Avg Time: 63.333 ms | Load Imbalance: 1.245' [0m
			|--[91m 'input_linear X * W | Max Time: 6.511 ms | Avg Time: 6.451 ms | Load Imbalance: 1.009' [0m
			|--[91m 'all-reduce | Max Time: 63.870 ms | Avg Time: 48.309 ms | Load Imbalance: 1.322' [0m
			|--[91m 'OUT + BIAS | Max Time: 5.831 ms | Avg Time: 5.813 ms | Load Imbalance: 1.003' [0m
		|--[96m 'gcn conv fwd | Max Time: 505.794 ms | Avg Time: 495.069 ms | Load Imbalance: 1.022' [0m
			|--[91m 'AGG = A * H | Max Time: 27.771 ms | Avg Time: 25.503 ms | Load Imbalance: 1.089' [0m
			|--[91m 'allreduce H | Max Time: 222.756 ms | Avg Time: 215.030 ms | Load Imbalance: 1.036' [0m
				|--[95m 'allreduce lowp comm dtype | Max Time: 9.428 ms | Avg Time: 9.297 ms | Load Imbalance: 1.014' [0m
				|--[95m 'allreduce lowp | Max Time: 200.112 ms | Avg Time: 192.491 ms | Load Imbalance: 1.040' [0m
				|--[95m 'allreduce copy back | Max Time: 11.823 ms | Avg Time: 11.799 ms | Load Imbalance: 1.002' [0m
			|--[91m 'Allgather W | Max Time: 23.090 ms | Avg Time: 20.722 ms | Load Imbalance: 1.114' [0m
				|--[95m 'gather | Max Time: 22.485 ms | Avg Time: 20.123 ms | Load Imbalance: 1.117' [0m
			|--[91m 'OUT = AGG * W | Max Time: 23.638 ms | Avg Time: 23.590 ms | Load Imbalance: 1.002' [0m
			|--[91m 'allreduce Q | Max Time: 214.113 ms | Avg Time: 208.062 ms | Load Imbalance: 1.029' [0m
				|--[95m 'allreduce lowp comm dtype | Max Time: 10.002 ms | Avg Time: 9.984 ms | Load Imbalance: 1.002' [0m
				|--[95m 'allreduce lowp | Max Time: 190.925 ms | Avg Time: 184.874 ms | Load Imbalance: 1.033' [0m
				|--[95m 'allreduce copy back | Max Time: 11.790 ms | Avg Time: 11.763 ms | Load Imbalance: 1.002' [0m
		|--[96m 'activation | Max Time: 54.132 ms | Avg Time: 49.736 ms | Load Imbalance: 1.088' [0m
			|--[91m 'all-reduce | Max Time: 28.244 ms | Avg Time: 23.851 ms | Load Imbalance: 1.184' [0m
		|--[96m 'output_linear | Max Time: 6.650 ms | Avg Time: 6.623 ms | Load Imbalance: 1.004' [0m
			|--[91m 'output_linear X * W | Max Time: 5.595 ms | Avg Time: 5.572 ms | Load Imbalance: 1.004' [0m
			|--[91m 'all-reduce | Max Time: 0.121 ms | Avg Time: 0.120 ms | Load Imbalance: 1.014' [0m
			|--[91m 'OUT + BIAS | Max Time: 0.457 ms | Avg Time: 0.452 ms | Load Imbalance: 1.012' [0m
		|--[96m 'cross entropy fwd | Max Time: 33.572 ms | Avg Time: 33.156 ms | Load Imbalance: 1.013' [0m
		|--[96m 'cross entropy bwd | Max Time: 4.650 ms | Avg Time: 3.629 ms | Load Imbalance: 1.281' [0m
		|--[96m 'linear_3d_bwd | Max Time: 77.527 ms | Avg Time: 75.616 ms | Load Imbalance: 1.025' [0m
			|--[91m 'output_linear GRAD_X | Max Time: 5.555 ms | Avg Time: 5.019 ms | Load Imbalance: 1.107' [0m
			|--[91m 'all-reduce | Max Time: 53.157 ms | Avg Time: 51.165 ms | Load Imbalance: 1.039' [0m
			|--[91m 'output_linear GRAD_W | Max Time: 4.996 ms | Avg Time: 4.944 ms | Load Imbalance: 1.010' [0m
			|--[91m 'input_linear GRAD_W | Max Time: 4.838 ms | Avg Time: 4.818 ms | Load Imbalance: 1.004' [0m
		|--[96m 'gcn conv bwd | Max Time: 532.021 ms | Avg Time: 530.550 ms | Load Imbalance: 1.003' [0m
			|--[91m 'gather | Max Time: 5.990 ms | Avg Time: 5.168 ms | Load Imbalance: 1.159' [0m
			|--[91m 'GRAD_AGG = GRAD_OUT * W.T | Max Time: 23.880 ms | Avg Time: 23.795 ms | Load Imbalance: 1.004' [0m
			|--[91m 'allreduce lowp comm dtype | Max Time: 9.846 ms | Avg Time: 9.639 ms | Load Imbalance: 1.021' [0m
			|--[91m 'allreduce lowp | Max Time: 206.825 ms | Avg Time: 201.553 ms | Load Imbalance: 1.026' [0m
			|--[91m 'allreduce copy back | Max Time: 11.950 ms | Avg Time: 11.923 ms | Load Imbalance: 1.002' [0m
			|--[91m 'GRAD_W = AGG.T * GRAD_OUT | Max Time: 24.759 ms | Avg Time: 24.585 ms | Load Imbalance: 1.007' [0m
			|--[91m 'ReduceScatter grad_weight | Max Time: 22.908 ms | Avg Time: 18.413 ms | Load Imbalance: 1.244' [0m
				|--[95m 'reduce-scatter | Max Time: 22.304 ms | Avg Time: 17.810 ms | Load Imbalance: 1.252' [0m
					|--[92m 'reduce-scatter-dist | Max Time: 21.821 ms | Avg Time: 17.329 ms | Load Imbalance: 1.259' [0m
			|--[91m 'GRAD_H = A.T * GRAD_AGG | Max Time: 27.359 ms | Avg Time: 24.915 ms | Load Imbalance: 1.098' [0m
			|--[91m 'allreduce grad_x | Max Time: 214.110 ms | Avg Time: 207.070 ms | Load Imbalance: 1.034' [0m
				|--[95m 'allreduce lowp comm dtype | Max Time: 9.272 ms | Avg Time: 9.121 ms | Load Imbalance: 1.016' [0m
				|--[95m 'allreduce lowp | Max Time: 191.505 ms | Avg Time: 184.630 ms | Load Imbalance: 1.037' [0m
				|--[95m 'allreduce copy back | Max Time: 11.914 ms | Avg Time: 11.874 ms | Load Imbalance: 1.003' [0m
		|--[96m 'sync_norm_gradients | Max Time: 3.527 ms | Avg Time: 3.245 ms | Load Imbalance: 1.087' [0m
		|--[96m 'sync_data_parallel_gradients | Max Time: 0.121 ms | Avg Time: 0.120 ms | Load Imbalance: 1.016' [0m

|--[95m 'epoch 2 | Max Time: 1882.819 ms | Avg Time: 1882.800 ms | Load Imbalance: 1.000' [0m
	|--[92m 'minibatch prep | Max Time: 548.974 ms | Avg Time: 533.440 ms | Load Imbalance: 1.029' [0m
		|--[96m 'sample nodes | Max Time: 173.844 ms | Avg Time: 173.452 ms | Load Imbalance: 1.002' [0m
		|--[96m 'compact indices | Max Time: 31.329 ms | Avg Time: 31.002 ms | Load Imbalance: 1.011' [0m
		|--[96m 'compact adj shards | Max Time: 330.360 ms | Avg Time: 314.821 ms | Load Imbalance: 1.049' [0m
			|--[91m 'compact layout prep | Max Time: 79.379 ms | Avg Time: 66.984 ms | Load Imbalance: 1.185' [0m
			|--[91m 'compact csr: indices | Max Time: 3.410 ms | Avg Time: 3.323 ms | Load Imbalance: 1.026' [0m
			|--[91m 'compact csr: row ptrs | Max Time: 18.970 ms | Avg Time: 18.762 ms | Load Imbalance: 1.011' [0m
			|--[91m 'compact csr: nnz index | Max Time: 24.423 ms | Avg Time: 24.219 ms | Load Imbalance: 1.008' [0m
			|--[91m 'compact csr: select nnz | Max Time: 9.321 ms | Avg Time: 9.237 ms | Load Imbalance: 1.009' [0m
			|--[91m 'compact csr: col map | Max Time: 17.141 ms | Avg Time: 17.026 ms | Load Imbalance: 1.007' [0m
			|--[91m 'compact csr: edge scale | Max Time: 35.630 ms | Avg Time: 34.854 ms | Load Imbalance: 1.022' [0m
			|--[91m 'compact csr: crow | Max Time: 28.502 ms | Avg Time: 28.071 ms | Load Imbalance: 1.015' [0m
			|--[91m 'compact csr: adjt direct | Max Time: 54.407 ms | Avg Time: 52.840 ms | Load Imbalance: 1.030' [0m
		|--[96m 'compact feature slice | Max Time: 4.344 ms | Avg Time: 4.320 ms | Load Imbalance: 1.006' [0m
		|--[96m 'compact label slice | Max Time: 1.094 ms | Avg Time: 1.058 ms | Load Imbalance: 1.035' [0m
	|--[92m 'train step | Max Time: 1352.241 ms | Avg Time: 1344.964 ms | Load Imbalance: 1.005' [0m
		|--[96m 'input_linear | Max Time: 68.760 ms | Avg Time: 61.225 ms | Load Imbalance: 1.123' [0m
			|--[91m 'input_linear X * W | Max Time: 6.532 ms | Avg Time: 6.415 ms | Load Imbalance: 1.018' [0m
			|--[91m 'all-reduce | Max Time: 53.846 ms | Avg Time: 46.239 ms | Load Imbalance: 1.165' [0m
			|--[91m 'OUT + BIAS | Max Time: 5.835 ms | Avg Time: 5.813 ms | Load Imbalance: 1.004' [0m
		|--[96m 'gcn conv fwd | Max Time: 493.369 ms | Avg Time: 488.283 ms | Load Imbalance: 1.010' [0m
			|--[91m 'AGG = A * H | Max Time: 27.808 ms | Avg Time: 25.505 ms | Load Imbalance: 1.090' [0m
			|--[91m 'allreduce H | Max Time: 214.979 ms | Avg Time: 209.562 ms | Load Imbalance: 1.026' [0m
				|--[95m 'allreduce lowp comm dtype | Max Time: 9.428 ms | Avg Time: 9.296 ms | Load Imbalance: 1.014' [0m
				|--[95m 'allreduce lowp | Max Time: 192.290 ms | Avg Time: 187.023 ms | Load Imbalance: 1.028' [0m
				|--[95m 'allreduce copy back | Max Time: 11.831 ms | Avg Time: 11.800 ms | Load Imbalance: 1.003' [0m
			|--[91m 'Allgather W | Max Time: 22.183 ms | Avg Time: 19.214 ms | Load Imbalance: 1.155' [0m
				|--[95m 'gather | Max Time: 21.586 ms | Avg Time: 18.614 ms | Load Imbalance: 1.160' [0m
			|--[91m 'OUT = AGG * W | Max Time: 23.628 ms | Avg Time: 23.588 ms | Load Imbalance: 1.002' [0m
			|--[91m 'allreduce Q | Max Time: 211.793 ms | Avg Time: 208.252 ms | Load Imbalance: 1.017' [0m
				|--[95m 'allreduce lowp comm dtype | Max Time: 10.009 ms | Avg Time: 9.984 ms | Load Imbalance: 1.003' [0m
				|--[95m 'allreduce lowp | Max Time: 188.575 ms | Avg Time: 185.064 ms | Load Imbalance: 1.019' [0m
				|--[95m 'allreduce copy back | Max Time: 11.791 ms | Avg Time: 11.763 ms | Load Imbalance: 1.002' [0m
		|--[96m 'activation | Max Time: 52.126 ms | Avg Time: 49.091 ms | Load Imbalance: 1.062' [0m
			|--[91m 'all-reduce | Max Time: 26.243 ms | Avg Time: 23.207 ms | Load Imbalance: 1.131' [0m
		|--[96m 'output_linear | Max Time: 6.659 ms | Avg Time: 6.626 ms | Load Imbalance: 1.005' [0m
			|--[91m 'output_linear X * W | Max Time: 5.599 ms | Avg Time: 5.574 ms | Load Imbalance: 1.005' [0m
			|--[91m 'all-reduce | Max Time: 0.121 ms | Avg Time: 0.120 ms | Load Imbalance: 1.011' [0m
			|--[91m 'OUT + BIAS | Max Time: 0.461 ms | Avg Time: 0.452 ms | Load Imbalance: 1.018' [0m
		|--[96m 'cross entropy fwd | Max Time: 33.850 ms | Avg Time: 33.210 ms | Load Imbalance: 1.019' [0m
		|--[96m 'cross entropy bwd | Max Time: 4.498 ms | Avg Time: 3.617 ms | Load Imbalance: 1.243' [0m
		|--[96m 'linear_3d_bwd | Max Time: 77.162 ms | Avg Time: 75.542 ms | Load Imbalance: 1.021' [0m
			|--[91m 'output_linear GRAD_X | Max Time: 5.476 ms | Avg Time: 4.946 ms | Load Imbalance: 1.107' [0m
			|--[91m 'all-reduce | Max Time: 52.990 ms | Avg Time: 51.173 ms | Load Imbalance: 1.036' [0m
			|--[91m 'output_linear GRAD_W | Max Time: 4.989 ms | Avg Time: 4.938 ms | Load Imbalance: 1.010' [0m
			|--[91m 'input_linear GRAD_W | Max Time: 4.840 ms | Avg Time: 4.816 ms | Load Imbalance: 1.005' [0m
		|--[96m 'gcn conv bwd | Max Time: 528.550 ms | Avg Time: 527.323 ms | Load Imbalance: 1.002' [0m
			|--[91m 'gather | Max Time: 5.701 ms | Avg Time: 5.098 ms | Load Imbalance: 1.118' [0m
			|--[91m 'GRAD_AGG = GRAD_OUT * W.T | Max Time: 23.825 ms | Avg Time: 23.791 ms | Load Imbalance: 1.001' [0m
			|--[91m 'allreduce lowp comm dtype | Max Time: 9.815 ms | Avg Time: 9.665 ms | Load Imbalance: 1.016' [0m
			|--[91m 'allreduce lowp | Max Time: 199.342 ms | Avg Time: 197.275 ms | Load Imbalance: 1.010' [0m
			|--[91m 'allreduce copy back | Max Time: 11.947 ms | Avg Time: 11.924 ms | Load Imbalance: 1.002' [0m
			|--[91m 'GRAD_W = AGG.T * GRAD_OUT | Max Time: 24.618 ms | Avg Time: 24.576 ms | Load Imbalance: 1.002' [0m
			|--[91m 'ReduceScatter grad_weight | Max Time: 23.421 ms | Avg Time: 18.064 ms | Load Imbalance: 1.297' [0m
				|--[95m 'reduce-scatter | Max Time: 22.816 ms | Avg Time: 17.464 ms | Load Imbalance: 1.306' [0m
					|--[92m 'reduce-scatter-dist | Max Time: 22.333 ms | Avg Time: 16.985 ms | Load Imbalance: 1.315' [0m
			|--[91m 'GRAD_H = A.T * GRAD_AGG | Max Time: 27.323 ms | Avg Time: 24.923 ms | Load Imbalance: 1.096' [0m
			|--[91m 'allreduce grad_x | Max Time: 214.795 ms | Avg Time: 208.520 ms | Load Imbalance: 1.030' [0m
				|--[95m 'allreduce lowp comm dtype | Max Time: 9.318 ms | Avg Time: 9.119 ms | Load Imbalance: 1.022' [0m
				|--[95m 'allreduce lowp | Max Time: 192.169 ms | Avg Time: 186.088 ms | Load Imbalance: 1.033' [0m
				|--[95m 'allreduce copy back | Max Time: 11.910 ms | Avg Time: 11.869 ms | Load Imbalance: 1.003' [0m
		|--[96m 'sync_norm_gradients | Max Time: 3.347 ms | Avg Time: 3.192 ms | Load Imbalance: 1.049' [0m
		|--[96m 'sync_data_parallel_gradients | Max Time: 0.121 ms | Avg Time: 0.120 ms | Load Imbalance: 1.014' [0m

|--[95m 'epoch 3 | Max Time: 1883.725 ms | Avg Time: 1883.704 ms | Load Imbalance: 1.000' [0m
	|--[92m 'minibatch prep | Max Time: 548.509 ms | Avg Time: 533.453 ms | Load Imbalance: 1.028' [0m
		|--[96m 'sample nodes | Max Time: 173.921 ms | Avg Time: 173.454 ms | Load Imbalance: 1.003' [0m
		|--[96m 'compact indices | Max Time: 31.316 ms | Avg Time: 30.979 ms | Load Imbalance: 1.011' [0m
		|--[96m 'compact adj shards | Max Time: 330.091 ms | Avg Time: 314.845 ms | Load Imbalance: 1.048' [0m
			|--[91m 'compact layout prep | Max Time: 79.253 ms | Avg Time: 67.018 ms | Load Imbalance: 1.183' [0m
			|--[91m 'compact csr: indices | Max Time: 3.352 ms | Avg Time: 3.267 ms | Load Imbalance: 1.026' [0m
			|--[91m 'compact csr: row ptrs | Max Time: 18.953 ms | Avg Time: 18.755 ms | Load Imbalance: 1.011' [0m
			|--[91m 'compact csr: nnz index | Max Time: 24.353 ms | Avg Time: 24.182 ms | Load Imbalance: 1.007' [0m
			|--[91m 'compact csr: select nnz | Max Time: 9.338 ms | Avg Time: 9.246 ms | Load Imbalance: 1.010' [0m
			|--[91m 'compact csr: col map | Max Time: 17.091 ms | Avg Time: 17.026 ms | Load Imbalance: 1.004' [0m
			|--[91m 'compact csr: edge scale | Max Time: 35.421 ms | Avg Time: 34.842 ms | Load Imbalance: 1.017' [0m
			|--[91m 'compact csr: crow | Max Time: 28.599 ms | Avg Time: 28.055 ms | Load Imbalance: 1.019' [0m
			|--[91m 'compact csr: adjt direct | Max Time: 54.519 ms | Avg Time: 52.868 ms | Load Imbalance: 1.031' [0m
		|--[96m 'compact feature slice | Max Time: 4.349 ms | Avg Time: 4.314 ms | Load Imbalance: 1.008' [0m
		|--[96m 'compact label slice | Max Time: 1.107 ms | Avg Time: 1.060 ms | Load Imbalance: 1.044' [0m
	|--[92m 'train step | Max Time: 1353.265 ms | Avg Time: 1345.893 ms | Load Imbalance: 1.005' [0m
		|--[96m 'input_linear | Max Time: 68.466 ms | Avg Time: 60.973 ms | Load Imbalance: 1.123' [0m
			|--[91m 'input_linear X * W | Max Time: 6.465 ms | Avg Time: 6.395 ms | Load Imbalance: 1.011' [0m
			|--[91m 'all-reduce | Max Time: 53.546 ms | Avg Time: 46.016 ms | Load Imbalance: 1.164' [0m
			|--[91m 'OUT + BIAS | Max Time: 5.838 ms | Avg Time: 5.813 ms | Load Imbalance: 1.004' [0m
		|--[96m 'gcn conv fwd | Max Time: 492.014 ms | Avg Time: 485.911 ms | Load Imbalance: 1.013' [0m
			|--[91m 'AGG = A * H | Max Time: 27.736 ms | Avg Time: 25.468 ms | Load Imbalance: 1.089' [0m
			|--[91m 'allreduce H | Max Time: 213.767 ms | Avg Time: 208.251 ms | Load Imbalance: 1.026' [0m
				|--[95m 'allreduce lowp comm dtype | Max Time: 9.431 ms | Avg Time: 9.297 ms | Load Imbalance: 1.014' [0m
				|--[95m 'allreduce lowp | Max Time: 191.090 ms | Avg Time: 185.712 ms | Load Imbalance: 1.029' [0m
				|--[95m 'allreduce copy back | Max Time: 11.831 ms | Avg Time: 11.798 ms | Load Imbalance: 1.003' [0m
			|--[91m 'Allgather W | Max Time: 23.758 ms | Avg Time: 18.957 ms | Load Imbalance: 1.253' [0m
				|--[95m 'gather | Max Time: 23.162 ms | Avg Time: 18.357 ms | Load Imbalance: 1.262' [0m
			|--[91m 'OUT = AGG * W | Max Time: 23.621 ms | Avg Time: 23.589 ms | Load Imbalance: 1.001' [0m
			|--[91m 'allreduce Q | Max Time: 212.020 ms | Avg Time: 207.485 ms | Load Imbalance: 1.022' [0m
				|--[95m 'allreduce lowp comm dtype | Max Time: 10.008 ms | Avg Time: 9.984 ms | Load Imbalance: 1.002' [0m
				|--[95m 'allreduce lowp | Max Time: 188.819 ms | Avg Time: 184.299 ms | Load Imbalance: 1.025' [0m
				|--[95m 'allreduce copy back | Max Time: 11.794 ms | Avg Time: 11.760 ms | Load Imbalance: 1.003' [0m
		|--[96m 'activation | Max Time: 55.112 ms | Avg Time: 50.044 ms | Load Imbalance: 1.101' [0m
			|--[91m 'all-reduce | Max Time: 29.201 ms | Avg Time: 24.159 ms | Load Imbalance: 1.209' [0m
		|--[96m 'output_linear | Max Time: 6.664 ms | Avg Time: 6.625 ms | Load Imbalance: 1.006' [0m
			|--[91m 'output_linear X * W | Max Time: 5.597 ms | Avg Time: 5.573 ms | Load Imbalance: 1.004' [0m
			|--[91m 'all-reduce | Max Time: 0.121 ms | Avg Time: 0.120 ms | Load Imbalance: 1.011' [0m
			|--[91m 'OUT + BIAS | Max Time: 0.457 ms | Avg Time: 0.452 ms | Load Imbalance: 1.011' [0m
		|--[96m 'cross entropy fwd | Max Time: 33.706 ms | Avg Time: 33.213 ms | Load Imbalance: 1.015' [0m
		|--[96m 'cross entropy bwd | Max Time: 4.394 ms | Avg Time: 3.623 ms | Load Imbalance: 1.213' [0m
		|--[96m 'linear_3d_bwd | Max Time: 76.332 ms | Avg Time: 74.709 ms | Load Imbalance: 1.022' [0m
			|--[91m 'output_linear GRAD_X | Max Time: 5.228 ms | Avg Time: 4.915 ms | Load Imbalance: 1.064' [0m
			|--[91m 'all-reduce | Max Time: 51.864 ms | Avg Time: 50.356 ms | Load Imbalance: 1.030' [0m
			|--[91m 'output_linear GRAD_W | Max Time: 4.970 ms | Avg Time: 4.935 ms | Load Imbalance: 1.007' [0m
			|--[91m 'input_linear GRAD_W | Max Time: 4.844 ms | Avg Time: 4.815 ms | Load Imbalance: 1.006' [0m
		|--[96m 'gcn conv bwd | Max Time: 531.465 ms | Avg Time: 530.455 ms | Load Imbalance: 1.002' [0m
			|--[91m 'gather | Max Time: 5.879 ms | Avg Time: 5.149 ms | Load Imbalance: 1.142' [0m
			|--[91m 'GRAD_AGG = GRAD_OUT * W.T | Max Time: 23.822 ms | Avg Time: 23.791 ms | Load Imbalance: 1.001' [0m
			|--[91m 'allreduce lowp comm dtype | Max Time: 9.861 ms | Avg Time: 9.684 ms | Load Imbalance: 1.018' [0m
			|--[91m 'allreduce lowp | Max Time: 204.320 ms | Avg Time: 199.425 ms | Load Imbalance: 1.025' [0m
			|--[91m 'allreduce copy back | Max Time: 11.944 ms | Avg Time: 11.921 ms | Load Imbalance: 1.002' [0m
			|--[91m 'GRAD_W = AGG.T * GRAD_OUT | Max Time: 24.620 ms | Avg Time: 24.582 ms | Load Imbalance: 1.002' [0m
			|--[91m 'ReduceScatter grad_weight | Max Time: 23.677 ms | Avg Time: 19.832 ms | Load Imbalance: 1.194' [0m
				|--[95m 'reduce-scatter | Max Time: 23.081 ms | Avg Time: 19.232 ms | Load Imbalance: 1.200' [0m
					|--[92m 'reduce-scatter-dist | Max Time: 22.604 ms | Avg Time: 18.753 ms | Load Imbalance: 1.205' [0m
			|--[91m 'GRAD_H = A.T * GRAD_AGG | Max Time: 27.215 ms | Avg Time: 24.888 ms | Load Imbalance: 1.094' [0m
			|--[91m 'allreduce grad_x | Max Time: 211.743 ms | Avg Time: 207.698 ms | Load Imbalance: 1.019' [0m
				|--[95m 'allreduce lowp comm dtype | Max Time: 9.305 ms | Avg Time: 9.110 ms | Load Imbalance: 1.021' [0m
				|--[95m 'allreduce lowp | Max Time: 189.373 ms | Avg Time: 185.278 ms | Load Imbalance: 1.022' [0m
				|--[95m 'allreduce copy back | Max Time: 11.908 ms | Avg Time: 11.866 ms | Load Imbalance: 1.004' [0m
		|--[96m 'sync_norm_gradients | Max Time: 3.394 ms | Avg Time: 3.237 ms | Load Imbalance: 1.048' [0m
		|--[96m 'sync_data_parallel_gradients | Max Time: 0.121 ms | Avg Time: 0.120 ms | Load Imbalance: 1.014' [0m

|--[95m 'epoch 4 | Max Time: 2046.910 ms | Avg Time: 2046.889 ms | Load Imbalance: 1.000' [0m
	|--[92m 'minibatch prep | Max Time: 548.605 ms | Avg Time: 533.022 ms | Load Imbalance: 1.029' [0m
		|--[96m 'sample nodes | Max Time: 173.844 ms | Avg Time: 173.447 ms | Load Imbalance: 1.002' [0m
		|--[96m 'compact indices | Max Time: 31.228 ms | Avg Time: 30.885 ms | Load Imbalance: 1.011' [0m
		|--[96m 'compact adj shards | Max Time: 330.037 ms | Avg Time: 314.514 ms | Load Imbalance: 1.049' [0m
			|--[91m 'compact layout prep | Max Time: 79.294 ms | Avg Time: 67.023 ms | Load Imbalance: 1.183' [0m
			|--[91m 'compact csr: indices | Max Time: 3.337 ms | Avg Time: 3.248 ms | Load Imbalance: 1.027' [0m
			|--[91m 'compact csr: row ptrs | Max Time: 19.134 ms | Avg Time: 18.832 ms | Load Imbalance: 1.016' [0m
			|--[91m 'compact csr: nnz index | Max Time: 24.340 ms | Avg Time: 24.193 ms | Load Imbalance: 1.006' [0m
			|--[91m 'compact csr: select nnz | Max Time: 9.381 ms | Avg Time: 9.314 ms | Load Imbalance: 1.007' [0m
			|--[91m 'compact csr: col map | Max Time: 17.110 ms | Avg Time: 17.026 ms | Load Imbalance: 1.005' [0m
			|--[91m 'compact csr: edge scale | Max Time: 35.370 ms | Avg Time: 34.725 ms | Load Imbalance: 1.019' [0m
			|--[91m 'compact csr: crow | Max Time: 28.572 ms | Avg Time: 27.989 ms | Load Imbalance: 1.021' [0m
			|--[91m 'compact csr: adjt direct | Max Time: 54.318 ms | Avg Time: 52.843 ms | Load Imbalance: 1.028' [0m
		|--[96m 'compact feature slice | Max Time: 4.361 ms | Avg Time: 4.328 ms | Load Imbalance: 1.008' [0m
		|--[96m 'compact label slice | Max Time: 1.076 ms | Avg Time: 1.034 ms | Load Imbalance: 1.041' [0m
	|--[92m 'train step | Max Time: 1516.388 ms | Avg Time: 1509.544 ms | Load Imbalance: 1.005' [0m
		|--[96m 'input_linear | Max Time: 67.800 ms | Avg Time: 60.634 ms | Load Imbalance: 1.118' [0m
			|--[91m 'input_linear X * W | Max Time: 6.468 ms | Avg Time: 6.376 ms | Load Imbalance: 1.014' [0m
			|--[91m 'all-reduce | Max Time: 52.702 ms | Avg Time: 45.704 ms | Load Imbalance: 1.153' [0m
			|--[91m 'OUT + BIAS | Max Time: 5.841 ms | Avg Time: 5.813 ms | Load Imbalance: 1.005' [0m
		|--[96m 'gcn conv fwd | Max Time: 653.139 ms | Avg Time: 642.955 ms | Load Imbalance: 1.016' [0m
			|--[91m 'AGG = A * H | Max Time: 27.787 ms | Avg Time: 25.500 ms | Load Imbalance: 1.090' [0m
			|--[91m 'allreduce H | Max Time: 212.975 ms | Avg Time: 206.547 ms | Load Imbalance: 1.031' [0m
				|--[95m 'allreduce lowp comm dtype | Max Time: 9.436 ms | Avg Time: 9.301 ms | Load Imbalance: 1.015' [0m
				|--[95m 'allreduce lowp | Max Time: 190.275 ms | Avg Time: 184.002 ms | Load Imbalance: 1.034' [0m
				|--[95m 'allreduce copy back | Max Time: 11.837 ms | Avg Time: 11.799 ms | Load Imbalance: 1.003' [0m
			|--[91m 'Allgather W | Max Time: 25.478 ms | Avg Time: 19.561 ms | Load Imbalance: 1.303' [0m
				|--[95m 'gather | Max Time: 24.879 ms | Avg Time: 18.961 ms | Load Imbalance: 1.312' [0m
			|--[91m 'OUT = AGG * W | Max Time: 23.626 ms | Avg Time: 23.587 ms | Load Imbalance: 1.002' [0m
			|--[91m 'allreduce Q | Max Time: 377.309 ms | Avg Time: 365.598 ms | Load Imbalance: 1.032' [0m
				|--[95m 'allreduce lowp comm dtype | Max Time: 10.124 ms | Avg Time: 10.093 ms | Load Imbalance: 1.003' [0m
				|--[95m 'allreduce lowp | Max Time: 203.126 ms | Avg Time: 189.288 ms | Load Imbalance: 1.073' [0m
				|--[95m 'allreduce copy back | Max Time: 11.790 ms | Avg Time: 11.760 ms | Load Imbalance: 1.003' [0m
		|--[96m 'activation | Max Time: 54.698 ms | Avg Time: 49.458 ms | Load Imbalance: 1.106' [0m
			|--[91m 'all-reduce | Max Time: 28.781 ms | Avg Time: 23.526 ms | Load Imbalance: 1.223' [0m
		|--[96m 'output_linear | Max Time: 6.802 ms | Avg Time: 6.683 ms | Load Imbalance: 1.018' [0m
			|--[91m 'output_linear X * W | Max Time: 5.685 ms | Avg Time: 5.612 ms | Load Imbalance: 1.013' [0m
			|--[91m 'all-reduce | Max Time: 0.128 ms | Avg Time: 0.120 ms | Load Imbalance: 1.065' [0m
			|--[91m 'OUT + BIAS | Max Time: 0.466 ms | Avg Time: 0.455 ms | Load Imbalance: 1.026' [0m
		|--[96m 'cross entropy fwd | Max Time: 48.665 ms | Avg Time: 40.697 ms | Load Imbalance: 1.196' [0m
		|--[96m 'cross entropy bwd | Max Time: 4.263 ms | Avg Time: 3.512 ms | Load Imbalance: 1.214' [0m
		|--[96m 'linear_3d_bwd | Max Time: 77.992 ms | Avg Time: 74.592 ms | Load Imbalance: 1.046' [0m
			|--[91m 'output_linear GRAD_X | Max Time: 5.178 ms | Avg Time: 4.837 ms | Load Imbalance: 1.071' [0m
			|--[91m 'all-reduce | Max Time: 54.015 ms | Avg Time: 50.418 ms | Load Imbalance: 1.071' [0m
			|--[91m 'output_linear GRAD_W | Max Time: 4.959 ms | Avg Time: 4.937 ms | Load Imbalance: 1.004' [0m
			|--[91m 'input_linear GRAD_W | Max Time: 4.842 ms | Avg Time: 4.817 ms | Load Imbalance: 1.005' [0m
		|--[96m 'gcn conv bwd | Max Time: 529.722 ms | Avg Time: 528.486 ms | Load Imbalance: 1.002' [0m
			|--[91m 'gather | Max Time: 5.663 ms | Avg Time: 5.096 ms | Load Imbalance: 1.111' [0m
			|--[91m 'GRAD_AGG = GRAD_OUT * W.T | Max Time: 23.818 ms | Avg Time: 23.791 ms | Load Imbalance: 1.001' [0m
			|--[91m 'allreduce lowp comm dtype | Max Time: 9.889 ms | Avg Time: 9.696 ms | Load Imbalance: 1.020' [0m
			|--[91m 'allreduce lowp | Max Time: 199.992 ms | Avg Time: 198.221 ms | Load Imbalance: 1.009' [0m
			|--[91m 'allreduce copy back | Max Time: 11.946 ms | Avg Time: 11.923 ms | Load Imbalance: 1.002' [0m
			|--[91m 'GRAD_W = AGG.T * GRAD_OUT | Max Time: 24.659 ms | Avg Time: 24.579 ms | Load Imbalance: 1.003' [0m
			|--[91m 'ReduceScatter grad_weight | Max Time: 23.414 ms | Avg Time: 18.752 ms | Load Imbalance: 1.249' [0m
				|--[95m 'reduce-scatter | Max Time: 22.820 ms | Avg Time: 18.152 ms | Load Imbalance: 1.257' [0m
					|--[92m 'reduce-scatter-dist | Max Time: 22.344 ms | Avg Time: 17.673 ms | Load Imbalance: 1.264' [0m
			|--[91m 'GRAD_H = A.T * GRAD_AGG | Max Time: 27.281 ms | Avg Time: 24.905 ms | Load Imbalance: 1.095' [0m
			|--[91m 'allreduce grad_x | Max Time: 213.438 ms | Avg Time: 208.040 ms | Load Imbalance: 1.026' [0m
				|--[95m 'allreduce lowp comm dtype | Max Time: 9.284 ms | Avg Time: 9.110 ms | Load Imbalance: 1.019' [0m
				|--[95m 'allreduce lowp | Max Time: 191.070 ms | Avg Time: 185.623 ms | Load Imbalance: 1.029' [0m
				|--[95m 'allreduce copy back | Max Time: 11.912 ms | Avg Time: 11.864 ms | Load Imbalance: 1.004' [0m
		|--[96m 'sync_norm_gradients | Max Time: 6.369 ms | Avg Time: 5.378 ms | Load Imbalance: 1.184' [0m
		|--[96m 'sync_data_parallel_gradients | Max Time: 0.121 ms | Avg Time: 0.120 ms | Load Imbalance: 1.013' [0m

|--[95m 'epoch 5 | Max Time: 1877.435 ms | Avg Time: 1877.415 ms | Load Imbalance: 1.000' [0m
	|--[92m 'minibatch prep | Max Time: 548.932 ms | Avg Time: 533.076 ms | Load Imbalance: 1.030' [0m
		|--[96m 'sample nodes | Max Time: 173.902 ms | Avg Time: 173.441 ms | Load Imbalance: 1.003' [0m
		|--[96m 'compact indices | Max Time: 31.208 ms | Avg Time: 30.879 ms | Load Imbalance: 1.011' [0m
		|--[96m 'compact adj shards | Max Time: 330.659 ms | Avg Time: 314.677 ms | Load Imbalance: 1.051' [0m
			|--[91m 'compact layout prep | Max Time: 79.347 ms | Avg Time: 66.931 ms | Load Imbalance: 1.186' [0m
			|--[91m 'compact csr: indices | Max Time: 3.361 ms | Avg Time: 3.247 ms | Load Imbalance: 1.035' [0m
			|--[91m 'compact csr: row ptrs | Max Time: 18.950 ms | Avg Time: 18.732 ms | Load Imbalance: 1.012' [0m
			|--[91m 'compact csr: nnz index | Max Time: 24.482 ms | Avg Time: 24.217 ms | Load Imbalance: 1.011' [0m
			|--[91m 'compact csr: select nnz | Max Time: 9.350 ms | Avg Time: 9.264 ms | Load Imbalance: 1.009' [0m
			|--[91m 'compact csr: col map | Max Time: 17.183 ms | Avg Time: 17.048 ms | Load Imbalance: 1.008' [0m
			|--[91m 'compact csr: edge scale | Max Time: 35.524 ms | Avg Time: 34.800 ms | Load Imbalance: 1.021' [0m
			|--[91m 'compact csr: crow | Max Time: 28.478 ms | Avg Time: 27.956 ms | Load Imbalance: 1.019' [0m
			|--[91m 'compact csr: adjt direct | Max Time: 54.489 ms | Avg Time: 52.868 ms | Load Imbalance: 1.031' [0m
		|--[96m 'compact feature slice | Max Time: 4.341 ms | Avg Time: 4.316 ms | Load Imbalance: 1.006' [0m
		|--[96m 'compact label slice | Max Time: 1.078 ms | Avg Time: 1.033 ms | Load Imbalance: 1.043' [0m
	|--[92m 'train step | Max Time: 1346.833 ms | Avg Time: 1340.063 ms | Load Imbalance: 1.005' [0m
		|--[96m 'input_linear | Max Time: 69.829 ms | Avg Time: 60.114 ms | Load Imbalance: 1.162' [0m
			|--[91m 'input_linear X * W | Max Time: 6.394 ms | Avg Time: 6.325 ms | Load Imbalance: 1.011' [0m
			|--[91m 'all-reduce | Max Time: 54.824 ms | Avg Time: 45.217 ms | Load Imbalance: 1.212' [0m
			|--[91m 'OUT + BIAS | Max Time: 5.834 ms | Avg Time: 5.811 ms | Load Imbalance: 1.004' [0m
		|--[96m 'gcn conv fwd | Max Time: 493.206 ms | Avg Time: 484.824 ms | Load Imbalance: 1.017' [0m
			|--[91m 'AGG = A * H | Max Time: 27.770 ms | Avg Time: 25.526 ms | Load Imbalance: 1.088' [0m
			|--[91m 'allreduce H | Max Time: 216.720 ms | Avg Time: 207.241 ms | Load Imbalance: 1.046' [0m
				|--[95m 'allreduce lowp comm dtype | Max Time: 9.437 ms | Avg Time: 9.301 ms | Load Imbalance: 1.015' [0m
				|--[95m 'allreduce lowp | Max Time: 194.071 ms | Avg Time: 184.695 ms | Load Imbalance: 1.051' [0m
				|--[95m 'allreduce copy back | Max Time: 11.833 ms | Avg Time: 11.798 ms | Load Imbalance: 1.003' [0m
			|--[91m 'Allgather W | Max Time: 21.002 ms | Avg Time: 17.671 ms | Load Imbalance: 1.189' [0m
				|--[95m 'gather | Max Time: 20.405 ms | Avg Time: 17.072 ms | Load Imbalance: 1.195' [0m
			|--[91m 'OUT = AGG * W | Max Time: 23.618 ms | Avg Time: 23.590 ms | Load Imbalance: 1.001' [0m
			|--[91m 'allreduce Q | Max Time: 212.730 ms | Avg Time: 208.634 ms | Load Imbalance: 1.020' [0m
				|--[95m 'allreduce lowp comm dtype | Max Time: 10.001 ms | Avg Time: 9.985 ms | Load Imbalance: 1.002' [0m
				|--[95m 'allreduce lowp | Max Time: 189.565 ms | Avg Time: 185.446 ms | Load Imbalance: 1.022' [0m
				|--[95m 'allreduce copy back | Max Time: 11.787 ms | Avg Time: 11.762 ms | Load Imbalance: 1.002' [0m
		|--[96m 'activation | Max Time: 53.509 ms | Avg Time: 48.546 ms | Load Imbalance: 1.102' [0m
			|--[91m 'all-reduce | Max Time: 27.648 ms | Avg Time: 22.660 ms | Load Imbalance: 1.220' [0m
		|--[96m 'output_linear | Max Time: 6.641 ms | Avg Time: 6.622 ms | Load Imbalance: 1.003' [0m
			|--[91m 'output_linear X * W | Max Time: 5.587 ms | Avg Time: 5.571 ms | Load Imbalance: 1.003' [0m
			|--[91m 'all-reduce | Max Time: 0.121 ms | Avg Time: 0.120 ms | Load Imbalance: 1.012' [0m
			|--[91m 'OUT + BIAS | Max Time: 0.457 ms | Avg Time: 0.452 ms | Load Imbalance: 1.011' [0m
		|--[96m 'cross entropy fwd | Max Time: 33.243 ms | Avg Time: 33.004 ms | Load Imbalance: 1.007' [0m
		|--[96m 'cross entropy bwd | Max Time: 4.261 ms | Avg Time: 3.508 ms | Load Imbalance: 1.214' [0m
		|--[96m 'linear_3d_bwd | Max Time: 73.530 ms | Avg Time: 72.368 ms | Load Imbalance: 1.016' [0m
			|--[91m 'output_linear GRAD_X | Max Time: 5.045 ms | Avg Time: 4.795 ms | Load Imbalance: 1.052' [0m
			|--[91m 'all-reduce | Max Time: 48.756 ms | Avg Time: 47.519 ms | Load Imbalance: 1.026' [0m
			|--[91m 'output_linear GRAD_W | Max Time: 4.971 ms | Avg Time: 4.933 ms | Load Imbalance: 1.008' [0m
			|--[91m 'input_linear GRAD_W | Max Time: 4.841 ms | Avg Time: 4.818 ms | Load Imbalance: 1.005' [0m
		|--[96m 'gcn conv bwd | Max Time: 532.331 ms | Avg Time: 531.003 ms | Load Imbalance: 1.003' [0m
			|--[91m 'gather | Max Time: 5.812 ms | Avg Time: 5.222 ms | Load Imbalance: 1.113' [0m
			|--[91m 'GRAD_AGG = GRAD_OUT * W.T | Max Time: 23.826 ms | Avg Time: 23.794 ms | Load Imbalance: 1.001' [0m
			|--[91m 'allreduce lowp comm dtype | Max Time: 9.854 ms | Avg Time: 9.682 ms | Load Imbalance: 1.018' [0m
			|--[91m 'allreduce lowp | Max Time: 200.854 ms | Avg Time: 199.835 ms | Load Imbalance: 1.005' [0m
			|--[91m 'allreduce copy back | Max Time: 11.946 ms | Avg Time: 11.922 ms | Load Imbalance: 1.002' [0m
			|--[91m 'GRAD_W = AGG.T * GRAD_OUT | Max Time: 24.625 ms | Avg Time: 24.587 ms | Load Imbalance: 1.002' [0m
			|--[91m 'ReduceScatter grad_weight | Max Time: 23.792 ms | Avg Time: 19.145 ms | Load Imbalance: 1.243' [0m
				|--[95m 'reduce-scatter | Max Time: 23.198 ms | Avg Time: 18.544 ms | Load Imbalance: 1.251' [0m
					|--[92m 'reduce-scatter-dist | Max Time: 22.721 ms | Avg Time: 18.064 ms | Load Imbalance: 1.258' [0m
			|--[91m 'GRAD_H = A.T * GRAD_AGG | Max Time: 27.290 ms | Avg Time: 24.936 ms | Load Imbalance: 1.094' [0m
			|--[91m 'allreduce grad_x | Max Time: 215.146 ms | Avg Time: 208.393 ms | Load Imbalance: 1.032' [0m
				|--[95m 'allreduce lowp comm dtype | Max Time: 9.266 ms | Avg Time: 9.108 ms | Load Imbalance: 1.017' [0m
				|--[95m 'allreduce lowp | Max Time: 192.727 ms | Avg Time: 185.974 ms | Load Imbalance: 1.036' [0m
				|--[95m 'allreduce copy back | Max Time: 11.908 ms | Avg Time: 11.869 ms | Load Imbalance: 1.003' [0m
		|--[96m 'sync_norm_gradients | Max Time: 3.406 ms | Avg Time: 3.207 ms | Load Imbalance: 1.062' [0m
		|--[96m 'sync_data_parallel_gradients | Max Time: 0.122 ms | Avg Time: 0.120 ms | Load Imbalance: 1.018' [0m

|--[95m 'epoch 6 | Max Time: 1873.487 ms | Avg Time: 1873.464 ms | Load Imbalance: 1.000' [0m
	|--[92m 'minibatch prep | Max Time: 549.659 ms | Avg Time: 533.023 ms | Load Imbalance: 1.031' [0m
		|--[96m 'sample nodes | Max Time: 173.841 ms | Avg Time: 173.454 ms | Load Imbalance: 1.002' [0m
		|--[96m 'compact indices | Max Time: 31.251 ms | Avg Time: 30.862 ms | Load Imbalance: 1.013' [0m
		|--[96m 'compact adj shards | Max Time: 331.238 ms | Avg Time: 314.555 ms | Load Imbalance: 1.053' [0m
			|--[91m 'compact layout prep | Max Time: 79.359 ms | Avg Time: 66.918 ms | Load Imbalance: 1.186' [0m
			|--[91m 'compact csr: indices | Max Time: 3.359 ms | Avg Time: 3.250 ms | Load Imbalance: 1.033' [0m
			|--[91m 'compact csr: row ptrs | Max Time: 19.004 ms | Avg Time: 18.765 ms | Load Imbalance: 1.013' [0m
			|--[91m 'compact csr: nnz index | Max Time: 24.407 ms | Avg Time: 24.157 ms | Load Imbalance: 1.010' [0m
			|--[91m 'compact csr: select nnz | Max Time: 9.341 ms | Avg Time: 9.213 ms | Load Imbalance: 1.014' [0m
			|--[91m 'compact csr: col map | Max Time: 17.122 ms | Avg Time: 17.024 ms | Load Imbalance: 1.006' [0m
			|--[91m 'compact csr: edge scale | Max Time: 35.602 ms | Avg Time: 34.860 ms | Load Imbalance: 1.021' [0m
			|--[91m 'compact csr: crow | Max Time: 28.651 ms | Avg Time: 28.106 ms | Load Imbalance: 1.019' [0m
			|--[91m 'compact csr: adjt direct | Max Time: 54.537 ms | Avg Time: 52.813 ms | Load Imbalance: 1.033' [0m
		|--[96m 'compact feature slice | Max Time: 4.372 ms | Avg Time: 4.323 ms | Load Imbalance: 1.011' [0m
		|--[96m 'compact label slice | Max Time: 1.125 ms | Avg Time: 1.061 ms | Load Imbalance: 1.060' [0m
	|--[92m 'train step | Max Time: 1342.909 ms | Avg Time: 1336.137 ms | Load Imbalance: 1.005' [0m
		|--[96m 'input_linear | Max Time: 70.904 ms | Avg Time: 60.354 ms | Load Imbalance: 1.175' [0m
			|--[91m 'input_linear X * W | Max Time: 6.402 ms | Avg Time: 6.314 ms | Load Imbalance: 1.014' [0m
			|--[91m 'all-reduce | Max Time: 55.972 ms | Avg Time: 45.503 ms | Load Imbalance: 1.230' [0m
			|--[91m 'OUT + BIAS | Max Time: 5.836 ms | Avg Time: 5.811 ms | Load Imbalance: 1.004' [0m
		|--[96m 'gcn conv fwd | Max Time: 496.059 ms | Avg Time: 485.113 ms | Load Imbalance: 1.023' [0m
			|--[91m 'AGG = A * H | Max Time: 27.795 ms | Avg Time: 25.518 ms | Load Imbalance: 1.089' [0m
			|--[91m 'allreduce H | Max Time: 216.147 ms | Avg Time: 207.801 ms | Load Imbalance: 1.040' [0m
				|--[95m 'allreduce lowp comm dtype | Max Time: 9.449 ms | Avg Time: 9.305 ms | Load Imbalance: 1.015' [0m
				|--[95m 'allreduce lowp | Max Time: 193.513 ms | Avg Time: 185.250 ms | Load Imbalance: 1.045' [0m
				|--[95m 'allreduce copy back | Max Time: 11.830 ms | Avg Time: 11.799 ms | Load Imbalance: 1.003' [0m
			|--[91m 'Allgather W | Max Time: 22.306 ms | Avg Time: 18.757 ms | Load Imbalance: 1.189' [0m
				|--[95m 'gather | Max Time: 21.710 ms | Avg Time: 18.158 ms | Load Imbalance: 1.196' [0m
			|--[91m 'OUT = AGG * W | Max Time: 23.620 ms | Avg Time: 23.585 ms | Load Imbalance: 1.001' [0m
			|--[91m 'allreduce Q | Max Time: 213.095 ms | Avg Time: 207.287 ms | Load Imbalance: 1.028' [0m
				|--[95m 'allreduce lowp comm dtype | Max Time: 10.007 ms | Avg Time: 9.984 ms | Load Imbalance: 1.002' [0m
				|--[95m 'allreduce lowp | Max Time: 189.932 ms | Avg Time: 184.104 ms | Load Imbalance: 1.032' [0m
				|--[95m 'allreduce copy back | Max Time: 11.790 ms | Avg Time: 11.760 ms | Load Imbalance: 1.003' [0m
		|--[96m 'activation | Max Time: 55.877 ms | Avg Time: 50.116 ms | Load Imbalance: 1.115' [0m
			|--[91m 'all-reduce | Max Time: 29.995 ms | Avg Time: 24.234 ms | Load Imbalance: 1.238' [0m
		|--[96m 'output_linear | Max Time: 6.644 ms | Avg Time: 6.624 ms | Load Imbalance: 1.003' [0m
			|--[91m 'output_linear X * W | Max Time: 5.595 ms | Avg Time: 5.573 ms | Load Imbalance: 1.004' [0m
			|--[91m 'all-reduce | Max Time: 0.121 ms | Avg Time: 0.120 ms | Load Imbalance: 1.013' [0m
			|--[91m 'OUT + BIAS | Max Time: 0.457 ms | Avg Time: 0.451 ms | Load Imbalance: 1.012' [0m
		|--[96m 'cross entropy fwd | Max Time: 33.941 ms | Avg Time: 33.332 ms | Load Imbalance: 1.018' [0m
		|--[96m 'cross entropy bwd | Max Time: 3.894 ms | Avg Time: 3.500 ms | Load Imbalance: 1.113' [0m
		|--[96m 'linear_3d_bwd | Max Time: 73.737 ms | Avg Time: 72.171 ms | Load Imbalance: 1.022' [0m
			|--[91m 'output_linear GRAD_X | Max Time: 4.976 ms | Avg Time: 4.778 ms | Load Imbalance: 1.041' [0m
			|--[91m 'all-reduce | Max Time: 49.490 ms | Avg Time: 48.064 ms | Load Imbalance: 1.030' [0m
			|--[91m 'output_linear GRAD_W | Max Time: 4.958 ms | Avg Time: 4.930 ms | Load Imbalance: 1.005' [0m
			|--[91m 'input_linear GRAD_W | Max Time: 4.839 ms | Avg Time: 4.814 ms | Load Imbalance: 1.005' [0m
		|--[96m 'gcn conv bwd | Max Time: 526.205 ms | Avg Time: 524.961 ms | Load Imbalance: 1.002' [0m
			|--[91m 'gather | Max Time: 5.700 ms | Avg Time: 5.117 ms | Load Imbalance: 1.114' [0m
			|--[91m 'GRAD_AGG = GRAD_OUT * W.T | Max Time: 23.814 ms | Avg Time: 23.789 ms | Load Imbalance: 1.001' [0m
			|--[91m 'allreduce lowp comm dtype | Max Time: 9.859 ms | Avg Time: 9.675 ms | Load Imbalance: 1.019' [0m
			|--[91m 'allreduce lowp | Max Time: 197.670 ms | Avg Time: 195.992 ms | Load Imbalance: 1.009' [0m
			|--[91m 'allreduce copy back | Max Time: 11.955 ms | Avg Time: 11.932 ms | Load Imbalance: 1.002' [0m
			|--[91m 'GRAD_W = AGG.T * GRAD_OUT | Max Time: 24.685 ms | Avg Time: 24.626 ms | Load Imbalance: 1.002' [0m
			|--[91m 'ReduceScatter grad_weight | Max Time: 21.168 ms | Avg Time: 17.121 ms | Load Imbalance: 1.236' [0m
				|--[95m 'reduce-scatter | Max Time: 20.554 ms | Avg Time: 16.518 ms | Load Imbalance: 1.244' [0m
					|--[92m 'reduce-scatter-dist | Max Time: 20.063 ms | Avg Time: 16.035 ms | Load Imbalance: 1.251' [0m
			|--[91m 'GRAD_H = A.T * GRAD_AGG | Max Time: 27.305 ms | Avg Time: 24.938 ms | Load Imbalance: 1.095' [0m
			|--[91m 'allreduce grad_x | Max Time: 212.538 ms | Avg Time: 207.905 ms | Load Imbalance: 1.022' [0m
				|--[95m 'allreduce lowp comm dtype | Max Time: 9.290 ms | Avg Time: 9.113 ms | Load Imbalance: 1.019' [0m
				|--[95m 'allreduce lowp | Max Time: 190.137 ms | Avg Time: 185.481 ms | Load Imbalance: 1.025' [0m
				|--[95m 'allreduce copy back | Max Time: 11.912 ms | Avg Time: 11.867 ms | Load Imbalance: 1.004' [0m
		|--[96m 'sync_norm_gradients | Max Time: 3.525 ms | Avg Time: 3.275 ms | Load Imbalance: 1.076' [0m
		|--[96m 'sync_data_parallel_gradients | Max Time: 0.121 ms | Avg Time: 0.120 ms | Load Imbalance: 1.012' [0m

|--[95m 'epoch 7 | Max Time: 1872.968 ms | Avg Time: 1872.957 ms | Load Imbalance: 1.000' [0m
	|--[92m 'minibatch prep | Max Time: 551.143 ms | Avg Time: 533.239 ms | Load Imbalance: 1.034' [0m
		|--[96m 'sample nodes | Max Time: 173.844 ms | Avg Time: 173.437 ms | Load Imbalance: 1.002' [0m
		|--[96m 'compact indices | Max Time: 32.676 ms | Avg Time: 30.942 ms | Load Imbalance: 1.056' [0m
		|--[96m 'compact adj shards | Max Time: 331.189 ms | Avg Time: 314.731 ms | Load Imbalance: 1.052' [0m
			|--[91m 'compact layout prep | Max Time: 79.447 ms | Avg Time: 66.967 ms | Load Imbalance: 1.186' [0m
			|--[91m 'compact csr: indices | Max Time: 3.377 ms | Avg Time: 3.253 ms | Load Imbalance: 1.038' [0m
			|--[91m 'compact csr: row ptrs | Max Time: 18.999 ms | Avg Time: 18.750 ms | Load Imbalance: 1.013' [0m
			|--[91m 'compact csr: nnz index | Max Time: 24.409 ms | Avg Time: 24.201 ms | Load Imbalance: 1.009' [0m
			|--[91m 'compact csr: select nnz | Max Time: 9.414 ms | Avg Time: 9.302 ms | Load Imbalance: 1.012' [0m
			|--[91m 'compact csr: col map | Max Time: 17.120 ms | Avg Time: 17.040 ms | Load Imbalance: 1.005' [0m
			|--[91m 'compact csr: edge scale | Max Time: 35.700 ms | Avg Time: 34.794 ms | Load Imbalance: 1.026' [0m
			|--[91m 'compact csr: crow | Max Time: 28.691 ms | Avg Time: 28.084 ms | Load Imbalance: 1.022' [0m
			|--[91m 'compact csr: adjt direct | Max Time: 54.443 ms | Avg Time: 52.830 ms | Load Imbalance: 1.031' [0m
		|--[96m 'compact feature slice | Max Time: 4.346 ms | Avg Time: 4.316 ms | Load Imbalance: 1.007' [0m
		|--[96m 'compact label slice | Max Time: 1.087 ms | Avg Time: 1.049 ms | Load Imbalance: 1.036' [0m
	|--[92m 'train step | Max Time: 1342.670 ms | Avg Time: 1335.414 ms | Load Imbalance: 1.005' [0m
		|--[96m 'input_linear | Max Time: 73.418 ms | Avg Time: 60.609 ms | Load Imbalance: 1.211' [0m
			|--[91m 'input_linear X * W | Max Time: 6.460 ms | Avg Time: 6.311 ms | Load Imbalance: 1.024' [0m
			|--[91m 'all-reduce | Max Time: 58.548 ms | Avg Time: 45.727 ms | Load Imbalance: 1.280' [0m
			|--[91m 'OUT + BIAS | Max Time: 5.833 ms | Avg Time: 5.813 ms | Load Imbalance: 1.003' [0m
		|--[96m 'gcn conv fwd | Max Time: 495.256 ms | Avg Time: 484.301 ms | Load Imbalance: 1.023' [0m
			|--[91m 'AGG = A * H | Max Time: 27.846 ms | Avg Time: 25.545 ms | Load Imbalance: 1.090' [0m
			|--[91m 'allreduce H | Max Time: 217.080 ms | Avg Time: 208.843 ms | Load Imbalance: 1.039' [0m
				|--[95m 'allreduce lowp comm dtype | Max Time: 9.441 ms | Avg Time: 9.305 ms | Load Imbalance: 1.015' [0m
				|--[95m 'allreduce lowp | Max Time: 194.440 ms | Avg Time: 186.293 ms | Load Imbalance: 1.044' [0m
				|--[95m 'allreduce copy back | Max Time: 11.833 ms | Avg Time: 11.799 ms | Load Imbalance: 1.003' [0m
			|--[91m 'Allgather W | Max Time: 20.006 ms | Avg Time: 17.089 ms | Load Imbalance: 1.171' [0m
				|--[95m 'gather | Max Time: 19.406 ms | Avg Time: 16.490 ms | Load Imbalance: 1.177' [0m
			|--[91m 'OUT = AGG * W | Max Time: 23.637 ms | Avg Time: 23.589 ms | Load Imbalance: 1.002' [0m
			|--[91m 'allreduce Q | Max Time: 212.749 ms | Avg Time: 207.071 ms | Load Imbalance: 1.027' [0m
				|--[95m 'allreduce lowp comm dtype | Max Time: 10.004 ms | Avg Time: 9.984 ms | Load Imbalance: 1.002' [0m
				|--[95m 'allreduce lowp | Max Time: 189.582 ms | Avg Time: 183.885 ms | Load Imbalance: 1.031' [0m
				|--[95m 'allreduce copy back | Max Time: 11.795 ms | Avg Time: 11.762 ms | Load Imbalance: 1.003' [0m
		|--[96m 'activation | Max Time: 53.830 ms | Avg Time: 48.860 ms | Load Imbalance: 1.102' [0m
			|--[91m 'all-reduce | Max Time: 27.942 ms | Avg Time: 22.976 ms | Load Imbalance: 1.216' [0m
		|--[96m 'output_linear | Max Time: 6.643 ms | Avg Time: 6.622 ms | Load Imbalance: 1.003' [0m
			|--[91m 'output_linear X * W | Max Time: 5.592 ms | Avg Time: 5.570 ms | Load Imbalance: 1.004' [0m
			|--[91m 'all-reduce | Max Time: 0.121 ms | Avg Time: 0.120 ms | Load Imbalance: 1.010' [0m
			|--[91m 'OUT + BIAS | Max Time: 0.455 ms | Avg Time: 0.451 ms | Load Imbalance: 1.008' [0m
		|--[96m 'cross entropy fwd | Max Time: 34.079 ms | Avg Time: 33.352 ms | Load Imbalance: 1.022' [0m
		|--[96m 'cross entropy bwd | Max Time: 3.916 ms | Avg Time: 3.511 ms | Load Imbalance: 1.115' [0m
		|--[96m 'linear_3d_bwd | Max Time: 74.532 ms | Avg Time: 73.208 ms | Load Imbalance: 1.018' [0m
			|--[91m 'output_linear GRAD_X | Max Time: 5.005 ms | Avg Time: 4.754 ms | Load Imbalance: 1.053' [0m
			|--[91m 'all-reduce | Max Time: 50.506 ms | Avg Time: 49.094 ms | Load Imbalance: 1.029' [0m
			|--[91m 'output_linear GRAD_W | Max Time: 4.981 ms | Avg Time: 4.930 ms | Load Imbalance: 1.010' [0m
			|--[91m 'input_linear GRAD_W | Max Time: 4.834 ms | Avg Time: 4.814 ms | Load Imbalance: 1.004' [0m
		|--[96m 'gcn conv bwd | Max Time: 526.095 ms | Avg Time: 524.988 ms | Load Imbalance: 1.002' [0m
			|--[91m 'gather | Max Time: 5.662 ms | Avg Time: 5.147 ms | Load Imbalance: 1.100' [0m
			|--[91m 'GRAD_AGG = GRAD_OUT * W.T | Max Time: 23.826 ms | Avg Time: 23.796 ms | Load Imbalance: 1.001' [0m
			|--[91m 'allreduce lowp comm dtype | Max Time: 9.884 ms | Avg Time: 9.689 ms | Load Imbalance: 1.020' [0m
			|--[91m 'allreduce lowp | Max Time: 198.451 ms | Avg Time: 196.778 ms | Load Imbalance: 1.009' [0m
			|--[91m 'allreduce copy back | Max Time: 11.993 ms | Avg Time: 11.939 ms | Load Imbalance: 1.004' [0m
			|--[91m 'GRAD_W = AGG.T * GRAD_OUT | Max Time: 24.832 ms | Avg Time: 24.628 ms | Load Imbalance: 1.008' [0m
			|--[91m 'ReduceScatter grad_weight | Max Time: 24.133 ms | Avg Time: 18.412 ms | Load Imbalance: 1.311' [0m
				|--[95m 'reduce-scatter | Max Time: 23.518 ms | Avg Time: 17.803 ms | Load Imbalance: 1.321' [0m
					|--[92m 'reduce-scatter-dist | Max Time: 23.024 ms | Avg Time: 17.313 ms | Load Imbalance: 1.330' [0m
			|--[91m 'GRAD_H = A.T * GRAD_AGG | Max Time: 27.419 ms | Avg Time: 24.970 ms | Load Imbalance: 1.098' [0m
			|--[91m 'allreduce grad_x | Max Time: 213.232 ms | Avg Time: 205.958 ms | Load Imbalance: 1.035' [0m
				|--[95m 'allreduce lowp comm dtype | Max Time: 9.287 ms | Avg Time: 9.113 ms | Load Imbalance: 1.019' [0m
				|--[95m 'allreduce lowp | Max Time: 190.591 ms | Avg Time: 183.534 ms | Load Imbalance: 1.038' [0m
				|--[95m 'allreduce copy back | Max Time: 11.917 ms | Avg Time: 11.868 ms | Load Imbalance: 1.004' [0m
		|--[96m 'sync_norm_gradients | Max Time: 3.512 ms | Avg Time: 3.267 ms | Load Imbalance: 1.075' [0m
		|--[96m 'sync_data_parallel_gradients | Max Time: 0.121 ms | Avg Time: 0.120 ms | Load Imbalance: 1.012' [0m

|--[95m 'epoch 8 | Max Time: 1876.181 ms | Avg Time: 1876.169 ms | Load Imbalance: 1.000' [0m
	|--[92m 'minibatch prep | Max Time: 547.895 ms | Avg Time: 532.975 ms | Load Imbalance: 1.028' [0m
		|--[96m 'sample nodes | Max Time: 173.878 ms | Avg Time: 173.459 ms | Load Imbalance: 1.002' [0m
		|--[96m 'compact indices | Max Time: 31.273 ms | Avg Time: 30.820 ms | Load Imbalance: 1.015' [0m
		|--[96m 'compact adj shards | Max Time: 329.630 ms | Avg Time: 314.570 ms | Load Imbalance: 1.048' [0m
			|--[91m 'compact layout prep | Max Time: 78.821 ms | Avg Time: 66.922 ms | Load Imbalance: 1.178' [0m
			|--[91m 'compact csr: indices | Max Time: 3.369 ms | Avg Time: 3.263 ms | Load Imbalance: 1.033' [0m
			|--[91m 'compact csr: row ptrs | Max Time: 18.883 ms | Avg Time: 18.741 ms | Load Imbalance: 1.008' [0m
			|--[91m 'compact csr: nnz index | Max Time: 24.412 ms | Avg Time: 24.170 ms | Load Imbalance: 1.010' [0m
			|--[91m 'compact csr: select nnz | Max Time: 9.303 ms | Avg Time: 9.229 ms | Load Imbalance: 1.008' [0m
			|--[91m 'compact csr: col map | Max Time: 17.154 ms | Avg Time: 17.015 ms | Load Imbalance: 1.008' [0m
			|--[91m 'compact csr: edge scale | Max Time: 35.490 ms | Avg Time: 34.795 ms | Load Imbalance: 1.020' [0m
			|--[91m 'compact csr: crow | Max Time: 28.770 ms | Avg Time: 28.087 ms | Load Imbalance: 1.024' [0m
			|--[91m 'compact csr: adjt direct | Max Time: 54.302 ms | Avg Time: 52.834 ms | Load Imbalance: 1.028' [0m
		|--[96m 'compact feature slice | Max Time: 4.341 ms | Avg Time: 4.316 ms | Load Imbalance: 1.006' [0m
		|--[96m 'compact label slice | Max Time: 1.084 ms | Avg Time: 1.049 ms | Load Imbalance: 1.034' [0m
	|--[92m 'train step | Max Time: 1346.679 ms | Avg Time: 1338.906 ms | Load Imbalance: 1.006' [0m
		|--[96m 'input_linear | Max Time: 71.790 ms | Avg Time: 61.557 ms | Load Imbalance: 1.166' [0m
			|--[91m 'input_linear X * W | Max Time: 6.367 ms | Avg Time: 6.287 ms | Load Imbalance: 1.013' [0m
			|--[91m 'all-reduce | Max Time: 55.613 ms | Avg Time: 45.020 ms | Load Imbalance: 1.235' [0m
			|--[91m 'OUT + BIAS | Max Time: 8.490 ms | Avg Time: 7.489 ms | Load Imbalance: 1.134' [0m
		|--[96m 'gcn conv fwd | Max Time: 491.815 ms | Avg Time: 482.529 ms | Load Imbalance: 1.019' [0m
			|--[91m 'AGG = A * H | Max Time: 27.833 ms | Avg Time: 25.533 ms | Load Imbalance: 1.090' [0m
			|--[91m 'allreduce H | Max Time: 213.007 ms | Avg Time: 205.626 ms | Load Imbalance: 1.036' [0m
				|--[95m 'allreduce lowp comm dtype | Max Time: 9.439 ms | Avg Time: 9.303 ms | Load Imbalance: 1.015' [0m
				|--[95m 'allreduce lowp | Max Time: 190.321 ms | Avg Time: 183.080 ms | Load Imbalance: 1.040' [0m
				|--[95m 'allreduce copy back | Max Time: 11.835 ms | Avg Time: 11.798 ms | Load Imbalance: 1.003' [0m
			|--[91m 'Allgather W | Max Time: 21.958 ms | Avg Time: 18.039 ms | Load Imbalance: 1.217' [0m
				|--[95m 'gather | Max Time: 21.356 ms | Avg Time: 17.440 ms | Load Imbalance: 1.225' [0m
			|--[91m 'OUT = AGG * W | Max Time: 23.630 ms | Avg Time: 23.590 ms | Load Imbalance: 1.002' [0m
			|--[91m 'allreduce Q | Max Time: 214.043 ms | Avg Time: 207.564 ms | Load Imbalance: 1.031' [0m
				|--[95m 'allreduce lowp comm dtype | Max Time: 10.006 ms | Avg Time: 9.983 ms | Load Imbalance: 1.002' [0m
				|--[95m 'allreduce lowp | Max Time: 190.885 ms | Avg Time: 184.377 ms | Load Imbalance: 1.035' [0m
				|--[95m 'allreduce copy back | Max Time: 11.794 ms | Avg Time: 11.763 ms | Load Imbalance: 1.003' [0m
		|--[96m 'activation | Max Time: 56.057 ms | Avg Time: 51.357 ms | Load Imbalance: 1.092' [0m
			|--[91m 'all-reduce | Max Time: 30.174 ms | Avg Time: 25.470 ms | Load Imbalance: 1.185' [0m
		|--[96m 'output_linear | Max Time: 6.652 ms | Avg Time: 6.626 ms | Load Imbalance: 1.004' [0m
			|--[91m 'output_linear X * W | Max Time: 5.597 ms | Avg Time: 5.575 ms | Load Imbalance: 1.004' [0m
			|--[91m 'all-reduce | Max Time: 0.122 ms | Avg Time: 0.120 ms | Load Imbalance: 1.017' [0m
			|--[91m 'OUT + BIAS | Max Time: 0.457 ms | Avg Time: 0.452 ms | Load Imbalance: 1.012' [0m
		|--[96m 'cross entropy fwd | Max Time: 33.680 ms | Avg Time: 33.150 ms | Load Imbalance: 1.016' [0m
		|--[96m 'cross entropy bwd | Max Time: 3.611 ms | Avg Time: 3.468 ms | Load Imbalance: 1.041' [0m
		|--[96m 'linear_3d_bwd | Max Time: 70.935 ms | Avg Time: 69.651 ms | Load Imbalance: 1.018' [0m
			|--[91m 'output_linear GRAD_X | Max Time: 4.880 ms | Avg Time: 4.728 ms | Load Imbalance: 1.032' [0m
			|--[91m 'all-reduce | Max Time: 46.709 ms | Avg Time: 45.633 ms | Load Imbalance: 1.024' [0m
			|--[91m 'output_linear GRAD_W | Max Time: 4.966 ms | Avg Time: 4.932 ms | Load Imbalance: 1.007' [0m
			|--[91m 'input_linear GRAD_W | Max Time: 4.836 ms | Avg Time: 4.813 ms | Load Imbalance: 1.005' [0m
		|--[96m 'gcn conv bwd | Max Time: 531.758 ms | Avg Time: 530.606 ms | Load Imbalance: 1.002' [0m
			|--[91m 'gather | Max Time: 6.958 ms | Avg Time: 5.517 ms | Load Imbalance: 1.261' [0m
			|--[91m 'GRAD_AGG = GRAD_OUT * W.T | Max Time: 23.825 ms | Avg Time: 23.794 ms | Load Imbalance: 1.001' [0m
			|--[91m 'allreduce lowp comm dtype | Max Time: 9.876 ms | Avg Time: 9.690 ms | Load Imbalance: 1.019' [0m
			|--[91m 'allreduce lowp | Max Time: 203.812 ms | Avg Time: 201.083 ms | Load Imbalance: 1.014' [0m
			|--[91m 'allreduce copy back | Max Time: 11.980 ms | Avg Time: 11.937 ms | Load Imbalance: 1.004' [0m
			|--[91m 'GRAD_W = AGG.T * GRAD_OUT | Max Time: 24.665 ms | Avg Time: 24.618 ms | Load Imbalance: 1.002' [0m
			|--[91m 'ReduceScatter grad_weight | Max Time: 22.911 ms | Avg Time: 17.703 ms | Load Imbalance: 1.294' [0m
				|--[95m 'reduce-scatter | Max Time: 22.309 ms | Avg Time: 17.097 ms | Load Imbalance: 1.305' [0m
					|--[92m 'reduce-scatter-dist | Max Time: 21.827 ms | Avg Time: 16.611 ms | Load Imbalance: 1.314' [0m
			|--[91m 'GRAD_H = A.T * GRAD_AGG | Max Time: 27.283 ms | Avg Time: 24.921 ms | Load Imbalance: 1.095' [0m
			|--[91m 'allreduce grad_x | Max Time: 212.227 ms | Avg Time: 207.430 ms | Load Imbalance: 1.023' [0m
				|--[95m 'allreduce lowp comm dtype | Max Time: 9.306 ms | Avg Time: 9.112 ms | Load Imbalance: 1.021' [0m
				|--[95m 'allreduce lowp | Max Time: 189.555 ms | Avg Time: 185.009 ms | Load Imbalance: 1.025' [0m
				|--[95m 'allreduce copy back | Max Time: 11.911 ms | Avg Time: 11.865 ms | Load Imbalance: 1.004' [0m
		|--[96m 'sync_norm_gradients | Max Time: 3.407 ms | Avg Time: 3.190 ms | Load Imbalance: 1.068' [0m
		|--[96m 'sync_data_parallel_gradients | Max Time: 0.121 ms | Avg Time: 0.120 ms | Load Imbalance: 1.012' [0m

|--[95m 'epoch 9 | Max Time: 1873.076 ms | Avg Time: 1873.060 ms | Load Imbalance: 1.000' [0m
	|--[92m 'minibatch prep | Max Time: 548.303 ms | Avg Time: 532.811 ms | Load Imbalance: 1.029' [0m
		|--[96m 'sample nodes | Max Time: 173.890 ms | Avg Time: 173.462 ms | Load Imbalance: 1.002' [0m
		|--[96m 'compact indices | Max Time: 31.205 ms | Avg Time: 30.826 ms | Load Imbalance: 1.012' [0m
		|--[96m 'compact adj shards | Max Time: 329.883 ms | Avg Time: 314.418 ms | Load Imbalance: 1.049' [0m
			|--[91m 'compact layout prep | Max Time: 78.898 ms | Avg Time: 66.837 ms | Load Imbalance: 1.180' [0m
			|--[91m 'compact csr: indices | Max Time: 3.398 ms | Avg Time: 3.268 ms | Load Imbalance: 1.040' [0m
			|--[91m 'compact csr: row ptrs | Max Time: 18.893 ms | Avg Time: 18.710 ms | Load Imbalance: 1.010' [0m
			|--[91m 'compact csr: nnz index | Max Time: 24.418 ms | Avg Time: 24.169 ms | Load Imbalance: 1.010' [0m
			|--[91m 'compact csr: select nnz | Max Time: 9.335 ms | Avg Time: 9.242 ms | Load Imbalance: 1.010' [0m
			|--[91m 'compact csr: col map | Max Time: 17.102 ms | Avg Time: 17.018 ms | Load Imbalance: 1.005' [0m
			|--[91m 'compact csr: edge scale | Max Time: 35.537 ms | Avg Time: 34.762 ms | Load Imbalance: 1.022' [0m
			|--[91m 'compact csr: crow | Max Time: 28.662 ms | Avg Time: 28.063 ms | Load Imbalance: 1.021' [0m
			|--[91m 'compact csr: adjt direct | Max Time: 54.315 ms | Avg Time: 52.833 ms | Load Imbalance: 1.028' [0m
		|--[96m 'compact feature slice | Max Time: 4.343 ms | Avg Time: 4.310 ms | Load Imbalance: 1.008' [0m
		|--[96m 'compact label slice | Max Time: 1.056 ms | Avg Time: 1.037 ms | Load Imbalance: 1.018' [0m
	|--[92m 'train step | Max Time: 1344.024 ms | Avg Time: 1335.951 ms | Load Imbalance: 1.006' [0m
		|--[96m 'input_linear | Max Time: 71.454 ms | Avg Time: 60.204 ms | Load Imbalance: 1.187' [0m
			|--[91m 'input_linear X * W | Max Time: 6.374 ms | Avg Time: 6.315 ms | Load Imbalance: 1.009' [0m
			|--[91m 'all-reduce | Max Time: 56.718 ms | Avg Time: 45.332 ms | Load Imbalance: 1.251' [0m
			|--[91m 'OUT + BIAS | Max Time: 5.838 ms | Avg Time: 5.812 ms | Load Imbalance: 1.004' [0m
		|--[96m 'gcn conv fwd | Max Time: 494.646 ms | Avg Time: 484.670 ms | Load Imbalance: 1.021' [0m
			|--[91m 'AGG = A * H | Max Time: 27.834 ms | Avg Time: 25.514 ms | Load Imbalance: 1.091' [0m
			|--[91m 'allreduce H | Max Time: 214.385 ms | Avg Time: 206.753 ms | Load Imbalance: 1.037' [0m
				|--[95m 'allreduce lowp comm dtype | Max Time: 9.443 ms | Avg Time: 9.304 ms | Load Imbalance: 1.015' [0m
				|--[95m 'allreduce lowp | Max Time: 191.750 ms | Avg Time: 184.205 ms | Load Imbalance: 1.041' [0m
				|--[95m 'allreduce copy back | Max Time: 11.831 ms | Avg Time: 11.798 ms | Load Imbalance: 1.003' [0m
			|--[91m 'Allgather W | Max Time: 23.809 ms | Avg Time: 18.578 ms | Load Imbalance: 1.282' [0m
				|--[95m 'gather | Max Time: 23.207 ms | Avg Time: 17.979 ms | Load Imbalance: 1.291' [0m
			|--[91m 'OUT = AGG * W | Max Time: 23.623 ms | Avg Time: 23.586 ms | Load Imbalance: 1.002' [0m
			|--[91m 'allreduce Q | Max Time: 212.653 ms | Avg Time: 208.075 ms | Load Imbalance: 1.022' [0m
				|--[95m 'allreduce lowp comm dtype | Max Time: 10.004 ms | Avg Time: 9.985 ms | Load Imbalance: 1.002' [0m
				|--[95m 'allreduce lowp | Max Time: 189.462 ms | Avg Time: 184.887 ms | Load Imbalance: 1.025' [0m
				|--[95m 'allreduce copy back | Max Time: 11.791 ms | Avg Time: 11.761 ms | Load Imbalance: 1.003' [0m
		|--[96m 'activation | Max Time: 56.848 ms | Avg Time: 50.777 ms | Load Imbalance: 1.120' [0m
			|--[91m 'all-reduce | Max Time: 30.968 ms | Avg Time: 24.891 ms | Load Imbalance: 1.244' [0m
		|--[96m 'output_linear | Max Time: 6.649 ms | Avg Time: 6.624 ms | Load Imbalance: 1.004' [0m
			|--[91m 'output_linear X * W | Max Time: 5.592 ms | Avg Time: 5.572 ms | Load Imbalance: 1.004' [0m
			|--[91m 'all-reduce | Max Time: 0.121 ms | Avg Time: 0.120 ms | Load Imbalance: 1.013' [0m
			|--[91m 'OUT + BIAS | Max Time: 0.456 ms | Avg Time: 0.452 ms | Load Imbalance: 1.010' [0m
		|--[96m 'cross entropy fwd | Max Time: 33.665 ms | Avg Time: 33.224 ms | Load Imbalance: 1.013' [0m
		|--[96m 'cross entropy bwd | Max Time: 3.544 ms | Avg Time: 3.460 ms | Load Imbalance: 1.024' [0m
		|--[96m 'linear_3d_bwd | Max Time: 71.375 ms | Avg Time: 70.063 ms | Load Imbalance: 1.019' [0m
			|--[91m 'output_linear GRAD_X | Max Time: 4.899 ms | Avg Time: 4.778 ms | Load Imbalance: 1.025' [0m
			|--[91m 'all-reduce | Max Time: 47.033 ms | Avg Time: 45.922 ms | Load Imbalance: 1.024' [0m
			|--[91m 'output_linear GRAD_W | Max Time: 4.962 ms | Avg Time: 4.931 ms | Load Imbalance: 1.006' [0m
			|--[91m 'input_linear GRAD_W | Max Time: 4.847 ms | Avg Time: 4.816 ms | Load Imbalance: 1.006' [0m
		|--[96m 'gcn conv bwd | Max Time: 528.297 ms | Avg Time: 527.026 ms | Load Imbalance: 1.002' [0m
			|--[91m 'gather | Max Time: 5.681 ms | Avg Time: 5.094 ms | Load Imbalance: 1.115' [0m
			|--[91m 'GRAD_AGG = GRAD_OUT * W.T | Max Time: 23.819 ms | Avg Time: 23.790 ms | Load Imbalance: 1.001' [0m
			|--[91m 'allreduce lowp comm dtype | Max Time: 9.902 ms | Avg Time: 9.676 ms | Load Imbalance: 1.023' [0m
			|--[91m 'allreduce lowp | Max Time: 199.817 ms | Avg Time: 198.076 ms | Load Imbalance: 1.009' [0m
			|--[91m 'allreduce copy back | Max Time: 11.963 ms | Avg Time: 11.936 ms | Load Imbalance: 1.002' [0m
			|--[91m 'GRAD_W = AGG.T * GRAD_OUT | Max Time: 24.667 ms | Avg Time: 24.622 ms | Load Imbalance: 1.002' [0m
			|--[91m 'ReduceScatter grad_weight | Max Time: 23.436 ms | Avg Time: 17.808 ms | Load Imbalance: 1.316' [0m
				|--[95m 'reduce-scatter | Max Time: 22.833 ms | Avg Time: 17.201 ms | Load Imbalance: 1.327' [0m
					|--[92m 'reduce-scatter-dist | Max Time: 22.350 ms | Avg Time: 16.717 ms | Load Imbalance: 1.337' [0m
			|--[91m 'GRAD_H = A.T * GRAD_AGG | Max Time: 27.327 ms | Avg Time: 24.938 ms | Load Imbalance: 1.096' [0m
			|--[91m 'allreduce grad_x | Max Time: 212.977 ms | Avg Time: 207.210 ms | Load Imbalance: 1.028' [0m
				|--[95m 'allreduce lowp comm dtype | Max Time: 9.282 ms | Avg Time: 9.114 ms | Load Imbalance: 1.018' [0m
				|--[95m 'allreduce lowp | Max Time: 190.366 ms | Avg Time: 184.784 ms | Load Imbalance: 1.030' [0m
				|--[95m 'allreduce copy back | Max Time: 11.915 ms | Avg Time: 11.868 ms | Load Imbalance: 1.004' [0m
		|--[96m 'sync_norm_gradients | Max Time: 3.510 ms | Avg Time: 3.270 ms | Load Imbalance: 1.073' [0m
		|--[96m 'sync_data_parallel_gradients | Max Time: 0.121 ms | Avg Time: 0.120 ms | Load Imbalance: 1.009' [0m

Epoch: 009, Train Loss: 3.0544
rank 0 Peak GPU memory: 5.59 GB
