/pscratch/sd/h/hmuki/plexus/plexus/utils/dataloader.py:412: UserWarning: Sparse invariant checks are implicitly disabled. Memory errors (e.g. SEGFAULT) will occur when operating on a sparse tensor which violates the invariants, but checks incur performance overhead. To silence this warning, explicitly opt in or out. See `torch.sparse.check_sparse_tensor_invariants.__doc__` for guidance.  (Triggered internally at /pytorch/aten/src/ATen/Context.cpp:760.)
  adj_local = torch.sparse_coo_tensor(
/pscratch/sd/h/hmuki/plexus/plexus/utils/dataloader.py:412: UserWarning: Sparse invariant checks are implicitly disabled. Memory errors (e.g. SEGFAULT) will occur when operating on a sparse tensor which violates the invariants, but checks incur performance overhead. To silence this warning, explicitly opt in or out. See `torch.sparse.check_sparse_tensor_invariants.__doc__` for guidance.  (Triggered internally at /pytorch/aten/src/ATen/Context.cpp:760.)
  adj_local = torch.sparse_coo_tensor(
/pscratch/sd/h/hmuki/plexus/plexus/utils/dataloader.py:412: UserWarning: Sparse invariant checks are implicitly disabled. Memory errors (e.g. SEGFAULT) will occur when operating on a sparse tensor which violates the invariants, but checks incur performance overhead. To silence this warning, explicitly opt in or out. See `torch.sparse.check_sparse_tensor_invariants.__doc__` for guidance.  (Triggered internally at /pytorch/aten/src/ATen/Context.cpp:760.)
  adj_local = torch.sparse_coo_tensor(
/pscratch/sd/h/hmuki/plexus/plexus/utils/dataloader.py:412: UserWarning: Sparse invariant checks are implicitly disabled. Memory errors (e.g. SEGFAULT) will occur when operating on a sparse tensor which violates the invariants, but checks incur performance overhead. To silence this warning, explicitly opt in or out. See `torch.sparse.check_sparse_tensor_invariants.__doc__` for guidance.  (Triggered internally at /pytorch/aten/src/ATen/Context.cpp:760.)
  adj_local = torch.sparse_coo_tensor(
/pscratch/sd/h/hmuki/plexus/plexus/utils/dataloader.py:412: UserWarning: Sparse invariant checks are implicitly disabled. Memory errors (e.g. SEGFAULT) will occur when operating on a sparse tensor which violates the invariants, but checks incur performance overhead. To silence this warning, explicitly opt in or out. See `torch.sparse.check_sparse_tensor_invariants.__doc__` for guidance.  (Triggered internally at /pytorch/aten/src/ATen/Context.cpp:760.)
  adj_local = torch.sparse_coo_tensor(
/pscratch/sd/h/hmuki/plexus/plexus/utils/dataloader.py:412: UserWarning: Sparse invariant checks are implicitly disabled. Memory errors (e.g. SEGFAULT) will occur when operating on a sparse tensor which violates the invariants, but checks incur performance overhead. To silence this warning, explicitly opt in or out. See `torch.sparse.check_sparse_tensor_invariants.__doc__` for guidance.  (Triggered internally at /pytorch/aten/src/ATen/Context.cpp:760.)
  adj_local = torch.sparse_coo_tensor(
/pscratch/sd/h/hmuki/plexus/plexus/utils/dataloader.py:412: UserWarning: Sparse invariant checks are implicitly disabled. Memory errors (e.g. SEGFAULT) will occur when operating on a sparse tensor which violates the invariants, but checks incur performance overhead. To silence this warning, explicitly opt in or out. See `torch.sparse.check_sparse_tensor_invariants.__doc__` for guidance.  (Triggered internally at /pytorch/aten/src/ATen/Context.cpp:760.)
  adj_local = torch.sparse_coo_tensor(
/pscratch/sd/h/hmuki/plexus/plexus/utils/dataloader.py:412: UserWarning: Sparse invariant checks are implicitly disabled. Memory errors (e.g. SEGFAULT) will occur when operating on a sparse tensor which violates the invariants, but checks incur performance overhead. To silence this warning, explicitly opt in or out. See `torch.sparse.check_sparse_tensor_invariants.__doc__` for guidance.  (Triggered internally at /pytorch/aten/src/ATen/Context.cpp:760.)
  adj_local = torch.sparse_coo_tensor(
/pscratch/sd/h/hmuki/plexus/plexus/utils/dataloader.py:412: UserWarning: Sparse invariant checks are implicitly disabled. Memory errors (e.g. SEGFAULT) will occur when operating on a sparse tensor which violates the invariants, but checks incur performance overhead. To silence this warning, explicitly opt in or out. See `torch.sparse.check_sparse_tensor_invariants.__doc__` for guidance.  (Triggered internally at /pytorch/aten/src/ATen/Context.cpp:760.)
  adj_local = torch.sparse_coo_tensor(
/pscratch/sd/h/hmuki/plexus/plexus/utils/dataloader.py:412: UserWarning: Sparse invariant checks are implicitly disabled. Memory errors (e.g. SEGFAULT) will occur when operating on a sparse tensor which violates the invariants, but checks incur performance overhead. To silence this warning, explicitly opt in or out. See `torch.sparse.check_sparse_tensor_invariants.__doc__` for guidance.  (Triggered internally at /pytorch/aten/src/ATen/Context.cpp:760.)
  adj_local = torch.sparse_coo_tensor(
/pscratch/sd/h/hmuki/plexus/plexus/utils/dataloader.py:412: UserWarning: Sparse invariant checks are implicitly disabled. Memory errors (e.g. SEGFAULT) will occur when operating on a sparse tensor which violates the invariants, but checks incur performance overhead. To silence this warning, explicitly opt in or out. See `torch.sparse.check_sparse_tensor_invariants.__doc__` for guidance.  (Triggered internally at /pytorch/aten/src/ATen/Context.cpp:760.)
  adj_local = torch.sparse_coo_tensor(
/pscratch/sd/h/hmuki/plexus/plexus/utils/dataloader.py:412: UserWarning: Sparse invariant checks are implicitly disabled. Memory errors (e.g. SEGFAULT) will occur when operating on a sparse tensor which violates the invariants, but checks incur performance overhead. To silence this warning, explicitly opt in or out. See `torch.sparse.check_sparse_tensor_invariants.__doc__` for guidance.  (Triggered internally at /pytorch/aten/src/ATen/Context.cpp:760.)
  adj_local = torch.sparse_coo_tensor(
/pscratch/sd/h/hmuki/plexus/plexus/utils/dataloader.py:412: UserWarning: Sparse invariant checks are implicitly disabled. Memory errors (e.g. SEGFAULT) will occur when operating on a sparse tensor which violates the invariants, but checks incur performance overhead. To silence this warning, explicitly opt in or out. See `torch.sparse.check_sparse_tensor_invariants.__doc__` for guidance.  (Triggered internally at /pytorch/aten/src/ATen/Context.cpp:760.)
  adj_local = torch.sparse_coo_tensor(
/pscratch/sd/h/hmuki/plexus/plexus/utils/dataloader.py:412: UserWarning: Sparse invariant checks are implicitly disabled. Memory errors (e.g. SEGFAULT) will occur when operating on a sparse tensor which violates the invariants, but checks incur performance overhead. To silence this warning, explicitly opt in or out. See `torch.sparse.check_sparse_tensor_invariants.__doc__` for guidance.  (Triggered internally at /pytorch/aten/src/ATen/Context.cpp:760.)
  adj_local = torch.sparse_coo_tensor(
/pscratch/sd/h/hmuki/plexus/plexus/utils/dataloader.py:412: UserWarning: Sparse invariant checks are implicitly disabled. Memory errors (e.g. SEGFAULT) will occur when operating on a sparse tensor which violates the invariants, but checks incur performance overhead. To silence this warning, explicitly opt in or out. See `torch.sparse.check_sparse_tensor_invariants.__doc__` for guidance.  (Triggered internally at /pytorch/aten/src/ATen/Context.cpp:760.)
  adj_local = torch.sparse_coo_tensor(
/pscratch/sd/h/hmuki/plexus/plexus/utils/dataloader.py:412: UserWarning: Sparse invariant checks are implicitly disabled. Memory errors (e.g. SEGFAULT) will occur when operating on a sparse tensor which violates the invariants, but checks incur performance overhead. To silence this warning, explicitly opt in or out. See `torch.sparse.check_sparse_tensor_invariants.__doc__` for guidance.  (Triggered internally at /pytorch/aten/src/ATen/Context.cpp:760.)
  adj_local = torch.sparse_coo_tensor(
/pscratch/sd/h/hmuki/plexus/plexus/utils/dataloader.py:425: UserWarning: Sparse CSR tensor support is in beta state. If you miss a functionality in the sparse tensor support, please submit a feature request to https://github.com/pytorch/pytorch/issues. (Triggered internally at /pytorch/aten/src/ATen/SparseCsrTensorImpl.cpp:49.)
  adj_local = adj_local.to_sparse_csr()
/pscratch/sd/h/hmuki/plexus/plexus/utils/dataloader.py:425: UserWarning: Sparse CSR tensor support is in beta state. If you miss a functionality in the sparse tensor support, please submit a feature request to https://github.com/pytorch/pytorch/issues. (Triggered internally at /pytorch/aten/src/ATen/SparseCsrTensorImpl.cpp:49.)
  adj_local = adj_local.to_sparse_csr()
/pscratch/sd/h/hmuki/plexus/plexus/utils/dataloader.py:425: UserWarning: Sparse CSR tensor support is in beta state. If you miss a functionality in the sparse tensor support, please submit a feature request to https://github.com/pytorch/pytorch/issues. (Triggered internally at /pytorch/aten/src/ATen/SparseCsrTensorImpl.cpp:49.)
  adj_local = adj_local.to_sparse_csr()
/pscratch/sd/h/hmuki/plexus/plexus/utils/dataloader.py:425: UserWarning: Sparse CSR tensor support is in beta state. If you miss a functionality in the sparse tensor support, please submit a feature request to https://github.com/pytorch/pytorch/issues. (Triggered internally at /pytorch/aten/src/ATen/SparseCsrTensorImpl.cpp:49.)
  adj_local = adj_local.to_sparse_csr()
/pscratch/sd/h/hmuki/plexus/plexus/utils/dataloader.py:425: UserWarning: Sparse CSR tensor support is in beta state. If you miss a functionality in the sparse tensor support, please submit a feature request to https://github.com/pytorch/pytorch/issues. (Triggered internally at /pytorch/aten/src/ATen/SparseCsrTensorImpl.cpp:49.)
  adj_local = adj_local.to_sparse_csr()
/pscratch/sd/h/hmuki/plexus/plexus/utils/dataloader.py:425: UserWarning: Sparse CSR tensor support is in beta state. If you miss a functionality in the sparse tensor support, please submit a feature request to https://github.com/pytorch/pytorch/issues. (Triggered internally at /pytorch/aten/src/ATen/SparseCsrTensorImpl.cpp:49.)
  adj_local = adj_local.to_sparse_csr()
/pscratch/sd/h/hmuki/plexus/plexus/utils/dataloader.py:425: UserWarning: Sparse CSR tensor support is in beta state. If you miss a functionality in the sparse tensor support, please submit a feature request to https://github.com/pytorch/pytorch/issues. (Triggered internally at /pytorch/aten/src/ATen/SparseCsrTensorImpl.cpp:49.)
  adj_local = adj_local.to_sparse_csr()
/pscratch/sd/h/hmuki/plexus/plexus/utils/dataloader.py:425: UserWarning: Sparse CSR tensor support is in beta state. If you miss a functionality in the sparse tensor support, please submit a feature request to https://github.com/pytorch/pytorch/issues. (Triggered internally at /pytorch/aten/src/ATen/SparseCsrTensorImpl.cpp:49.)
  adj_local = adj_local.to_sparse_csr()
/pscratch/sd/h/hmuki/plexus/plexus/utils/dataloader.py:425: UserWarning: Sparse CSR tensor support is in beta state. If you miss a functionality in the sparse tensor support, please submit a feature request to https://github.com/pytorch/pytorch/issues. (Triggered internally at /pytorch/aten/src/ATen/SparseCsrTensorImpl.cpp:49.)
  adj_local = adj_local.to_sparse_csr()
/pscratch/sd/h/hmuki/plexus/plexus/utils/dataloader.py:425: UserWarning: Sparse CSR tensor support is in beta state. If you miss a functionality in the sparse tensor support, please submit a feature request to https://github.com/pytorch/pytorch/issues. (Triggered internally at /pytorch/aten/src/ATen/SparseCsrTensorImpl.cpp:49.)
  adj_local = adj_local.to_sparse_csr()
/pscratch/sd/h/hmuki/plexus/plexus/utils/dataloader.py:425: UserWarning: Sparse CSR tensor support is in beta state. If you miss a functionality in the sparse tensor support, please submit a feature request to https://github.com/pytorch/pytorch/issues. (Triggered internally at /pytorch/aten/src/ATen/SparseCsrTensorImpl.cpp:49.)
  adj_local = adj_local.to_sparse_csr()
/pscratch/sd/h/hmuki/plexus/plexus/utils/dataloader.py:425: UserWarning: Sparse CSR tensor support is in beta state. If you miss a functionality in the sparse tensor support, please submit a feature request to https://github.com/pytorch/pytorch/issues. (Triggered internally at /pytorch/aten/src/ATen/SparseCsrTensorImpl.cpp:49.)
  adj_local = adj_local.to_sparse_csr()
/pscratch/sd/h/hmuki/plexus/plexus/utils/dataloader.py:425: UserWarning: Sparse CSR tensor support is in beta state. If you miss a functionality in the sparse tensor support, please submit a feature request to https://github.com/pytorch/pytorch/issues. (Triggered internally at /pytorch/aten/src/ATen/SparseCsrTensorImpl.cpp:49.)
  adj_local = adj_local.to_sparse_csr()
/pscratch/sd/h/hmuki/plexus/plexus/utils/dataloader.py:425: UserWarning: Sparse CSR tensor support is in beta state. If you miss a functionality in the sparse tensor support, please submit a feature request to https://github.com/pytorch/pytorch/issues. (Triggered internally at /pytorch/aten/src/ATen/SparseCsrTensorImpl.cpp:49.)
  adj_local = adj_local.to_sparse_csr()
/pscratch/sd/h/hmuki/plexus/plexus/utils/dataloader.py:425: UserWarning: Sparse CSR tensor support is in beta state. If you miss a functionality in the sparse tensor support, please submit a feature request to https://github.com/pytorch/pytorch/issues. (Triggered internally at /pytorch/aten/src/ATen/SparseCsrTensorImpl.cpp:49.)
  adj_local = adj_local.to_sparse_csr()
/pscratch/sd/h/hmuki/plexus/plexus/utils/dataloader.py:425: UserWarning: Sparse CSR tensor support is in beta state. If you miss a functionality in the sparse tensor support, please submit a feature request to https://github.com/pytorch/pytorch/issues. (Triggered internally at /pytorch/aten/src/ATen/SparseCsrTensorImpl.cpp:49.)
  adj_local = adj_local.to_sparse_csr()
[info] RMSNorm + ReLU + Dropout fused and compiled with torch.compile
steps_per_epoch:  29
steps_per_epoch:  29
steps_per_epoch:  29
steps_per_epoch:  29
steps_per_epoch:  29
steps_per_epoch:  29
steps_per_epoch:  29
steps_per_epoch:  29
steps_per_epoch:  29
steps_per_epoch:  29
steps_per_epoch:  29
steps_per_epoch:  29
steps_per_epoch:  29
steps_per_epoch:  29
steps_per_epoch:  29
steps_per_epoch:  29
Epoch: 000, Train Loss: 3.4529
Epoch: 001, Train Loss: 3.3767
Epoch: 002, Train Loss: 3.3247
Epoch: 003, Train Loss: 3.2843
Epoch: 004, Train Loss: 3.2636
Epoch: 005, Train Loss: 3.2540
Epoch: 006, Train Loss: 3.2662
Epoch: 007, Train Loss: 3.3294
Epoch: 008, Train Loss: 3.2742
rank 3 Peak GPU memory: 18.22 GB
rank 1 Peak GPU memory: 18.23 GB
rank 2 Peak GPU memory: 18.22 GB
rank 5 Peak GPU memory: 18.22 GB
rank 4 Peak GPU memory: 18.23 GB
rank 7 Peak GPU memory: 18.22 GB
rank 11 Peak GPU memory: 18.22 GB
rank 8 Peak GPU memory: 18.22 GB
rank 9 Peak GPU memory: 18.22 GB
rank 10 Peak GPU memory: 18.23 GB
rank 6 Peak GPU memory: 18.22 GB
rank 15 Peak GPU memory: 18.23 GB
rank 12 Peak GPU memory: 18.22 GB
rank 14 Peak GPU memory: 18.23 GB
rank 13 Peak GPU memory: 18.22 GB
|--[95m 'drop | Max Time: 0.101 ms | Avg Time: 0.095 ms | Load Imbalance: 1.065' [0m

|--[95m 'epoch 0 | Max Time: 8655.649 ms | Avg Time: 8654.415 ms | Load Imbalance: 1.000' [0m
	|--[92m 'minibatch prep | Max Time: 532.336 ms | Avg Time: 509.173 ms | Load Imbalance: 1.045' [0m
		|--[96m 'sample nodes | Max Time: 127.694 ms | Avg Time: 117.953 ms | Load Imbalance: 1.083' [0m
		|--[96m 'compact indices | Max Time: 27.061 ms | Avg Time: 26.570 ms | Load Imbalance: 1.018' [0m
		|--[96m 'compact adj shards | Max Time: 350.008 ms | Avg Time: 338.538 ms | Load Imbalance: 1.034' [0m
			|--[91m 'compact layout prep | Max Time: 91.376 ms | Avg Time: 88.916 ms | Load Imbalance: 1.028' [0m
			|--[91m 'compact csr: indices | Max Time: 1.925 ms | Avg Time: 1.856 ms | Load Imbalance: 1.037' [0m
			|--[91m 'compact csr: row ptrs | Max Time: 21.599 ms | Avg Time: 20.809 ms | Load Imbalance: 1.038' [0m
			|--[91m 'compact csr: nnz index | Max Time: 44.754 ms | Avg Time: 41.943 ms | Load Imbalance: 1.067' [0m
			|--[91m 'compact csr: select nnz | Max Time: 13.442 ms | Avg Time: 12.969 ms | Load Imbalance: 1.036' [0m
			|--[91m 'compact csr: col map | Max Time: 37.816 ms | Avg Time: 36.866 ms | Load Imbalance: 1.026' [0m
			|--[91m 'compact csr: edge scale | Max Time: 25.716 ms | Avg Time: 24.710 ms | Load Imbalance: 1.041' [0m
			|--[91m 'compact csr: crow | Max Time: 35.610 ms | Avg Time: 34.618 ms | Load Imbalance: 1.029' [0m
			|--[91m 'compact csr: adjt direct | Max Time: 39.350 ms | Avg Time: 35.940 ms | Load Imbalance: 1.095' [0m
		|--[96m 'compact feature slice | Max Time: 15.301 ms | Avg Time: 13.555 ms | Load Imbalance: 1.129' [0m
		|--[96m 'compact label slice | Max Time: 8.269 ms | Avg Time: 8.086 ms | Load Imbalance: 1.023' [0m
	|--[92m 'train step | Max Time: 8153.467 ms | Avg Time: 8143.882 ms | Load Imbalance: 1.001' [0m
		|--[96m 'input_linear | Max Time: 55.423 ms | Avg Time: 49.868 ms | Load Imbalance: 1.111' [0m
			|--[91m 'input_linear X * W | Max Time: 53.533 ms | Avg Time: 47.915 ms | Load Imbalance: 1.117' [0m
			|--[91m 'all-reduce | Max Time: 0.083 ms | Avg Time: 0.069 ms | Load Imbalance: 1.199' [0m
			|--[91m 'OUT + BIAS | Max Time: 1.577 ms | Avg Time: 1.452 ms | Load Imbalance: 1.086' [0m
		|--[96m 'gcn conv fwd | Max Time: 1630.321 ms | Avg Time: 1556.039 ms | Load Imbalance: 1.048' [0m
			|--[91m 'AGG = A * H | Max Time: 54.558 ms | Avg Time: 51.006 ms | Load Imbalance: 1.070' [0m
			|--[91m 'allreduce H | Max Time: 572.930 ms | Avg Time: 463.501 ms | Load Imbalance: 1.236' [0m
				|--[95m 'allreduce lowp comm dtype | Max Time: 18.843 ms | Avg Time: 18.739 ms | Load Imbalance: 1.006' [0m
				|--[95m 'allreduce lowp | Max Time: 530.579 ms | Avg Time: 420.889 ms | Load Imbalance: 1.261' [0m
				|--[95m 'allreduce copy back | Max Time: 26.320 ms | Avg Time: 22.961 ms | Load Imbalance: 1.146' [0m
			|--[91m 'Allgather W | Max Time: 236.609 ms | Avg Time: 116.722 ms | Load Imbalance: 2.027' [0m
				|--[95m 'gather | Max Time: 236.234 ms | Avg Time: 116.357 ms | Load Imbalance: 2.030' [0m
			|--[91m 'OUT = AGG * W | Max Time: 40.510 ms | Avg Time: 35.870 ms | Load Imbalance: 1.129' [0m
			|--[91m 'allreduce Q | Max Time: 922.490 ms | Avg Time: 887.537 ms | Load Imbalance: 1.039' [0m
				|--[95m 'allreduce lowp comm dtype | Max Time: 18.771 ms | Avg Time: 18.705 ms | Load Imbalance: 1.004' [0m
				|--[95m 'allreduce lowp | Max Time: 880.368 ms | Avg Time: 845.144 ms | Load Imbalance: 1.042' [0m
				|--[95m 'allreduce copy back | Max Time: 26.177 ms | Avg Time: 22.847 ms | Load Imbalance: 1.146' [0m
		|--[96m 'activation | Max Time: 4438.861 ms | Avg Time: 4365.522 ms | Load Imbalance: 1.017' [0m
			|--[91m 'all-reduce | Max Time: 883.054 ms | Avg Time: 864.414 ms | Load Imbalance: 1.022' [0m
		|--[96m 'output_linear | Max Time: 73.708 ms | Avg Time: 67.381 ms | Load Imbalance: 1.094' [0m
			|--[91m 'output_linear X * W | Max Time: 2.801 ms | Avg Time: 2.605 ms | Load Imbalance: 1.075' [0m
			|--[91m 'all-reduce | Max Time: 67.799 ms | Avg Time: 61.427 ms | Load Imbalance: 1.104' [0m
			|--[91m 'OUT + BIAS | Max Time: 3.126 ms | Avg Time: 2.986 ms | Load Imbalance: 1.047' [0m
		|--[96m 'cross entropy fwd | Max Time: 129.977 ms | Avg Time: 121.083 ms | Load Imbalance: 1.073' [0m
		|--[96m 'cross entropy bwd | Max Time: 9.225 ms | Avg Time: 8.996 ms | Load Imbalance: 1.025' [0m
		|--[96m 'linear_3d_bwd | Max Time: 34.111 ms | Avg Time: 31.411 ms | Load Imbalance: 1.086' [0m
			|--[91m 'output_linear GRAD_X | Max Time: 3.989 ms | Avg Time: 3.610 ms | Load Imbalance: 1.105' [0m
			|--[91m 'all-reduce | Max Time: 0.460 ms | Avg Time: 0.373 ms | Load Imbalance: 1.231' [0m
			|--[91m 'output_linear GRAD_W | Max Time: 13.993 ms | Avg Time: 13.619 ms | Load Imbalance: 1.027' [0m
			|--[91m 'input_linear GRAD_W | Max Time: 10.655 ms | Avg Time: 9.249 ms | Load Imbalance: 1.152' [0m
		|--[96m 'gcn conv bwd | Max Time: 680.130 ms | Avg Time: 670.707 ms | Load Imbalance: 1.014' [0m
			|--[91m 'GRAD_AGG = GRAD_OUT * W.T | Max Time: 41.100 ms | Avg Time: 36.165 ms | Load Imbalance: 1.136' [0m
			|--[91m 'allreduce lowp comm dtype | Max Time: 18.704 ms | Avg Time: 18.662 ms | Load Imbalance: 1.002' [0m
			|--[91m 'allreduce lowp | Max Time: 237.156 ms | Avg Time: 226.560 ms | Load Imbalance: 1.047' [0m
			|--[91m 'allreduce copy back | Max Time: 26.226 ms | Avg Time: 22.879 ms | Load Imbalance: 1.146' [0m
			|--[91m 'GRAD_W = AGG.T * GRAD_OUT | Max Time: 51.356 ms | Avg Time: 42.424 ms | Load Imbalance: 1.211' [0m
			|--[91m 'ReduceScatter grad_weight | Max Time: 8.611 ms | Avg Time: 7.992 ms | Load Imbalance: 1.078' [0m
				|--[95m 'reduce-scatter | Max Time: 8.342 ms | Avg Time: 7.716 ms | Load Imbalance: 1.081' [0m
					|--[92m 'reduce-scatter-dist | Max Time: 8.208 ms | Avg Time: 7.578 ms | Load Imbalance: 1.083' [0m
			|--[91m 'GRAD_H = A.T * GRAD_AGG | Max Time: 41.218 ms | Avg Time: 37.803 ms | Load Imbalance: 1.090' [0m
			|--[91m 'allreduce grad_x | Max Time: 269.447 ms | Avg Time: 258.117 ms | Load Imbalance: 1.044' [0m
				|--[95m 'allreduce lowp comm dtype | Max Time: 18.675 ms | Avg Time: 18.644 ms | Load Imbalance: 1.002' [0m
				|--[95m 'allreduce lowp | Max Time: 227.331 ms | Avg Time: 215.763 ms | Load Imbalance: 1.054' [0m
				|--[95m 'allreduce copy back | Max Time: 26.221 ms | Avg Time: 22.876 ms | Load Imbalance: 1.146' [0m
			|--[91m 'gather | Max Time: 29.544 ms | Avg Time: 18.103 ms | Load Imbalance: 1.632' [0m
		|--[96m 'sync_norm_gradients | Max Time: 270.709 ms | Avg Time: 201.090 ms | Load Imbalance: 1.346' [0m
		|--[96m 'sync_data_parallel_gradients | Max Time: 0.083 ms | Avg Time: 0.069 ms | Load Imbalance: 1.205' [0m

|--[95m 'epoch 1 | Max Time: 2087.251 ms | Avg Time: 2087.225 ms | Load Imbalance: 1.000' [0m
	|--[92m 'minibatch prep | Max Time: 418.840 ms | Avg Time: 391.449 ms | Load Imbalance: 1.070' [0m
		|--[96m 'sample nodes | Max Time: 109.787 ms | Avg Time: 100.927 ms | Load Imbalance: 1.088' [0m
		|--[96m 'compact indices | Max Time: 19.809 ms | Avg Time: 17.252 ms | Load Imbalance: 1.148' [0m
		|--[96m 'compact adj shards | Max Time: 271.081 ms | Avg Time: 255.212 ms | Load Imbalance: 1.062' [0m
			|--[91m 'compact layout prep | Max Time: 48.769 ms | Avg Time: 46.374 ms | Load Imbalance: 1.052' [0m
			|--[91m 'compact csr: indices | Max Time: 1.840 ms | Avg Time: 1.781 ms | Load Imbalance: 1.033' [0m
			|--[91m 'compact csr: row ptrs | Max Time: 12.882 ms | Avg Time: 12.206 ms | Load Imbalance: 1.055' [0m
			|--[91m 'compact csr: nnz index | Max Time: 40.976 ms | Avg Time: 37.502 ms | Load Imbalance: 1.093' [0m
			|--[91m 'compact csr: select nnz | Max Time: 13.409 ms | Avg Time: 12.957 ms | Load Imbalance: 1.035' [0m
			|--[91m 'compact csr: col map | Max Time: 37.049 ms | Avg Time: 36.746 ms | Load Imbalance: 1.008' [0m
			|--[91m 'compact csr: edge scale | Max Time: 19.751 ms | Avg Time: 18.914 ms | Load Imbalance: 1.044' [0m
			|--[91m 'compact csr: crow | Max Time: 15.991 ms | Avg Time: 15.394 ms | Load Imbalance: 1.039' [0m
			|--[91m 'compact csr: adjt direct | Max Time: 39.240 ms | Avg Time: 34.575 ms | Load Imbalance: 1.135' [0m
		|--[96m 'compact feature slice | Max Time: 14.735 ms | Avg Time: 12.722 ms | Load Imbalance: 1.158' [0m
		|--[96m 'compact label slice | Max Time: 1.368 ms | Avg Time: 1.323 ms | Load Imbalance: 1.034' [0m
	|--[92m 'train step | Max Time: 1701.565 ms | Avg Time: 1694.467 ms | Load Imbalance: 1.004' [0m
		|--[96m 'input_linear | Max Time: 12.132 ms | Avg Time: 10.086 ms | Load Imbalance: 1.203' [0m
			|--[91m 'input_linear X * W | Max Time: 10.147 ms | Avg Time: 8.319 ms | Load Imbalance: 1.220' [0m
			|--[91m 'all-reduce | Max Time: 0.083 ms | Avg Time: 0.069 ms | Load Imbalance: 1.199' [0m
			|--[91m 'OUT + BIAS | Max Time: 1.571 ms | Avg Time: 1.416 ms | Load Imbalance: 1.109' [0m
		|--[96m 'gcn conv fwd | Max Time: 653.816 ms | Avg Time: 637.888 ms | Load Imbalance: 1.025' [0m
			|--[91m 'AGG = A * H | Max Time: 41.281 ms | Avg Time: 38.030 ms | Load Imbalance: 1.085' [0m
			|--[91m 'allreduce H | Max Time: 271.232 ms | Avg Time: 260.119 ms | Load Imbalance: 1.043' [0m
				|--[95m 'allreduce lowp comm dtype | Max Time: 18.690 ms | Avg Time: 18.655 ms | Load Imbalance: 1.002' [0m
				|--[95m 'allreduce lowp | Max Time: 229.095 ms | Avg Time: 217.752 ms | Load Imbalance: 1.052' [0m
				|--[95m 'allreduce copy back | Max Time: 26.239 ms | Avg Time: 22.878 ms | Load Imbalance: 1.147' [0m
			|--[91m 'Allgather W | Max Time: 34.080 ms | Avg Time: 21.543 ms | Load Imbalance: 1.582' [0m
				|--[95m 'gather | Max Time: 33.812 ms | Avg Time: 21.266 ms | Load Imbalance: 1.590' [0m
			|--[91m 'OUT = AGG * W | Max Time: 40.118 ms | Avg Time: 35.284 ms | Load Imbalance: 1.137' [0m
			|--[91m 'allreduce Q | Max Time: 299.411 ms | Avg Time: 281.665 ms | Load Imbalance: 1.063' [0m
				|--[95m 'allreduce lowp comm dtype | Max Time: 18.737 ms | Avg Time: 18.695 ms | Load Imbalance: 1.002' [0m
				|--[95m 'allreduce lowp | Max Time: 257.295 ms | Avg Time: 239.293 ms | Load Imbalance: 1.075' [0m
				|--[95m 'allreduce copy back | Max Time: 26.185 ms | Avg Time: 22.841 ms | Load Imbalance: 1.146' [0m
		|--[96m 'activation | Max Time: 79.170 ms | Avg Time: 71.551 ms | Load Imbalance: 1.106' [0m
			|--[91m 'all-reduce | Max Time: 33.723 ms | Avg Time: 25.549 ms | Load Imbalance: 1.320' [0m
		|--[96m 'output_linear | Max Time: 64.053 ms | Avg Time: 61.639 ms | Load Imbalance: 1.039' [0m
			|--[91m 'output_linear X * W | Max Time: 2.682 ms | Avg Time: 2.471 ms | Load Imbalance: 1.086' [0m
			|--[91m 'all-reduce | Max Time: 58.345 ms | Avg Time: 55.903 ms | Load Imbalance: 1.044' [0m
			|--[91m 'OUT + BIAS | Max Time: 3.126 ms | Avg Time: 2.985 ms | Load Imbalance: 1.047' [0m
		|--[96m 'cross entropy fwd | Max Time: 60.262 ms | Avg Time: 53.836 ms | Load Imbalance: 1.119' [0m
		|--[96m 'cross entropy bwd | Max Time: 9.118 ms | Avg Time: 8.801 ms | Load Imbalance: 1.036' [0m
		|--[96m 'linear_3d_bwd | Max Time: 23.316 ms | Avg Time: 20.479 ms | Load Imbalance: 1.139' [0m
			|--[91m 'output_linear GRAD_X | Max Time: 3.549 ms | Avg Time: 3.155 ms | Load Imbalance: 1.125' [0m
			|--[91m 'all-reduce | Max Time: 0.414 ms | Avg Time: 0.346 ms | Load Imbalance: 1.198' [0m
			|--[91m 'output_linear GRAD_W | Max Time: 3.760 ms | Avg Time: 3.360 ms | Load Imbalance: 1.119' [0m
			|--[91m 'input_linear GRAD_W | Max Time: 10.659 ms | Avg Time: 9.247 ms | Load Imbalance: 1.153' [0m
		|--[96m 'gcn conv bwd | Max Time: 671.712 ms | Avg Time: 662.774 ms | Load Imbalance: 1.013' [0m
			|--[91m 'GRAD_AGG = GRAD_OUT * W.T | Max Time: 40.888 ms | Avg Time: 35.808 ms | Load Imbalance: 1.142' [0m
			|--[91m 'allreduce lowp comm dtype | Max Time: 18.702 ms | Avg Time: 18.657 ms | Load Imbalance: 1.002' [0m
			|--[91m 'allreduce lowp | Max Time: 229.852 ms | Avg Time: 219.029 ms | Load Imbalance: 1.049' [0m
			|--[91m 'allreduce copy back | Max Time: 26.237 ms | Avg Time: 22.877 ms | Load Imbalance: 1.147' [0m
			|--[91m 'GRAD_W = AGG.T * GRAD_OUT | Max Time: 51.275 ms | Avg Time: 42.331 ms | Load Imbalance: 1.211' [0m
			|--[91m 'ReduceScatter grad_weight | Max Time: 8.794 ms | Avg Time: 8.105 ms | Load Imbalance: 1.085' [0m
				|--[95m 'reduce-scatter | Max Time: 8.517 ms | Avg Time: 7.829 ms | Load Imbalance: 1.088' [0m
					|--[92m 'reduce-scatter-dist | Max Time: 8.379 ms | Avg Time: 7.691 ms | Load Imbalance: 1.089' [0m
			|--[91m 'GRAD_H = A.T * GRAD_AGG | Max Time: 41.446 ms | Avg Time: 37.821 ms | Load Imbalance: 1.096' [0m
			|--[91m 'allreduce grad_x | Max Time: 269.466 ms | Avg Time: 258.470 ms | Load Imbalance: 1.043' [0m
				|--[95m 'allreduce lowp comm dtype | Max Time: 18.676 ms | Avg Time: 18.646 ms | Load Imbalance: 1.002' [0m
				|--[95m 'allreduce lowp | Max Time: 227.336 ms | Avg Time: 216.113 ms | Load Imbalance: 1.052' [0m
				|--[95m 'allreduce copy back | Max Time: 26.227 ms | Avg Time: 22.877 ms | Load Imbalance: 1.146' [0m
			|--[91m 'gather | Max Time: 28.324 ms | Avg Time: 17.710 ms | Load Imbalance: 1.599' [0m
		|--[96m 'sync_norm_gradients | Max Time: 29.793 ms | Avg Time: 19.696 ms | Load Imbalance: 1.513' [0m
		|--[96m 'sync_data_parallel_gradients | Max Time: 0.083 ms | Avg Time: 0.069 ms | Load Imbalance: 1.200' [0m

|--[95m 'epoch 2 | Max Time: 2088.636 ms | Avg Time: 2088.620 ms | Load Imbalance: 1.000' [0m
	|--[92m 'minibatch prep | Max Time: 420.661 ms | Avg Time: 392.131 ms | Load Imbalance: 1.073' [0m
		|--[96m 'sample nodes | Max Time: 109.806 ms | Avg Time: 100.911 ms | Load Imbalance: 1.088' [0m
		|--[96m 'compact indices | Max Time: 17.895 ms | Avg Time: 17.226 ms | Load Imbalance: 1.039' [0m
		|--[96m 'compact adj shards | Max Time: 272.705 ms | Avg Time: 255.951 ms | Load Imbalance: 1.065' [0m
			|--[91m 'compact layout prep | Max Time: 48.987 ms | Avg Time: 46.558 ms | Load Imbalance: 1.052' [0m
			|--[91m 'compact csr: indices | Max Time: 1.867 ms | Avg Time: 1.786 ms | Load Imbalance: 1.045' [0m
			|--[91m 'compact csr: row ptrs | Max Time: 12.928 ms | Avg Time: 12.211 ms | Load Imbalance: 1.059' [0m
			|--[91m 'compact csr: nnz index | Max Time: 41.956 ms | Avg Time: 38.100 ms | Load Imbalance: 1.101' [0m
			|--[91m 'compact csr: select nnz | Max Time: 13.462 ms | Avg Time: 12.972 ms | Load Imbalance: 1.038' [0m
			|--[91m 'compact csr: col map | Max Time: 37.127 ms | Avg Time: 36.700 ms | Load Imbalance: 1.012' [0m
			|--[91m 'compact csr: edge scale | Max Time: 19.810 ms | Avg Time: 18.933 ms | Load Imbalance: 1.046' [0m
			|--[91m 'compact csr: crow | Max Time: 15.926 ms | Avg Time: 15.418 ms | Load Imbalance: 1.033' [0m
			|--[91m 'compact csr: adjt direct | Max Time: 39.197 ms | Avg Time: 34.501 ms | Load Imbalance: 1.136' [0m
		|--[96m 'compact feature slice | Max Time: 14.715 ms | Avg Time: 12.716 ms | Load Imbalance: 1.157' [0m
		|--[96m 'compact label slice | Max Time: 1.369 ms | Avg Time: 1.320 ms | Load Imbalance: 1.036' [0m
	|--[92m 'train step | Max Time: 1701.792 ms | Avg Time: 1695.201 ms | Load Imbalance: 1.004' [0m
		|--[96m 'input_linear | Max Time: 12.133 ms | Avg Time: 10.074 ms | Load Imbalance: 1.204' [0m
			|--[91m 'input_linear X * W | Max Time: 10.149 ms | Avg Time: 8.314 ms | Load Imbalance: 1.221' [0m
			|--[91m 'all-reduce | Max Time: 0.083 ms | Avg Time: 0.069 ms | Load Imbalance: 1.205' [0m
			|--[91m 'OUT + BIAS | Max Time: 1.570 ms | Avg Time: 1.416 ms | Load Imbalance: 1.109' [0m
		|--[96m 'gcn conv fwd | Max Time: 653.645 ms | Avg Time: 637.846 ms | Load Imbalance: 1.025' [0m
			|--[91m 'AGG = A * H | Max Time: 41.240 ms | Avg Time: 38.011 ms | Load Imbalance: 1.085' [0m
			|--[91m 'allreduce H | Max Time: 271.837 ms | Avg Time: 260.199 ms | Load Imbalance: 1.045' [0m
				|--[95m 'allreduce lowp comm dtype | Max Time: 18.681 ms | Avg Time: 18.655 ms | Load Imbalance: 1.001' [0m
				|--[95m 'allreduce lowp | Max Time: 229.724 ms | Avg Time: 217.833 ms | Load Imbalance: 1.055' [0m
				|--[95m 'allreduce copy back | Max Time: 26.248 ms | Avg Time: 22.876 ms | Load Imbalance: 1.147' [0m
			|--[91m 'Allgather W | Max Time: 35.136 ms | Avg Time: 21.620 ms | Load Imbalance: 1.625' [0m
				|--[95m 'gather | Max Time: 34.868 ms | Avg Time: 21.344 ms | Load Imbalance: 1.634' [0m
			|--[91m 'OUT = AGG * W | Max Time: 40.172 ms | Avg Time: 35.276 ms | Load Imbalance: 1.139' [0m
			|--[91m 'allreduce Q | Max Time: 298.875 ms | Avg Time: 281.493 ms | Load Imbalance: 1.062' [0m
				|--[95m 'allreduce lowp comm dtype | Max Time: 18.739 ms | Avg Time: 18.697 ms | Load Imbalance: 1.002' [0m
				|--[95m 'allreduce lowp | Max Time: 256.774 ms | Avg Time: 239.120 ms | Load Imbalance: 1.074' [0m
				|--[95m 'allreduce copy back | Max Time: 26.181 ms | Avg Time: 22.841 ms | Load Imbalance: 1.146' [0m
		|--[96m 'activation | Max Time: 78.786 ms | Avg Time: 71.532 ms | Load Imbalance: 1.101' [0m
			|--[91m 'all-reduce | Max Time: 33.341 ms | Avg Time: 25.526 ms | Load Imbalance: 1.306' [0m
		|--[96m 'output_linear | Max Time: 63.824 ms | Avg Time: 61.313 ms | Load Imbalance: 1.041' [0m
			|--[91m 'output_linear X * W | Max Time: 2.689 ms | Avg Time: 2.472 ms | Load Imbalance: 1.088' [0m
			|--[91m 'all-reduce | Max Time: 58.114 ms | Avg Time: 55.577 ms | Load Imbalance: 1.046' [0m
			|--[91m 'OUT + BIAS | Max Time: 3.124 ms | Avg Time: 2.984 ms | Load Imbalance: 1.047' [0m
		|--[96m 'cross entropy fwd | Max Time: 60.226 ms | Avg Time: 53.838 ms | Load Imbalance: 1.119' [0m
		|--[96m 'cross entropy bwd | Max Time: 9.007 ms | Avg Time: 8.752 ms | Load Imbalance: 1.029' [0m
		|--[96m 'linear_3d_bwd | Max Time: 23.297 ms | Avg Time: 20.471 ms | Load Imbalance: 1.138' [0m
			|--[91m 'output_linear GRAD_X | Max Time: 3.545 ms | Avg Time: 3.153 ms | Load Imbalance: 1.124' [0m
			|--[91m 'all-reduce | Max Time: 0.415 ms | Avg Time: 0.345 ms | Load Imbalance: 1.205' [0m
			|--[91m 'output_linear GRAD_W | Max Time: 3.766 ms | Avg Time: 3.360 ms | Load Imbalance: 1.121' [0m
			|--[91m 'input_linear GRAD_W | Max Time: 10.637 ms | Avg Time: 9.241 ms | Load Imbalance: 1.151' [0m
		|--[96m 'gcn conv bwd | Max Time: 672.393 ms | Avg Time: 663.984 ms | Load Imbalance: 1.013' [0m
			|--[91m 'GRAD_AGG = GRAD_OUT * W.T | Max Time: 40.932 ms | Avg Time: 35.788 ms | Load Imbalance: 1.144' [0m
			|--[91m 'allreduce lowp comm dtype | Max Time: 18.699 ms | Avg Time: 18.643 ms | Load Imbalance: 1.003' [0m
			|--[91m 'allreduce lowp | Max Time: 231.433 ms | Avg Time: 220.439 ms | Load Imbalance: 1.050' [0m
			|--[91m 'allreduce copy back | Max Time: 26.236 ms | Avg Time: 22.878 ms | Load Imbalance: 1.147' [0m
			|--[91m 'GRAD_W = AGG.T * GRAD_OUT | Max Time: 51.291 ms | Avg Time: 42.332 ms | Load Imbalance: 1.212' [0m
			|--[91m 'ReduceScatter grad_weight | Max Time: 8.884 ms | Avg Time: 8.189 ms | Load Imbalance: 1.085' [0m
				|--[95m 'reduce-scatter | Max Time: 8.607 ms | Avg Time: 7.914 ms | Load Imbalance: 1.088' [0m
					|--[92m 'reduce-scatter-dist | Max Time: 8.470 ms | Avg Time: 7.776 ms | Load Imbalance: 1.089' [0m
			|--[91m 'GRAD_H = A.T * GRAD_AGG | Max Time: 41.339 ms | Avg Time: 37.827 ms | Load Imbalance: 1.093' [0m
			|--[91m 'allreduce grad_x | Max Time: 268.448 ms | Avg Time: 257.901 ms | Load Imbalance: 1.041' [0m
				|--[95m 'allreduce lowp comm dtype | Max Time: 18.677 ms | Avg Time: 18.646 ms | Load Imbalance: 1.002' [0m
				|--[95m 'allreduce lowp | Max Time: 226.338 ms | Avg Time: 215.547 ms | Load Imbalance: 1.050' [0m
				|--[95m 'allreduce copy back | Max Time: 26.228 ms | Avg Time: 22.873 ms | Load Imbalance: 1.147' [0m
			|--[91m 'gather | Max Time: 29.989 ms | Avg Time: 18.024 ms | Load Imbalance: 1.664' [0m
		|--[96m 'sync_norm_gradients | Max Time: 30.298 ms | Avg Time: 20.287 ms | Load Imbalance: 1.493' [0m
		|--[96m 'sync_data_parallel_gradients | Max Time: 0.083 ms | Avg Time: 0.069 ms | Load Imbalance: 1.208' [0m

|--[95m 'epoch 3 | Max Time: 2089.053 ms | Avg Time: 2089.036 ms | Load Imbalance: 1.000' [0m
	|--[92m 'minibatch prep | Max Time: 421.122 ms | Avg Time: 392.835 ms | Load Imbalance: 1.072' [0m
		|--[96m 'sample nodes | Max Time: 109.784 ms | Avg Time: 100.915 ms | Load Imbalance: 1.088' [0m
		|--[96m 'compact indices | Max Time: 17.738 ms | Avg Time: 17.244 ms | Load Imbalance: 1.029' [0m
		|--[96m 'compact adj shards | Max Time: 273.225 ms | Avg Time: 256.598 ms | Load Imbalance: 1.065' [0m
			|--[91m 'compact layout prep | Max Time: 49.303 ms | Avg Time: 46.758 ms | Load Imbalance: 1.054' [0m
			|--[91m 'compact csr: indices | Max Time: 1.903 ms | Avg Time: 1.813 ms | Load Imbalance: 1.050' [0m
			|--[91m 'compact csr: row ptrs | Max Time: 13.014 ms | Avg Time: 12.274 ms | Load Imbalance: 1.060' [0m
			|--[91m 'compact csr: nnz index | Max Time: 41.063 ms | Avg Time: 37.592 ms | Load Imbalance: 1.092' [0m
			|--[91m 'compact csr: select nnz | Max Time: 13.452 ms | Avg Time: 13.002 ms | Load Imbalance: 1.035' [0m
			|--[91m 'compact csr: col map | Max Time: 37.213 ms | Avg Time: 36.784 ms | Load Imbalance: 1.012' [0m
			|--[91m 'compact csr: edge scale | Max Time: 20.179 ms | Avg Time: 19.067 ms | Load Imbalance: 1.058' [0m
			|--[91m 'compact csr: crow | Max Time: 17.393 ms | Avg Time: 15.644 ms | Load Imbalance: 1.112' [0m
			|--[91m 'compact csr: adjt direct | Max Time: 39.362 ms | Avg Time: 34.629 ms | Load Imbalance: 1.137' [0m
		|--[96m 'compact feature slice | Max Time: 14.750 ms | Avg Time: 12.727 ms | Load Imbalance: 1.159' [0m
		|--[96m 'compact label slice | Max Time: 1.372 ms | Avg Time: 1.323 ms | Load Imbalance: 1.037' [0m
	|--[92m 'train step | Max Time: 1700.768 ms | Avg Time: 1694.907 ms | Load Imbalance: 1.003' [0m
		|--[96m 'input_linear | Max Time: 12.136 ms | Avg Time: 10.088 ms | Load Imbalance: 1.203' [0m
			|--[91m 'input_linear X * W | Max Time: 10.149 ms | Avg Time: 8.321 ms | Load Imbalance: 1.220' [0m
			|--[91m 'all-reduce | Max Time: 0.083 ms | Avg Time: 0.069 ms | Load Imbalance: 1.205' [0m
			|--[91m 'OUT + BIAS | Max Time: 1.571 ms | Avg Time: 1.416 ms | Load Imbalance: 1.110' [0m
		|--[96m 'gcn conv fwd | Max Time: 654.369 ms | Avg Time: 639.188 ms | Load Imbalance: 1.024' [0m
			|--[91m 'AGG = A * H | Max Time: 41.263 ms | Avg Time: 38.042 ms | Load Imbalance: 1.085' [0m
			|--[91m 'allreduce H | Max Time: 271.545 ms | Avg Time: 259.493 ms | Load Imbalance: 1.046' [0m
				|--[95m 'allreduce lowp comm dtype | Max Time: 18.681 ms | Avg Time: 18.655 ms | Load Imbalance: 1.001' [0m
				|--[95m 'allreduce lowp | Max Time: 229.419 ms | Avg Time: 217.124 ms | Load Imbalance: 1.057' [0m
				|--[95m 'allreduce copy back | Max Time: 26.256 ms | Avg Time: 22.879 ms | Load Imbalance: 1.148' [0m
			|--[91m 'Allgather W | Max Time: 36.100 ms | Avg Time: 21.949 ms | Load Imbalance: 1.645' [0m
				|--[95m 'gather | Max Time: 35.825 ms | Avg Time: 21.672 ms | Load Imbalance: 1.653' [0m
			|--[91m 'OUT = AGG * W | Max Time: 40.069 ms | Avg Time: 35.267 ms | Load Imbalance: 1.136' [0m
			|--[91m 'allreduce Q | Max Time: 300.163 ms | Avg Time: 283.187 ms | Load Imbalance: 1.060' [0m
				|--[95m 'allreduce lowp comm dtype | Max Time: 18.731 ms | Avg Time: 18.692 ms | Load Imbalance: 1.002' [0m
				|--[95m 'allreduce lowp | Max Time: 258.046 ms | Avg Time: 240.819 ms | Load Imbalance: 1.072' [0m
				|--[95m 'allreduce copy back | Max Time: 26.181 ms | Avg Time: 22.841 ms | Load Imbalance: 1.146' [0m
		|--[96m 'activation | Max Time: 81.650 ms | Avg Time: 72.440 ms | Load Imbalance: 1.127' [0m
			|--[91m 'all-reduce | Max Time: 36.215 ms | Avg Time: 26.435 ms | Load Imbalance: 1.370' [0m
		|--[96m 'output_linear | Max Time: 63.509 ms | Avg Time: 61.089 ms | Load Imbalance: 1.040' [0m
			|--[91m 'output_linear X * W | Max Time: 2.696 ms | Avg Time: 2.471 ms | Load Imbalance: 1.091' [0m
			|--[91m 'all-reduce | Max Time: 57.810 ms | Avg Time: 55.357 ms | Load Imbalance: 1.044' [0m
			|--[91m 'OUT + BIAS | Max Time: 3.122 ms | Avg Time: 2.980 ms | Load Imbalance: 1.048' [0m
		|--[96m 'cross entropy fwd | Max Time: 60.256 ms | Avg Time: 53.877 ms | Load Imbalance: 1.118' [0m
		|--[96m 'cross entropy bwd | Max Time: 9.013 ms | Avg Time: 8.720 ms | Load Imbalance: 1.034' [0m
		|--[96m 'linear_3d_bwd | Max Time: 23.289 ms | Avg Time: 20.471 ms | Load Imbalance: 1.138' [0m
			|--[91m 'output_linear GRAD_X | Max Time: 3.545 ms | Avg Time: 3.155 ms | Load Imbalance: 1.123' [0m
			|--[91m 'all-reduce | Max Time: 0.415 ms | Avg Time: 0.345 ms | Load Imbalance: 1.203' [0m
			|--[91m 'output_linear GRAD_W | Max Time: 3.767 ms | Avg Time: 3.358 ms | Load Imbalance: 1.122' [0m
			|--[91m 'input_linear GRAD_W | Max Time: 10.641 ms | Avg Time: 9.240 ms | Load Imbalance: 1.152' [0m
		|--[96m 'gcn conv bwd | Max Time: 671.336 ms | Avg Time: 662.016 ms | Load Imbalance: 1.014' [0m
			|--[91m 'GRAD_AGG = GRAD_OUT * W.T | Max Time: 40.820 ms | Avg Time: 35.786 ms | Load Imbalance: 1.141' [0m
			|--[91m 'allreduce lowp comm dtype | Max Time: 18.709 ms | Avg Time: 18.657 ms | Load Imbalance: 1.003' [0m
			|--[91m 'allreduce lowp | Max Time: 228.493 ms | Avg Time: 218.833 ms | Load Imbalance: 1.044' [0m
			|--[91m 'allreduce copy back | Max Time: 26.237 ms | Avg Time: 22.878 ms | Load Imbalance: 1.147' [0m
			|--[91m 'GRAD_W = AGG.T * GRAD_OUT | Max Time: 51.315 ms | Avg Time: 42.343 ms | Load Imbalance: 1.212' [0m
			|--[91m 'ReduceScatter grad_weight | Max Time: 8.858 ms | Avg Time: 8.115 ms | Load Imbalance: 1.092' [0m
				|--[95m 'reduce-scatter | Max Time: 8.583 ms | Avg Time: 7.839 ms | Load Imbalance: 1.095' [0m
					|--[92m 'reduce-scatter-dist | Max Time: 8.445 ms | Avg Time: 7.701 ms | Load Imbalance: 1.097' [0m
			|--[91m 'GRAD_H = A.T * GRAD_AGG | Max Time: 41.292 ms | Avg Time: 37.822 ms | Load Imbalance: 1.092' [0m
			|--[91m 'allreduce grad_x | Max Time: 269.465 ms | Avg Time: 257.691 ms | Load Imbalance: 1.046' [0m
				|--[95m 'allreduce lowp comm dtype | Max Time: 18.678 ms | Avg Time: 18.648 ms | Load Imbalance: 1.002' [0m
				|--[95m 'allreduce lowp | Max Time: 227.339 ms | Avg Time: 215.333 ms | Load Imbalance: 1.056' [0m
				|--[95m 'allreduce copy back | Max Time: 26.224 ms | Avg Time: 22.876 ms | Load Imbalance: 1.146' [0m
			|--[91m 'gather | Max Time: 29.218 ms | Avg Time: 17.926 ms | Load Imbalance: 1.630' [0m
		|--[96m 'sync_norm_gradients | Max Time: 30.214 ms | Avg Time: 20.124 ms | Load Imbalance: 1.501' [0m
		|--[96m 'sync_data_parallel_gradients | Max Time: 0.098 ms | Avg Time: 0.070 ms | Load Imbalance: 1.400' [0m

|--[95m 'epoch 4 | Max Time: 2088.983 ms | Avg Time: 2088.970 ms | Load Imbalance: 1.000' [0m
	|--[92m 'minibatch prep | Max Time: 420.551 ms | Avg Time: 393.310 ms | Load Imbalance: 1.069' [0m
		|--[96m 'sample nodes | Max Time: 109.802 ms | Avg Time: 100.928 ms | Load Imbalance: 1.088' [0m
		|--[96m 'compact indices | Max Time: 17.864 ms | Avg Time: 17.394 ms | Load Imbalance: 1.027' [0m
		|--[96m 'compact adj shards | Max Time: 272.564 ms | Avg Time: 256.900 ms | Load Imbalance: 1.061' [0m
			|--[91m 'compact layout prep | Max Time: 49.095 ms | Avg Time: 46.930 ms | Load Imbalance: 1.046' [0m
			|--[91m 'compact csr: indices | Max Time: 1.888 ms | Avg Time: 1.823 ms | Load Imbalance: 1.036' [0m
			|--[91m 'compact csr: row ptrs | Max Time: 13.025 ms | Avg Time: 12.325 ms | Load Imbalance: 1.057' [0m
			|--[91m 'compact csr: nnz index | Max Time: 41.140 ms | Avg Time: 37.541 ms | Load Imbalance: 1.096' [0m
			|--[91m 'compact csr: select nnz | Max Time: 13.417 ms | Avg Time: 12.971 ms | Load Imbalance: 1.034' [0m
			|--[91m 'compact csr: col map | Max Time: 37.168 ms | Avg Time: 36.768 ms | Load Imbalance: 1.011' [0m
			|--[91m 'compact csr: edge scale | Max Time: 19.925 ms | Avg Time: 19.132 ms | Load Imbalance: 1.041' [0m
			|--[91m 'compact csr: crow | Max Time: 16.041 ms | Avg Time: 15.571 ms | Load Imbalance: 1.030' [0m
			|--[91m 'compact csr: adjt direct | Max Time: 39.338 ms | Avg Time: 34.688 ms | Load Imbalance: 1.134' [0m
		|--[96m 'compact feature slice | Max Time: 14.741 ms | Avg Time: 12.721 ms | Load Imbalance: 1.159' [0m
		|--[96m 'compact label slice | Max Time: 1.370 ms | Avg Time: 1.322 ms | Load Imbalance: 1.036' [0m
	|--[92m 'train step | Max Time: 1699.211 ms | Avg Time: 1694.329 ms | Load Imbalance: 1.003' [0m
		|--[96m 'input_linear | Max Time: 12.121 ms | Avg Time: 10.083 ms | Load Imbalance: 1.202' [0m
			|--[91m 'input_linear X * W | Max Time: 10.137 ms | Avg Time: 8.321 ms | Load Imbalance: 1.218' [0m
			|--[91m 'all-reduce | Max Time: 0.083 ms | Avg Time: 0.069 ms | Load Imbalance: 1.205' [0m
			|--[91m 'OUT + BIAS | Max Time: 1.569 ms | Avg Time: 1.415 ms | Load Imbalance: 1.109' [0m
		|--[96m 'gcn conv fwd | Max Time: 651.076 ms | Avg Time: 636.919 ms | Load Imbalance: 1.022' [0m
			|--[91m 'AGG = A * H | Max Time: 41.285 ms | Avg Time: 38.033 ms | Load Imbalance: 1.086' [0m
			|--[91m 'allreduce H | Max Time: 271.812 ms | Avg Time: 260.043 ms | Load Imbalance: 1.045' [0m
				|--[95m 'allreduce lowp comm dtype | Max Time: 18.692 ms | Avg Time: 18.658 ms | Load Imbalance: 1.002' [0m
				|--[95m 'allreduce lowp | Max Time: 229.682 ms | Avg Time: 217.672 ms | Load Imbalance: 1.055' [0m
				|--[95m 'allreduce copy back | Max Time: 26.252 ms | Avg Time: 22.877 ms | Load Imbalance: 1.148' [0m
			|--[91m 'Allgather W | Max Time: 36.078 ms | Avg Time: 21.964 ms | Load Imbalance: 1.643' [0m
				|--[95m 'gather | Max Time: 35.800 ms | Avg Time: 21.687 ms | Load Imbalance: 1.651' [0m
			|--[91m 'OUT = AGG * W | Max Time: 40.192 ms | Avg Time: 35.418 ms | Load Imbalance: 1.135' [0m
			|--[91m 'allreduce Q | Max Time: 296.302 ms | Avg Time: 280.203 ms | Load Imbalance: 1.057' [0m
				|--[95m 'allreduce lowp comm dtype | Max Time: 18.751 ms | Avg Time: 18.716 ms | Load Imbalance: 1.002' [0m
				|--[95m 'allreduce lowp | Max Time: 254.179 ms | Avg Time: 237.801 ms | Load Imbalance: 1.069' [0m
				|--[95m 'allreduce copy back | Max Time: 26.186 ms | Avg Time: 22.842 ms | Load Imbalance: 1.146' [0m
		|--[96m 'activation | Max Time: 80.978 ms | Avg Time: 71.844 ms | Load Imbalance: 1.127' [0m
			|--[91m 'all-reduce | Max Time: 35.550 ms | Avg Time: 25.837 ms | Load Imbalance: 1.376' [0m
		|--[96m 'output_linear | Max Time: 63.708 ms | Avg Time: 61.301 ms | Load Imbalance: 1.039' [0m
			|--[91m 'output_linear X * W | Max Time: 2.691 ms | Avg Time: 2.471 ms | Load Imbalance: 1.089' [0m
			|--[91m 'all-reduce | Max Time: 58.001 ms | Avg Time: 55.566 ms | Load Imbalance: 1.044' [0m
			|--[91m 'OUT + BIAS | Max Time: 3.123 ms | Avg Time: 2.983 ms | Load Imbalance: 1.047' [0m
		|--[96m 'cross entropy fwd | Max Time: 60.292 ms | Avg Time: 54.060 ms | Load Imbalance: 1.115' [0m
		|--[96m 'cross entropy bwd | Max Time: 9.000 ms | Avg Time: 8.714 ms | Load Imbalance: 1.033' [0m
		|--[96m 'linear_3d_bwd | Max Time: 23.305 ms | Avg Time: 20.471 ms | Load Imbalance: 1.138' [0m
			|--[91m 'output_linear GRAD_X | Max Time: 3.545 ms | Avg Time: 3.155 ms | Load Imbalance: 1.124' [0m
			|--[91m 'all-reduce | Max Time: 0.415 ms | Avg Time: 0.345 ms | Load Imbalance: 1.205' [0m
			|--[91m 'output_linear GRAD_W | Max Time: 3.753 ms | Avg Time: 3.356 ms | Load Imbalance: 1.118' [0m
			|--[91m 'input_linear GRAD_W | Max Time: 10.640 ms | Avg Time: 9.245 ms | Load Imbalance: 1.151' [0m
		|--[96m 'gcn conv bwd | Max Time: 674.251 ms | Avg Time: 662.668 ms | Load Imbalance: 1.017' [0m
			|--[91m 'GRAD_AGG = GRAD_OUT * W.T | Max Time: 40.874 ms | Avg Time: 35.790 ms | Load Imbalance: 1.142' [0m
			|--[91m 'allreduce lowp comm dtype | Max Time: 18.707 ms | Avg Time: 18.655 ms | Load Imbalance: 1.003' [0m
			|--[91m 'allreduce lowp | Max Time: 230.994 ms | Avg Time: 219.048 ms | Load Imbalance: 1.055' [0m
			|--[91m 'allreduce copy back | Max Time: 26.232 ms | Avg Time: 22.876 ms | Load Imbalance: 1.147' [0m
			|--[91m 'GRAD_W = AGG.T * GRAD_OUT | Max Time: 51.305 ms | Avg Time: 42.346 ms | Load Imbalance: 1.212' [0m
			|--[91m 'ReduceScatter grad_weight | Max Time: 8.769 ms | Avg Time: 8.124 ms | Load Imbalance: 1.079' [0m
				|--[95m 'reduce-scatter | Max Time: 8.494 ms | Avg Time: 7.849 ms | Load Imbalance: 1.082' [0m
					|--[92m 'reduce-scatter-dist | Max Time: 8.355 ms | Avg Time: 7.711 ms | Load Imbalance: 1.084' [0m
			|--[91m 'GRAD_H = A.T * GRAD_AGG | Max Time: 41.345 ms | Avg Time: 37.826 ms | Load Imbalance: 1.093' [0m
			|--[91m 'allreduce grad_x | Max Time: 270.335 ms | Avg Time: 258.350 ms | Load Imbalance: 1.046' [0m
				|--[95m 'allreduce lowp comm dtype | Max Time: 18.674 ms | Avg Time: 18.647 ms | Load Imbalance: 1.001' [0m
				|--[95m 'allreduce lowp | Max Time: 228.218 ms | Avg Time: 215.996 ms | Load Imbalance: 1.057' [0m
				|--[95m 'allreduce copy back | Max Time: 26.233 ms | Avg Time: 22.874 ms | Load Imbalance: 1.147' [0m
			|--[91m 'gather | Max Time: 28.379 ms | Avg Time: 17.696 ms | Load Imbalance: 1.604' [0m
		|--[96m 'sync_norm_gradients | Max Time: 31.810 ms | Avg Time: 21.016 ms | Load Imbalance: 1.514' [0m
		|--[96m 'sync_data_parallel_gradients | Max Time: 0.083 ms | Avg Time: 0.069 ms | Load Imbalance: 1.199' [0m

|--[95m 'epoch 5 | Max Time: 2089.590 ms | Avg Time: 2089.562 ms | Load Imbalance: 1.000' [0m
	|--[92m 'minibatch prep | Max Time: 419.232 ms | Avg Time: 391.708 ms | Load Imbalance: 1.070' [0m
		|--[96m 'sample nodes | Max Time: 109.810 ms | Avg Time: 100.915 ms | Load Imbalance: 1.088' [0m
		|--[96m 'compact indices | Max Time: 17.739 ms | Avg Time: 17.195 ms | Load Imbalance: 1.032' [0m
		|--[96m 'compact adj shards | Max Time: 271.390 ms | Avg Time: 255.557 ms | Load Imbalance: 1.062' [0m
			|--[91m 'compact layout prep | Max Time: 49.126 ms | Avg Time: 46.595 ms | Load Imbalance: 1.054' [0m
			|--[91m 'compact csr: indices | Max Time: 1.873 ms | Avg Time: 1.786 ms | Load Imbalance: 1.048' [0m
			|--[91m 'compact csr: row ptrs | Max Time: 13.029 ms | Avg Time: 12.295 ms | Load Imbalance: 1.060' [0m
			|--[91m 'compact csr: nnz index | Max Time: 40.927 ms | Avg Time: 37.438 ms | Load Imbalance: 1.093' [0m
			|--[91m 'compact csr: select nnz | Max Time: 13.436 ms | Avg Time: 12.970 ms | Load Imbalance: 1.036' [0m
			|--[91m 'compact csr: col map | Max Time: 37.068 ms | Avg Time: 36.707 ms | Load Imbalance: 1.010' [0m
			|--[91m 'compact csr: edge scale | Max Time: 19.808 ms | Avg Time: 18.959 ms | Load Imbalance: 1.045' [0m
			|--[91m 'compact csr: crow | Max Time: 15.911 ms | Avg Time: 15.429 ms | Load Imbalance: 1.031' [0m
			|--[91m 'compact csr: adjt direct | Max Time: 39.034 ms | Avg Time: 34.533 ms | Load Imbalance: 1.130' [0m
		|--[96m 'compact feature slice | Max Time: 14.726 ms | Avg Time: 12.717 ms | Load Imbalance: 1.158' [0m
		|--[96m 'compact label slice | Max Time: 1.367 ms | Avg Time: 1.318 ms | Load Imbalance: 1.037' [0m
	|--[92m 'train step | Max Time: 1702.035 ms | Avg Time: 1696.544 ms | Load Imbalance: 1.003' [0m
		|--[96m 'input_linear | Max Time: 12.137 ms | Avg Time: 10.076 ms | Load Imbalance: 1.205' [0m
			|--[91m 'input_linear X * W | Max Time: 10.151 ms | Avg Time: 8.316 ms | Load Imbalance: 1.221' [0m
			|--[91m 'all-reduce | Max Time: 0.083 ms | Avg Time: 0.069 ms | Load Imbalance: 1.200' [0m
			|--[91m 'OUT + BIAS | Max Time: 1.572 ms | Avg Time: 1.415 ms | Load Imbalance: 1.111' [0m
		|--[96m 'gcn conv fwd | Max Time: 652.855 ms | Avg Time: 638.045 ms | Load Imbalance: 1.023' [0m
			|--[91m 'AGG = A * H | Max Time: 41.260 ms | Avg Time: 38.034 ms | Load Imbalance: 1.085' [0m
			|--[91m 'allreduce H | Max Time: 271.073 ms | Avg Time: 259.028 ms | Load Imbalance: 1.046' [0m
				|--[95m 'allreduce lowp comm dtype | Max Time: 18.674 ms | Avg Time: 18.653 ms | Load Imbalance: 1.001' [0m
				|--[95m 'allreduce lowp | Max Time: 228.953 ms | Avg Time: 216.662 ms | Load Imbalance: 1.057' [0m
				|--[95m 'allreduce copy back | Max Time: 26.244 ms | Avg Time: 22.878 ms | Load Imbalance: 1.147' [0m
			|--[91m 'Allgather W | Max Time: 35.461 ms | Avg Time: 21.518 ms | Load Imbalance: 1.648' [0m
				|--[95m 'gather | Max Time: 35.193 ms | Avg Time: 21.241 ms | Load Imbalance: 1.657' [0m
			|--[91m 'OUT = AGG * W | Max Time: 40.087 ms | Avg Time: 35.284 ms | Load Imbalance: 1.136' [0m
			|--[91m 'allreduce Q | Max Time: 299.024 ms | Avg Time: 282.935 ms | Load Imbalance: 1.057' [0m
				|--[95m 'allreduce lowp comm dtype | Max Time: 18.739 ms | Avg Time: 18.694 ms | Load Imbalance: 1.002' [0m
				|--[95m 'allreduce lowp | Max Time: 256.911 ms | Avg Time: 240.564 ms | Load Imbalance: 1.068' [0m
				|--[95m 'allreduce copy back | Max Time: 26.185 ms | Avg Time: 22.842 ms | Load Imbalance: 1.146' [0m
		|--[96m 'activation | Max Time: 80.513 ms | Avg Time: 72.134 ms | Load Imbalance: 1.116' [0m
			|--[91m 'all-reduce | Max Time: 35.094 ms | Avg Time: 26.130 ms | Load Imbalance: 1.343' [0m
		|--[96m 'output_linear | Max Time: 63.656 ms | Avg Time: 61.371 ms | Load Imbalance: 1.037' [0m
			|--[91m 'output_linear X * W | Max Time: 2.682 ms | Avg Time: 2.471 ms | Load Imbalance: 1.085' [0m
			|--[91m 'all-reduce | Max Time: 57.948 ms | Avg Time: 55.636 ms | Load Imbalance: 1.042' [0m
			|--[91m 'OUT + BIAS | Max Time: 3.124 ms | Avg Time: 2.983 ms | Load Imbalance: 1.047' [0m
		|--[96m 'cross entropy fwd | Max Time: 60.287 ms | Avg Time: 53.854 ms | Load Imbalance: 1.119' [0m
		|--[96m 'cross entropy bwd | Max Time: 9.002 ms | Avg Time: 8.741 ms | Load Imbalance: 1.030' [0m
		|--[96m 'linear_3d_bwd | Max Time: 23.327 ms | Avg Time: 20.464 ms | Load Imbalance: 1.140' [0m
			|--[91m 'output_linear GRAD_X | Max Time: 3.546 ms | Avg Time: 3.154 ms | Load Imbalance: 1.124' [0m
			|--[91m 'all-reduce | Max Time: 0.414 ms | Avg Time: 0.345 ms | Load Imbalance: 1.203' [0m
			|--[91m 'output_linear GRAD_W | Max Time: 3.762 ms | Avg Time: 3.361 ms | Load Imbalance: 1.120' [0m
			|--[91m 'input_linear GRAD_W | Max Time: 10.648 ms | Avg Time: 9.240 ms | Load Imbalance: 1.152' [0m
		|--[96m 'gcn conv bwd | Max Time: 673.467 ms | Avg Time: 664.180 ms | Load Imbalance: 1.014' [0m
			|--[91m 'GRAD_AGG = GRAD_OUT * W.T | Max Time: 40.842 ms | Avg Time: 35.779 ms | Load Imbalance: 1.141' [0m
			|--[91m 'allreduce lowp comm dtype | Max Time: 18.708 ms | Avg Time: 18.652 ms | Load Imbalance: 1.003' [0m
			|--[91m 'allreduce lowp | Max Time: 231.480 ms | Avg Time: 220.589 ms | Load Imbalance: 1.049' [0m
			|--[91m 'allreduce copy back | Max Time: 26.236 ms | Avg Time: 22.879 ms | Load Imbalance: 1.147' [0m
			|--[91m 'GRAD_W = AGG.T * GRAD_OUT | Max Time: 51.295 ms | Avg Time: 42.341 ms | Load Imbalance: 1.211' [0m
			|--[91m 'ReduceScatter grad_weight | Max Time: 8.754 ms | Avg Time: 8.125 ms | Load Imbalance: 1.077' [0m
				|--[95m 'reduce-scatter | Max Time: 8.479 ms | Avg Time: 7.850 ms | Load Imbalance: 1.080' [0m
					|--[92m 'reduce-scatter-dist | Max Time: 8.341 ms | Avg Time: 7.712 ms | Load Imbalance: 1.082' [0m
			|--[91m 'GRAD_H = A.T * GRAD_AGG | Max Time: 41.261 ms | Avg Time: 37.824 ms | Load Imbalance: 1.091' [0m
			|--[91m 'allreduce grad_x | Max Time: 269.622 ms | Avg Time: 257.960 ms | Load Imbalance: 1.045' [0m
				|--[95m 'allreduce lowp comm dtype | Max Time: 18.683 ms | Avg Time: 18.649 ms | Load Imbalance: 1.002' [0m
				|--[95m 'allreduce lowp | Max Time: 227.504 ms | Avg Time: 215.602 ms | Load Imbalance: 1.055' [0m
				|--[95m 'allreduce copy back | Max Time: 26.225 ms | Avg Time: 22.876 ms | Load Imbalance: 1.146' [0m
			|--[91m 'gather | Max Time: 30.680 ms | Avg Time: 18.066 ms | Load Imbalance: 1.698' [0m
		|--[96m 'sync_norm_gradients | Max Time: 31.553 ms | Avg Time: 20.572 ms | Load Imbalance: 1.534' [0m
		|--[96m 'sync_data_parallel_gradients | Max Time: 0.083 ms | Avg Time: 0.069 ms | Load Imbalance: 1.208' [0m

|--[95m 'epoch 6 | Max Time: 2091.337 ms | Avg Time: 2091.319 ms | Load Imbalance: 1.000' [0m
	|--[92m 'minibatch prep | Max Time: 420.558 ms | Avg Time: 393.071 ms | Load Imbalance: 1.070' [0m
		|--[96m 'sample nodes | Max Time: 109.902 ms | Avg Time: 100.912 ms | Load Imbalance: 1.089' [0m
		|--[96m 'compact indices | Max Time: 17.919 ms | Avg Time: 17.336 ms | Load Imbalance: 1.034' [0m
		|--[96m 'compact adj shards | Max Time: 272.418 ms | Avg Time: 256.752 ms | Load Imbalance: 1.061' [0m
			|--[91m 'compact layout prep | Max Time: 49.358 ms | Avg Time: 46.719 ms | Load Imbalance: 1.056' [0m
			|--[91m 'compact csr: indices | Max Time: 1.903 ms | Avg Time: 1.806 ms | Load Imbalance: 1.054' [0m
			|--[91m 'compact csr: row ptrs | Max Time: 13.010 ms | Avg Time: 12.322 ms | Load Imbalance: 1.056' [0m
			|--[91m 'compact csr: nnz index | Max Time: 40.967 ms | Avg Time: 37.671 ms | Load Imbalance: 1.088' [0m
			|--[91m 'compact csr: select nnz | Max Time: 13.452 ms | Avg Time: 13.036 ms | Load Imbalance: 1.032' [0m
			|--[91m 'compact csr: col map | Max Time: 37.024 ms | Avg Time: 36.740 ms | Load Imbalance: 1.008' [0m
			|--[91m 'compact csr: edge scale | Max Time: 19.980 ms | Avg Time: 19.098 ms | Load Imbalance: 1.046' [0m
			|--[91m 'compact csr: crow | Max Time: 16.100 ms | Avg Time: 15.540 ms | Load Imbalance: 1.036' [0m
			|--[91m 'compact csr: adjt direct | Max Time: 39.197 ms | Avg Time: 34.689 ms | Load Imbalance: 1.130' [0m
		|--[96m 'compact feature slice | Max Time: 14.737 ms | Avg Time: 12.725 ms | Load Imbalance: 1.158' [0m
		|--[96m 'compact label slice | Max Time: 1.367 ms | Avg Time: 1.320 ms | Load Imbalance: 1.036' [0m
	|--[92m 'train step | Max Time: 1702.541 ms | Avg Time: 1696.944 ms | Load Imbalance: 1.003' [0m
		|--[96m 'input_linear | Max Time: 12.138 ms | Avg Time: 10.081 ms | Load Imbalance: 1.204' [0m
			|--[91m 'input_linear X * W | Max Time: 10.153 ms | Avg Time: 8.318 ms | Load Imbalance: 1.221' [0m
			|--[91m 'all-reduce | Max Time: 0.083 ms | Avg Time: 0.069 ms | Load Imbalance: 1.198' [0m
			|--[91m 'OUT + BIAS | Max Time: 1.571 ms | Avg Time: 1.415 ms | Load Imbalance: 1.110' [0m
		|--[96m 'gcn conv fwd | Max Time: 655.084 ms | Avg Time: 639.783 ms | Load Imbalance: 1.024' [0m
			|--[91m 'AGG = A * H | Max Time: 41.278 ms | Avg Time: 38.029 ms | Load Imbalance: 1.085' [0m
			|--[91m 'allreduce H | Max Time: 273.979 ms | Avg Time: 261.718 ms | Load Imbalance: 1.047' [0m
				|--[95m 'allreduce lowp comm dtype | Max Time: 18.682 ms | Avg Time: 18.656 ms | Load Imbalance: 1.001' [0m
				|--[95m 'allreduce lowp | Max Time: 231.847 ms | Avg Time: 219.346 ms | Load Imbalance: 1.057' [0m
				|--[95m 'allreduce copy back | Max Time: 26.245 ms | Avg Time: 22.881 ms | Load Imbalance: 1.147' [0m
			|--[91m 'Allgather W | Max Time: 36.940 ms | Avg Time: 21.847 ms | Load Imbalance: 1.691' [0m
				|--[95m 'gather | Max Time: 36.673 ms | Avg Time: 21.571 ms | Load Imbalance: 1.700' [0m
			|--[91m 'OUT = AGG * W | Max Time: 40.074 ms | Avg Time: 35.282 ms | Load Imbalance: 1.136' [0m
			|--[91m 'allreduce Q | Max Time: 298.249 ms | Avg Time: 281.660 ms | Load Imbalance: 1.059' [0m
				|--[95m 'allreduce lowp comm dtype | Max Time: 18.728 ms | Avg Time: 18.693 ms | Load Imbalance: 1.002' [0m
				|--[95m 'allreduce lowp | Max Time: 256.131 ms | Avg Time: 239.290 ms | Load Imbalance: 1.070' [0m
				|--[95m 'allreduce copy back | Max Time: 26.180 ms | Avg Time: 22.842 ms | Load Imbalance: 1.146' [0m
		|--[96m 'activation | Max Time: 83.029 ms | Avg Time: 72.425 ms | Load Imbalance: 1.146' [0m
			|--[91m 'all-reduce | Max Time: 37.590 ms | Avg Time: 26.420 ms | Load Imbalance: 1.423' [0m
		|--[96m 'output_linear | Max Time: 63.938 ms | Avg Time: 61.114 ms | Load Imbalance: 1.046' [0m
			|--[91m 'output_linear X * W | Max Time: 2.688 ms | Avg Time: 2.471 ms | Load Imbalance: 1.088' [0m
			|--[91m 'all-reduce | Max Time: 58.230 ms | Avg Time: 55.379 ms | Load Imbalance: 1.051' [0m
			|--[91m 'OUT + BIAS | Max Time: 3.126 ms | Avg Time: 2.985 ms | Load Imbalance: 1.047' [0m
		|--[96m 'cross entropy fwd | Max Time: 60.197 ms | Avg Time: 53.866 ms | Load Imbalance: 1.118' [0m
		|--[96m 'cross entropy bwd | Max Time: 9.038 ms | Avg Time: 8.660 ms | Load Imbalance: 1.044' [0m
		|--[96m 'linear_3d_bwd | Max Time: 23.323 ms | Avg Time: 20.476 ms | Load Imbalance: 1.139' [0m
			|--[91m 'output_linear GRAD_X | Max Time: 3.548 ms | Avg Time: 3.156 ms | Load Imbalance: 1.124' [0m
			|--[91m 'all-reduce | Max Time: 0.414 ms | Avg Time: 0.345 ms | Load Imbalance: 1.202' [0m
			|--[91m 'output_linear GRAD_W | Max Time: 3.759 ms | Avg Time: 3.358 ms | Load Imbalance: 1.120' [0m
			|--[91m 'input_linear GRAD_W | Max Time: 10.650 ms | Avg Time: 9.245 ms | Load Imbalance: 1.152' [0m
		|--[96m 'gcn conv bwd | Max Time: 671.661 ms | Avg Time: 662.788 ms | Load Imbalance: 1.013' [0m
			|--[91m 'GRAD_AGG = GRAD_OUT * W.T | Max Time: 40.824 ms | Avg Time: 35.784 ms | Load Imbalance: 1.141' [0m
			|--[91m 'allreduce lowp comm dtype | Max Time: 18.698 ms | Avg Time: 18.650 ms | Load Imbalance: 1.003' [0m
			|--[91m 'allreduce lowp | Max Time: 231.247 ms | Avg Time: 219.560 ms | Load Imbalance: 1.053' [0m
			|--[91m 'allreduce copy back | Max Time: 26.230 ms | Avg Time: 22.877 ms | Load Imbalance: 1.147' [0m
			|--[91m 'GRAD_W = AGG.T * GRAD_OUT | Max Time: 51.256 ms | Avg Time: 42.343 ms | Load Imbalance: 1.211' [0m
			|--[91m 'ReduceScatter grad_weight | Max Time: 8.772 ms | Avg Time: 8.099 ms | Load Imbalance: 1.083' [0m
				|--[95m 'reduce-scatter | Max Time: 8.497 ms | Avg Time: 7.823 ms | Load Imbalance: 1.086' [0m
					|--[92m 'reduce-scatter-dist | Max Time: 8.359 ms | Avg Time: 7.685 ms | Load Imbalance: 1.088' [0m
			|--[91m 'GRAD_H = A.T * GRAD_AGG | Max Time: 41.167 ms | Avg Time: 37.822 ms | Load Imbalance: 1.088' [0m
			|--[91m 'allreduce grad_x | Max Time: 267.952 ms | Avg Time: 257.415 ms | Load Imbalance: 1.041' [0m
				|--[95m 'allreduce lowp comm dtype | Max Time: 18.676 ms | Avg Time: 18.648 ms | Load Imbalance: 1.002' [0m
				|--[95m 'allreduce lowp | Max Time: 225.821 ms | Avg Time: 215.059 ms | Load Imbalance: 1.050' [0m
				|--[95m 'allreduce copy back | Max Time: 26.221 ms | Avg Time: 22.875 ms | Load Imbalance: 1.146' [0m
			|--[91m 'gather | Max Time: 30.290 ms | Avg Time: 18.270 ms | Load Imbalance: 1.658' [0m
		|--[96m 'sync_norm_gradients | Max Time: 30.820 ms | Avg Time: 20.985 ms | Load Imbalance: 1.469' [0m
		|--[96m 'sync_data_parallel_gradients | Max Time: 0.083 ms | Avg Time: 0.069 ms | Load Imbalance: 1.201' [0m

|--[95m 'epoch 7 | Max Time: 2090.814 ms | Avg Time: 2090.796 ms | Load Imbalance: 1.000' [0m
	|--[92m 'minibatch prep | Max Time: 421.080 ms | Avg Time: 392.427 ms | Load Imbalance: 1.073' [0m
		|--[96m 'sample nodes | Max Time: 109.825 ms | Avg Time: 100.932 ms | Load Imbalance: 1.088' [0m
		|--[96m 'compact indices | Max Time: 17.811 ms | Avg Time: 17.235 ms | Load Imbalance: 1.033' [0m
		|--[96m 'compact adj shards | Max Time: 273.129 ms | Avg Time: 256.198 ms | Load Imbalance: 1.066' [0m
			|--[91m 'compact layout prep | Max Time: 48.657 ms | Avg Time: 46.529 ms | Load Imbalance: 1.046' [0m
			|--[91m 'compact csr: indices | Max Time: 1.900 ms | Avg Time: 1.808 ms | Load Imbalance: 1.051' [0m
			|--[91m 'compact csr: row ptrs | Max Time: 13.042 ms | Avg Time: 12.245 ms | Load Imbalance: 1.065' [0m
			|--[91m 'compact csr: nnz index | Max Time: 41.188 ms | Avg Time: 37.500 ms | Load Imbalance: 1.098' [0m
			|--[91m 'compact csr: select nnz | Max Time: 13.450 ms | Avg Time: 12.987 ms | Load Imbalance: 1.036' [0m
			|--[91m 'compact csr: col map | Max Time: 37.283 ms | Avg Time: 36.828 ms | Load Imbalance: 1.012' [0m
			|--[91m 'compact csr: edge scale | Max Time: 20.161 ms | Avg Time: 19.008 ms | Load Imbalance: 1.061' [0m
			|--[91m 'compact csr: crow | Max Time: 16.141 ms | Avg Time: 15.442 ms | Load Imbalance: 1.045' [0m
			|--[91m 'compact csr: adjt direct | Max Time: 39.588 ms | Avg Time: 34.637 ms | Load Imbalance: 1.143' [0m
		|--[96m 'compact feature slice | Max Time: 14.740 ms | Avg Time: 12.721 ms | Load Imbalance: 1.159' [0m
		|--[96m 'compact label slice | Max Time: 1.367 ms | Avg Time: 1.322 ms | Load Imbalance: 1.034' [0m
	|--[92m 'train step | Max Time: 1704.520 ms | Avg Time: 1697.033 ms | Load Imbalance: 1.004' [0m
		|--[96m 'input_linear | Max Time: 12.135 ms | Avg Time: 10.095 ms | Load Imbalance: 1.202' [0m
			|--[91m 'input_linear X * W | Max Time: 10.150 ms | Avg Time: 8.324 ms | Load Imbalance: 1.219' [0m
			|--[91m 'all-reduce | Max Time: 0.083 ms | Avg Time: 0.069 ms | Load Imbalance: 1.198' [0m
			|--[91m 'OUT + BIAS | Max Time: 1.570 ms | Avg Time: 1.416 ms | Load Imbalance: 1.109' [0m
		|--[96m 'gcn conv fwd | Max Time: 655.967 ms | Avg Time: 639.141 ms | Load Imbalance: 1.026' [0m
			|--[91m 'AGG = A * H | Max Time: 41.110 ms | Avg Time: 38.032 ms | Load Imbalance: 1.081' [0m
			|--[91m 'allreduce H | Max Time: 270.155 ms | Avg Time: 258.564 ms | Load Imbalance: 1.045' [0m
				|--[95m 'allreduce lowp comm dtype | Max Time: 18.681 ms | Avg Time: 18.656 ms | Load Imbalance: 1.001' [0m
				|--[95m 'allreduce lowp | Max Time: 228.030 ms | Avg Time: 216.196 ms | Load Imbalance: 1.055' [0m
				|--[95m 'allreduce copy back | Max Time: 26.242 ms | Avg Time: 22.878 ms | Load Imbalance: 1.147' [0m
			|--[91m 'Allgather W | Max Time: 35.579 ms | Avg Time: 21.441 ms | Load Imbalance: 1.659' [0m
				|--[95m 'gather | Max Time: 35.311 ms | Avg Time: 21.164 ms | Load Imbalance: 1.668' [0m
			|--[91m 'OUT = AGG * W | Max Time: 40.060 ms | Avg Time: 35.269 ms | Load Imbalance: 1.136' [0m
			|--[91m 'allreduce Q | Max Time: 302.783 ms | Avg Time: 284.588 ms | Load Imbalance: 1.064' [0m
				|--[95m 'allreduce lowp comm dtype | Max Time: 18.734 ms | Avg Time: 18.696 ms | Load Imbalance: 1.002' [0m
				|--[95m 'allreduce lowp | Max Time: 260.666 ms | Avg Time: 242.216 ms | Load Imbalance: 1.076' [0m
				|--[95m 'allreduce copy back | Max Time: 26.178 ms | Avg Time: 22.842 ms | Load Imbalance: 1.146' [0m
		|--[96m 'activation | Max Time: 80.212 ms | Avg Time: 71.897 ms | Load Imbalance: 1.116' [0m
			|--[91m 'all-reduce | Max Time: 34.769 ms | Avg Time: 25.895 ms | Load Imbalance: 1.343' [0m
		|--[96m 'output_linear | Max Time: 64.605 ms | Avg Time: 61.681 ms | Load Imbalance: 1.047' [0m
			|--[91m 'output_linear X * W | Max Time: 2.688 ms | Avg Time: 2.471 ms | Load Imbalance: 1.088' [0m
			|--[91m 'all-reduce | Max Time: 58.896 ms | Avg Time: 55.943 ms | Load Imbalance: 1.053' [0m
			|--[91m 'OUT + BIAS | Max Time: 3.126 ms | Avg Time: 2.987 ms | Load Imbalance: 1.047' [0m
		|--[96m 'cross entropy fwd | Max Time: 60.218 ms | Avg Time: 53.845 ms | Load Imbalance: 1.118' [0m
		|--[96m 'cross entropy bwd | Max Time: 9.017 ms | Avg Time: 8.734 ms | Load Imbalance: 1.032' [0m
		|--[96m 'linear_3d_bwd | Max Time: 23.304 ms | Avg Time: 20.481 ms | Load Imbalance: 1.138' [0m
			|--[91m 'output_linear GRAD_X | Max Time: 3.543 ms | Avg Time: 3.155 ms | Load Imbalance: 1.123' [0m
			|--[91m 'all-reduce | Max Time: 0.414 ms | Avg Time: 0.345 ms | Load Imbalance: 1.200' [0m
			|--[91m 'output_linear GRAD_W | Max Time: 3.770 ms | Avg Time: 3.359 ms | Load Imbalance: 1.122' [0m
			|--[91m 'input_linear GRAD_W | Max Time: 10.644 ms | Avg Time: 9.247 ms | Load Imbalance: 1.151' [0m
		|--[96m 'gcn conv bwd | Max Time: 672.833 ms | Avg Time: 665.001 ms | Load Imbalance: 1.012' [0m
			|--[91m 'GRAD_AGG = GRAD_OUT * W.T | Max Time: 40.829 ms | Avg Time: 35.784 ms | Load Imbalance: 1.141' [0m
			|--[91m 'allreduce lowp comm dtype | Max Time: 18.719 ms | Avg Time: 18.646 ms | Load Imbalance: 1.004' [0m
			|--[91m 'allreduce lowp | Max Time: 229.579 ms | Avg Time: 219.270 ms | Load Imbalance: 1.047' [0m
			|--[91m 'allreduce copy back | Max Time: 26.227 ms | Avg Time: 22.877 ms | Load Imbalance: 1.146' [0m
			|--[91m 'GRAD_W = AGG.T * GRAD_OUT | Max Time: 51.316 ms | Avg Time: 42.364 ms | Load Imbalance: 1.211' [0m
			|--[91m 'ReduceScatter grad_weight | Max Time: 8.802 ms | Avg Time: 8.090 ms | Load Imbalance: 1.088' [0m
				|--[95m 'reduce-scatter | Max Time: 8.527 ms | Avg Time: 7.815 ms | Load Imbalance: 1.091' [0m
					|--[92m 'reduce-scatter-dist | Max Time: 8.390 ms | Avg Time: 7.677 ms | Load Imbalance: 1.093' [0m
			|--[91m 'GRAD_H = A.T * GRAD_AGG | Max Time: 41.212 ms | Avg Time: 37.820 ms | Load Imbalance: 1.090' [0m
			|--[91m 'allreduce grad_x | Max Time: 270.188 ms | Avg Time: 259.729 ms | Load Imbalance: 1.040' [0m
				|--[95m 'allreduce lowp comm dtype | Max Time: 18.686 ms | Avg Time: 18.651 ms | Load Imbalance: 1.002' [0m
				|--[95m 'allreduce lowp | Max Time: 228.052 ms | Avg Time: 217.370 ms | Load Imbalance: 1.049' [0m
				|--[95m 'allreduce copy back | Max Time: 26.220 ms | Avg Time: 22.875 ms | Load Imbalance: 1.146' [0m
			|--[91m 'gather | Max Time: 30.260 ms | Avg Time: 18.465 ms | Load Imbalance: 1.639' [0m
		|--[96m 'sync_norm_gradients | Max Time: 28.020 ms | Avg Time: 19.209 ms | Load Imbalance: 1.459' [0m
		|--[96m 'sync_data_parallel_gradients | Max Time: 0.083 ms | Avg Time: 0.069 ms | Load Imbalance: 1.203' [0m

|--[95m 'epoch 8 | Max Time: 2088.295 ms | Avg Time: 2088.276 ms | Load Imbalance: 1.000' [0m
	|--[92m 'minibatch prep | Max Time: 419.370 ms | Avg Time: 391.913 ms | Load Imbalance: 1.070' [0m
		|--[96m 'sample nodes | Max Time: 109.787 ms | Avg Time: 100.907 ms | Load Imbalance: 1.088' [0m
		|--[96m 'compact indices | Max Time: 17.831 ms | Avg Time: 17.227 ms | Load Imbalance: 1.035' [0m
		|--[96m 'compact adj shards | Max Time: 271.477 ms | Avg Time: 255.740 ms | Load Imbalance: 1.062' [0m
			|--[91m 'compact layout prep | Max Time: 48.922 ms | Avg Time: 46.558 ms | Load Imbalance: 1.051' [0m
			|--[91m 'compact csr: indices | Max Time: 1.895 ms | Avg Time: 1.800 ms | Load Imbalance: 1.053' [0m
			|--[91m 'compact csr: row ptrs | Max Time: 12.970 ms | Avg Time: 12.236 ms | Load Imbalance: 1.060' [0m
			|--[91m 'compact csr: nnz index | Max Time: 40.956 ms | Avg Time: 37.439 ms | Load Imbalance: 1.094' [0m
			|--[91m 'compact csr: select nnz | Max Time: 13.447 ms | Avg Time: 12.992 ms | Load Imbalance: 1.035' [0m
			|--[91m 'compact csr: col map | Max Time: 37.171 ms | Avg Time: 36.753 ms | Load Imbalance: 1.011' [0m
			|--[91m 'compact csr: edge scale | Max Time: 19.942 ms | Avg Time: 18.994 ms | Load Imbalance: 1.050' [0m
			|--[91m 'compact csr: crow | Max Time: 15.957 ms | Avg Time: 15.455 ms | Load Imbalance: 1.032' [0m
			|--[91m 'compact csr: adjt direct | Max Time: 39.041 ms | Avg Time: 34.559 ms | Load Imbalance: 1.130' [0m
		|--[96m 'compact feature slice | Max Time: 14.719 ms | Avg Time: 12.712 ms | Load Imbalance: 1.158' [0m
		|--[96m 'compact label slice | Max Time: 1.374 ms | Avg Time: 1.327 ms | Load Imbalance: 1.035' [0m
	|--[92m 'train step | Max Time: 1700.006 ms | Avg Time: 1695.064 ms | Load Imbalance: 1.003' [0m
		|--[96m 'input_linear | Max Time: 12.131 ms | Avg Time: 10.077 ms | Load Imbalance: 1.204' [0m
			|--[91m 'input_linear X * W | Max Time: 10.147 ms | Avg Time: 8.317 ms | Load Imbalance: 1.220' [0m
			|--[91m 'all-reduce | Max Time: 0.083 ms | Avg Time: 0.069 ms | Load Imbalance: 1.205' [0m
			|--[91m 'OUT + BIAS | Max Time: 1.570 ms | Avg Time: 1.415 ms | Load Imbalance: 1.109' [0m
		|--[96m 'gcn conv fwd | Max Time: 651.877 ms | Avg Time: 637.670 ms | Load Imbalance: 1.022' [0m
			|--[91m 'AGG = A * H | Max Time: 41.239 ms | Avg Time: 38.042 ms | Load Imbalance: 1.084' [0m
			|--[91m 'allreduce H | Max Time: 270.401 ms | Avg Time: 259.171 ms | Load Imbalance: 1.043' [0m
				|--[95m 'allreduce lowp comm dtype | Max Time: 19.261 ms | Avg Time: 18.688 ms | Load Imbalance: 1.031' [0m
				|--[95m 'allreduce lowp | Max Time: 228.277 ms | Avg Time: 216.764 ms | Load Imbalance: 1.053' [0m
				|--[95m 'allreduce copy back | Max Time: 26.251 ms | Avg Time: 22.880 ms | Load Imbalance: 1.147' [0m
			|--[91m 'Allgather W | Max Time: 35.474 ms | Avg Time: 21.729 ms | Load Imbalance: 1.633' [0m
				|--[95m 'gather | Max Time: 35.205 ms | Avg Time: 21.450 ms | Load Imbalance: 1.641' [0m
			|--[91m 'OUT = AGG * W | Max Time: 40.067 ms | Avg Time: 35.282 ms | Load Imbalance: 1.136' [0m
			|--[91m 'allreduce Q | Max Time: 298.487 ms | Avg Time: 282.197 ms | Load Imbalance: 1.058' [0m
				|--[95m 'allreduce lowp comm dtype | Max Time: 18.727 ms | Avg Time: 18.693 ms | Load Imbalance: 1.002' [0m
				|--[95m 'allreduce lowp | Max Time: 256.371 ms | Avg Time: 239.827 ms | Load Imbalance: 1.069' [0m
				|--[95m 'allreduce copy back | Max Time: 26.187 ms | Avg Time: 22.842 ms | Load Imbalance: 1.146' [0m
		|--[96m 'activation | Max Time: 82.105 ms | Avg Time: 72.370 ms | Load Imbalance: 1.135' [0m
			|--[91m 'all-reduce | Max Time: 36.651 ms | Avg Time: 26.371 ms | Load Imbalance: 1.390' [0m
		|--[96m 'output_linear | Max Time: 64.413 ms | Avg Time: 61.544 ms | Load Imbalance: 1.047' [0m
			|--[91m 'output_linear X * W | Max Time: 2.688 ms | Avg Time: 2.471 ms | Load Imbalance: 1.088' [0m
			|--[91m 'all-reduce | Max Time: 58.710 ms | Avg Time: 55.805 ms | Load Imbalance: 1.052' [0m
			|--[91m 'OUT + BIAS | Max Time: 3.127 ms | Avg Time: 2.988 ms | Load Imbalance: 1.047' [0m
		|--[96m 'cross entropy fwd | Max Time: 60.231 ms | Avg Time: 53.848 ms | Load Imbalance: 1.119' [0m
		|--[96m 'cross entropy bwd | Max Time: 9.064 ms | Avg Time: 8.773 ms | Load Imbalance: 1.033' [0m
		|--[96m 'linear_3d_bwd | Max Time: 23.288 ms | Avg Time: 20.473 ms | Load Imbalance: 1.137' [0m
			|--[91m 'output_linear GRAD_X | Max Time: 3.544 ms | Avg Time: 3.156 ms | Load Imbalance: 1.123' [0m
			|--[91m 'all-reduce | Max Time: 0.414 ms | Avg Time: 0.345 ms | Load Imbalance: 1.202' [0m
			|--[91m 'output_linear GRAD_W | Max Time: 3.758 ms | Avg Time: 3.358 ms | Load Imbalance: 1.119' [0m
			|--[91m 'input_linear GRAD_W | Max Time: 10.633 ms | Avg Time: 9.241 ms | Load Imbalance: 1.151' [0m
		|--[96m 'gcn conv bwd | Max Time: 671.442 ms | Avg Time: 663.174 ms | Load Imbalance: 1.012' [0m
			|--[91m 'GRAD_AGG = GRAD_OUT * W.T | Max Time: 40.840 ms | Avg Time: 35.802 ms | Load Imbalance: 1.141' [0m
			|--[91m 'allreduce lowp comm dtype | Max Time: 18.718 ms | Avg Time: 18.659 ms | Load Imbalance: 1.003' [0m
			|--[91m 'allreduce lowp | Max Time: 228.945 ms | Avg Time: 218.027 ms | Load Imbalance: 1.050' [0m
			|--[91m 'allreduce copy back | Max Time: 26.232 ms | Avg Time: 22.877 ms | Load Imbalance: 1.147' [0m
			|--[91m 'GRAD_W = AGG.T * GRAD_OUT | Max Time: 51.283 ms | Avg Time: 42.343 ms | Load Imbalance: 1.211' [0m
			|--[91m 'ReduceScatter grad_weight | Max Time: 8.747 ms | Avg Time: 8.079 ms | Load Imbalance: 1.083' [0m
				|--[95m 'reduce-scatter | Max Time: 8.471 ms | Avg Time: 7.803 ms | Load Imbalance: 1.086' [0m
					|--[92m 'reduce-scatter-dist | Max Time: 8.333 ms | Avg Time: 7.665 ms | Load Imbalance: 1.087' [0m
			|--[91m 'GRAD_H = A.T * GRAD_AGG | Max Time: 41.299 ms | Avg Time: 37.812 ms | Load Imbalance: 1.092' [0m
			|--[91m 'allreduce grad_x | Max Time: 270.355 ms | Avg Time: 259.502 ms | Load Imbalance: 1.042' [0m
				|--[95m 'allreduce lowp comm dtype | Max Time: 18.672 ms | Avg Time: 18.647 ms | Load Imbalance: 1.001' [0m
				|--[95m 'allreduce lowp | Max Time: 228.224 ms | Avg Time: 217.149 ms | Load Imbalance: 1.051' [0m
				|--[95m 'allreduce copy back | Max Time: 26.228 ms | Avg Time: 22.872 ms | Load Imbalance: 1.147' [0m
			|--[91m 'gather | Max Time: 29.629 ms | Avg Time: 18.115 ms | Load Imbalance: 1.636' [0m
		|--[96m 'sync_norm_gradients | Max Time: 28.312 ms | Avg Time: 19.668 ms | Load Imbalance: 1.440' [0m
		|--[96m 'sync_data_parallel_gradients | Max Time: 0.083 ms | Avg Time: 0.069 ms | Load Imbalance: 1.207' [0m

|--[95m 'epoch 9 | Max Time: 2087.106 ms | Avg Time: 2087.091 ms | Load Imbalance: 1.000' [0m
	|--[92m 'minibatch prep | Max Time: 418.432 ms | Avg Time: 391.450 ms | Load Imbalance: 1.069' [0m
		|--[96m 'sample nodes | Max Time: 109.794 ms | Avg Time: 100.920 ms | Load Imbalance: 1.088' [0m
		|--[96m 'compact indices | Max Time: 17.889 ms | Avg Time: 17.237 ms | Load Imbalance: 1.038' [0m
		|--[96m 'compact adj shards | Max Time: 270.880 ms | Avg Time: 255.260 ms | Load Imbalance: 1.061' [0m
			|--[91m 'compact layout prep | Max Time: 48.563 ms | Avg Time: 46.283 ms | Load Imbalance: 1.049' [0m
			|--[91m 'compact csr: indices | Max Time: 1.900 ms | Avg Time: 1.797 ms | Load Imbalance: 1.057' [0m
			|--[91m 'compact csr: row ptrs | Max Time: 12.888 ms | Avg Time: 12.209 ms | Load Imbalance: 1.056' [0m
			|--[91m 'compact csr: nnz index | Max Time: 40.964 ms | Avg Time: 37.460 ms | Load Imbalance: 1.094' [0m
			|--[91m 'compact csr: select nnz | Max Time: 13.422 ms | Avg Time: 12.983 ms | Load Imbalance: 1.034' [0m
			|--[91m 'compact csr: col map | Max Time: 37.232 ms | Avg Time: 36.788 ms | Load Imbalance: 1.012' [0m
			|--[91m 'compact csr: edge scale | Max Time: 19.797 ms | Avg Time: 18.925 ms | Load Imbalance: 1.046' [0m
			|--[91m 'compact csr: crow | Max Time: 15.923 ms | Avg Time: 15.413 ms | Load Imbalance: 1.033' [0m
			|--[91m 'compact csr: adjt direct | Max Time: 39.199 ms | Avg Time: 34.552 ms | Load Imbalance: 1.134' [0m
		|--[96m 'compact feature slice | Max Time: 14.723 ms | Avg Time: 12.712 ms | Load Imbalance: 1.158' [0m
		|--[96m 'compact label slice | Max Time: 1.368 ms | Avg Time: 1.323 ms | Load Imbalance: 1.034' [0m
	|--[92m 'train step | Max Time: 1698.918 ms | Avg Time: 1694.328 ms | Load Imbalance: 1.003' [0m
		|--[96m 'input_linear | Max Time: 12.132 ms | Avg Time: 10.081 ms | Load Imbalance: 1.203' [0m
			|--[91m 'input_linear X * W | Max Time: 10.147 ms | Avg Time: 8.318 ms | Load Imbalance: 1.220' [0m
			|--[91m 'all-reduce | Max Time: 0.084 ms | Avg Time: 0.069 ms | Load Imbalance: 1.216' [0m
			|--[91m 'OUT + BIAS | Max Time: 1.571 ms | Avg Time: 1.415 ms | Load Imbalance: 1.110' [0m
		|--[96m 'gcn conv fwd | Max Time: 649.159 ms | Avg Time: 634.632 ms | Load Imbalance: 1.023' [0m
			|--[91m 'AGG = A * H | Max Time: 41.168 ms | Avg Time: 38.024 ms | Load Imbalance: 1.083' [0m
			|--[91m 'allreduce H | Max Time: 270.515 ms | Avg Time: 258.100 ms | Load Imbalance: 1.048' [0m
				|--[95m 'allreduce lowp comm dtype | Max Time: 18.682 ms | Avg Time: 18.653 ms | Load Imbalance: 1.002' [0m
				|--[95m 'allreduce lowp | Max Time: 228.394 ms | Avg Time: 215.734 ms | Load Imbalance: 1.059' [0m
				|--[95m 'allreduce copy back | Max Time: 26.244 ms | Avg Time: 22.878 ms | Load Imbalance: 1.147' [0m
			|--[91m 'Allgather W | Max Time: 35.778 ms | Avg Time: 21.485 ms | Load Imbalance: 1.665' [0m
				|--[95m 'gather | Max Time: 35.509 ms | Avg Time: 21.208 ms | Load Imbalance: 1.674' [0m
			|--[91m 'OUT = AGG * W | Max Time: 40.090 ms | Avg Time: 35.276 ms | Load Imbalance: 1.136' [0m
			|--[91m 'allreduce Q | Max Time: 295.872 ms | Avg Time: 280.502 ms | Load Imbalance: 1.055' [0m
				|--[95m 'allreduce lowp comm dtype | Max Time: 18.749 ms | Avg Time: 18.696 ms | Load Imbalance: 1.003' [0m
				|--[95m 'allreduce lowp | Max Time: 253.740 ms | Avg Time: 238.127 ms | Load Imbalance: 1.066' [0m
				|--[95m 'allreduce copy back | Max Time: 26.179 ms | Avg Time: 22.844 ms | Load Imbalance: 1.146' [0m
		|--[96m 'activation | Max Time: 81.724 ms | Avg Time: 72.198 ms | Load Imbalance: 1.132' [0m
			|--[91m 'all-reduce | Max Time: 36.287 ms | Avg Time: 26.191 ms | Load Imbalance: 1.385' [0m
		|--[96m 'output_linear | Max Time: 64.293 ms | Avg Time: 61.688 ms | Load Imbalance: 1.042' [0m
			|--[91m 'output_linear X * W | Max Time: 2.683 ms | Avg Time: 2.469 ms | Load Imbalance: 1.087' [0m
			|--[91m 'all-reduce | Max Time: 58.582 ms | Avg Time: 55.953 ms | Load Imbalance: 1.047' [0m
			|--[91m 'OUT + BIAS | Max Time: 3.125 ms | Avg Time: 2.985 ms | Load Imbalance: 1.047' [0m
		|--[96m 'cross entropy fwd | Max Time: 60.212 ms | Avg Time: 53.832 ms | Load Imbalance: 1.119' [0m
		|--[96m 'cross entropy bwd | Max Time: 9.028 ms | Avg Time: 8.744 ms | Load Imbalance: 1.033' [0m
		|--[96m 'linear_3d_bwd | Max Time: 23.281 ms | Avg Time: 20.471 ms | Load Imbalance: 1.137' [0m
			|--[91m 'output_linear GRAD_X | Max Time: 3.544 ms | Avg Time: 3.155 ms | Load Imbalance: 1.123' [0m
			|--[91m 'all-reduce | Max Time: 0.414 ms | Avg Time: 0.345 ms | Load Imbalance: 1.201' [0m
			|--[91m 'output_linear GRAD_W | Max Time: 3.761 ms | Avg Time: 3.358 ms | Load Imbalance: 1.120' [0m
			|--[91m 'input_linear GRAD_W | Max Time: 10.640 ms | Avg Time: 9.247 ms | Load Imbalance: 1.151' [0m
		|--[96m 'gcn conv bwd | Max Time: 674.474 ms | Avg Time: 664.755 ms | Load Imbalance: 1.015' [0m
			|--[91m 'GRAD_AGG = GRAD_OUT * W.T | Max Time: 40.838 ms | Avg Time: 35.783 ms | Load Imbalance: 1.141' [0m
			|--[91m 'allreduce lowp comm dtype | Max Time: 18.697 ms | Avg Time: 18.648 ms | Load Imbalance: 1.003' [0m
			|--[91m 'allreduce lowp | Max Time: 233.288 ms | Avg Time: 221.780 ms | Load Imbalance: 1.052' [0m
			|--[91m 'allreduce copy back | Max Time: 26.230 ms | Avg Time: 22.879 ms | Load Imbalance: 1.147' [0m
			|--[91m 'GRAD_W = AGG.T * GRAD_OUT | Max Time: 51.291 ms | Avg Time: 42.347 ms | Load Imbalance: 1.211' [0m
			|--[91m 'ReduceScatter grad_weight | Max Time: 8.704 ms | Avg Time: 8.076 ms | Load Imbalance: 1.078' [0m
				|--[95m 'reduce-scatter | Max Time: 8.433 ms | Avg Time: 7.801 ms | Load Imbalance: 1.081' [0m
					|--[92m 'reduce-scatter-dist | Max Time: 8.297 ms | Avg Time: 7.663 ms | Load Imbalance: 1.083' [0m
			|--[91m 'GRAD_H = A.T * GRAD_AGG | Max Time: 41.250 ms | Avg Time: 37.818 ms | Load Imbalance: 1.091' [0m
			|--[91m 'allreduce grad_x | Max Time: 268.697 ms | Avg Time: 256.910 ms | Load Imbalance: 1.046' [0m
				|--[95m 'allreduce lowp comm dtype | Max Time: 18.678 ms | Avg Time: 18.651 ms | Load Imbalance: 1.001' [0m
				|--[95m 'allreduce lowp | Max Time: 226.571 ms | Avg Time: 214.548 ms | Load Imbalance: 1.056' [0m
				|--[95m 'allreduce copy back | Max Time: 26.225 ms | Avg Time: 22.877 ms | Load Imbalance: 1.146' [0m
			|--[91m 'gather | Max Time: 30.476 ms | Avg Time: 18.552 ms | Load Imbalance: 1.643' [0m
		|--[96m 'sync_norm_gradients | Max Time: 32.038 ms | Avg Time: 20.761 ms | Load Imbalance: 1.543' [0m
		|--[96m 'sync_data_parallel_gradients | Max Time: 0.083 ms | Avg Time: 0.069 ms | Load Imbalance: 1.202' [0m

Epoch: 009, Train Loss: 3.2895
rank 0 Peak GPU memory: 18.22 GB
