/pscratch/sd/h/hmuki/plexus/plexus/utils/dataloader.py:412: UserWarning: Sparse invariant checks are implicitly disabled. Memory errors (e.g. SEGFAULT) will occur when operating on a sparse tensor which violates the invariants, but checks incur performance overhead. To silence this warning, explicitly opt in or out. See `torch.sparse.check_sparse_tensor_invariants.__doc__` for guidance.  (Triggered internally at /pytorch/aten/src/ATen/Context.cpp:760.)
  adj_local = torch.sparse_coo_tensor(
/pscratch/sd/h/hmuki/plexus/plexus/utils/dataloader.py:412: UserWarning: Sparse invariant checks are implicitly disabled. Memory errors (e.g. SEGFAULT) will occur when operating on a sparse tensor which violates the invariants, but checks incur performance overhead. To silence this warning, explicitly opt in or out. See `torch.sparse.check_sparse_tensor_invariants.__doc__` for guidance.  (Triggered internally at /pytorch/aten/src/ATen/Context.cpp:760.)
  adj_local = torch.sparse_coo_tensor(
/pscratch/sd/h/hmuki/plexus/plexus/utils/dataloader.py:412: UserWarning: Sparse invariant checks are implicitly disabled. Memory errors (e.g. SEGFAULT) will occur when operating on a sparse tensor which violates the invariants, but checks incur performance overhead. To silence this warning, explicitly opt in or out. See `torch.sparse.check_sparse_tensor_invariants.__doc__` for guidance.  (Triggered internally at /pytorch/aten/src/ATen/Context.cpp:760.)
  adj_local = torch.sparse_coo_tensor(
/pscratch/sd/h/hmuki/plexus/plexus/utils/dataloader.py:412: UserWarning: Sparse invariant checks are implicitly disabled. Memory errors (e.g. SEGFAULT) will occur when operating on a sparse tensor which violates the invariants, but checks incur performance overhead. To silence this warning, explicitly opt in or out. See `torch.sparse.check_sparse_tensor_invariants.__doc__` for guidance.  (Triggered internally at /pytorch/aten/src/ATen/Context.cpp:760.)
  adj_local = torch.sparse_coo_tensor(
/pscratch/sd/h/hmuki/plexus/plexus/utils/dataloader.py:412: UserWarning: Sparse invariant checks are implicitly disabled. Memory errors (e.g. SEGFAULT) will occur when operating on a sparse tensor which violates the invariants, but checks incur performance overhead. To silence this warning, explicitly opt in or out. See `torch.sparse.check_sparse_tensor_invariants.__doc__` for guidance.  (Triggered internally at /pytorch/aten/src/ATen/Context.cpp:760.)
  adj_local = torch.sparse_coo_tensor(
/pscratch/sd/h/hmuki/plexus/plexus/utils/dataloader.py:412: UserWarning: Sparse invariant checks are implicitly disabled. Memory errors (e.g. SEGFAULT) will occur when operating on a sparse tensor which violates the invariants, but checks incur performance overhead. To silence this warning, explicitly opt in or out. See `torch.sparse.check_sparse_tensor_invariants.__doc__` for guidance.  (Triggered internally at /pytorch/aten/src/ATen/Context.cpp:760.)
  adj_local = torch.sparse_coo_tensor(
/pscratch/sd/h/hmuki/plexus/plexus/utils/dataloader.py:412: UserWarning: Sparse invariant checks are implicitly disabled. Memory errors (e.g. SEGFAULT) will occur when operating on a sparse tensor which violates the invariants, but checks incur performance overhead. To silence this warning, explicitly opt in or out. See `torch.sparse.check_sparse_tensor_invariants.__doc__` for guidance.  (Triggered internally at /pytorch/aten/src/ATen/Context.cpp:760.)
  adj_local = torch.sparse_coo_tensor(
/pscratch/sd/h/hmuki/plexus/plexus/utils/dataloader.py:412: UserWarning: Sparse invariant checks are implicitly disabled. Memory errors (e.g. SEGFAULT) will occur when operating on a sparse tensor which violates the invariants, but checks incur performance overhead. To silence this warning, explicitly opt in or out. See `torch.sparse.check_sparse_tensor_invariants.__doc__` for guidance.  (Triggered internally at /pytorch/aten/src/ATen/Context.cpp:760.)
  adj_local = torch.sparse_coo_tensor(
/pscratch/sd/h/hmuki/plexus/plexus/utils/dataloader.py:412: UserWarning: Sparse invariant checks are implicitly disabled. Memory errors (e.g. SEGFAULT) will occur when operating on a sparse tensor which violates the invariants, but checks incur performance overhead. To silence this warning, explicitly opt in or out. See `torch.sparse.check_sparse_tensor_invariants.__doc__` for guidance.  (Triggered internally at /pytorch/aten/src/ATen/Context.cpp:760.)
  adj_local = torch.sparse_coo_tensor(
/pscratch/sd/h/hmuki/plexus/plexus/utils/dataloader.py:412: UserWarning: Sparse invariant checks are implicitly disabled. Memory errors (e.g. SEGFAULT) will occur when operating on a sparse tensor which violates the invariants, but checks incur performance overhead. To silence this warning, explicitly opt in or out. See `torch.sparse.check_sparse_tensor_invariants.__doc__` for guidance.  (Triggered internally at /pytorch/aten/src/ATen/Context.cpp:760.)
  adj_local = torch.sparse_coo_tensor(
/pscratch/sd/h/hmuki/plexus/plexus/utils/dataloader.py:412: UserWarning: Sparse invariant checks are implicitly disabled. Memory errors (e.g. SEGFAULT) will occur when operating on a sparse tensor which violates the invariants, but checks incur performance overhead. To silence this warning, explicitly opt in or out. See `torch.sparse.check_sparse_tensor_invariants.__doc__` for guidance.  (Triggered internally at /pytorch/aten/src/ATen/Context.cpp:760.)
  adj_local = torch.sparse_coo_tensor(
/pscratch/sd/h/hmuki/plexus/plexus/utils/dataloader.py:412: UserWarning: Sparse invariant checks are implicitly disabled. Memory errors (e.g. SEGFAULT) will occur when operating on a sparse tensor which violates the invariants, but checks incur performance overhead. To silence this warning, explicitly opt in or out. See `torch.sparse.check_sparse_tensor_invariants.__doc__` for guidance.  (Triggered internally at /pytorch/aten/src/ATen/Context.cpp:760.)
  adj_local = torch.sparse_coo_tensor(
/pscratch/sd/h/hmuki/plexus/plexus/utils/dataloader.py:425: UserWarning: Sparse CSR tensor support is in beta state. If you miss a functionality in the sparse tensor support, please submit a feature request to https://github.com/pytorch/pytorch/issues. (Triggered internally at /pytorch/aten/src/ATen/SparseCsrTensorImpl.cpp:49.)
  adj_local = adj_local.to_sparse_csr()
/pscratch/sd/h/hmuki/plexus/plexus/utils/dataloader.py:425: UserWarning: Sparse CSR tensor support is in beta state. If you miss a functionality in the sparse tensor support, please submit a feature request to https://github.com/pytorch/pytorch/issues. (Triggered internally at /pytorch/aten/src/ATen/SparseCsrTensorImpl.cpp:49.)
  adj_local = adj_local.to_sparse_csr()
/pscratch/sd/h/hmuki/plexus/plexus/utils/dataloader.py:425: UserWarning: Sparse CSR tensor support is in beta state. If you miss a functionality in the sparse tensor support, please submit a feature request to https://github.com/pytorch/pytorch/issues. (Triggered internally at /pytorch/aten/src/ATen/SparseCsrTensorImpl.cpp:49.)
  adj_local = adj_local.to_sparse_csr()
/pscratch/sd/h/hmuki/plexus/plexus/utils/dataloader.py:425: UserWarning: Sparse CSR tensor support is in beta state. If you miss a functionality in the sparse tensor support, please submit a feature request to https://github.com/pytorch/pytorch/issues. (Triggered internally at /pytorch/aten/src/ATen/SparseCsrTensorImpl.cpp:49.)
  adj_local = adj_local.to_sparse_csr()
/pscratch/sd/h/hmuki/plexus/plexus/utils/dataloader.py:425: UserWarning: Sparse CSR tensor support is in beta state. If you miss a functionality in the sparse tensor support, please submit a feature request to https://github.com/pytorch/pytorch/issues. (Triggered internally at /pytorch/aten/src/ATen/SparseCsrTensorImpl.cpp:49.)
  adj_local = adj_local.to_sparse_csr()
/pscratch/sd/h/hmuki/plexus/plexus/utils/dataloader.py:425: UserWarning: Sparse CSR tensor support is in beta state. If you miss a functionality in the sparse tensor support, please submit a feature request to https://github.com/pytorch/pytorch/issues. (Triggered internally at /pytorch/aten/src/ATen/SparseCsrTensorImpl.cpp:49.)
  adj_local = adj_local.to_sparse_csr()
/pscratch/sd/h/hmuki/plexus/plexus/utils/dataloader.py:425: UserWarning: Sparse CSR tensor support is in beta state. If you miss a functionality in the sparse tensor support, please submit a feature request to https://github.com/pytorch/pytorch/issues. (Triggered internally at /pytorch/aten/src/ATen/SparseCsrTensorImpl.cpp:49.)
  adj_local = adj_local.to_sparse_csr()
/pscratch/sd/h/hmuki/plexus/plexus/utils/dataloader.py:425: UserWarning: Sparse CSR tensor support is in beta state. If you miss a functionality in the sparse tensor support, please submit a feature request to https://github.com/pytorch/pytorch/issues. (Triggered internally at /pytorch/aten/src/ATen/SparseCsrTensorImpl.cpp:49.)
  adj_local = adj_local.to_sparse_csr()
/pscratch/sd/h/hmuki/plexus/plexus/utils/dataloader.py:425: UserWarning: Sparse CSR tensor support is in beta state. If you miss a functionality in the sparse tensor support, please submit a feature request to https://github.com/pytorch/pytorch/issues. (Triggered internally at /pytorch/aten/src/ATen/SparseCsrTensorImpl.cpp:49.)
  adj_local = adj_local.to_sparse_csr()
/pscratch/sd/h/hmuki/plexus/plexus/utils/dataloader.py:425: UserWarning: Sparse CSR tensor support is in beta state. If you miss a functionality in the sparse tensor support, please submit a feature request to https://github.com/pytorch/pytorch/issues. (Triggered internally at /pytorch/aten/src/ATen/SparseCsrTensorImpl.cpp:49.)
  adj_local = adj_local.to_sparse_csr()
/pscratch/sd/h/hmuki/plexus/plexus/utils/dataloader.py:425: UserWarning: Sparse CSR tensor support is in beta state. If you miss a functionality in the sparse tensor support, please submit a feature request to https://github.com/pytorch/pytorch/issues. (Triggered internally at /pytorch/aten/src/ATen/SparseCsrTensorImpl.cpp:49.)
  adj_local = adj_local.to_sparse_csr()
/pscratch/sd/h/hmuki/plexus/plexus/utils/dataloader.py:425: UserWarning: Sparse CSR tensor support is in beta state. If you miss a functionality in the sparse tensor support, please submit a feature request to https://github.com/pytorch/pytorch/issues. (Triggered internally at /pytorch/aten/src/ATen/SparseCsrTensorImpl.cpp:49.)
  adj_local = adj_local.to_sparse_csr()
/pscratch/sd/h/hmuki/plexus/plexus/utils/dataloader.py:412: UserWarning: Sparse invariant checks are implicitly disabled. Memory errors (e.g. SEGFAULT) will occur when operating on a sparse tensor which violates the invariants, but checks incur performance overhead. To silence this warning, explicitly opt in or out. See `torch.sparse.check_sparse_tensor_invariants.__doc__` for guidance.  (Triggered internally at /pytorch/aten/src/ATen/Context.cpp:760.)
  adj_local = torch.sparse_coo_tensor(
/pscratch/sd/h/hmuki/plexus/plexus/utils/dataloader.py:412: UserWarning: Sparse invariant checks are implicitly disabled. Memory errors (e.g. SEGFAULT) will occur when operating on a sparse tensor which violates the invariants, but checks incur performance overhead. To silence this warning, explicitly opt in or out. See `torch.sparse.check_sparse_tensor_invariants.__doc__` for guidance.  (Triggered internally at /pytorch/aten/src/ATen/Context.cpp:760.)
  adj_local = torch.sparse_coo_tensor(
/pscratch/sd/h/hmuki/plexus/plexus/utils/dataloader.py:412: UserWarning: Sparse invariant checks are implicitly disabled. Memory errors (e.g. SEGFAULT) will occur when operating on a sparse tensor which violates the invariants, but checks incur performance overhead. To silence this warning, explicitly opt in or out. See `torch.sparse.check_sparse_tensor_invariants.__doc__` for guidance.  (Triggered internally at /pytorch/aten/src/ATen/Context.cpp:760.)
  adj_local = torch.sparse_coo_tensor(
/pscratch/sd/h/hmuki/plexus/plexus/utils/dataloader.py:412: UserWarning: Sparse invariant checks are implicitly disabled. Memory errors (e.g. SEGFAULT) will occur when operating on a sparse tensor which violates the invariants, but checks incur performance overhead. To silence this warning, explicitly opt in or out. See `torch.sparse.check_sparse_tensor_invariants.__doc__` for guidance.  (Triggered internally at /pytorch/aten/src/ATen/Context.cpp:760.)
  adj_local = torch.sparse_coo_tensor(
/pscratch/sd/h/hmuki/plexus/plexus/utils/dataloader.py:425: UserWarning: Sparse CSR tensor support is in beta state. If you miss a functionality in the sparse tensor support, please submit a feature request to https://github.com/pytorch/pytorch/issues. (Triggered internally at /pytorch/aten/src/ATen/SparseCsrTensorImpl.cpp:49.)
  adj_local = adj_local.to_sparse_csr()
/pscratch/sd/h/hmuki/plexus/plexus/utils/dataloader.py:425: UserWarning: Sparse CSR tensor support is in beta state. If you miss a functionality in the sparse tensor support, please submit a feature request to https://github.com/pytorch/pytorch/issues. (Triggered internally at /pytorch/aten/src/ATen/SparseCsrTensorImpl.cpp:49.)
  adj_local = adj_local.to_sparse_csr()
/pscratch/sd/h/hmuki/plexus/plexus/utils/dataloader.py:425: UserWarning: Sparse CSR tensor support is in beta state. If you miss a functionality in the sparse tensor support, please submit a feature request to https://github.com/pytorch/pytorch/issues. (Triggered internally at /pytorch/aten/src/ATen/SparseCsrTensorImpl.cpp:49.)
  adj_local = adj_local.to_sparse_csr()
/pscratch/sd/h/hmuki/plexus/plexus/utils/dataloader.py:425: UserWarning: Sparse CSR tensor support is in beta state. If you miss a functionality in the sparse tensor support, please submit a feature request to https://github.com/pytorch/pytorch/issues. (Triggered internally at /pytorch/aten/src/ATen/SparseCsrTensorImpl.cpp:49.)
  adj_local = adj_local.to_sparse_csr()
[info] RMSNorm + ReLU + Dropout fused and compiled with torch.compile
steps_per_epoch:  21
steps_per_epoch:  21
steps_per_epoch:  21
steps_per_epoch:  21
steps_per_epoch:  21
steps_per_epoch:  21
steps_per_epoch:  21
steps_per_epoch:  21
steps_per_epoch:  21
steps_per_epoch:  21
steps_per_epoch:  21
steps_per_epoch:  21
steps_per_epoch:  21
steps_per_epoch:  21
steps_per_epoch:  21
steps_per_epoch:  21
Epoch: 000, Train Loss: 3.4520
Epoch: 001, Train Loss: 3.3474
Epoch: 002, Train Loss: 3.2856
Epoch: 003, Train Loss: 3.2393
Epoch: 004, Train Loss: 3.2045
Epoch: 005, Train Loss: 3.1938
Epoch: 006, Train Loss: 3.1618
Epoch: 007, Train Loss: 3.1446
Epoch: 008, Train Loss: 3.1292
rank 3 Peak GPU memory: 7.05 GB
rank 2 Peak GPU memory: 6.97 GB
rank 1 Peak GPU memory: 6.97 GB
rank 4 Peak GPU memory: 7.24 GB
rank 7 Peak GPU memory: 7.05 GB
rank 6 Peak GPU memory: 6.97 GB
rank 8 Peak GPU memory: 7.05 GB
rank 11 Peak GPU memory: 7.24 GB
rank 5 Peak GPU memory: 6.97 GB
rank 10 Peak GPU memory: 6.96 GB
rank 9 Peak GPU memory: 6.97 GB
rank 13 Peak GPU memory: 6.97 GB
rank 12 Peak GPU memory: 7.05 GB
rank 14 Peak GPU memory: 6.97 GB
rank 15 Peak GPU memory: 7.24 GB
|--[95m 'drop | Max Time: 0.246 ms | Avg Time: 0.210 ms | Load Imbalance: 1.169' [0m

|--[95m 'epoch 0 | Max Time: 7188.008 ms | Avg Time: 7186.938 ms | Load Imbalance: 1.000' [0m
	|--[92m 'minibatch prep | Max Time: 373.082 ms | Avg Time: 357.047 ms | Load Imbalance: 1.045' [0m
		|--[96m 'sample nodes | Max Time: 92.644 ms | Avg Time: 91.319 ms | Load Imbalance: 1.015' [0m
		|--[96m 'compact indices | Max Time: 22.627 ms | Avg Time: 22.265 ms | Load Imbalance: 1.016' [0m
		|--[96m 'compact adj shards | Max Time: 240.780 ms | Avg Time: 225.846 ms | Load Imbalance: 1.066' [0m
			|--[91m 'compact layout prep | Max Time: 77.123 ms | Avg Time: 66.158 ms | Load Imbalance: 1.166' [0m
			|--[91m 'compact csr: indices | Max Time: 1.459 ms | Avg Time: 1.395 ms | Load Imbalance: 1.046' [0m
			|--[91m 'compact csr: row ptrs | Max Time: 17.498 ms | Avg Time: 16.996 ms | Load Imbalance: 1.030' [0m
			|--[91m 'compact csr: nnz index | Max Time: 22.758 ms | Avg Time: 21.751 ms | Load Imbalance: 1.046' [0m
			|--[91m 'compact csr: select nnz | Max Time: 7.143 ms | Avg Time: 6.646 ms | Load Imbalance: 1.075' [0m
			|--[91m 'compact csr: col map | Max Time: 12.093 ms | Avg Time: 11.665 ms | Load Imbalance: 1.037' [0m
			|--[91m 'compact csr: edge scale | Max Time: 23.358 ms | Avg Time: 21.254 ms | Load Imbalance: 1.099' [0m
			|--[91m 'compact csr: crow | Max Time: 31.538 ms | Avg Time: 30.986 ms | Load Imbalance: 1.018' [0m
			|--[91m 'compact csr: adjt direct | Max Time: 25.498 ms | Avg Time: 24.154 ms | Load Imbalance: 1.056' [0m
		|--[96m 'compact feature slice | Max Time: 6.663 ms | Avg Time: 6.621 ms | Load Imbalance: 1.006' [0m
		|--[96m 'compact label slice | Max Time: 7.994 ms | Avg Time: 7.470 ms | Load Imbalance: 1.070' [0m
	|--[92m 'train step | Max Time: 6838.209 ms | Avg Time: 6828.839 ms | Load Imbalance: 1.001' [0m
		|--[96m 'input_linear | Max Time: 282.550 ms | Avg Time: 237.925 ms | Load Imbalance: 1.188' [0m
			|--[91m 'input_linear X * W | Max Time: 52.990 ms | Avg Time: 45.590 ms | Load Imbalance: 1.162' [0m
			|--[91m 'all-reduce | Max Time: 235.580 ms | Avg Time: 188.590 ms | Load Imbalance: 1.249' [0m
			|--[91m 'OUT + BIAS | Max Time: 2.990 ms | Avg Time: 2.982 ms | Load Imbalance: 1.003' [0m
		|--[96m 'gcn conv fwd | Max Time: 1080.632 ms | Avg Time: 978.821 ms | Load Imbalance: 1.104' [0m
			|--[91m 'AGG = A * H | Max Time: 40.163 ms | Avg Time: 33.331 ms | Load Imbalance: 1.205' [0m
			|--[91m 'allreduce H | Max Time: 469.639 ms | Avg Time: 404.126 ms | Load Imbalance: 1.162' [0m
				|--[95m 'allreduce lowp comm dtype | Max Time: 8.949 ms | Avg Time: 8.851 ms | Load Imbalance: 1.011' [0m
				|--[95m 'allreduce lowp | Max Time: 449.520 ms | Avg Time: 384.027 ms | Load Imbalance: 1.171' [0m
				|--[95m 'allreduce copy back | Max Time: 10.657 ms | Avg Time: 10.625 ms | Load Imbalance: 1.003' [0m
			|--[91m 'Allgather W | Max Time: 72.884 ms | Avg Time: 40.887 ms | Load Imbalance: 1.783' [0m
				|--[95m 'gather | Max Time: 72.567 ms | Avg Time: 40.571 ms | Load Imbalance: 1.789' [0m
			|--[91m 'OUT = AGG * W | Max Time: 22.148 ms | Avg Time: 22.067 ms | Load Imbalance: 1.004' [0m
			|--[91m 'allreduce Q | Max Time: 529.773 ms | Avg Time: 477.439 ms | Load Imbalance: 1.110' [0m
				|--[95m 'allreduce lowp comm dtype | Max Time: 8.914 ms | Avg Time: 8.897 ms | Load Imbalance: 1.002' [0m
				|--[95m 'allreduce lowp | Max Time: 509.706 ms | Avg Time: 457.340 ms | Load Imbalance: 1.115' [0m
				|--[95m 'allreduce copy back | Max Time: 10.642 ms | Avg Time: 10.606 ms | Load Imbalance: 1.003' [0m
		|--[96m 'activation | Max Time: 3847.784 ms | Avg Time: 3707.805 ms | Load Imbalance: 1.038' [0m
			|--[91m 'all-reduce | Max Time: 88.968 ms | Avg Time: 52.390 ms | Load Imbalance: 1.698' [0m
		|--[96m 'output_linear | Max Time: 89.707 ms | Avg Time: 61.202 ms | Load Imbalance: 1.466' [0m
			|--[91m 'output_linear X * W | Max Time: 3.021 ms | Avg Time: 2.815 ms | Load Imbalance: 1.073' [0m
			|--[91m 'all-reduce | Max Time: 85.788 ms | Avg Time: 57.292 ms | Load Imbalance: 1.497' [0m
			|--[91m 'OUT + BIAS | Max Time: 0.834 ms | Avg Time: 0.826 ms | Load Imbalance: 1.010' [0m
		|--[96m 'cross entropy fwd | Max Time: 136.475 ms | Avg Time: 107.978 ms | Load Imbalance: 1.264' [0m
		|--[96m 'cross entropy bwd | Max Time: 11.879 ms | Avg Time: 4.745 ms | Load Imbalance: 2.503' [0m
		|--[96m 'linear_3d_bwd | Max Time: 75.484 ms | Avg Time: 65.337 ms | Load Imbalance: 1.155' [0m
			|--[91m 'output_linear GRAD_X | Max Time: 10.942 ms | Avg Time: 5.077 ms | Load Imbalance: 2.155' [0m
			|--[91m 'all-reduce | Max Time: 60.905 ms | Avg Time: 42.384 ms | Load Imbalance: 1.437' [0m
			|--[91m 'output_linear GRAD_W | Max Time: 11.875 ms | Avg Time: 8.393 ms | Load Imbalance: 1.415' [0m
			|--[91m 'input_linear GRAD_W | Max Time: 4.472 ms | Avg Time: 4.447 ms | Load Imbalance: 1.006' [0m
		|--[96m 'gcn conv bwd | Max Time: 688.379 ms | Avg Time: 604.733 ms | Load Imbalance: 1.138' [0m
			|--[91m 'gather | Max Time: 139.877 ms | Avg Time: 46.995 ms | Load Imbalance: 2.976' [0m
			|--[91m 'GRAD_AGG = GRAD_OUT * W.T | Max Time: 32.589 ms | Avg Time: 22.338 ms | Load Imbalance: 1.459' [0m
			|--[91m 'allreduce lowp comm dtype | Max Time: 8.761 ms | Avg Time: 8.688 ms | Load Imbalance: 1.008' [0m
			|--[91m 'allreduce lowp | Max Time: 341.843 ms | Avg Time: 241.691 ms | Load Imbalance: 1.414' [0m
			|--[91m 'allreduce copy back | Max Time: 10.656 ms | Avg Time: 10.621 ms | Load Imbalance: 1.003' [0m
			|--[91m 'GRAD_W = AGG.T * GRAD_OUT | Max Time: 21.937 ms | Avg Time: 21.831 ms | Load Imbalance: 1.005' [0m
			|--[91m 'ReduceScatter grad_weight | Max Time: 11.646 ms | Avg Time: 7.829 ms | Load Imbalance: 1.488' [0m
				|--[95m 'reduce-scatter | Max Time: 11.351 ms | Avg Time: 7.533 ms | Load Imbalance: 1.507' [0m
					|--[92m 'reduce-scatter-dist | Max Time: 11.054 ms | Avg Time: 7.237 ms | Load Imbalance: 1.527' [0m
			|--[91m 'GRAD_H = A.T * GRAD_AGG | Max Time: 22.927 ms | Avg Time: 19.076 ms | Load Imbalance: 1.202' [0m
			|--[91m 'allreduce grad_x | Max Time: 227.835 ms | Avg Time: 224.144 ms | Load Imbalance: 1.016' [0m
				|--[95m 'allreduce lowp comm dtype | Max Time: 8.760 ms | Avg Time: 8.683 ms | Load Imbalance: 1.009' [0m
				|--[95m 'allreduce lowp | Max Time: 207.949 ms | Avg Time: 204.237 ms | Load Imbalance: 1.018' [0m
				|--[95m 'allreduce copy back | Max Time: 10.663 ms | Avg Time: 10.628 ms | Load Imbalance: 1.003' [0m
		|--[96m 'sync_norm_gradients | Max Time: 127.233 ms | Avg Time: 65.341 ms | Load Imbalance: 1.947' [0m
		|--[96m 'sync_data_parallel_gradients | Max Time: 0.059 ms | Avg Time: 0.050 ms | Load Imbalance: 1.175' [0m

|--[95m 'epoch 1 | Max Time: 1553.228 ms | Avg Time: 1553.215 ms | Load Imbalance: 1.000' [0m
	|--[92m 'minibatch prep | Max Time: 249.043 ms | Avg Time: 235.563 ms | Load Imbalance: 1.057' [0m
		|--[96m 'sample nodes | Max Time: 73.400 ms | Avg Time: 73.187 ms | Load Imbalance: 1.003' [0m
		|--[96m 'compact indices | Max Time: 12.692 ms | Avg Time: 12.506 ms | Load Imbalance: 1.015' [0m
		|--[96m 'compact adj shards | Max Time: 153.307 ms | Avg Time: 139.991 ms | Load Imbalance: 1.095' [0m
			|--[91m 'compact layout prep | Max Time: 32.320 ms | Avg Time: 22.598 ms | Load Imbalance: 1.430' [0m
			|--[91m 'compact csr: indices | Max Time: 1.351 ms | Avg Time: 1.299 ms | Load Imbalance: 1.040' [0m
			|--[91m 'compact csr: row ptrs | Max Time: 8.175 ms | Avg Time: 7.988 ms | Load Imbalance: 1.024' [0m
			|--[91m 'compact csr: nnz index | Max Time: 18.767 ms | Avg Time: 17.704 ms | Load Imbalance: 1.060' [0m
			|--[91m 'compact csr: select nnz | Max Time: 7.113 ms | Avg Time: 6.636 ms | Load Imbalance: 1.072' [0m
			|--[91m 'compact csr: col map | Max Time: 12.098 ms | Avg Time: 11.670 ms | Load Imbalance: 1.037' [0m
			|--[91m 'compact csr: edge scale | Max Time: 14.243 ms | Avg Time: 14.000 ms | Load Imbalance: 1.017' [0m
			|--[91m 'compact csr: crow | Max Time: 11.658 ms | Avg Time: 11.346 ms | Load Imbalance: 1.028' [0m
			|--[91m 'compact csr: adjt direct | Max Time: 24.576 ms | Avg Time: 23.290 ms | Load Imbalance: 1.055' [0m
		|--[96m 'compact feature slice | Max Time: 6.226 ms | Avg Time: 6.196 ms | Load Imbalance: 1.005' [0m
		|--[96m 'compact label slice | Max Time: 0.762 ms | Avg Time: 0.755 ms | Load Imbalance: 1.009' [0m
	|--[92m 'train step | Max Time: 1323.066 ms | Avg Time: 1316.670 ms | Load Imbalance: 1.005' [0m
		|--[96m 'input_linear | Max Time: 57.862 ms | Avg Time: 43.119 ms | Load Imbalance: 1.342' [0m
			|--[91m 'input_linear X * W | Max Time: 4.954 ms | Avg Time: 4.873 ms | Load Imbalance: 1.017' [0m
			|--[91m 'all-reduce | Max Time: 49.497 ms | Avg Time: 34.793 ms | Load Imbalance: 1.423' [0m
			|--[91m 'OUT + BIAS | Max Time: 2.985 ms | Avg Time: 2.977 ms | Load Imbalance: 1.003' [0m
		|--[96m 'gcn conv fwd | Max Time: 517.303 ms | Avg Time: 508.741 ms | Load Imbalance: 1.017' [0m
			|--[91m 'AGG = A * H | Max Time: 23.131 ms | Avg Time: 18.996 ms | Load Imbalance: 1.218' [0m
			|--[91m 'allreduce H | Max Time: 244.094 ms | Avg Time: 232.151 ms | Load Imbalance: 1.051' [0m
				|--[95m 'allreduce lowp comm dtype | Max Time: 8.789 ms | Avg Time: 8.712 ms | Load Imbalance: 1.009' [0m
				|--[95m 'allreduce lowp | Max Time: 224.205 ms | Avg Time: 212.223 ms | Load Imbalance: 1.056' [0m
				|--[95m 'allreduce copy back | Max Time: 10.668 ms | Avg Time: 10.620 ms | Load Imbalance: 1.005' [0m
			|--[91m 'Allgather W | Max Time: 13.716 ms | Avg Time: 9.993 ms | Load Imbalance: 1.372' [0m
				|--[95m 'gather | Max Time: 13.420 ms | Avg Time: 9.695 ms | Load Imbalance: 1.384' [0m
			|--[91m 'OUT = AGG * W | Max Time: 21.823 ms | Avg Time: 21.707 ms | Load Imbalance: 1.005' [0m
			|--[91m 'allreduce Q | Max Time: 230.068 ms | Avg Time: 225.000 ms | Load Imbalance: 1.023' [0m
				|--[95m 'allreduce lowp comm dtype | Max Time: 8.919 ms | Avg Time: 8.899 ms | Load Imbalance: 1.002' [0m
				|--[95m 'allreduce lowp | Max Time: 209.989 ms | Avg Time: 204.898 ms | Load Imbalance: 1.025' [0m
				|--[95m 'allreduce copy back | Max Time: 10.645 ms | Avg Time: 10.605 ms | Load Imbalance: 1.004' [0m
		|--[96m 'activation | Max Time: 42.042 ms | Avg Time: 39.652 ms | Load Imbalance: 1.060' [0m
			|--[91m 'all-reduce | Max Time: 21.099 ms | Avg Time: 18.719 ms | Load Imbalance: 1.127' [0m
		|--[96m 'output_linear | Max Time: 47.992 ms | Avg Time: 47.468 ms | Load Imbalance: 1.011' [0m
			|--[91m 'output_linear X * W | Max Time: 2.647 ms | Avg Time: 2.621 ms | Load Imbalance: 1.010' [0m
			|--[91m 'all-reduce | Max Time: 44.348 ms | Avg Time: 43.823 ms | Load Imbalance: 1.012' [0m
			|--[91m 'OUT + BIAS | Max Time: 0.832 ms | Avg Time: 0.825 ms | Load Imbalance: 1.009' [0m
		|--[96m 'cross entropy fwd | Max Time: 25.004 ms | Avg Time: 24.767 ms | Load Imbalance: 1.010' [0m
		|--[96m 'cross entropy bwd | Max Time: 3.180 ms | Avg Time: 3.043 ms | Load Imbalance: 1.045' [0m
		|--[96m 'linear_3d_bwd | Max Time: 50.734 ms | Avg Time: 47.567 ms | Load Imbalance: 1.067' [0m
			|--[91m 'output_linear GRAD_X | Max Time: 2.989 ms | Avg Time: 2.708 ms | Load Imbalance: 1.104' [0m
			|--[91m 'all-reduce | Max Time: 37.248 ms | Avg Time: 33.337 ms | Load Imbalance: 1.117' [0m
			|--[91m 'output_linear GRAD_W | Max Time: 2.721 ms | Avg Time: 2.701 ms | Load Imbalance: 1.007' [0m
			|--[91m 'input_linear GRAD_W | Max Time: 4.472 ms | Avg Time: 4.447 ms | Load Imbalance: 1.006' [0m
		|--[96m 'gcn conv bwd | Max Time: 529.855 ms | Avg Time: 529.234 ms | Load Imbalance: 1.001' [0m
			|--[91m 'gather | Max Time: 10.397 ms | Avg Time: 7.171 ms | Load Imbalance: 1.450' [0m
			|--[91m 'GRAD_AGG = GRAD_OUT * W.T | Max Time: 21.620 ms | Avg Time: 21.543 ms | Load Imbalance: 1.004' [0m
			|--[91m 'allreduce lowp comm dtype | Max Time: 8.782 ms | Avg Time: 8.682 ms | Load Imbalance: 1.012' [0m
			|--[91m 'allreduce lowp | Max Time: 211.988 ms | Avg Time: 210.559 ms | Load Imbalance: 1.007' [0m
			|--[91m 'allreduce copy back | Max Time: 10.659 ms | Avg Time: 10.622 ms | Load Imbalance: 1.003' [0m
			|--[91m 'GRAD_W = AGG.T * GRAD_OUT | Max Time: 21.861 ms | Avg Time: 21.748 ms | Load Imbalance: 1.005' [0m
			|--[91m 'ReduceScatter grad_weight | Max Time: 7.630 ms | Avg Time: 5.993 ms | Load Imbalance: 1.273' [0m
				|--[95m 'reduce-scatter | Max Time: 7.335 ms | Avg Time: 5.696 ms | Load Imbalance: 1.288' [0m
					|--[92m 'reduce-scatter-dist | Max Time: 7.040 ms | Avg Time: 5.400 ms | Load Imbalance: 1.304' [0m
			|--[91m 'GRAD_H = A.T * GRAD_AGG | Max Time: 22.889 ms | Avg Time: 18.760 ms | Load Imbalance: 1.220' [0m
			|--[91m 'allreduce grad_x | Max Time: 227.026 ms | Avg Time: 222.667 ms | Load Imbalance: 1.020' [0m
				|--[95m 'allreduce lowp comm dtype | Max Time: 8.762 ms | Avg Time: 8.681 ms | Load Imbalance: 1.009' [0m
				|--[95m 'allreduce lowp | Max Time: 207.135 ms | Avg Time: 202.761 ms | Load Imbalance: 1.022' [0m
				|--[95m 'allreduce copy back | Max Time: 10.667 ms | Avg Time: 10.629 ms | Load Imbalance: 1.004' [0m
		|--[96m 'sync_norm_gradients | Max Time: 2.036 ms | Avg Time: 1.828 ms | Load Imbalance: 1.114' [0m
		|--[96m 'sync_data_parallel_gradients | Max Time: 0.050 ms | Avg Time: 0.049 ms | Load Imbalance: 1.011' [0m

|--[95m 'epoch 2 | Max Time: 1555.363 ms | Avg Time: 1555.347 ms | Load Imbalance: 1.000' [0m
	|--[92m 'minibatch prep | Max Time: 249.350 ms | Avg Time: 235.819 ms | Load Imbalance: 1.057' [0m
		|--[96m 'sample nodes | Max Time: 73.383 ms | Avg Time: 73.159 ms | Load Imbalance: 1.003' [0m
		|--[96m 'compact indices | Max Time: 12.679 ms | Avg Time: 12.551 ms | Load Imbalance: 1.010' [0m
		|--[96m 'compact adj shards | Max Time: 153.657 ms | Avg Time: 140.216 ms | Load Imbalance: 1.096' [0m
			|--[91m 'compact layout prep | Max Time: 32.415 ms | Avg Time: 22.610 ms | Load Imbalance: 1.434' [0m
			|--[91m 'compact csr: indices | Max Time: 1.350 ms | Avg Time: 1.305 ms | Load Imbalance: 1.034' [0m
			|--[91m 'compact csr: row ptrs | Max Time: 8.148 ms | Avg Time: 7.997 ms | Load Imbalance: 1.019' [0m
			|--[91m 'compact csr: nnz index | Max Time: 18.795 ms | Avg Time: 17.715 ms | Load Imbalance: 1.061' [0m
			|--[91m 'compact csr: select nnz | Max Time: 7.123 ms | Avg Time: 6.639 ms | Load Imbalance: 1.073' [0m
			|--[91m 'compact csr: col map | Max Time: 12.099 ms | Avg Time: 11.677 ms | Load Imbalance: 1.036' [0m
			|--[91m 'compact csr: edge scale | Max Time: 14.200 ms | Avg Time: 14.001 ms | Load Imbalance: 1.014' [0m
			|--[91m 'compact csr: crow | Max Time: 11.574 ms | Avg Time: 11.317 ms | Load Imbalance: 1.023' [0m
			|--[91m 'compact csr: adjt direct | Max Time: 25.526 ms | Avg Time: 23.497 ms | Load Imbalance: 1.086' [0m
		|--[96m 'compact feature slice | Max Time: 6.222 ms | Avg Time: 6.200 ms | Load Imbalance: 1.004' [0m
		|--[96m 'compact label slice | Max Time: 0.759 ms | Avg Time: 0.755 ms | Load Imbalance: 1.006' [0m
	|--[92m 'train step | Max Time: 1323.940 ms | Avg Time: 1318.557 ms | Load Imbalance: 1.004' [0m
		|--[96m 'input_linear | Max Time: 57.102 ms | Avg Time: 43.297 ms | Load Imbalance: 1.319' [0m
			|--[91m 'input_linear X * W | Max Time: 4.947 ms | Avg Time: 4.879 ms | Load Imbalance: 1.014' [0m
			|--[91m 'all-reduce | Max Time: 48.655 ms | Avg Time: 34.949 ms | Load Imbalance: 1.392' [0m
			|--[91m 'OUT + BIAS | Max Time: 2.982 ms | Avg Time: 2.976 ms | Load Imbalance: 1.002' [0m
		|--[96m 'gcn conv fwd | Max Time: 519.495 ms | Avg Time: 508.338 ms | Load Imbalance: 1.022' [0m
			|--[91m 'AGG = A * H | Max Time: 23.135 ms | Avg Time: 19.002 ms | Load Imbalance: 1.217' [0m
			|--[91m 'allreduce H | Max Time: 246.421 ms | Avg Time: 230.946 ms | Load Imbalance: 1.067' [0m
				|--[95m 'allreduce lowp comm dtype | Max Time: 8.792 ms | Avg Time: 8.714 ms | Load Imbalance: 1.009' [0m
				|--[95m 'allreduce lowp | Max Time: 226.522 ms | Avg Time: 211.021 ms | Load Imbalance: 1.073' [0m
				|--[95m 'allreduce copy back | Max Time: 10.646 ms | Avg Time: 10.616 ms | Load Imbalance: 1.003' [0m
			|--[91m 'Allgather W | Max Time: 15.505 ms | Avg Time: 10.100 ms | Load Imbalance: 1.535' [0m
				|--[95m 'gather | Max Time: 15.207 ms | Avg Time: 9.803 ms | Load Imbalance: 1.551' [0m
			|--[91m 'OUT = AGG * W | Max Time: 21.776 ms | Avg Time: 21.701 ms | Load Imbalance: 1.003' [0m
			|--[91m 'allreduce Q | Max Time: 229.557 ms | Avg Time: 225.698 ms | Load Imbalance: 1.017' [0m
				|--[95m 'allreduce lowp comm dtype | Max Time: 8.905 ms | Avg Time: 8.896 ms | Load Imbalance: 1.001' [0m
				|--[95m 'allreduce lowp | Max Time: 209.474 ms | Avg Time: 205.600 ms | Load Imbalance: 1.019' [0m
				|--[95m 'allreduce copy back | Max Time: 10.643 ms | Avg Time: 10.604 ms | Load Imbalance: 1.004' [0m
		|--[96m 'activation | Max Time: 44.009 ms | Avg Time: 40.401 ms | Load Imbalance: 1.089' [0m
			|--[91m 'all-reduce | Max Time: 23.023 ms | Avg Time: 19.469 ms | Load Imbalance: 1.183' [0m
		|--[96m 'output_linear | Max Time: 48.235 ms | Avg Time: 47.599 ms | Load Imbalance: 1.013' [0m
			|--[91m 'output_linear X * W | Max Time: 2.647 ms | Avg Time: 2.620 ms | Load Imbalance: 1.010' [0m
			|--[91m 'all-reduce | Max Time: 44.598 ms | Avg Time: 43.955 ms | Load Imbalance: 1.015' [0m
			|--[91m 'OUT + BIAS | Max Time: 0.837 ms | Avg Time: 0.825 ms | Load Imbalance: 1.014' [0m
		|--[96m 'cross entropy fwd | Max Time: 26.193 ms | Avg Time: 25.482 ms | Load Imbalance: 1.028' [0m
		|--[96m 'cross entropy bwd | Max Time: 3.170 ms | Avg Time: 3.040 ms | Load Imbalance: 1.043' [0m
		|--[96m 'linear_3d_bwd | Max Time: 49.874 ms | Avg Time: 47.591 ms | Load Imbalance: 1.048' [0m
			|--[91m 'output_linear GRAD_X | Max Time: 2.968 ms | Avg Time: 2.686 ms | Load Imbalance: 1.105' [0m
			|--[91m 'all-reduce | Max Time: 36.350 ms | Avg Time: 33.354 ms | Load Imbalance: 1.090' [0m
			|--[91m 'output_linear GRAD_W | Max Time: 2.715 ms | Avg Time: 2.701 ms | Load Imbalance: 1.005' [0m
			|--[91m 'input_linear GRAD_W | Max Time: 4.473 ms | Avg Time: 4.447 ms | Load Imbalance: 1.006' [0m
		|--[96m 'gcn conv bwd | Max Time: 530.591 ms | Avg Time: 529.691 ms | Load Imbalance: 1.002' [0m
			|--[91m 'gather | Max Time: 8.876 ms | Avg Time: 7.117 ms | Load Imbalance: 1.247' [0m
			|--[91m 'GRAD_AGG = GRAD_OUT * W.T | Max Time: 21.623 ms | Avg Time: 21.546 ms | Load Imbalance: 1.004' [0m
			|--[91m 'allreduce lowp comm dtype | Max Time: 8.722 ms | Avg Time: 8.665 ms | Load Imbalance: 1.007' [0m
			|--[91m 'allreduce lowp | Max Time: 213.474 ms | Avg Time: 211.015 ms | Load Imbalance: 1.012' [0m
			|--[91m 'allreduce copy back | Max Time: 10.654 ms | Avg Time: 10.620 ms | Load Imbalance: 1.003' [0m
			|--[91m 'GRAD_W = AGG.T * GRAD_OUT | Max Time: 21.829 ms | Avg Time: 21.750 ms | Load Imbalance: 1.004' [0m
			|--[91m 'ReduceScatter grad_weight | Max Time: 10.900 ms | Avg Time: 7.634 ms | Load Imbalance: 1.428' [0m
				|--[95m 'reduce-scatter | Max Time: 10.606 ms | Avg Time: 7.338 ms | Load Imbalance: 1.445' [0m
					|--[92m 'reduce-scatter-dist | Max Time: 10.311 ms | Avg Time: 7.042 ms | Load Imbalance: 1.464' [0m
			|--[91m 'GRAD_H = A.T * GRAD_AGG | Max Time: 22.926 ms | Avg Time: 18.772 ms | Load Imbalance: 1.221' [0m
			|--[91m 'allreduce grad_x | Max Time: 226.314 ms | Avg Time: 221.081 ms | Load Imbalance: 1.024' [0m
				|--[95m 'allreduce lowp comm dtype | Max Time: 8.764 ms | Avg Time: 8.684 ms | Load Imbalance: 1.009' [0m
				|--[95m 'allreduce lowp | Max Time: 206.498 ms | Avg Time: 201.173 ms | Load Imbalance: 1.026' [0m
				|--[95m 'allreduce copy back | Max Time: 10.666 ms | Avg Time: 10.627 ms | Load Imbalance: 1.004' [0m
		|--[96m 'sync_norm_gradients | Max Time: 1.788 ms | Avg Time: 1.614 ms | Load Imbalance: 1.108' [0m
		|--[96m 'sync_data_parallel_gradients | Max Time: 0.050 ms | Avg Time: 0.049 ms | Load Imbalance: 1.019' [0m

|--[95m 'epoch 3 | Max Time: 1562.819 ms | Avg Time: 1562.796 ms | Load Imbalance: 1.000' [0m
	|--[92m 'minibatch prep | Max Time: 249.241 ms | Avg Time: 236.095 ms | Load Imbalance: 1.056' [0m
		|--[96m 'sample nodes | Max Time: 73.327 ms | Avg Time: 73.175 ms | Load Imbalance: 1.002' [0m
		|--[96m 'compact indices | Max Time: 12.667 ms | Avg Time: 12.485 ms | Load Imbalance: 1.015' [0m
		|--[96m 'compact adj shards | Max Time: 153.601 ms | Avg Time: 140.545 ms | Load Imbalance: 1.093' [0m
			|--[91m 'compact layout prep | Max Time: 32.434 ms | Avg Time: 22.630 ms | Load Imbalance: 1.433' [0m
			|--[91m 'compact csr: indices | Max Time: 1.352 ms | Avg Time: 1.296 ms | Load Imbalance: 1.044' [0m
			|--[91m 'compact csr: row ptrs | Max Time: 8.126 ms | Avg Time: 7.985 ms | Load Imbalance: 1.018' [0m
			|--[91m 'compact csr: nnz index | Max Time: 18.936 ms | Avg Time: 17.700 ms | Load Imbalance: 1.070' [0m
			|--[91m 'compact csr: select nnz | Max Time: 7.115 ms | Avg Time: 6.637 ms | Load Imbalance: 1.072' [0m
			|--[91m 'compact csr: col map | Max Time: 12.082 ms | Avg Time: 11.657 ms | Load Imbalance: 1.036' [0m
			|--[91m 'compact csr: edge scale | Max Time: 15.223 ms | Avg Time: 14.640 ms | Load Imbalance: 1.040' [0m
			|--[91m 'compact csr: crow | Max Time: 11.575 ms | Avg Time: 11.337 ms | Load Imbalance: 1.021' [0m
			|--[91m 'compact csr: adjt direct | Max Time: 24.507 ms | Avg Time: 23.255 ms | Load Imbalance: 1.054' [0m
		|--[96m 'compact feature slice | Max Time: 6.211 ms | Avg Time: 6.197 ms | Load Imbalance: 1.002' [0m
		|--[96m 'compact label slice | Max Time: 0.763 ms | Avg Time: 0.756 ms | Load Imbalance: 1.009' [0m
	|--[92m 'train step | Max Time: 1331.963 ms | Avg Time: 1325.727 ms | Load Imbalance: 1.005' [0m
		|--[96m 'input_linear | Max Time: 56.215 ms | Avg Time: 43.255 ms | Load Imbalance: 1.300' [0m
			|--[91m 'input_linear X * W | Max Time: 4.937 ms | Avg Time: 4.872 ms | Load Imbalance: 1.013' [0m
			|--[91m 'all-reduce | Max Time: 48.101 ms | Avg Time: 34.918 ms | Load Imbalance: 1.378' [0m
			|--[91m 'OUT + BIAS | Max Time: 2.986 ms | Avg Time: 2.976 ms | Load Imbalance: 1.003' [0m
		|--[96m 'gcn conv fwd | Max Time: 525.444 ms | Avg Time: 515.112 ms | Load Imbalance: 1.020' [0m
			|--[91m 'AGG = A * H | Max Time: 23.105 ms | Avg Time: 18.987 ms | Load Imbalance: 1.217' [0m
			|--[91m 'allreduce H | Max Time: 245.952 ms | Avg Time: 233.521 ms | Load Imbalance: 1.053' [0m
				|--[95m 'allreduce lowp comm dtype | Max Time: 8.796 ms | Avg Time: 8.714 ms | Load Imbalance: 1.009' [0m
				|--[95m 'allreduce lowp | Max Time: 226.089 ms | Avg Time: 213.593 ms | Load Imbalance: 1.059' [0m
				|--[95m 'allreduce copy back | Max Time: 10.661 ms | Avg Time: 10.618 ms | Load Imbalance: 1.004' [0m
			|--[91m 'Allgather W | Max Time: 14.880 ms | Avg Time: 11.100 ms | Load Imbalance: 1.341' [0m
				|--[95m 'gather | Max Time: 14.580 ms | Avg Time: 10.804 ms | Load Imbalance: 1.350' [0m
			|--[91m 'OUT = AGG * W | Max Time: 21.801 ms | Avg Time: 21.702 ms | Load Imbalance: 1.005' [0m
			|--[91m 'allreduce Q | Max Time: 235.348 ms | Avg Time: 228.911 ms | Load Imbalance: 1.028' [0m
				|--[95m 'allreduce lowp comm dtype | Max Time: 8.915 ms | Avg Time: 8.900 ms | Load Imbalance: 1.002' [0m
				|--[95m 'allreduce lowp | Max Time: 215.231 ms | Avg Time: 208.810 ms | Load Imbalance: 1.031' [0m
				|--[95m 'allreduce copy back | Max Time: 10.651 ms | Avg Time: 10.604 ms | Load Imbalance: 1.004' [0m
		|--[96m 'activation | Max Time: 43.504 ms | Avg Time: 40.598 ms | Load Imbalance: 1.072' [0m
			|--[91m 'all-reduce | Max Time: 22.558 ms | Avg Time: 19.664 ms | Load Imbalance: 1.147' [0m
		|--[96m 'output_linear | Max Time: 49.532 ms | Avg Time: 47.454 ms | Load Imbalance: 1.044' [0m
			|--[91m 'output_linear X * W | Max Time: 2.638 ms | Avg Time: 2.617 ms | Load Imbalance: 1.008' [0m
			|--[91m 'all-reduce | Max Time: 45.897 ms | Avg Time: 43.814 ms | Load Imbalance: 1.048' [0m
			|--[91m 'OUT + BIAS | Max Time: 0.836 ms | Avg Time: 0.824 ms | Load Imbalance: 1.013' [0m
		|--[96m 'cross entropy fwd | Max Time: 28.867 ms | Avg Time: 27.166 ms | Load Imbalance: 1.063' [0m
		|--[96m 'cross entropy bwd | Max Time: 3.146 ms | Avg Time: 3.025 ms | Load Imbalance: 1.040' [0m
		|--[96m 'linear_3d_bwd | Max Time: 50.464 ms | Avg Time: 47.681 ms | Load Imbalance: 1.058' [0m
			|--[91m 'output_linear GRAD_X | Max Time: 3.084 ms | Avg Time: 2.702 ms | Load Imbalance: 1.141' [0m
			|--[91m 'all-reduce | Max Time: 36.945 ms | Avg Time: 33.419 ms | Load Imbalance: 1.106' [0m
			|--[91m 'output_linear GRAD_W | Max Time: 2.722 ms | Avg Time: 2.701 ms | Load Imbalance: 1.008' [0m
			|--[91m 'input_linear GRAD_W | Max Time: 4.476 ms | Avg Time: 4.447 ms | Load Imbalance: 1.006' [0m
		|--[96m 'gcn conv bwd | Max Time: 529.809 ms | Avg Time: 528.827 ms | Load Imbalance: 1.002' [0m
			|--[91m 'gather | Max Time: 8.874 ms | Avg Time: 7.431 ms | Load Imbalance: 1.194' [0m
			|--[91m 'GRAD_AGG = GRAD_OUT * W.T | Max Time: 21.627 ms | Avg Time: 21.546 ms | Load Imbalance: 1.004' [0m
			|--[91m 'allreduce lowp comm dtype | Max Time: 8.774 ms | Avg Time: 8.676 ms | Load Imbalance: 1.011' [0m
			|--[91m 'allreduce lowp | Max Time: 211.511 ms | Avg Time: 209.899 ms | Load Imbalance: 1.008' [0m
			|--[91m 'allreduce copy back | Max Time: 10.659 ms | Avg Time: 10.621 ms | Load Imbalance: 1.004' [0m
			|--[91m 'GRAD_W = AGG.T * GRAD_OUT | Max Time: 21.886 ms | Avg Time: 21.755 ms | Load Imbalance: 1.006' [0m
			|--[91m 'ReduceScatter grad_weight | Max Time: 6.897 ms | Avg Time: 6.086 ms | Load Imbalance: 1.133' [0m
				|--[95m 'reduce-scatter | Max Time: 6.598 ms | Avg Time: 5.790 ms | Load Imbalance: 1.140' [0m
					|--[92m 'reduce-scatter-dist | Max Time: 6.299 ms | Avg Time: 5.494 ms | Load Imbalance: 1.147' [0m
			|--[91m 'GRAD_H = A.T * GRAD_AGG | Max Time: 22.898 ms | Avg Time: 18.759 ms | Load Imbalance: 1.221' [0m
			|--[91m 'allreduce grad_x | Max Time: 227.515 ms | Avg Time: 222.565 ms | Load Imbalance: 1.022' [0m
				|--[95m 'allreduce lowp comm dtype | Max Time: 8.767 ms | Avg Time: 8.684 ms | Load Imbalance: 1.010' [0m
				|--[95m 'allreduce lowp | Max Time: 207.581 ms | Avg Time: 202.657 ms | Load Imbalance: 1.024' [0m
				|--[95m 'allreduce copy back | Max Time: 10.678 ms | Avg Time: 10.628 ms | Load Imbalance: 1.005' [0m
		|--[96m 'sync_norm_gradients | Max Time: 1.926 ms | Avg Time: 1.650 ms | Load Imbalance: 1.167' [0m
		|--[96m 'sync_data_parallel_gradients | Max Time: 0.050 ms | Avg Time: 0.049 ms | Load Imbalance: 1.012' [0m

|--[95m 'epoch 4 | Max Time: 1554.745 ms | Avg Time: 1554.733 ms | Load Imbalance: 1.000' [0m
	|--[92m 'minibatch prep | Max Time: 248.250 ms | Avg Time: 235.520 ms | Load Imbalance: 1.054' [0m
		|--[96m 'sample nodes | Max Time: 73.316 ms | Avg Time: 73.185 ms | Load Imbalance: 1.002' [0m
		|--[96m 'compact indices | Max Time: 12.749 ms | Avg Time: 12.574 ms | Load Imbalance: 1.014' [0m
		|--[96m 'compact adj shards | Max Time: 152.557 ms | Avg Time: 139.893 ms | Load Imbalance: 1.091' [0m
			|--[91m 'compact layout prep | Max Time: 32.172 ms | Avg Time: 22.578 ms | Load Imbalance: 1.425' [0m
			|--[91m 'compact csr: indices | Max Time: 1.362 ms | Avg Time: 1.297 ms | Load Imbalance: 1.050' [0m
			|--[91m 'compact csr: row ptrs | Max Time: 8.148 ms | Avg Time: 7.975 ms | Load Imbalance: 1.022' [0m
			|--[91m 'compact csr: nnz index | Max Time: 18.649 ms | Avg Time: 17.681 ms | Load Imbalance: 1.055' [0m
			|--[91m 'compact csr: select nnz | Max Time: 7.124 ms | Avg Time: 6.637 ms | Load Imbalance: 1.073' [0m
			|--[91m 'compact csr: col map | Max Time: 12.103 ms | Avg Time: 11.668 ms | Load Imbalance: 1.037' [0m
			|--[91m 'compact csr: edge scale | Max Time: 14.197 ms | Avg Time: 13.983 ms | Load Imbalance: 1.015' [0m
			|--[91m 'compact csr: crow | Max Time: 11.469 ms | Avg Time: 11.335 ms | Load Imbalance: 1.012' [0m
			|--[91m 'compact csr: adjt direct | Max Time: 24.569 ms | Avg Time: 23.232 ms | Load Imbalance: 1.058' [0m
		|--[96m 'compact feature slice | Max Time: 6.226 ms | Avg Time: 6.196 ms | Load Imbalance: 1.005' [0m
		|--[96m 'compact label slice | Max Time: 0.764 ms | Avg Time: 0.757 ms | Load Imbalance: 1.009' [0m
	|--[92m 'train step | Max Time: 1324.071 ms | Avg Time: 1318.141 ms | Load Imbalance: 1.004' [0m
		|--[96m 'input_linear | Max Time: 57.494 ms | Avg Time: 43.211 ms | Load Imbalance: 1.331' [0m
			|--[91m 'input_linear X * W | Max Time: 4.981 ms | Avg Time: 4.852 ms | Load Imbalance: 1.027' [0m
			|--[91m 'all-reduce | Max Time: 49.064 ms | Avg Time: 34.922 ms | Load Imbalance: 1.405' [0m
			|--[91m 'OUT + BIAS | Max Time: 2.982 ms | Avg Time: 2.974 ms | Load Imbalance: 1.003' [0m
		|--[96m 'gcn conv fwd | Max Time: 522.190 ms | Avg Time: 510.872 ms | Load Imbalance: 1.022' [0m
			|--[91m 'AGG = A * H | Max Time: 23.122 ms | Avg Time: 18.990 ms | Load Imbalance: 1.218' [0m
			|--[91m 'allreduce H | Max Time: 246.964 ms | Avg Time: 232.691 ms | Load Imbalance: 1.061' [0m
				|--[95m 'allreduce lowp comm dtype | Max Time: 8.793 ms | Avg Time: 8.714 ms | Load Imbalance: 1.009' [0m
				|--[95m 'allreduce lowp | Max Time: 227.078 ms | Avg Time: 212.763 ms | Load Imbalance: 1.067' [0m
				|--[95m 'allreduce copy back | Max Time: 10.641 ms | Avg Time: 10.619 ms | Load Imbalance: 1.002' [0m
			|--[91m 'Allgather W | Max Time: 13.552 ms | Avg Time: 10.191 ms | Load Imbalance: 1.330' [0m
				|--[95m 'gather | Max Time: 13.258 ms | Avg Time: 9.895 ms | Load Imbalance: 1.340' [0m
			|--[91m 'OUT = AGG * W | Max Time: 21.771 ms | Avg Time: 21.703 ms | Load Imbalance: 1.003' [0m
			|--[91m 'allreduce Q | Max Time: 230.790 ms | Avg Time: 226.406 ms | Load Imbalance: 1.019' [0m
				|--[95m 'allreduce lowp comm dtype | Max Time: 8.908 ms | Avg Time: 8.900 ms | Load Imbalance: 1.001' [0m
				|--[95m 'allreduce lowp | Max Time: 210.682 ms | Avg Time: 206.303 ms | Load Imbalance: 1.021' [0m
				|--[95m 'allreduce copy back | Max Time: 10.638 ms | Avg Time: 10.606 ms | Load Imbalance: 1.003' [0m
		|--[96m 'activation | Max Time: 42.434 ms | Avg Time: 39.868 ms | Load Imbalance: 1.064' [0m
			|--[91m 'all-reduce | Max Time: 21.453 ms | Avg Time: 18.937 ms | Load Imbalance: 1.133' [0m
		|--[96m 'output_linear | Max Time: 47.995 ms | Avg Time: 47.310 ms | Load Imbalance: 1.014' [0m
			|--[91m 'output_linear X * W | Max Time: 2.645 ms | Avg Time: 2.625 ms | Load Imbalance: 1.007' [0m
			|--[91m 'all-reduce | Max Time: 44.346 ms | Avg Time: 43.662 ms | Load Imbalance: 1.016' [0m
			|--[91m 'OUT + BIAS | Max Time: 0.834 ms | Avg Time: 0.824 ms | Load Imbalance: 1.012' [0m
		|--[96m 'cross entropy fwd | Max Time: 26.826 ms | Avg Time: 25.547 ms | Load Imbalance: 1.050' [0m
		|--[96m 'cross entropy bwd | Max Time: 3.072 ms | Avg Time: 3.005 ms | Load Imbalance: 1.022' [0m
		|--[96m 'linear_3d_bwd | Max Time: 49.510 ms | Avg Time: 47.149 ms | Load Imbalance: 1.050' [0m
			|--[91m 'output_linear GRAD_X | Max Time: 2.935 ms | Avg Time: 2.644 ms | Load Imbalance: 1.110' [0m
			|--[91m 'all-reduce | Max Time: 35.987 ms | Avg Time: 32.978 ms | Load Imbalance: 1.091' [0m
			|--[91m 'output_linear GRAD_W | Max Time: 2.717 ms | Avg Time: 2.704 ms | Load Imbalance: 1.005' [0m
			|--[91m 'input_linear GRAD_W | Max Time: 4.473 ms | Avg Time: 4.448 ms | Load Imbalance: 1.006' [0m
		|--[96m 'gcn conv bwd | Max Time: 529.565 ms | Avg Time: 528.657 ms | Load Imbalance: 1.002' [0m
			|--[91m 'gather | Max Time: 8.647 ms | Avg Time: 7.421 ms | Load Imbalance: 1.165' [0m
			|--[91m 'GRAD_AGG = GRAD_OUT * W.T | Max Time: 21.626 ms | Avg Time: 21.545 ms | Load Imbalance: 1.004' [0m
			|--[91m 'allreduce lowp comm dtype | Max Time: 8.735 ms | Avg Time: 8.687 ms | Load Imbalance: 1.006' [0m
			|--[91m 'allreduce lowp | Max Time: 210.444 ms | Avg Time: 209.466 ms | Load Imbalance: 1.005' [0m
			|--[91m 'allreduce copy back | Max Time: 10.650 ms | Avg Time: 10.625 ms | Load Imbalance: 1.002' [0m
			|--[91m 'GRAD_W = AGG.T * GRAD_OUT | Max Time: 21.837 ms | Avg Time: 21.758 ms | Load Imbalance: 1.004' [0m
			|--[91m 'ReduceScatter grad_weight | Max Time: 10.833 ms | Avg Time: 7.426 ms | Load Imbalance: 1.459' [0m
				|--[95m 'reduce-scatter | Max Time: 10.534 ms | Avg Time: 7.129 ms | Load Imbalance: 1.478' [0m
					|--[92m 'reduce-scatter-dist | Max Time: 10.236 ms | Avg Time: 6.833 ms | Load Imbalance: 1.498' [0m
			|--[91m 'GRAD_H = A.T * GRAD_AGG | Max Time: 22.874 ms | Avg Time: 18.758 ms | Load Imbalance: 1.219' [0m
			|--[91m 'allreduce grad_x | Max Time: 227.296 ms | Avg Time: 221.482 ms | Load Imbalance: 1.026' [0m
				|--[95m 'allreduce lowp comm dtype | Max Time: 8.765 ms | Avg Time: 8.687 ms | Load Imbalance: 1.009' [0m
				|--[95m 'allreduce lowp | Max Time: 207.365 ms | Avg Time: 201.568 ms | Load Imbalance: 1.029' [0m
				|--[95m 'allreduce copy back | Max Time: 10.669 ms | Avg Time: 10.630 ms | Load Imbalance: 1.004' [0m
		|--[96m 'sync_norm_gradients | Max Time: 1.948 ms | Avg Time: 1.697 ms | Load Imbalance: 1.148' [0m
		|--[96m 'sync_data_parallel_gradients | Max Time: 0.050 ms | Avg Time: 0.049 ms | Load Imbalance: 1.015' [0m

|--[95m 'epoch 5 | Max Time: 1552.897 ms | Avg Time: 1552.884 ms | Load Imbalance: 1.000' [0m
	|--[92m 'minibatch prep | Max Time: 248.452 ms | Avg Time: 235.643 ms | Load Imbalance: 1.054' [0m
		|--[96m 'sample nodes | Max Time: 73.325 ms | Avg Time: 73.179 ms | Load Imbalance: 1.002' [0m
		|--[96m 'compact indices | Max Time: 12.747 ms | Avg Time: 12.565 ms | Load Imbalance: 1.014' [0m
		|--[96m 'compact adj shards | Max Time: 152.940 ms | Avg Time: 140.045 ms | Load Imbalance: 1.092' [0m
			|--[91m 'compact layout prep | Max Time: 32.290 ms | Avg Time: 22.656 ms | Load Imbalance: 1.425' [0m
			|--[91m 'compact csr: indices | Max Time: 1.341 ms | Avg Time: 1.296 ms | Load Imbalance: 1.034' [0m
			|--[91m 'compact csr: row ptrs | Max Time: 8.143 ms | Avg Time: 7.992 ms | Load Imbalance: 1.019' [0m
			|--[91m 'compact csr: nnz index | Max Time: 19.133 ms | Avg Time: 17.800 ms | Load Imbalance: 1.075' [0m
			|--[91m 'compact csr: select nnz | Max Time: 7.117 ms | Avg Time: 6.633 ms | Load Imbalance: 1.073' [0m
			|--[91m 'compact csr: col map | Max Time: 12.082 ms | Avg Time: 11.662 ms | Load Imbalance: 1.036' [0m
			|--[91m 'compact csr: edge scale | Max Time: 14.338 ms | Avg Time: 13.990 ms | Load Imbalance: 1.025' [0m
			|--[91m 'compact csr: crow | Max Time: 11.534 ms | Avg Time: 11.331 ms | Load Imbalance: 1.018' [0m
			|--[91m 'compact csr: adjt direct | Max Time: 24.476 ms | Avg Time: 23.235 ms | Load Imbalance: 1.053' [0m
		|--[96m 'compact feature slice | Max Time: 6.223 ms | Avg Time: 6.194 ms | Load Imbalance: 1.005' [0m
		|--[96m 'compact label slice | Max Time: 0.763 ms | Avg Time: 0.756 ms | Load Imbalance: 1.009' [0m
	|--[92m 'train step | Max Time: 1321.948 ms | Avg Time: 1316.287 ms | Load Imbalance: 1.004' [0m
		|--[96m 'input_linear | Max Time: 55.426 ms | Avg Time: 43.180 ms | Load Imbalance: 1.284' [0m
			|--[91m 'input_linear X * W | Max Time: 4.919 ms | Avg Time: 4.832 ms | Load Imbalance: 1.018' [0m
			|--[91m 'all-reduce | Max Time: 47.240 ms | Avg Time: 34.905 ms | Load Imbalance: 1.353' [0m
			|--[91m 'OUT + BIAS | Max Time: 2.983 ms | Avg Time: 2.973 ms | Load Imbalance: 1.003' [0m
		|--[96m 'gcn conv fwd | Max Time: 522.057 ms | Avg Time: 510.365 ms | Load Imbalance: 1.023' [0m
			|--[91m 'AGG = A * H | Max Time: 23.128 ms | Avg Time: 18.995 ms | Load Imbalance: 1.218' [0m
			|--[91m 'allreduce H | Max Time: 244.485 ms | Avg Time: 232.202 ms | Load Imbalance: 1.053' [0m
				|--[95m 'allreduce lowp comm dtype | Max Time: 8.793 ms | Avg Time: 8.716 ms | Load Imbalance: 1.009' [0m
				|--[95m 'allreduce lowp | Max Time: 224.592 ms | Avg Time: 212.272 ms | Load Imbalance: 1.058' [0m
				|--[95m 'allreduce copy back | Max Time: 10.653 ms | Avg Time: 10.619 ms | Load Imbalance: 1.003' [0m
			|--[91m 'Allgather W | Max Time: 14.630 ms | Avg Time: 10.677 ms | Load Imbalance: 1.370' [0m
				|--[95m 'gather | Max Time: 14.335 ms | Avg Time: 10.380 ms | Load Imbalance: 1.381' [0m
			|--[91m 'OUT = AGG * W | Max Time: 21.779 ms | Avg Time: 21.701 ms | Load Imbalance: 1.004' [0m
			|--[91m 'allreduce Q | Max Time: 233.750 ms | Avg Time: 225.899 ms | Load Imbalance: 1.035' [0m
				|--[95m 'allreduce lowp comm dtype | Max Time: 8.911 ms | Avg Time: 8.901 ms | Load Imbalance: 1.001' [0m
				|--[95m 'allreduce lowp | Max Time: 213.676 ms | Avg Time: 205.792 ms | Load Imbalance: 1.038' [0m
				|--[95m 'allreduce copy back | Max Time: 10.643 ms | Avg Time: 10.609 ms | Load Imbalance: 1.003' [0m
		|--[96m 'activation | Max Time: 45.008 ms | Avg Time: 40.388 ms | Load Imbalance: 1.114' [0m
			|--[91m 'all-reduce | Max Time: 24.070 ms | Avg Time: 19.457 ms | Load Imbalance: 1.237' [0m
		|--[96m 'output_linear | Max Time: 47.196 ms | Avg Time: 46.720 ms | Load Imbalance: 1.010' [0m
			|--[91m 'output_linear X * W | Max Time: 2.643 ms | Avg Time: 2.625 ms | Load Imbalance: 1.007' [0m
			|--[91m 'all-reduce | Max Time: 43.545 ms | Avg Time: 43.073 ms | Load Imbalance: 1.011' [0m
			|--[91m 'OUT + BIAS | Max Time: 0.834 ms | Avg Time: 0.825 ms | Load Imbalance: 1.011' [0m
		|--[96m 'cross entropy fwd | Max Time: 25.599 ms | Avg Time: 24.628 ms | Load Imbalance: 1.039' [0m
		|--[96m 'cross entropy bwd | Max Time: 3.202 ms | Avg Time: 3.054 ms | Load Imbalance: 1.048' [0m
		|--[96m 'linear_3d_bwd | Max Time: 48.710 ms | Avg Time: 47.042 ms | Load Imbalance: 1.035' [0m
			|--[91m 'output_linear GRAD_X | Max Time: 3.000 ms | Avg Time: 2.694 ms | Load Imbalance: 1.114' [0m
			|--[91m 'all-reduce | Max Time: 34.788 ms | Avg Time: 32.795 ms | Load Imbalance: 1.061' [0m
			|--[91m 'output_linear GRAD_W | Max Time: 2.716 ms | Avg Time: 2.701 ms | Load Imbalance: 1.006' [0m
			|--[91m 'input_linear GRAD_W | Max Time: 4.471 ms | Avg Time: 4.448 ms | Load Imbalance: 1.005' [0m
		|--[96m 'gcn conv bwd | Max Time: 528.786 ms | Avg Time: 527.459 ms | Load Imbalance: 1.003' [0m
			|--[91m 'gather | Max Time: 10.941 ms | Avg Time: 7.894 ms | Load Imbalance: 1.386' [0m
			|--[91m 'GRAD_AGG = GRAD_OUT * W.T | Max Time: 21.617 ms | Avg Time: 21.545 ms | Load Imbalance: 1.003' [0m
			|--[91m 'allreduce lowp comm dtype | Max Time: 8.745 ms | Avg Time: 8.696 ms | Load Imbalance: 1.006' [0m
			|--[91m 'allreduce lowp | Max Time: 211.022 ms | Avg Time: 208.327 ms | Load Imbalance: 1.013' [0m
			|--[91m 'allreduce copy back | Max Time: 10.654 ms | Avg Time: 10.626 ms | Load Imbalance: 1.003' [0m
			|--[91m 'GRAD_W = AGG.T * GRAD_OUT | Max Time: 21.841 ms | Avg Time: 21.757 ms | Load Imbalance: 1.004' [0m
			|--[91m 'ReduceScatter grad_weight | Max Time: 8.593 ms | Avg Time: 6.610 ms | Load Imbalance: 1.300' [0m
				|--[95m 'reduce-scatter | Max Time: 8.298 ms | Avg Time: 6.314 ms | Load Imbalance: 1.314' [0m
					|--[92m 'reduce-scatter-dist | Max Time: 8.003 ms | Avg Time: 6.017 ms | Load Imbalance: 1.330' [0m
			|--[91m 'GRAD_H = A.T * GRAD_AGG | Max Time: 22.905 ms | Avg Time: 18.757 ms | Load Imbalance: 1.221' [0m
			|--[91m 'allreduce grad_x | Max Time: 227.096 ms | Avg Time: 221.757 ms | Load Imbalance: 1.024' [0m
				|--[95m 'allreduce lowp comm dtype | Max Time: 8.760 ms | Avg Time: 8.686 ms | Load Imbalance: 1.009' [0m
				|--[95m 'allreduce lowp | Max Time: 207.160 ms | Avg Time: 201.845 ms | Load Imbalance: 1.026' [0m
				|--[95m 'allreduce copy back | Max Time: 10.666 ms | Avg Time: 10.629 ms | Load Imbalance: 1.003' [0m
		|--[96m 'sync_norm_gradients | Max Time: 2.124 ms | Avg Time: 1.900 ms | Load Imbalance: 1.118' [0m
		|--[96m 'sync_data_parallel_gradients | Max Time: 0.050 ms | Avg Time: 0.049 ms | Load Imbalance: 1.015' [0m

|--[95m 'epoch 6 | Max Time: 1552.250 ms | Avg Time: 1552.235 ms | Load Imbalance: 1.000' [0m
	|--[92m 'minibatch prep | Max Time: 248.745 ms | Avg Time: 235.385 ms | Load Imbalance: 1.057' [0m
		|--[96m 'sample nodes | Max Time: 73.353 ms | Avg Time: 73.187 ms | Load Imbalance: 1.002' [0m
		|--[96m 'compact indices | Max Time: 12.667 ms | Avg Time: 12.424 ms | Load Imbalance: 1.019' [0m
		|--[96m 'compact adj shards | Max Time: 153.290 ms | Avg Time: 139.912 ms | Load Imbalance: 1.096' [0m
			|--[91m 'compact layout prep | Max Time: 32.339 ms | Avg Time: 22.487 ms | Load Imbalance: 1.438' [0m
			|--[91m 'compact csr: indices | Max Time: 1.365 ms | Avg Time: 1.293 ms | Load Imbalance: 1.055' [0m
			|--[91m 'compact csr: row ptrs | Max Time: 8.129 ms | Avg Time: 7.982 ms | Load Imbalance: 1.018' [0m
			|--[91m 'compact csr: nnz index | Max Time: 19.051 ms | Avg Time: 17.693 ms | Load Imbalance: 1.077' [0m
			|--[91m 'compact csr: select nnz | Max Time: 7.116 ms | Avg Time: 6.633 ms | Load Imbalance: 1.073' [0m
			|--[91m 'compact csr: col map | Max Time: 12.088 ms | Avg Time: 11.667 ms | Load Imbalance: 1.036' [0m
			|--[91m 'compact csr: edge scale | Max Time: 14.257 ms | Avg Time: 14.023 ms | Load Imbalance: 1.017' [0m
			|--[91m 'compact csr: crow | Max Time: 11.664 ms | Avg Time: 11.406 ms | Load Imbalance: 1.023' [0m
			|--[91m 'compact csr: adjt direct | Max Time: 24.629 ms | Avg Time: 23.278 ms | Load Imbalance: 1.058' [0m
		|--[96m 'compact feature slice | Max Time: 6.225 ms | Avg Time: 6.203 ms | Load Imbalance: 1.004' [0m
		|--[96m 'compact label slice | Max Time: 0.765 ms | Avg Time: 0.756 ms | Load Imbalance: 1.011' [0m
	|--[92m 'train step | Max Time: 1322.056 ms | Avg Time: 1315.892 ms | Load Imbalance: 1.005' [0m
		|--[96m 'input_linear | Max Time: 56.501 ms | Avg Time: 43.085 ms | Load Imbalance: 1.311' [0m
			|--[91m 'input_linear X * W | Max Time: 4.925 ms | Avg Time: 4.813 ms | Load Imbalance: 1.023' [0m
			|--[91m 'all-reduce | Max Time: 48.293 ms | Avg Time: 34.810 ms | Load Imbalance: 1.387' [0m
			|--[91m 'OUT + BIAS | Max Time: 2.984 ms | Avg Time: 2.974 ms | Load Imbalance: 1.003' [0m
		|--[96m 'gcn conv fwd | Max Time: 515.776 ms | Avg Time: 505.504 ms | Load Imbalance: 1.020' [0m
			|--[91m 'AGG = A * H | Max Time: 23.104 ms | Avg Time: 18.990 ms | Load Imbalance: 1.217' [0m
			|--[91m 'allreduce H | Max Time: 241.705 ms | Avg Time: 230.470 ms | Load Imbalance: 1.049' [0m
				|--[95m 'allreduce lowp comm dtype | Max Time: 8.794 ms | Avg Time: 8.715 ms | Load Imbalance: 1.009' [0m
				|--[95m 'allreduce lowp | Max Time: 221.820 ms | Avg Time: 210.541 ms | Load Imbalance: 1.054' [0m
				|--[95m 'allreduce copy back | Max Time: 10.648 ms | Avg Time: 10.618 ms | Load Imbalance: 1.003' [0m
			|--[91m 'Allgather W | Max Time: 12.930 ms | Avg Time: 9.783 ms | Load Imbalance: 1.322' [0m
				|--[95m 'gather | Max Time: 12.631 ms | Avg Time: 9.487 ms | Load Imbalance: 1.331' [0m
			|--[91m 'OUT = AGG * W | Max Time: 21.776 ms | Avg Time: 21.701 ms | Load Imbalance: 1.003' [0m
			|--[91m 'allreduce Q | Max Time: 227.657 ms | Avg Time: 223.670 ms | Load Imbalance: 1.018' [0m
				|--[95m 'allreduce lowp comm dtype | Max Time: 8.914 ms | Avg Time: 8.901 ms | Load Imbalance: 1.002' [0m
				|--[95m 'allreduce lowp | Max Time: 207.551 ms | Avg Time: 203.566 ms | Load Imbalance: 1.020' [0m
				|--[95m 'allreduce copy back | Max Time: 10.643 ms | Avg Time: 10.607 ms | Load Imbalance: 1.003' [0m
		|--[96m 'activation | Max Time: 43.726 ms | Avg Time: 40.071 ms | Load Imbalance: 1.091' [0m
			|--[91m 'all-reduce | Max Time: 22.817 ms | Avg Time: 19.141 ms | Load Imbalance: 1.192' [0m
		|--[96m 'output_linear | Max Time: 47.838 ms | Avg Time: 47.158 ms | Load Imbalance: 1.014' [0m
			|--[91m 'output_linear X * W | Max Time: 2.646 ms | Avg Time: 2.625 ms | Load Imbalance: 1.008' [0m
			|--[91m 'all-reduce | Max Time: 44.191 ms | Avg Time: 43.509 ms | Load Imbalance: 1.016' [0m
			|--[91m 'OUT + BIAS | Max Time: 0.833 ms | Avg Time: 0.825 ms | Load Imbalance: 1.010' [0m
		|--[96m 'cross entropy fwd | Max Time: 26.873 ms | Avg Time: 25.129 ms | Load Imbalance: 1.069' [0m
		|--[96m 'cross entropy bwd | Max Time: 3.171 ms | Avg Time: 3.059 ms | Load Imbalance: 1.037' [0m
		|--[96m 'linear_3d_bwd | Max Time: 48.754 ms | Avg Time: 47.173 ms | Load Imbalance: 1.033' [0m
			|--[91m 'output_linear GRAD_X | Max Time: 2.879 ms | Avg Time: 2.655 ms | Load Imbalance: 1.085' [0m
			|--[91m 'all-reduce | Max Time: 35.256 ms | Avg Time: 32.983 ms | Load Imbalance: 1.069' [0m
			|--[91m 'output_linear GRAD_W | Max Time: 2.720 ms | Avg Time: 2.702 ms | Load Imbalance: 1.006' [0m
			|--[91m 'input_linear GRAD_W | Max Time: 4.473 ms | Avg Time: 4.449 ms | Load Imbalance: 1.005' [0m
		|--[96m 'gcn conv bwd | Max Time: 532.853 ms | Avg Time: 531.842 ms | Load Imbalance: 1.002' [0m
			|--[91m 'gather | Max Time: 12.084 ms | Avg Time: 8.874 ms | Load Imbalance: 1.362' [0m
			|--[91m 'GRAD_AGG = GRAD_OUT * W.T | Max Time: 21.627 ms | Avg Time: 21.544 ms | Load Imbalance: 1.004' [0m
			|--[91m 'allreduce lowp comm dtype | Max Time: 8.754 ms | Avg Time: 8.691 ms | Load Imbalance: 1.007' [0m
			|--[91m 'allreduce lowp | Max Time: 212.322 ms | Avg Time: 210.349 ms | Load Imbalance: 1.009' [0m
			|--[91m 'allreduce copy back | Max Time: 10.651 ms | Avg Time: 10.626 ms | Load Imbalance: 1.002' [0m
			|--[91m 'GRAD_W = AGG.T * GRAD_OUT | Max Time: 21.835 ms | Avg Time: 21.760 ms | Load Imbalance: 1.003' [0m
			|--[91m 'ReduceScatter grad_weight | Max Time: 11.048 ms | Avg Time: 7.293 ms | Load Imbalance: 1.515' [0m
				|--[95m 'reduce-scatter | Max Time: 10.750 ms | Avg Time: 6.996 ms | Load Imbalance: 1.536' [0m
					|--[92m 'reduce-scatter-dist | Max Time: 10.452 ms | Avg Time: 6.700 ms | Load Imbalance: 1.560' [0m
			|--[91m 'GRAD_H = A.T * GRAD_AGG | Max Time: 22.889 ms | Avg Time: 18.754 ms | Load Imbalance: 1.221' [0m
			|--[91m 'allreduce grad_x | Max Time: 227.862 ms | Avg Time: 222.464 ms | Load Imbalance: 1.024' [0m
				|--[95m 'allreduce lowp comm dtype | Max Time: 8.768 ms | Avg Time: 8.684 ms | Load Imbalance: 1.010' [0m
				|--[95m 'allreduce lowp | Max Time: 207.982 ms | Avg Time: 202.553 ms | Load Imbalance: 1.027' [0m
				|--[95m 'allreduce copy back | Max Time: 10.665 ms | Avg Time: 10.631 ms | Load Imbalance: 1.003' [0m
		|--[96m 'sync_norm_gradients | Max Time: 1.703 ms | Avg Time: 1.617 ms | Load Imbalance: 1.053' [0m
		|--[96m 'sync_data_parallel_gradients | Max Time: 0.050 ms | Avg Time: 0.049 ms | Load Imbalance: 1.013' [0m

|--[95m 'epoch 7 | Max Time: 1552.684 ms | Avg Time: 1552.670 ms | Load Imbalance: 1.000' [0m
	|--[92m 'minibatch prep | Max Time: 248.379 ms | Avg Time: 235.051 ms | Load Imbalance: 1.057' [0m
		|--[96m 'sample nodes | Max Time: 73.390 ms | Avg Time: 73.190 ms | Load Imbalance: 1.003' [0m
		|--[96m 'compact indices | Max Time: 13.306 ms | Avg Time: 12.542 ms | Load Imbalance: 1.061' [0m
		|--[96m 'compact adj shards | Max Time: 152.758 ms | Avg Time: 139.462 ms | Load Imbalance: 1.095' [0m
			|--[91m 'compact layout prep | Max Time: 32.123 ms | Avg Time: 22.468 ms | Load Imbalance: 1.430' [0m
			|--[91m 'compact csr: indices | Max Time: 1.350 ms | Avg Time: 1.290 ms | Load Imbalance: 1.046' [0m
			|--[91m 'compact csr: row ptrs | Max Time: 8.086 ms | Avg Time: 7.951 ms | Load Imbalance: 1.017' [0m
			|--[91m 'compact csr: nnz index | Max Time: 18.785 ms | Avg Time: 17.635 ms | Load Imbalance: 1.065' [0m
			|--[91m 'compact csr: select nnz | Max Time: 7.116 ms | Avg Time: 6.629 ms | Load Imbalance: 1.073' [0m
			|--[91m 'compact csr: col map | Max Time: 12.072 ms | Avg Time: 11.653 ms | Load Imbalance: 1.036' [0m
			|--[91m 'compact csr: edge scale | Max Time: 14.087 ms | Avg Time: 13.963 ms | Load Imbalance: 1.009' [0m
			|--[91m 'compact csr: crow | Max Time: 11.514 ms | Avg Time: 11.318 ms | Load Imbalance: 1.017' [0m
			|--[91m 'compact csr: adjt direct | Max Time: 24.539 ms | Avg Time: 23.232 ms | Load Imbalance: 1.056' [0m
		|--[96m 'compact feature slice | Max Time: 6.223 ms | Avg Time: 6.197 ms | Load Imbalance: 1.004' [0m
		|--[96m 'compact label slice | Max Time: 0.765 ms | Avg Time: 0.757 ms | Load Imbalance: 1.011' [0m
	|--[92m 'train step | Max Time: 1322.700 ms | Avg Time: 1316.657 ms | Load Imbalance: 1.005' [0m
		|--[96m 'input_linear | Max Time: 56.202 ms | Avg Time: 43.149 ms | Load Imbalance: 1.303' [0m
			|--[91m 'input_linear X * W | Max Time: 4.924 ms | Avg Time: 4.843 ms | Load Imbalance: 1.017' [0m
			|--[91m 'all-reduce | Max Time: 47.994 ms | Avg Time: 34.882 ms | Load Imbalance: 1.376' [0m
			|--[91m 'OUT + BIAS | Max Time: 2.984 ms | Avg Time: 2.975 ms | Load Imbalance: 1.003' [0m
		|--[96m 'gcn conv fwd | Max Time: 515.334 ms | Avg Time: 505.850 ms | Load Imbalance: 1.019' [0m
			|--[91m 'AGG = A * H | Max Time: 23.127 ms | Avg Time: 18.990 ms | Load Imbalance: 1.218' [0m
			|--[91m 'allreduce H | Max Time: 244.766 ms | Avg Time: 230.138 ms | Load Imbalance: 1.064' [0m
				|--[95m 'allreduce lowp comm dtype | Max Time: 8.791 ms | Avg Time: 8.714 ms | Load Imbalance: 1.009' [0m
				|--[95m 'allreduce lowp | Max Time: 224.874 ms | Avg Time: 210.207 ms | Load Imbalance: 1.070' [0m
				|--[95m 'allreduce copy back | Max Time: 10.652 ms | Avg Time: 10.621 ms | Load Imbalance: 1.003' [0m
			|--[91m 'Allgather W | Max Time: 12.386 ms | Avg Time: 9.613 ms | Load Imbalance: 1.288' [0m
				|--[95m 'gather | Max Time: 12.087 ms | Avg Time: 9.317 ms | Load Imbalance: 1.297' [0m
			|--[91m 'OUT = AGG * W | Max Time: 21.785 ms | Avg Time: 21.701 ms | Load Imbalance: 1.004' [0m
			|--[91m 'allreduce Q | Max Time: 227.590 ms | Avg Time: 224.516 ms | Load Imbalance: 1.014' [0m
				|--[95m 'allreduce lowp comm dtype | Max Time: 8.909 ms | Avg Time: 8.900 ms | Load Imbalance: 1.001' [0m
				|--[95m 'allreduce lowp | Max Time: 207.496 ms | Avg Time: 204.413 ms | Load Imbalance: 1.015' [0m
				|--[95m 'allreduce copy back | Max Time: 10.643 ms | Avg Time: 10.606 ms | Load Imbalance: 1.003' [0m
		|--[96m 'activation | Max Time: 43.088 ms | Avg Time: 40.223 ms | Load Imbalance: 1.071' [0m
			|--[91m 'all-reduce | Max Time: 22.176 ms | Avg Time: 19.291 ms | Load Imbalance: 1.150' [0m
		|--[96m 'output_linear | Max Time: 49.659 ms | Avg Time: 48.174 ms | Load Imbalance: 1.031' [0m
			|--[91m 'output_linear X * W | Max Time: 2.666 ms | Avg Time: 2.627 ms | Load Imbalance: 1.015' [0m
			|--[91m 'all-reduce | Max Time: 46.029 ms | Avg Time: 44.522 ms | Load Imbalance: 1.034' [0m
			|--[91m 'OUT + BIAS | Max Time: 0.835 ms | Avg Time: 0.826 ms | Load Imbalance: 1.010' [0m
		|--[96m 'cross entropy fwd | Max Time: 28.064 ms | Avg Time: 26.405 ms | Load Imbalance: 1.063' [0m
		|--[96m 'cross entropy bwd | Max Time: 3.056 ms | Avg Time: 2.959 ms | Load Imbalance: 1.033' [0m
		|--[96m 'linear_3d_bwd | Max Time: 49.423 ms | Avg Time: 47.646 ms | Load Imbalance: 1.037' [0m
			|--[91m 'output_linear GRAD_X | Max Time: 2.908 ms | Avg Time: 2.631 ms | Load Imbalance: 1.106' [0m
			|--[91m 'all-reduce | Max Time: 35.071 ms | Avg Time: 33.478 ms | Load Imbalance: 1.048' [0m
			|--[91m 'output_linear GRAD_W | Max Time: 2.718 ms | Avg Time: 2.698 ms | Load Imbalance: 1.007' [0m
			|--[91m 'input_linear GRAD_W | Max Time: 4.473 ms | Avg Time: 4.451 ms | Load Imbalance: 1.005' [0m
		|--[96m 'gcn conv bwd | Max Time: 531.976 ms | Avg Time: 529.691 ms | Load Imbalance: 1.004' [0m
			|--[91m 'gather | Max Time: 9.192 ms | Avg Time: 7.779 ms | Load Imbalance: 1.182' [0m
			|--[91m 'GRAD_AGG = GRAD_OUT * W.T | Max Time: 21.616 ms | Avg Time: 21.544 ms | Load Imbalance: 1.003' [0m
			|--[91m 'allreduce lowp comm dtype | Max Time: 8.766 ms | Avg Time: 8.671 ms | Load Imbalance: 1.011' [0m
			|--[91m 'allreduce lowp | Max Time: 216.497 ms | Avg Time: 211.174 ms | Load Imbalance: 1.025' [0m
			|--[91m 'allreduce copy back | Max Time: 10.656 ms | Avg Time: 10.625 ms | Load Imbalance: 1.003' [0m
			|--[91m 'GRAD_W = AGG.T * GRAD_OUT | Max Time: 21.849 ms | Avg Time: 21.762 ms | Load Imbalance: 1.004' [0m
			|--[91m 'ReduceScatter grad_weight | Max Time: 8.677 ms | Avg Time: 7.022 ms | Load Imbalance: 1.236' [0m
				|--[95m 'reduce-scatter | Max Time: 8.378 ms | Avg Time: 6.726 ms | Load Imbalance: 1.246' [0m
					|--[92m 'reduce-scatter-dist | Max Time: 8.079 ms | Avg Time: 6.429 ms | Load Imbalance: 1.257' [0m
			|--[91m 'GRAD_H = A.T * GRAD_AGG | Max Time: 22.910 ms | Avg Time: 18.752 ms | Load Imbalance: 1.222' [0m
			|--[91m 'allreduce grad_x | Max Time: 226.801 ms | Avg Time: 220.873 ms | Load Imbalance: 1.027' [0m
				|--[95m 'allreduce lowp comm dtype | Max Time: 8.761 ms | Avg Time: 8.686 ms | Load Imbalance: 1.009' [0m
				|--[95m 'allreduce lowp | Max Time: 206.876 ms | Avg Time: 200.957 ms | Load Imbalance: 1.029' [0m
				|--[95m 'allreduce copy back | Max Time: 10.664 ms | Avg Time: 10.632 ms | Load Imbalance: 1.003' [0m
		|--[96m 'sync_norm_gradients | Max Time: 2.043 ms | Avg Time: 1.810 ms | Load Imbalance: 1.129' [0m
		|--[96m 'sync_data_parallel_gradients | Max Time: 0.050 ms | Avg Time: 0.049 ms | Load Imbalance: 1.016' [0m

|--[95m 'epoch 8 | Max Time: 1554.380 ms | Avg Time: 1554.371 ms | Load Imbalance: 1.000' [0m
	|--[92m 'minibatch prep | Max Time: 248.834 ms | Avg Time: 235.276 ms | Load Imbalance: 1.058' [0m
		|--[96m 'sample nodes | Max Time: 73.341 ms | Avg Time: 73.168 ms | Load Imbalance: 1.002' [0m
		|--[96m 'compact indices | Max Time: 12.743 ms | Avg Time: 12.472 ms | Load Imbalance: 1.022' [0m
		|--[96m 'compact adj shards | Max Time: 153.252 ms | Avg Time: 139.795 ms | Load Imbalance: 1.096' [0m
			|--[91m 'compact layout prep | Max Time: 32.208 ms | Avg Time: 22.580 ms | Load Imbalance: 1.426' [0m
			|--[91m 'compact csr: indices | Max Time: 1.390 ms | Avg Time: 1.304 ms | Load Imbalance: 1.066' [0m
			|--[91m 'compact csr: row ptrs | Max Time: 8.479 ms | Avg Time: 8.039 ms | Load Imbalance: 1.055' [0m
			|--[91m 'compact csr: nnz index | Max Time: 18.882 ms | Avg Time: 17.684 ms | Load Imbalance: 1.068' [0m
			|--[91m 'compact csr: select nnz | Max Time: 7.115 ms | Avg Time: 6.640 ms | Load Imbalance: 1.071' [0m
			|--[91m 'compact csr: col map | Max Time: 12.087 ms | Avg Time: 11.666 ms | Load Imbalance: 1.036' [0m
			|--[91m 'compact csr: edge scale | Max Time: 14.183 ms | Avg Time: 13.932 ms | Load Imbalance: 1.018' [0m
			|--[91m 'compact csr: crow | Max Time: 11.528 ms | Avg Time: 11.300 ms | Load Imbalance: 1.020' [0m
			|--[91m 'compact csr: adjt direct | Max Time: 24.742 ms | Avg Time: 23.225 ms | Load Imbalance: 1.065' [0m
		|--[96m 'compact feature slice | Max Time: 6.204 ms | Avg Time: 6.188 ms | Load Imbalance: 1.003' [0m
		|--[96m 'compact label slice | Max Time: 0.763 ms | Avg Time: 0.757 ms | Load Imbalance: 1.008' [0m
	|--[92m 'train step | Max Time: 1324.282 ms | Avg Time: 1318.141 ms | Load Imbalance: 1.005' [0m
		|--[96m 'input_linear | Max Time: 56.187 ms | Avg Time: 42.881 ms | Load Imbalance: 1.310' [0m
			|--[91m 'input_linear X * W | Max Time: 4.888 ms | Avg Time: 4.793 ms | Load Imbalance: 1.020' [0m
			|--[91m 'all-reduce | Max Time: 48.191 ms | Avg Time: 34.674 ms | Load Imbalance: 1.390' [0m
			|--[91m 'OUT + BIAS | Max Time: 2.983 ms | Avg Time: 2.974 ms | Load Imbalance: 1.003' [0m
		|--[96m 'gcn conv fwd | Max Time: 517.744 ms | Avg Time: 507.060 ms | Load Imbalance: 1.021' [0m
			|--[91m 'AGG = A * H | Max Time: 23.125 ms | Avg Time: 18.992 ms | Load Imbalance: 1.218' [0m
			|--[91m 'allreduce H | Max Time: 243.265 ms | Avg Time: 230.628 ms | Load Imbalance: 1.055' [0m
				|--[95m 'allreduce lowp comm dtype | Max Time: 8.793 ms | Avg Time: 8.715 ms | Load Imbalance: 1.009' [0m
				|--[95m 'allreduce lowp | Max Time: 223.364 ms | Avg Time: 210.696 ms | Load Imbalance: 1.060' [0m
				|--[95m 'allreduce copy back | Max Time: 10.661 ms | Avg Time: 10.623 ms | Load Imbalance: 1.004' [0m
			|--[91m 'Allgather W | Max Time: 13.091 ms | Avg Time: 9.925 ms | Load Imbalance: 1.319' [0m
				|--[95m 'gather | Max Time: 12.796 ms | Avg Time: 9.628 ms | Load Imbalance: 1.329' [0m
			|--[91m 'OUT = AGG * W | Max Time: 21.788 ms | Avg Time: 21.700 ms | Load Imbalance: 1.004' [0m
			|--[91m 'allreduce Q | Max Time: 230.424 ms | Avg Time: 224.925 ms | Load Imbalance: 1.024' [0m
				|--[95m 'allreduce lowp comm dtype | Max Time: 8.912 ms | Avg Time: 8.899 ms | Load Imbalance: 1.001' [0m
				|--[95m 'allreduce lowp | Max Time: 210.299 ms | Avg Time: 204.821 ms | Load Imbalance: 1.027' [0m
				|--[95m 'allreduce copy back | Max Time: 10.649 ms | Avg Time: 10.608 ms | Load Imbalance: 1.004' [0m
		|--[96m 'activation | Max Time: 42.705 ms | Avg Time: 40.668 ms | Load Imbalance: 1.050' [0m
			|--[91m 'all-reduce | Max Time: 21.745 ms | Avg Time: 19.739 ms | Load Imbalance: 1.102' [0m
		|--[96m 'output_linear | Max Time: 48.861 ms | Avg Time: 48.073 ms | Load Imbalance: 1.016' [0m
			|--[91m 'output_linear X * W | Max Time: 2.660 ms | Avg Time: 2.625 ms | Load Imbalance: 1.013' [0m
			|--[91m 'all-reduce | Max Time: 45.208 ms | Avg Time: 44.425 ms | Load Imbalance: 1.018' [0m
			|--[91m 'OUT + BIAS | Max Time: 0.833 ms | Avg Time: 0.825 ms | Load Imbalance: 1.011' [0m
		|--[96m 'cross entropy fwd | Max Time: 27.166 ms | Avg Time: 26.604 ms | Load Imbalance: 1.021' [0m
		|--[96m 'cross entropy bwd | Max Time: 3.096 ms | Avg Time: 2.959 ms | Load Imbalance: 1.046' [0m
		|--[96m 'linear_3d_bwd | Max Time: 50.565 ms | Avg Time: 47.743 ms | Load Imbalance: 1.059' [0m
			|--[91m 'output_linear GRAD_X | Max Time: 2.937 ms | Avg Time: 2.619 ms | Load Imbalance: 1.121' [0m
			|--[91m 'all-reduce | Max Time: 37.043 ms | Avg Time: 33.585 ms | Load Imbalance: 1.103' [0m
			|--[91m 'output_linear GRAD_W | Max Time: 2.716 ms | Avg Time: 2.699 ms | Load Imbalance: 1.006' [0m
			|--[91m 'input_linear GRAD_W | Max Time: 4.478 ms | Avg Time: 4.446 ms | Load Imbalance: 1.007' [0m
		|--[96m 'gcn conv bwd | Max Time: 530.580 ms | Avg Time: 529.442 ms | Load Imbalance: 1.002' [0m
			|--[91m 'gather | Max Time: 15.191 ms | Avg Time: 9.092 ms | Load Imbalance: 1.671' [0m
			|--[91m 'GRAD_AGG = GRAD_OUT * W.T | Max Time: 21.623 ms | Avg Time: 21.546 ms | Load Imbalance: 1.004' [0m
			|--[91m 'allreduce lowp comm dtype | Max Time: 8.767 ms | Avg Time: 8.673 ms | Load Imbalance: 1.011' [0m
			|--[91m 'allreduce lowp | Max Time: 209.762 ms | Avg Time: 208.219 ms | Load Imbalance: 1.007' [0m
			|--[91m 'allreduce copy back | Max Time: 10.658 ms | Avg Time: 10.625 ms | Load Imbalance: 1.003' [0m
			|--[91m 'GRAD_W = AGG.T * GRAD_OUT | Max Time: 21.857 ms | Avg Time: 21.751 ms | Load Imbalance: 1.005' [0m
			|--[91m 'ReduceScatter grad_weight | Max Time: 8.800 ms | Avg Time: 6.703 ms | Load Imbalance: 1.313' [0m
				|--[95m 'reduce-scatter | Max Time: 8.504 ms | Avg Time: 6.407 ms | Load Imbalance: 1.327' [0m
					|--[92m 'reduce-scatter-dist | Max Time: 8.208 ms | Avg Time: 6.110 ms | Load Imbalance: 1.343' [0m
			|--[91m 'GRAD_H = A.T * GRAD_AGG | Max Time: 22.891 ms | Avg Time: 18.763 ms | Load Imbalance: 1.220' [0m
			|--[91m 'allreduce grad_x | Max Time: 227.144 ms | Avg Time: 222.584 ms | Load Imbalance: 1.020' [0m
				|--[95m 'allreduce lowp comm dtype | Max Time: 8.767 ms | Avg Time: 8.686 ms | Load Imbalance: 1.009' [0m
				|--[95m 'allreduce lowp | Max Time: 207.220 ms | Avg Time: 202.667 ms | Load Imbalance: 1.022' [0m
				|--[95m 'allreduce copy back | Max Time: 10.674 ms | Avg Time: 10.632 ms | Load Imbalance: 1.004' [0m
		|--[96m 'sync_norm_gradients | Max Time: 1.986 ms | Avg Time: 1.767 ms | Load Imbalance: 1.124' [0m
		|--[96m 'sync_data_parallel_gradients | Max Time: 0.051 ms | Avg Time: 0.049 ms | Load Imbalance: 1.032' [0m

|--[95m 'epoch 9 | Max Time: 1550.243 ms | Avg Time: 1550.223 ms | Load Imbalance: 1.000' [0m
	|--[92m 'minibatch prep | Max Time: 249.060 ms | Avg Time: 235.256 ms | Load Imbalance: 1.059' [0m
		|--[96m 'sample nodes | Max Time: 73.372 ms | Avg Time: 73.176 ms | Load Imbalance: 1.003' [0m
		|--[96m 'compact indices | Max Time: 12.871 ms | Avg Time: 12.506 ms | Load Imbalance: 1.029' [0m
		|--[96m 'compact adj shards | Max Time: 153.260 ms | Avg Time: 139.725 ms | Load Imbalance: 1.097' [0m
			|--[91m 'compact layout prep | Max Time: 32.286 ms | Avg Time: 22.518 ms | Load Imbalance: 1.434' [0m
			|--[91m 'compact csr: indices | Max Time: 1.354 ms | Avg Time: 1.291 ms | Load Imbalance: 1.049' [0m
			|--[91m 'compact csr: row ptrs | Max Time: 8.111 ms | Avg Time: 7.952 ms | Load Imbalance: 1.020' [0m
			|--[91m 'compact csr: nnz index | Max Time: 19.010 ms | Avg Time: 17.674 ms | Load Imbalance: 1.076' [0m
			|--[91m 'compact csr: select nnz | Max Time: 7.127 ms | Avg Time: 6.636 ms | Load Imbalance: 1.074' [0m
			|--[91m 'compact csr: col map | Max Time: 12.086 ms | Avg Time: 11.666 ms | Load Imbalance: 1.036' [0m
			|--[91m 'compact csr: edge scale | Max Time: 14.224 ms | Avg Time: 14.001 ms | Load Imbalance: 1.016' [0m
			|--[91m 'compact csr: crow | Max Time: 11.588 ms | Avg Time: 11.359 ms | Load Imbalance: 1.020' [0m
			|--[91m 'compact csr: adjt direct | Max Time: 24.691 ms | Avg Time: 23.247 ms | Load Imbalance: 1.062' [0m
		|--[96m 'compact feature slice | Max Time: 6.222 ms | Avg Time: 6.196 ms | Load Imbalance: 1.004' [0m
		|--[96m 'compact label slice | Max Time: 0.766 ms | Avg Time: 0.756 ms | Load Imbalance: 1.013' [0m
	|--[92m 'train step | Max Time: 1319.687 ms | Avg Time: 1314.009 ms | Load Imbalance: 1.004' [0m
		|--[96m 'input_linear | Max Time: 57.299 ms | Avg Time: 43.096 ms | Load Imbalance: 1.330' [0m
			|--[91m 'input_linear X * W | Max Time: 4.913 ms | Avg Time: 4.839 ms | Load Imbalance: 1.015' [0m
			|--[91m 'all-reduce | Max Time: 49.134 ms | Avg Time: 34.817 ms | Load Imbalance: 1.411' [0m
			|--[91m 'OUT + BIAS | Max Time: 2.983 ms | Avg Time: 2.974 ms | Load Imbalance: 1.003' [0m
		|--[96m 'gcn conv fwd | Max Time: 516.263 ms | Avg Time: 506.853 ms | Load Imbalance: 1.019' [0m
			|--[91m 'AGG = A * H | Max Time: 23.111 ms | Avg Time: 18.991 ms | Load Imbalance: 1.217' [0m
			|--[91m 'allreduce H | Max Time: 243.639 ms | Avg Time: 230.510 ms | Load Imbalance: 1.057' [0m
				|--[95m 'allreduce lowp comm dtype | Max Time: 8.799 ms | Avg Time: 8.716 ms | Load Imbalance: 1.010' [0m
				|--[95m 'allreduce lowp | Max Time: 223.745 ms | Avg Time: 210.577 ms | Load Imbalance: 1.063' [0m
				|--[95m 'allreduce copy back | Max Time: 10.657 ms | Avg Time: 10.621 ms | Load Imbalance: 1.003' [0m
			|--[91m 'Allgather W | Max Time: 13.909 ms | Avg Time: 10.358 ms | Load Imbalance: 1.343' [0m
				|--[95m 'gather | Max Time: 13.613 ms | Avg Time: 10.061 ms | Load Imbalance: 1.353' [0m
			|--[91m 'OUT = AGG * W | Max Time: 21.787 ms | Avg Time: 21.700 ms | Load Imbalance: 1.004' [0m
			|--[91m 'allreduce Q | Max Time: 227.235 ms | Avg Time: 224.402 ms | Load Imbalance: 1.013' [0m
				|--[95m 'allreduce lowp comm dtype | Max Time: 8.915 ms | Avg Time: 8.903 ms | Load Imbalance: 1.001' [0m
				|--[95m 'allreduce lowp | Max Time: 207.121 ms | Avg Time: 204.295 ms | Load Imbalance: 1.014' [0m
				|--[95m 'allreduce copy back | Max Time: 10.647 ms | Avg Time: 10.608 ms | Load Imbalance: 1.004' [0m
		|--[96m 'activation | Max Time: 42.282 ms | Avg Time: 39.904 ms | Load Imbalance: 1.060' [0m
			|--[91m 'all-reduce | Max Time: 21.368 ms | Avg Time: 18.973 ms | Load Imbalance: 1.126' [0m
		|--[96m 'output_linear | Max Time: 47.926 ms | Avg Time: 47.440 ms | Load Imbalance: 1.010' [0m
			|--[91m 'output_linear X * W | Max Time: 2.665 ms | Avg Time: 2.626 ms | Load Imbalance: 1.015' [0m
			|--[91m 'all-reduce | Max Time: 44.297 ms | Avg Time: 43.790 ms | Load Imbalance: 1.012' [0m
			|--[91m 'OUT + BIAS | Max Time: 0.833 ms | Avg Time: 0.824 ms | Load Imbalance: 1.010' [0m
		|--[96m 'cross entropy fwd | Max Time: 26.302 ms | Avg Time: 25.241 ms | Load Imbalance: 1.042' [0m
		|--[96m 'cross entropy bwd | Max Time: 3.154 ms | Avg Time: 3.033 ms | Load Imbalance: 1.040' [0m
		|--[96m 'linear_3d_bwd | Max Time: 48.970 ms | Avg Time: 47.301 ms | Load Imbalance: 1.035' [0m
			|--[91m 'output_linear GRAD_X | Max Time: 2.972 ms | Avg Time: 2.704 ms | Load Imbalance: 1.099' [0m
			|--[91m 'all-reduce | Max Time: 35.225 ms | Avg Time: 33.066 ms | Load Imbalance: 1.065' [0m
			|--[91m 'output_linear GRAD_W | Max Time: 2.716 ms | Avg Time: 2.700 ms | Load Imbalance: 1.006' [0m
			|--[91m 'input_linear GRAD_W | Max Time: 4.477 ms | Avg Time: 4.447 ms | Load Imbalance: 1.007' [0m
		|--[96m 'gcn conv bwd | Max Time: 529.208 ms | Avg Time: 528.280 ms | Load Imbalance: 1.002' [0m
			|--[91m 'gather | Max Time: 9.777 ms | Avg Time: 7.600 ms | Load Imbalance: 1.286' [0m
			|--[91m 'GRAD_AGG = GRAD_OUT * W.T | Max Time: 21.624 ms | Avg Time: 21.545 ms | Load Imbalance: 1.004' [0m
			|--[91m 'allreduce lowp comm dtype | Max Time: 8.779 ms | Avg Time: 8.679 ms | Load Imbalance: 1.012' [0m
			|--[91m 'allreduce lowp | Max Time: 211.501 ms | Avg Time: 209.246 ms | Load Imbalance: 1.011' [0m
			|--[91m 'allreduce copy back | Max Time: 10.652 ms | Avg Time: 10.625 ms | Load Imbalance: 1.003' [0m
			|--[91m 'GRAD_W = AGG.T * GRAD_OUT | Max Time: 21.863 ms | Avg Time: 21.751 ms | Load Imbalance: 1.005' [0m
			|--[91m 'ReduceScatter grad_weight | Max Time: 11.048 ms | Avg Time: 7.397 ms | Load Imbalance: 1.494' [0m
				|--[95m 'reduce-scatter | Max Time: 10.753 ms | Avg Time: 7.100 ms | Load Imbalance: 1.514' [0m
					|--[92m 'reduce-scatter-dist | Max Time: 10.459 ms | Avg Time: 6.804 ms | Load Imbalance: 1.537' [0m
			|--[91m 'GRAD_H = A.T * GRAD_AGG | Max Time: 22.881 ms | Avg Time: 18.754 ms | Load Imbalance: 1.220' [0m
			|--[91m 'allreduce grad_x | Max Time: 225.164 ms | Avg Time: 221.194 ms | Load Imbalance: 1.018' [0m
				|--[95m 'allreduce lowp comm dtype | Max Time: 8.764 ms | Avg Time: 8.686 ms | Load Imbalance: 1.009' [0m
				|--[95m 'allreduce lowp | Max Time: 205.223 ms | Avg Time: 201.279 ms | Load Imbalance: 1.020' [0m
				|--[95m 'allreduce copy back | Max Time: 10.669 ms | Avg Time: 10.632 ms | Load Imbalance: 1.003' [0m
		|--[96m 'sync_norm_gradients | Max Time: 1.806 ms | Avg Time: 1.592 ms | Load Imbalance: 1.135' [0m
		|--[96m 'sync_data_parallel_gradients | Max Time: 0.051 ms | Avg Time: 0.049 ms | Load Imbalance: 1.023' [0m

Epoch: 009, Train Loss: 3.1187
rank 0 Peak GPU memory: 7.24 GB
