/pscratch/sd/h/hmuki/plexus/plexus/utils/dataloader.py:412: UserWarning: Sparse invariant checks are implicitly disabled. Memory errors (e.g. SEGFAULT) will occur when operating on a sparse tensor which violates the invariants, but checks incur performance overhead. To silence this warning, explicitly opt in or out. See `torch.sparse.check_sparse_tensor_invariants.__doc__` for guidance.  (Triggered internally at /pytorch/aten/src/ATen/Context.cpp:760.)
  adj_local = torch.sparse_coo_tensor(
/pscratch/sd/h/hmuki/plexus/plexus/utils/dataloader.py:412: UserWarning: Sparse invariant checks are implicitly disabled. Memory errors (e.g. SEGFAULT) will occur when operating on a sparse tensor which violates the invariants, but checks incur performance overhead. To silence this warning, explicitly opt in or out. See `torch.sparse.check_sparse_tensor_invariants.__doc__` for guidance.  (Triggered internally at /pytorch/aten/src/ATen/Context.cpp:760.)
  adj_local = torch.sparse_coo_tensor(
/pscratch/sd/h/hmuki/plexus/plexus/utils/dataloader.py:412: UserWarning: Sparse invariant checks are implicitly disabled. Memory errors (e.g. SEGFAULT) will occur when operating on a sparse tensor which violates the invariants, but checks incur performance overhead. To silence this warning, explicitly opt in or out. See `torch.sparse.check_sparse_tensor_invariants.__doc__` for guidance.  (Triggered internally at /pytorch/aten/src/ATen/Context.cpp:760.)
  adj_local = torch.sparse_coo_tensor(
/pscratch/sd/h/hmuki/plexus/plexus/utils/dataloader.py:412: UserWarning: Sparse invariant checks are implicitly disabled. Memory errors (e.g. SEGFAULT) will occur when operating on a sparse tensor which violates the invariants, but checks incur performance overhead. To silence this warning, explicitly opt in or out. See `torch.sparse.check_sparse_tensor_invariants.__doc__` for guidance.  (Triggered internally at /pytorch/aten/src/ATen/Context.cpp:760.)
  adj_local = torch.sparse_coo_tensor(
/pscratch/sd/h/hmuki/plexus/plexus/utils/dataloader.py:412: UserWarning: Sparse invariant checks are implicitly disabled. Memory errors (e.g. SEGFAULT) will occur when operating on a sparse tensor which violates the invariants, but checks incur performance overhead. To silence this warning, explicitly opt in or out. See `torch.sparse.check_sparse_tensor_invariants.__doc__` for guidance.  (Triggered internally at /pytorch/aten/src/ATen/Context.cpp:760.)
  adj_local = torch.sparse_coo_tensor(
/pscratch/sd/h/hmuki/plexus/plexus/utils/dataloader.py:412: UserWarning: Sparse invariant checks are implicitly disabled. Memory errors (e.g. SEGFAULT) will occur when operating on a sparse tensor which violates the invariants, but checks incur performance overhead. To silence this warning, explicitly opt in or out. See `torch.sparse.check_sparse_tensor_invariants.__doc__` for guidance.  (Triggered internally at /pytorch/aten/src/ATen/Context.cpp:760.)
  adj_local = torch.sparse_coo_tensor(
/pscratch/sd/h/hmuki/plexus/plexus/utils/dataloader.py:412: UserWarning: Sparse invariant checks are implicitly disabled. Memory errors (e.g. SEGFAULT) will occur when operating on a sparse tensor which violates the invariants, but checks incur performance overhead. To silence this warning, explicitly opt in or out. See `torch.sparse.check_sparse_tensor_invariants.__doc__` for guidance.  (Triggered internally at /pytorch/aten/src/ATen/Context.cpp:760.)
  adj_local = torch.sparse_coo_tensor(
/pscratch/sd/h/hmuki/plexus/plexus/utils/dataloader.py:412: UserWarning: Sparse invariant checks are implicitly disabled. Memory errors (e.g. SEGFAULT) will occur when operating on a sparse tensor which violates the invariants, but checks incur performance overhead. To silence this warning, explicitly opt in or out. See `torch.sparse.check_sparse_tensor_invariants.__doc__` for guidance.  (Triggered internally at /pytorch/aten/src/ATen/Context.cpp:760.)
  adj_local = torch.sparse_coo_tensor(
/pscratch/sd/h/hmuki/plexus/plexus/utils/dataloader.py:412: UserWarning: Sparse invariant checks are implicitly disabled. Memory errors (e.g. SEGFAULT) will occur when operating on a sparse tensor which violates the invariants, but checks incur performance overhead. To silence this warning, explicitly opt in or out. See `torch.sparse.check_sparse_tensor_invariants.__doc__` for guidance.  (Triggered internally at /pytorch/aten/src/ATen/Context.cpp:760.)
  adj_local = torch.sparse_coo_tensor(
/pscratch/sd/h/hmuki/plexus/plexus/utils/dataloader.py:412: UserWarning: Sparse invariant checks are implicitly disabled. Memory errors (e.g. SEGFAULT) will occur when operating on a sparse tensor which violates the invariants, but checks incur performance overhead. To silence this warning, explicitly opt in or out. See `torch.sparse.check_sparse_tensor_invariants.__doc__` for guidance.  (Triggered internally at /pytorch/aten/src/ATen/Context.cpp:760.)
  adj_local = torch.sparse_coo_tensor(
/pscratch/sd/h/hmuki/plexus/plexus/utils/dataloader.py:412: UserWarning: Sparse invariant checks are implicitly disabled. Memory errors (e.g. SEGFAULT) will occur when operating on a sparse tensor which violates the invariants, but checks incur performance overhead. To silence this warning, explicitly opt in or out. See `torch.sparse.check_sparse_tensor_invariants.__doc__` for guidance.  (Triggered internally at /pytorch/aten/src/ATen/Context.cpp:760.)
  adj_local = torch.sparse_coo_tensor(
/pscratch/sd/h/hmuki/plexus/plexus/utils/dataloader.py:412: UserWarning: Sparse invariant checks are implicitly disabled. Memory errors (e.g. SEGFAULT) will occur when operating on a sparse tensor which violates the invariants, but checks incur performance overhead. To silence this warning, explicitly opt in or out. See `torch.sparse.check_sparse_tensor_invariants.__doc__` for guidance.  (Triggered internally at /pytorch/aten/src/ATen/Context.cpp:760.)
  adj_local = torch.sparse_coo_tensor(
/pscratch/sd/h/hmuki/plexus/plexus/utils/dataloader.py:412: UserWarning: Sparse invariant checks are implicitly disabled. Memory errors (e.g. SEGFAULT) will occur when operating on a sparse tensor which violates the invariants, but checks incur performance overhead. To silence this warning, explicitly opt in or out. See `torch.sparse.check_sparse_tensor_invariants.__doc__` for guidance.  (Triggered internally at /pytorch/aten/src/ATen/Context.cpp:760.)
  adj_local = torch.sparse_coo_tensor(
/pscratch/sd/h/hmuki/plexus/plexus/utils/dataloader.py:412: UserWarning: Sparse invariant checks are implicitly disabled. Memory errors (e.g. SEGFAULT) will occur when operating on a sparse tensor which violates the invariants, but checks incur performance overhead. To silence this warning, explicitly opt in or out. See `torch.sparse.check_sparse_tensor_invariants.__doc__` for guidance.  (Triggered internally at /pytorch/aten/src/ATen/Context.cpp:760.)
  adj_local = torch.sparse_coo_tensor(
/pscratch/sd/h/hmuki/plexus/plexus/utils/dataloader.py:412: UserWarning: Sparse invariant checks are implicitly disabled. Memory errors (e.g. SEGFAULT) will occur when operating on a sparse tensor which violates the invariants, but checks incur performance overhead. To silence this warning, explicitly opt in or out. See `torch.sparse.check_sparse_tensor_invariants.__doc__` for guidance.  (Triggered internally at /pytorch/aten/src/ATen/Context.cpp:760.)
  adj_local = torch.sparse_coo_tensor(
/pscratch/sd/h/hmuki/plexus/plexus/utils/dataloader.py:412: UserWarning: Sparse invariant checks are implicitly disabled. Memory errors (e.g. SEGFAULT) will occur when operating on a sparse tensor which violates the invariants, but checks incur performance overhead. To silence this warning, explicitly opt in or out. See `torch.sparse.check_sparse_tensor_invariants.__doc__` for guidance.  (Triggered internally at /pytorch/aten/src/ATen/Context.cpp:760.)
  adj_local = torch.sparse_coo_tensor(
/pscratch/sd/h/hmuki/plexus/plexus/utils/dataloader.py:425: UserWarning: Sparse CSR tensor support is in beta state. If you miss a functionality in the sparse tensor support, please submit a feature request to https://github.com/pytorch/pytorch/issues. (Triggered internally at /pytorch/aten/src/ATen/SparseCsrTensorImpl.cpp:49.)
  adj_local = adj_local.to_sparse_csr()
/pscratch/sd/h/hmuki/plexus/plexus/utils/dataloader.py:425: UserWarning: Sparse CSR tensor support is in beta state. If you miss a functionality in the sparse tensor support, please submit a feature request to https://github.com/pytorch/pytorch/issues. (Triggered internally at /pytorch/aten/src/ATen/SparseCsrTensorImpl.cpp:49.)
  adj_local = adj_local.to_sparse_csr()
/pscratch/sd/h/hmuki/plexus/plexus/utils/dataloader.py:425: UserWarning: Sparse CSR tensor support is in beta state. If you miss a functionality in the sparse tensor support, please submit a feature request to https://github.com/pytorch/pytorch/issues. (Triggered internally at /pytorch/aten/src/ATen/SparseCsrTensorImpl.cpp:49.)
  adj_local = adj_local.to_sparse_csr()
/pscratch/sd/h/hmuki/plexus/plexus/utils/dataloader.py:425: UserWarning: Sparse CSR tensor support is in beta state. If you miss a functionality in the sparse tensor support, please submit a feature request to https://github.com/pytorch/pytorch/issues. (Triggered internally at /pytorch/aten/src/ATen/SparseCsrTensorImpl.cpp:49.)
  adj_local = adj_local.to_sparse_csr()
/pscratch/sd/h/hmuki/plexus/plexus/utils/dataloader.py:425: UserWarning: Sparse CSR tensor support is in beta state. If you miss a functionality in the sparse tensor support, please submit a feature request to https://github.com/pytorch/pytorch/issues. (Triggered internally at /pytorch/aten/src/ATen/SparseCsrTensorImpl.cpp:49.)
  adj_local = adj_local.to_sparse_csr()
/pscratch/sd/h/hmuki/plexus/plexus/utils/dataloader.py:425: UserWarning: Sparse CSR tensor support is in beta state. If you miss a functionality in the sparse tensor support, please submit a feature request to https://github.com/pytorch/pytorch/issues. (Triggered internally at /pytorch/aten/src/ATen/SparseCsrTensorImpl.cpp:49.)
  adj_local = adj_local.to_sparse_csr()
/pscratch/sd/h/hmuki/plexus/plexus/utils/dataloader.py:425: UserWarning: Sparse CSR tensor support is in beta state. If you miss a functionality in the sparse tensor support, please submit a feature request to https://github.com/pytorch/pytorch/issues. (Triggered internally at /pytorch/aten/src/ATen/SparseCsrTensorImpl.cpp:49.)
  adj_local = adj_local.to_sparse_csr()
/pscratch/sd/h/hmuki/plexus/plexus/utils/dataloader.py:425: UserWarning: Sparse CSR tensor support is in beta state. If you miss a functionality in the sparse tensor support, please submit a feature request to https://github.com/pytorch/pytorch/issues. (Triggered internally at /pytorch/aten/src/ATen/SparseCsrTensorImpl.cpp:49.)
  adj_local = adj_local.to_sparse_csr()
/pscratch/sd/h/hmuki/plexus/plexus/utils/dataloader.py:425: UserWarning: Sparse CSR tensor support is in beta state. If you miss a functionality in the sparse tensor support, please submit a feature request to https://github.com/pytorch/pytorch/issues. (Triggered internally at /pytorch/aten/src/ATen/SparseCsrTensorImpl.cpp:49.)
  adj_local = adj_local.to_sparse_csr()
/pscratch/sd/h/hmuki/plexus/plexus/utils/dataloader.py:425: UserWarning: Sparse CSR tensor support is in beta state. If you miss a functionality in the sparse tensor support, please submit a feature request to https://github.com/pytorch/pytorch/issues. (Triggered internally at /pytorch/aten/src/ATen/SparseCsrTensorImpl.cpp:49.)
  adj_local = adj_local.to_sparse_csr()
/pscratch/sd/h/hmuki/plexus/plexus/utils/dataloader.py:425: UserWarning: Sparse CSR tensor support is in beta state. If you miss a functionality in the sparse tensor support, please submit a feature request to https://github.com/pytorch/pytorch/issues. (Triggered internally at /pytorch/aten/src/ATen/SparseCsrTensorImpl.cpp:49.)
  adj_local = adj_local.to_sparse_csr()
/pscratch/sd/h/hmuki/plexus/plexus/utils/dataloader.py:425: UserWarning: Sparse CSR tensor support is in beta state. If you miss a functionality in the sparse tensor support, please submit a feature request to https://github.com/pytorch/pytorch/issues. (Triggered internally at /pytorch/aten/src/ATen/SparseCsrTensorImpl.cpp:49.)
  adj_local = adj_local.to_sparse_csr()
/pscratch/sd/h/hmuki/plexus/plexus/utils/dataloader.py:425: UserWarning: Sparse CSR tensor support is in beta state. If you miss a functionality in the sparse tensor support, please submit a feature request to https://github.com/pytorch/pytorch/issues. (Triggered internally at /pytorch/aten/src/ATen/SparseCsrTensorImpl.cpp:49.)
  adj_local = adj_local.to_sparse_csr()
/pscratch/sd/h/hmuki/plexus/plexus/utils/dataloader.py:425: UserWarning: Sparse CSR tensor support is in beta state. If you miss a functionality in the sparse tensor support, please submit a feature request to https://github.com/pytorch/pytorch/issues. (Triggered internally at /pytorch/aten/src/ATen/SparseCsrTensorImpl.cpp:49.)
  adj_local = adj_local.to_sparse_csr()
/pscratch/sd/h/hmuki/plexus/plexus/utils/dataloader.py:425: UserWarning: Sparse CSR tensor support is in beta state. If you miss a functionality in the sparse tensor support, please submit a feature request to https://github.com/pytorch/pytorch/issues. (Triggered internally at /pytorch/aten/src/ATen/SparseCsrTensorImpl.cpp:49.)
  adj_local = adj_local.to_sparse_csr()
/pscratch/sd/h/hmuki/plexus/plexus/utils/dataloader.py:425: UserWarning: Sparse CSR tensor support is in beta state. If you miss a functionality in the sparse tensor support, please submit a feature request to https://github.com/pytorch/pytorch/issues. (Triggered internally at /pytorch/aten/src/ATen/SparseCsrTensorImpl.cpp:49.)
  adj_local = adj_local.to_sparse_csr()
[info] RMSNorm + ReLU + Dropout fused and compiled with torch.compile
steps_per_epoch:  101
steps_per_epoch:  101
steps_per_epoch:  101
steps_per_epoch:  101
steps_per_epoch:  101
steps_per_epoch:  101
steps_per_epoch:  101
steps_per_epoch:  101
steps_per_epoch:  101
steps_per_epoch:  101
steps_per_epoch:  101
steps_per_epoch:  101
steps_per_epoch:  101
steps_per_epoch:  101
steps_per_epoch:  101
steps_per_epoch:  101
Epoch: 000, Train Loss: 3.4636
Epoch: 001, Train Loss: 3.3914
Epoch: 002, Train Loss: 3.3699
Epoch: 003, Train Loss: 3.3925
Epoch: 004, Train Loss: 3.3919
Epoch: 005, Train Loss: 3.4317
Epoch: 006, Train Loss: 3.4209
Epoch: 007, Train Loss: 3.4234
Epoch: 008, Train Loss: 3.4339
rank 3 Peak GPU memory: 6.93 GB
rank 2 Peak GPU memory: 6.93 GB
rank 1 Peak GPU memory: 6.93 GB
rank 4 Peak GPU memory: 6.93 GB
rank 7 Peak GPU memory: 6.93 GB
rank 6 Peak GPU memory: 6.93 GB
rank 5 Peak GPU memory: 7.02 GB
rank 8 Peak GPU memory: 6.93 GB
rank 11 Peak GPU memory: 6.93 GB
rank 10 Peak GPU memory: 7.02 GB
rank 9 Peak GPU memory: 6.93 GB
rank 12 Peak GPU memory: 6.93 GB
rank 13 Peak GPU memory: 6.93 GB
rank 14 Peak GPU memory: 6.93 GB
rank 15 Peak GPU memory: 7.02 GB
|--[95m 'drop | Max Time: 0.166 ms | Avg Time: 0.152 ms | Load Imbalance: 1.089' [0m

|--[95m 'epoch 0 | Max Time: 8666.510 ms | Avg Time: 8665.620 ms | Load Imbalance: 1.000' [0m
	|--[92m 'minibatch prep | Max Time: 1177.389 ms | Avg Time: 1151.485 ms | Load Imbalance: 1.022' [0m
		|--[96m 'sample nodes | Max Time: 365.048 ms | Avg Time: 359.331 ms | Load Imbalance: 1.016' [0m
		|--[96m 'compact indices | Max Time: 73.190 ms | Avg Time: 70.868 ms | Load Imbalance: 1.033' [0m
		|--[96m 'compact adj shards | Max Time: 704.676 ms | Avg Time: 682.766 ms | Load Imbalance: 1.032' [0m
			|--[91m 'compact layout prep | Max Time: 195.988 ms | Avg Time: 171.950 ms | Load Imbalance: 1.140' [0m
			|--[91m 'compact csr: indices | Max Time: 6.760 ms | Avg Time: 6.552 ms | Load Imbalance: 1.032' [0m
			|--[91m 'compact csr: row ptrs | Max Time: 45.096 ms | Avg Time: 44.153 ms | Load Imbalance: 1.021' [0m
			|--[91m 'compact csr: nnz index | Max Time: 43.757 ms | Avg Time: 43.083 ms | Load Imbalance: 1.016' [0m
			|--[91m 'compact csr: select nnz | Max Time: 15.161 ms | Avg Time: 14.963 ms | Load Imbalance: 1.013' [0m
			|--[91m 'compact csr: col map | Max Time: 27.498 ms | Avg Time: 26.493 ms | Load Imbalance: 1.038' [0m
			|--[91m 'compact csr: edge scale | Max Time: 73.888 ms | Avg Time: 72.380 ms | Load Imbalance: 1.021' [0m
			|--[91m 'compact csr: crow | Max Time: 74.472 ms | Avg Time: 72.814 ms | Load Imbalance: 1.023' [0m
			|--[91m 'compact csr: adjt direct | Max Time: 111.385 ms | Avg Time: 108.088 ms | Load Imbalance: 1.031' [0m
		|--[96m 'compact feature slice | Max Time: 15.465 ms | Avg Time: 14.348 ms | Load Imbalance: 1.078' [0m
		|--[96m 'compact label slice | Max Time: 10.009 ms | Avg Time: 9.531 ms | Load Imbalance: 1.050' [0m
	|--[92m 'train step | Max Time: 7535.423 ms | Avg Time: 7508.354 ms | Load Imbalance: 1.004' [0m
		|--[96m 'input_linear | Max Time: 517.819 ms | Avg Time: 488.851 ms | Load Imbalance: 1.059' [0m
			|--[91m 'input_linear X * W | Max Time: 50.769 ms | Avg Time: 47.461 ms | Load Imbalance: 1.070' [0m
			|--[91m 'all-reduce | Max Time: 456.985 ms | Avg Time: 429.653 ms | Load Imbalance: 1.064' [0m
			|--[91m 'OUT + BIAS | Max Time: 6.157 ms | Avg Time: 6.129 ms | Load Imbalance: 1.005' [0m
		|--[96m 'gcn conv fwd | Max Time: 1225.398 ms | Avg Time: 1117.849 ms | Load Imbalance: 1.096' [0m
			|--[91m 'AGG = A * H | Max Time: 55.620 ms | Avg Time: 52.776 ms | Load Imbalance: 1.054' [0m
			|--[91m 'allreduce H | Max Time: 562.923 ms | Avg Time: 479.155 ms | Load Imbalance: 1.175' [0m
				|--[95m 'allreduce lowp comm dtype | Max Time: 9.786 ms | Avg Time: 9.427 ms | Load Imbalance: 1.038' [0m
				|--[95m 'allreduce lowp | Max Time: 538.063 ms | Avg Time: 454.240 ms | Load Imbalance: 1.185' [0m
				|--[95m 'allreduce copy back | Max Time: 12.564 ms | Avg Time: 12.468 ms | Load Imbalance: 1.008' [0m
			|--[91m 'Allgather W | Max Time: 98.425 ms | Avg Time: 72.577 ms | Load Imbalance: 1.356' [0m
				|--[95m 'gather | Max Time: 92.845 ms | Avg Time: 70.354 ms | Load Imbalance: 1.320' [0m
			|--[91m 'OUT = AGG * W | Max Time: 30.277 ms | Avg Time: 27.645 ms | Load Imbalance: 1.095' [0m
			|--[91m 'allreduce Q | Max Time: 537.343 ms | Avg Time: 480.455 ms | Load Imbalance: 1.118' [0m
				|--[95m 'allreduce lowp comm dtype | Max Time: 10.258 ms | Avg Time: 10.036 ms | Load Imbalance: 1.022' [0m
				|--[95m 'allreduce lowp | Max Time: 512.261 ms | Avg Time: 455.303 ms | Load Imbalance: 1.125' [0m
				|--[95m 'allreduce copy back | Max Time: 12.319 ms | Avg Time: 12.235 ms | Load Imbalance: 1.007' [0m
		|--[96m 'activation | Max Time: 3876.498 ms | Avg Time: 3746.999 ms | Load Imbalance: 1.035' [0m
			|--[91m 'all-reduce | Max Time: 382.857 ms | Avg Time: 265.103 ms | Load Imbalance: 1.444' [0m
		|--[96m 'output_linear | Max Time: 149.767 ms | Avg Time: 116.465 ms | Load Imbalance: 1.286' [0m
			|--[91m 'output_linear X * W | Max Time: 6.528 ms | Avg Time: 6.461 ms | Load Imbalance: 1.010' [0m
			|--[91m 'all-reduce | Max Time: 141.309 ms | Avg Time: 107.968 ms | Load Imbalance: 1.309' [0m
			|--[91m 'OUT + BIAS | Max Time: 1.022 ms | Avg Time: 1.011 ms | Load Imbalance: 1.010' [0m
		|--[96m 'cross entropy fwd | Max Time: 171.189 ms | Avg Time: 156.292 ms | Load Imbalance: 1.095' [0m
		|--[96m 'cross entropy bwd | Max Time: 9.259 ms | Avg Time: 7.208 ms | Load Imbalance: 1.285' [0m
		|--[96m 'linear_3d_bwd | Max Time: 100.272 ms | Avg Time: 93.170 ms | Load Imbalance: 1.076' [0m
			|--[91m 'output_linear GRAD_X | Max Time: 13.841 ms | Avg Time: 7.962 ms | Load Imbalance: 1.738' [0m
			|--[91m 'all-reduce | Max Time: 55.736 ms | Avg Time: 48.427 ms | Load Imbalance: 1.151' [0m
			|--[91m 'output_linear GRAD_W | Max Time: 17.747 ms | Avg Time: 14.836 ms | Load Imbalance: 1.196' [0m
			|--[91m 'input_linear GRAD_W | Max Time: 8.247 ms | Avg Time: 7.976 ms | Load Imbalance: 1.034' [0m
		|--[96m 'gcn conv bwd | Max Time: 763.326 ms | Avg Time: 687.970 ms | Load Imbalance: 1.110' [0m
			|--[91m 'GRAD_AGG = GRAD_OUT * W.T | Max Time: 27.789 ms | Avg Time: 27.350 ms | Load Imbalance: 1.016' [0m
			|--[91m 'allreduce lowp comm dtype | Max Time: 9.892 ms | Avg Time: 9.632 ms | Load Imbalance: 1.027' [0m
			|--[91m 'allreduce lowp | Max Time: 255.582 ms | Avg Time: 239.930 ms | Load Imbalance: 1.065' [0m
			|--[91m 'allreduce copy back | Max Time: 12.724 ms | Avg Time: 12.625 ms | Load Imbalance: 1.008' [0m
			|--[91m 'GRAD_W = AGG.T * GRAD_OUT | Max Time: 28.261 ms | Avg Time: 28.129 ms | Load Imbalance: 1.005' [0m
			|--[91m 'ReduceScatter grad_weight | Max Time: 10.276 ms | Avg Time: 9.731 ms | Load Imbalance: 1.056' [0m
				|--[95m 'reduce-scatter | Max Time: 9.071 ms | Avg Time: 8.517 ms | Load Imbalance: 1.065' [0m
					|--[92m 'reduce-scatter-dist | Max Time: 8.080 ms | Avg Time: 7.512 ms | Load Imbalance: 1.076' [0m
			|--[91m 'GRAD_H = A.T * GRAD_AGG | Max Time: 41.623 ms | Avg Time: 40.223 ms | Load Imbalance: 1.035' [0m
			|--[91m 'allreduce grad_x | Max Time: 229.428 ms | Avg Time: 221.801 ms | Load Imbalance: 1.034' [0m
				|--[95m 'allreduce lowp comm dtype | Max Time: 9.534 ms | Avg Time: 8.998 ms | Load Imbalance: 1.060' [0m
				|--[95m 'allreduce lowp | Max Time: 205.461 ms | Avg Time: 197.395 ms | Load Imbalance: 1.041' [0m
				|--[95m 'allreduce copy back | Max Time: 12.617 ms | Avg Time: 12.553 ms | Load Imbalance: 1.005' [0m
			|--[91m 'gather | Max Time: 184.424 ms | Avg Time: 91.520 ms | Load Imbalance: 2.015' [0m
		|--[96m 'sync_norm_gradients | Max Time: 258.905 ms | Avg Time: 101.105 ms | Load Imbalance: 2.561' [0m
		|--[96m 'sync_data_parallel_gradients | Max Time: 0.253 ms | Avg Time: 0.238 ms | Load Imbalance: 1.061' [0m

|--[95m 'epoch 1 | Max Time: 2725.587 ms | Avg Time: 2725.565 ms | Load Imbalance: 1.000' [0m
	|--[92m 'minibatch prep | Max Time: 1057.779 ms | Avg Time: 1023.547 ms | Load Imbalance: 1.033' [0m
		|--[96m 'sample nodes | Max Time: 344.147 ms | Avg Time: 342.192 ms | Load Imbalance: 1.006' [0m
		|--[96m 'compact indices | Max Time: 62.801 ms | Avg Time: 61.464 ms | Load Imbalance: 1.022' [0m
		|--[96m 'compact adj shards | Max Time: 623.076 ms | Avg Time: 589.266 ms | Load Imbalance: 1.057' [0m
			|--[91m 'compact layout prep | Max Time: 151.059 ms | Avg Time: 127.772 ms | Load Imbalance: 1.182' [0m
			|--[91m 'compact csr: indices | Max Time: 6.783 ms | Avg Time: 6.541 ms | Load Imbalance: 1.037' [0m
			|--[91m 'compact csr: row ptrs | Max Time: 35.776 ms | Avg Time: 35.176 ms | Load Imbalance: 1.017' [0m
			|--[91m 'compact csr: nnz index | Max Time: 40.107 ms | Avg Time: 39.014 ms | Load Imbalance: 1.028' [0m
			|--[91m 'compact csr: select nnz | Max Time: 15.215 ms | Avg Time: 15.013 ms | Load Imbalance: 1.013' [0m
			|--[91m 'compact csr: col map | Max Time: 26.500 ms | Avg Time: 26.200 ms | Load Imbalance: 1.011' [0m
			|--[91m 'compact csr: edge scale | Max Time: 68.058 ms | Avg Time: 66.129 ms | Load Imbalance: 1.029' [0m
			|--[91m 'compact csr: crow | Max Time: 54.982 ms | Avg Time: 53.208 ms | Load Imbalance: 1.033' [0m
			|--[91m 'compact csr: adjt direct | Max Time: 104.073 ms | Avg Time: 98.108 ms | Load Imbalance: 1.061' [0m
		|--[96m 'compact feature slice | Max Time: 13.929 ms | Avg Time: 13.861 ms | Load Imbalance: 1.005' [0m
		|--[96m 'compact label slice | Max Time: 2.569 ms | Avg Time: 2.555 ms | Load Imbalance: 1.005' [0m
	|--[92m 'train step | Max Time: 1719.025 ms | Avg Time: 1696.220 ms | Load Imbalance: 1.013' [0m
		|--[96m 'input_linear | Max Time: 112.257 ms | Avg Time: 91.104 ms | Load Imbalance: 1.232' [0m
			|--[91m 'input_linear X * W | Max Time: 9.195 ms | Avg Time: 9.037 ms | Load Imbalance: 1.018' [0m
			|--[91m 'all-reduce | Max Time: 91.828 ms | Avg Time: 70.496 ms | Load Imbalance: 1.303' [0m
			|--[91m 'OUT + BIAS | Max Time: 6.163 ms | Avg Time: 6.129 ms | Load Imbalance: 1.006' [0m
		|--[96m 'gcn conv fwd | Max Time: 599.935 ms | Avg Time: 592.247 ms | Load Imbalance: 1.013' [0m
			|--[91m 'AGG = A * H | Max Time: 42.425 ms | Avg Time: 41.058 ms | Load Imbalance: 1.033' [0m
			|--[91m 'allreduce H | Max Time: 258.088 ms | Avg Time: 240.641 ms | Load Imbalance: 1.073' [0m
				|--[95m 'allreduce lowp comm dtype | Max Time: 9.586 ms | Avg Time: 9.226 ms | Load Imbalance: 1.039' [0m
				|--[95m 'allreduce lowp | Max Time: 234.008 ms | Avg Time: 216.125 ms | Load Imbalance: 1.083' [0m
				|--[95m 'allreduce copy back | Max Time: 12.593 ms | Avg Time: 12.392 ms | Load Imbalance: 1.016' [0m
			|--[91m 'Allgather W | Max Time: 34.918 ms | Avg Time: 25.978 ms | Load Imbalance: 1.344' [0m
				|--[95m 'gather | Max Time: 30.776 ms | Avg Time: 24.024 ms | Load Imbalance: 1.281' [0m
			|--[91m 'OUT = AGG * W | Max Time: 29.964 ms | Avg Time: 27.387 ms | Load Imbalance: 1.094' [0m
			|--[91m 'allreduce Q | Max Time: 271.275 ms | Avg Time: 252.066 ms | Load Imbalance: 1.076' [0m
				|--[95m 'allreduce lowp comm dtype | Max Time: 10.251 ms | Avg Time: 9.991 ms | Load Imbalance: 1.026' [0m
				|--[95m 'allreduce lowp | Max Time: 246.251 ms | Avg Time: 226.969 ms | Load Imbalance: 1.085' [0m
				|--[95m 'allreduce copy back | Max Time: 12.333 ms | Avg Time: 12.239 ms | Load Imbalance: 1.008' [0m
		|--[96m 'activation | Max Time: 62.986 ms | Avg Time: 58.631 ms | Load Imbalance: 1.074' [0m
			|--[91m 'all-reduce | Max Time: 32.487 ms | Avg Time: 30.229 ms | Load Imbalance: 1.075' [0m
		|--[96m 'output_linear | Max Time: 55.186 ms | Avg Time: 54.543 ms | Load Imbalance: 1.012' [0m
			|--[91m 'output_linear X * W | Max Time: 6.357 ms | Avg Time: 6.290 ms | Load Imbalance: 1.011' [0m
			|--[91m 'all-reduce | Max Time: 46.897 ms | Avg Time: 46.289 ms | Load Imbalance: 1.013' [0m
			|--[91m 'OUT + BIAS | Max Time: 1.026 ms | Avg Time: 1.010 ms | Load Imbalance: 1.015' [0m
		|--[96m 'cross entropy fwd | Max Time: 70.990 ms | Avg Time: 69.404 ms | Load Imbalance: 1.023' [0m
		|--[96m 'cross entropy bwd | Max Time: 8.398 ms | Avg Time: 7.009 ms | Load Imbalance: 1.198' [0m
		|--[96m 'linear_3d_bwd | Max Time: 84.989 ms | Avg Time: 80.443 ms | Load Imbalance: 1.057' [0m
			|--[91m 'output_linear GRAD_X | Max Time: 7.032 ms | Avg Time: 6.230 ms | Load Imbalance: 1.129' [0m
			|--[91m 'all-reduce | Max Time: 50.311 ms | Avg Time: 45.229 ms | Load Imbalance: 1.112' [0m
			|--[91m 'output_linear GRAD_W | Max Time: 7.190 ms | Avg Time: 7.113 ms | Load Imbalance: 1.011' [0m
			|--[91m 'input_linear GRAD_W | Max Time: 8.266 ms | Avg Time: 7.964 ms | Load Imbalance: 1.038' [0m
		|--[96m 'gcn conv bwd | Max Time: 621.902 ms | Avg Time: 613.646 ms | Load Imbalance: 1.013' [0m
			|--[91m 'GRAD_AGG = GRAD_OUT * W.T | Max Time: 28.024 ms | Avg Time: 27.326 ms | Load Imbalance: 1.026' [0m
			|--[91m 'allreduce lowp comm dtype | Max Time: 9.972 ms | Avg Time: 9.639 ms | Load Imbalance: 1.035' [0m
			|--[91m 'allreduce lowp | Max Time: 234.480 ms | Avg Time: 225.609 ms | Load Imbalance: 1.039' [0m
			|--[91m 'allreduce copy back | Max Time: 12.709 ms | Avg Time: 12.619 ms | Load Imbalance: 1.007' [0m
			|--[91m 'GRAD_W = AGG.T * GRAD_OUT | Max Time: 28.130 ms | Avg Time: 28.040 ms | Load Imbalance: 1.003' [0m
			|--[91m 'ReduceScatter grad_weight | Max Time: 10.718 ms | Avg Time: 9.506 ms | Load Imbalance: 1.128' [0m
				|--[95m 'reduce-scatter | Max Time: 9.547 ms | Avg Time: 8.318 ms | Load Imbalance: 1.148' [0m
					|--[92m 'reduce-scatter-dist | Max Time: 8.609 ms | Avg Time: 7.368 ms | Load Imbalance: 1.168' [0m
			|--[91m 'GRAD_H = A.T * GRAD_AGG | Max Time: 41.610 ms | Avg Time: 40.203 ms | Load Imbalance: 1.035' [0m
			|--[91m 'allreduce grad_x | Max Time: 232.047 ms | Avg Time: 223.236 ms | Load Imbalance: 1.039' [0m
				|--[95m 'allreduce lowp comm dtype | Max Time: 9.454 ms | Avg Time: 8.994 ms | Load Imbalance: 1.051' [0m
				|--[95m 'allreduce lowp | Max Time: 208.052 ms | Avg Time: 198.829 ms | Load Imbalance: 1.046' [0m
				|--[95m 'allreduce copy back | Max Time: 12.658 ms | Avg Time: 12.559 ms | Load Imbalance: 1.008' [0m
			|--[91m 'gather | Max Time: 35.179 ms | Avg Time: 30.538 ms | Load Imbalance: 1.152' [0m
		|--[96m 'sync_norm_gradients | Max Time: 7.329 ms | Avg Time: 6.562 ms | Load Imbalance: 1.117' [0m
		|--[96m 'sync_data_parallel_gradients | Max Time: 0.239 ms | Avg Time: 0.237 ms | Load Imbalance: 1.009' [0m

|--[95m 'epoch 2 | Max Time: 2895.665 ms | Avg Time: 2895.645 ms | Load Imbalance: 1.000' [0m
	|--[92m 'minibatch prep | Max Time: 1055.640 ms | Avg Time: 1023.399 ms | Load Imbalance: 1.032' [0m
		|--[96m 'sample nodes | Max Time: 343.970 ms | Avg Time: 342.178 ms | Load Imbalance: 1.005' [0m
		|--[96m 'compact indices | Max Time: 62.802 ms | Avg Time: 61.393 ms | Load Imbalance: 1.023' [0m
		|--[96m 'compact adj shards | Max Time: 621.673 ms | Avg Time: 589.187 ms | Load Imbalance: 1.055' [0m
			|--[91m 'compact layout prep | Max Time: 150.402 ms | Avg Time: 127.608 ms | Load Imbalance: 1.179' [0m
			|--[91m 'compact csr: indices | Max Time: 6.657 ms | Avg Time: 6.487 ms | Load Imbalance: 1.026' [0m
			|--[91m 'compact csr: row ptrs | Max Time: 35.540 ms | Avg Time: 35.135 ms | Load Imbalance: 1.012' [0m
			|--[91m 'compact csr: nnz index | Max Time: 39.671 ms | Avg Time: 38.999 ms | Load Imbalance: 1.017' [0m
			|--[91m 'compact csr: select nnz | Max Time: 15.182 ms | Avg Time: 15.015 ms | Load Imbalance: 1.011' [0m
			|--[91m 'compact csr: col map | Max Time: 26.407 ms | Avg Time: 26.227 ms | Load Imbalance: 1.007' [0m
			|--[91m 'compact csr: edge scale | Max Time: 70.821 ms | Avg Time: 66.589 ms | Load Imbalance: 1.064' [0m
			|--[91m 'compact csr: crow | Max Time: 53.921 ms | Avg Time: 53.003 ms | Load Imbalance: 1.017' [0m
			|--[91m 'compact csr: adjt direct | Max Time: 103.854 ms | Avg Time: 98.021 ms | Load Imbalance: 1.060' [0m
		|--[96m 'compact feature slice | Max Time: 13.910 ms | Avg Time: 13.860 ms | Load Imbalance: 1.004' [0m
		|--[96m 'compact label slice | Max Time: 2.564 ms | Avg Time: 2.553 ms | Load Imbalance: 1.004' [0m
	|--[92m 'train step | Max Time: 1888.073 ms | Avg Time: 1866.378 ms | Load Imbalance: 1.012' [0m
		|--[96m 'input_linear | Max Time: 108.922 ms | Avg Time: 90.668 ms | Load Imbalance: 1.201' [0m
			|--[91m 'input_linear X * W | Max Time: 9.133 ms | Avg Time: 9.039 ms | Load Imbalance: 1.010' [0m
			|--[91m 'all-reduce | Max Time: 88.414 ms | Avg Time: 70.064 ms | Load Imbalance: 1.262' [0m
			|--[91m 'OUT + BIAS | Max Time: 6.153 ms | Avg Time: 6.124 ms | Load Imbalance: 1.005' [0m
		|--[96m 'gcn conv fwd | Max Time: 597.627 ms | Avg Time: 592.562 ms | Load Imbalance: 1.009' [0m
			|--[91m 'AGG = A * H | Max Time: 42.503 ms | Avg Time: 40.961 ms | Load Imbalance: 1.038' [0m
			|--[91m 'allreduce H | Max Time: 246.383 ms | Avg Time: 238.005 ms | Load Imbalance: 1.035' [0m
				|--[95m 'allreduce lowp comm dtype | Max Time: 9.590 ms | Avg Time: 9.214 ms | Load Imbalance: 1.041' [0m
				|--[95m 'allreduce lowp | Max Time: 222.165 ms | Avg Time: 213.503 ms | Load Imbalance: 1.041' [0m
				|--[95m 'allreduce copy back | Max Time: 12.519 ms | Avg Time: 12.394 ms | Load Imbalance: 1.010' [0m
			|--[91m 'Allgather W | Max Time: 33.670 ms | Avg Time: 26.123 ms | Load Imbalance: 1.289' [0m
				|--[95m 'gather | Max Time: 29.226 ms | Avg Time: 23.817 ms | Load Imbalance: 1.227' [0m
			|--[91m 'OUT = AGG * W | Max Time: 29.827 ms | Avg Time: 27.331 ms | Load Imbalance: 1.091' [0m
			|--[91m 'allreduce Q | Max Time: 272.595 ms | Avg Time: 255.041 ms | Load Imbalance: 1.069' [0m
				|--[95m 'allreduce lowp comm dtype | Max Time: 10.176 ms | Avg Time: 9.966 ms | Load Imbalance: 1.021' [0m
				|--[95m 'allreduce lowp | Max Time: 247.607 ms | Avg Time: 229.968 ms | Load Imbalance: 1.077' [0m
				|--[95m 'allreduce copy back | Max Time: 12.353 ms | Avg Time: 12.245 ms | Load Imbalance: 1.009' [0m
		|--[96m 'activation | Max Time: 217.238 ms | Avg Time: 209.073 ms | Load Imbalance: 1.039' [0m
			|--[91m 'all-reduce | Max Time: 188.893 ms | Avg Time: 142.775 ms | Load Imbalance: 1.323' [0m
		|--[96m 'output_linear | Max Time: 54.721 ms | Avg Time: 54.106 ms | Load Imbalance: 1.011' [0m
			|--[91m 'output_linear X * W | Max Time: 6.446 ms | Avg Time: 6.308 ms | Load Imbalance: 1.022' [0m
			|--[91m 'all-reduce | Max Time: 46.473 ms | Avg Time: 45.821 ms | Load Imbalance: 1.014' [0m
			|--[91m 'OUT + BIAS | Max Time: 1.020 ms | Avg Time: 1.011 ms | Load Imbalance: 1.009' [0m
		|--[96m 'cross entropy fwd | Max Time: 81.320 ms | Avg Time: 77.028 ms | Load Imbalance: 1.056' [0m
		|--[96m 'cross entropy bwd | Max Time: 9.232 ms | Avg Time: 7.300 ms | Load Imbalance: 1.265' [0m
		|--[96m 'linear_3d_bwd | Max Time: 91.449 ms | Avg Time: 82.212 ms | Load Imbalance: 1.112' [0m
			|--[91m 'output_linear GRAD_X | Max Time: 7.555 ms | Avg Time: 6.409 ms | Load Imbalance: 1.179' [0m
			|--[91m 'all-reduce | Max Time: 56.152 ms | Avg Time: 46.443 ms | Load Imbalance: 1.209' [0m
			|--[91m 'output_linear GRAD_W | Max Time: 7.228 ms | Avg Time: 7.130 ms | Load Imbalance: 1.014' [0m
			|--[91m 'input_linear GRAD_W | Max Time: 8.369 ms | Avg Time: 7.974 ms | Load Imbalance: 1.050' [0m
		|--[96m 'gcn conv bwd | Max Time: 631.745 ms | Avg Time: 622.521 ms | Load Imbalance: 1.015' [0m
			|--[91m 'GRAD_AGG = GRAD_OUT * W.T | Max Time: 27.867 ms | Avg Time: 27.346 ms | Load Imbalance: 1.019' [0m
			|--[91m 'allreduce lowp comm dtype | Max Time: 10.020 ms | Avg Time: 9.676 ms | Load Imbalance: 1.036' [0m
			|--[91m 'allreduce lowp | Max Time: 243.049 ms | Avg Time: 233.868 ms | Load Imbalance: 1.039' [0m
			|--[91m 'allreduce copy back | Max Time: 12.726 ms | Avg Time: 12.624 ms | Load Imbalance: 1.008' [0m
			|--[91m 'GRAD_W = AGG.T * GRAD_OUT | Max Time: 28.170 ms | Avg Time: 28.053 ms | Load Imbalance: 1.004' [0m
			|--[91m 'ReduceScatter grad_weight | Max Time: 10.033 ms | Avg Time: 8.969 ms | Load Imbalance: 1.119' [0m
				|--[95m 'reduce-scatter | Max Time: 8.862 ms | Avg Time: 7.781 ms | Load Imbalance: 1.139' [0m
					|--[92m 'reduce-scatter-dist | Max Time: 7.922 ms | Avg Time: 6.831 ms | Load Imbalance: 1.160' [0m
			|--[91m 'GRAD_H = A.T * GRAD_AGG | Max Time: 41.615 ms | Avg Time: 40.150 ms | Load Imbalance: 1.036' [0m
			|--[91m 'allreduce grad_x | Max Time: 233.032 ms | Avg Time: 222.234 ms | Load Imbalance: 1.049' [0m
				|--[95m 'allreduce lowp comm dtype | Max Time: 9.360 ms | Avg Time: 9.019 ms | Load Imbalance: 1.038' [0m
				|--[95m 'allreduce lowp | Max Time: 209.054 ms | Avg Time: 197.794 ms | Load Imbalance: 1.057' [0m
				|--[95m 'allreduce copy back | Max Time: 12.656 ms | Avg Time: 12.563 ms | Load Imbalance: 1.007' [0m
			|--[91m 'gather | Max Time: 39.018 ms | Avg Time: 32.652 ms | Load Imbalance: 1.195' [0m
		|--[96m 'sync_norm_gradients | Max Time: 7.341 ms | Avg Time: 6.585 ms | Load Imbalance: 1.115' [0m
		|--[96m 'sync_data_parallel_gradients | Max Time: 0.240 ms | Avg Time: 0.237 ms | Load Imbalance: 1.010' [0m

|--[95m 'epoch 3 | Max Time: 2893.986 ms | Avg Time: 2893.964 ms | Load Imbalance: 1.000' [0m
	|--[92m 'minibatch prep | Max Time: 1053.894 ms | Avg Time: 1023.629 ms | Load Imbalance: 1.030' [0m
		|--[96m 'sample nodes | Max Time: 344.019 ms | Avg Time: 342.264 ms | Load Imbalance: 1.005' [0m
		|--[96m 'compact indices | Max Time: 62.564 ms | Avg Time: 61.288 ms | Load Imbalance: 1.021' [0m
		|--[96m 'compact adj shards | Max Time: 620.145 ms | Avg Time: 589.525 ms | Load Imbalance: 1.052' [0m
			|--[91m 'compact layout prep | Max Time: 150.372 ms | Avg Time: 127.612 ms | Load Imbalance: 1.178' [0m
			|--[91m 'compact csr: indices | Max Time: 8.475 ms | Avg Time: 6.662 ms | Load Imbalance: 1.272' [0m
			|--[91m 'compact csr: row ptrs | Max Time: 35.727 ms | Avg Time: 35.122 ms | Load Imbalance: 1.017' [0m
			|--[91m 'compact csr: nnz index | Max Time: 39.623 ms | Avg Time: 38.888 ms | Load Imbalance: 1.019' [0m
			|--[91m 'compact csr: select nnz | Max Time: 15.284 ms | Avg Time: 15.026 ms | Load Imbalance: 1.017' [0m
			|--[91m 'compact csr: col map | Max Time: 26.444 ms | Avg Time: 26.201 ms | Load Imbalance: 1.009' [0m
			|--[91m 'compact csr: edge scale | Max Time: 67.763 ms | Avg Time: 66.121 ms | Load Imbalance: 1.025' [0m
			|--[91m 'compact csr: crow | Max Time: 54.513 ms | Avg Time: 53.637 ms | Load Imbalance: 1.016' [0m
			|--[91m 'compact csr: adjt direct | Max Time: 103.856 ms | Avg Time: 97.945 ms | Load Imbalance: 1.060' [0m
		|--[96m 'compact feature slice | Max Time: 13.921 ms | Avg Time: 13.864 ms | Load Imbalance: 1.004' [0m
		|--[96m 'compact label slice | Max Time: 2.563 ms | Avg Time: 2.554 ms | Load Imbalance: 1.004' [0m
	|--[92m 'train step | Max Time: 1886.333 ms | Avg Time: 1864.511 ms | Load Imbalance: 1.012' [0m
		|--[96m 'input_linear | Max Time: 111.907 ms | Avg Time: 90.315 ms | Load Imbalance: 1.239' [0m
			|--[91m 'input_linear X * W | Max Time: 9.132 ms | Avg Time: 9.030 ms | Load Imbalance: 1.011' [0m
			|--[91m 'all-reduce | Max Time: 90.694 ms | Avg Time: 69.686 ms | Load Imbalance: 1.301' [0m
			|--[91m 'OUT + BIAS | Max Time: 6.894 ms | Avg Time: 6.170 ms | Load Imbalance: 1.117' [0m
		|--[96m 'gcn conv fwd | Max Time: 772.855 ms | Avg Time: 768.853 ms | Load Imbalance: 1.005' [0m
			|--[91m 'AGG = A * H | Max Time: 42.564 ms | Avg Time: 41.080 ms | Load Imbalance: 1.036' [0m
			|--[91m 'allreduce H | Max Time: 243.878 ms | Avg Time: 238.086 ms | Load Imbalance: 1.024' [0m
				|--[95m 'allreduce lowp comm dtype | Max Time: 9.657 ms | Avg Time: 9.223 ms | Load Imbalance: 1.047' [0m
				|--[95m 'allreduce lowp | Max Time: 219.128 ms | Avg Time: 213.472 ms | Load Imbalance: 1.026' [0m
				|--[95m 'allreduce copy back | Max Time: 12.519 ms | Avg Time: 12.388 ms | Load Imbalance: 1.011' [0m
			|--[91m 'Allgather W | Max Time: 205.166 ms | Avg Time: 189.725 ms | Load Imbalance: 1.081' [0m
				|--[95m 'gather | Max Time: 201.279 ms | Avg Time: 69.454 ms | Load Imbalance: 2.898' [0m
			|--[91m 'OUT = AGG * W | Max Time: 29.752 ms | Avg Time: 27.334 ms | Load Imbalance: 1.088' [0m
			|--[91m 'allreduce Q | Max Time: 290.183 ms | Avg Time: 267.510 ms | Load Imbalance: 1.085' [0m
				|--[95m 'allreduce lowp comm dtype | Max Time: 10.145 ms | Avg Time: 9.951 ms | Load Imbalance: 1.019' [0m
				|--[95m 'allreduce lowp | Max Time: 265.185 ms | Avg Time: 242.457 ms | Load Imbalance: 1.094' [0m
				|--[95m 'allreduce copy back | Max Time: 12.344 ms | Avg Time: 12.242 ms | Load Imbalance: 1.008' [0m
		|--[96m 'activation | Max Time: 56.694 ms | Avg Time: 56.466 ms | Load Imbalance: 1.004' [0m
			|--[91m 'all-reduce | Max Time: 28.585 ms | Avg Time: 28.295 ms | Load Imbalance: 1.010' [0m
		|--[96m 'output_linear | Max Time: 55.640 ms | Avg Time: 54.124 ms | Load Imbalance: 1.028' [0m
			|--[91m 'output_linear X * W | Max Time: 6.462 ms | Avg Time: 6.298 ms | Load Imbalance: 1.026' [0m
			|--[91m 'all-reduce | Max Time: 47.347 ms | Avg Time: 45.846 ms | Load Imbalance: 1.033' [0m
			|--[91m 'OUT + BIAS | Max Time: 1.025 ms | Avg Time: 1.011 ms | Load Imbalance: 1.014' [0m
		|--[96m 'cross entropy fwd | Max Time: 72.805 ms | Avg Time: 71.083 ms | Load Imbalance: 1.024' [0m
		|--[96m 'cross entropy bwd | Max Time: 8.258 ms | Avg Time: 7.022 ms | Load Imbalance: 1.176' [0m
		|--[96m 'linear_3d_bwd | Max Time: 82.585 ms | Avg Time: 79.430 ms | Load Imbalance: 1.040' [0m
			|--[91m 'output_linear GRAD_X | Max Time: 6.734 ms | Avg Time: 6.270 ms | Load Imbalance: 1.074' [0m
			|--[91m 'all-reduce | Max Time: 47.204 ms | Avg Time: 44.009 ms | Load Imbalance: 1.073' [0m
			|--[91m 'output_linear GRAD_W | Max Time: 7.183 ms | Avg Time: 7.121 ms | Load Imbalance: 1.009' [0m
			|--[91m 'input_linear GRAD_W | Max Time: 8.360 ms | Avg Time: 7.983 ms | Load Imbalance: 1.047' [0m
		|--[96m 'gcn conv bwd | Max Time: 610.984 ms | Avg Time: 607.545 ms | Load Imbalance: 1.006' [0m
			|--[91m 'GRAD_AGG = GRAD_OUT * W.T | Max Time: 28.115 ms | Avg Time: 27.534 ms | Load Imbalance: 1.021' [0m
			|--[91m 'allreduce lowp comm dtype | Max Time: 9.978 ms | Avg Time: 9.653 ms | Load Imbalance: 1.034' [0m
			|--[91m 'allreduce lowp | Max Time: 230.472 ms | Avg Time: 227.366 ms | Load Imbalance: 1.014' [0m
			|--[91m 'allreduce copy back | Max Time: 12.718 ms | Avg Time: 12.622 ms | Load Imbalance: 1.008' [0m
			|--[91m 'GRAD_W = AGG.T * GRAD_OUT | Max Time: 28.202 ms | Avg Time: 28.046 ms | Load Imbalance: 1.006' [0m
			|--[91m 'ReduceScatter grad_weight | Max Time: 8.791 ms | Avg Time: 8.543 ms | Load Imbalance: 1.029' [0m
				|--[95m 'reduce-scatter | Max Time: 7.604 ms | Avg Time: 7.356 ms | Load Imbalance: 1.034' [0m
					|--[92m 'reduce-scatter-dist | Max Time: 6.655 ms | Avg Time: 6.407 ms | Load Imbalance: 1.039' [0m
			|--[91m 'GRAD_H = A.T * GRAD_AGG | Max Time: 41.870 ms | Avg Time: 40.272 ms | Load Imbalance: 1.040' [0m
			|--[91m 'allreduce grad_x | Max Time: 226.344 ms | Avg Time: 219.362 ms | Load Imbalance: 1.032' [0m
				|--[95m 'allreduce lowp comm dtype | Max Time: 9.375 ms | Avg Time: 8.984 ms | Load Imbalance: 1.044' [0m
				|--[95m 'allreduce lowp | Max Time: 202.403 ms | Avg Time: 194.960 ms | Load Imbalance: 1.038' [0m
				|--[95m 'allreduce copy back | Max Time: 12.664 ms | Avg Time: 12.563 ms | Load Imbalance: 1.008' [0m
			|--[91m 'gather | Max Time: 30.654 ms | Avg Time: 27.200 ms | Load Imbalance: 1.127' [0m
		|--[96m 'sync_norm_gradients | Max Time: 7.480 ms | Avg Time: 6.647 ms | Load Imbalance: 1.125' [0m
		|--[96m 'sync_data_parallel_gradients | Max Time: 0.240 ms | Avg Time: 0.237 ms | Load Imbalance: 1.011' [0m

|--[95m 'epoch 4 | Max Time: 2714.075 ms | Avg Time: 2714.060 ms | Load Imbalance: 1.000' [0m
	|--[92m 'minibatch prep | Max Time: 1053.250 ms | Avg Time: 1023.894 ms | Load Imbalance: 1.029' [0m
		|--[96m 'sample nodes | Max Time: 343.978 ms | Avg Time: 342.348 ms | Load Imbalance: 1.005' [0m
		|--[96m 'compact indices | Max Time: 63.798 ms | Avg Time: 61.386 ms | Load Imbalance: 1.039' [0m
		|--[96m 'compact adj shards | Max Time: 619.667 ms | Avg Time: 589.597 ms | Load Imbalance: 1.051' [0m
			|--[91m 'compact layout prep | Max Time: 150.332 ms | Avg Time: 127.458 ms | Load Imbalance: 1.179' [0m
			|--[91m 'compact csr: indices | Max Time: 6.720 ms | Avg Time: 6.487 ms | Load Imbalance: 1.036' [0m
			|--[91m 'compact csr: row ptrs | Max Time: 35.575 ms | Avg Time: 35.138 ms | Load Imbalance: 1.012' [0m
			|--[91m 'compact csr: nnz index | Max Time: 39.561 ms | Avg Time: 38.844 ms | Load Imbalance: 1.018' [0m
			|--[91m 'compact csr: select nnz | Max Time: 15.229 ms | Avg Time: 14.994 ms | Load Imbalance: 1.016' [0m
			|--[91m 'compact csr: col map | Max Time: 27.718 ms | Avg Time: 27.033 ms | Load Imbalance: 1.025' [0m
			|--[91m 'compact csr: edge scale | Max Time: 67.483 ms | Avg Time: 66.272 ms | Load Imbalance: 1.018' [0m
			|--[91m 'compact csr: crow | Max Time: 53.827 ms | Avg Time: 53.021 ms | Load Imbalance: 1.015' [0m
			|--[91m 'compact csr: adjt direct | Max Time: 103.835 ms | Avg Time: 97.958 ms | Load Imbalance: 1.060' [0m
		|--[96m 'compact feature slice | Max Time: 13.923 ms | Avg Time: 13.860 ms | Load Imbalance: 1.005' [0m
		|--[96m 'compact label slice | Max Time: 2.566 ms | Avg Time: 2.554 ms | Load Imbalance: 1.005' [0m
	|--[92m 'train step | Max Time: 1705.054 ms | Avg Time: 1684.416 ms | Load Imbalance: 1.012' [0m
		|--[96m 'input_linear | Max Time: 108.060 ms | Avg Time: 89.263 ms | Load Imbalance: 1.211' [0m
			|--[91m 'input_linear X * W | Max Time: 9.078 ms | Avg Time: 9.024 ms | Load Imbalance: 1.006' [0m
			|--[91m 'all-reduce | Max Time: 87.632 ms | Avg Time: 68.700 ms | Load Imbalance: 1.276' [0m
			|--[91m 'OUT + BIAS | Max Time: 6.171 ms | Avg Time: 6.126 ms | Load Imbalance: 1.007' [0m
		|--[96m 'gcn conv fwd | Max Time: 596.247 ms | Avg Time: 593.323 ms | Load Imbalance: 1.005' [0m
			|--[91m 'AGG = A * H | Max Time: 42.404 ms | Avg Time: 41.060 ms | Load Imbalance: 1.033' [0m
			|--[91m 'allreduce H | Max Time: 248.102 ms | Avg Time: 240.297 ms | Load Imbalance: 1.032' [0m
				|--[95m 'allreduce lowp comm dtype | Max Time: 9.590 ms | Avg Time: 9.221 ms | Load Imbalance: 1.040' [0m
				|--[95m 'allreduce lowp | Max Time: 222.735 ms | Avg Time: 213.726 ms | Load Imbalance: 1.042' [0m
				|--[95m 'allreduce copy back | Max Time: 12.481 ms | Avg Time: 12.397 ms | Load Imbalance: 1.007' [0m
			|--[91m 'Allgather W | Max Time: 32.608 ms | Avg Time: 25.450 ms | Load Imbalance: 1.281' [0m
				|--[95m 'gather | Max Time: 28.398 ms | Avg Time: 23.478 ms | Load Imbalance: 1.210' [0m
			|--[91m 'OUT = AGG * W | Max Time: 29.656 ms | Avg Time: 27.296 ms | Load Imbalance: 1.086' [0m
			|--[91m 'allreduce Q | Max Time: 263.632 ms | Avg Time: 254.118 ms | Load Imbalance: 1.037' [0m
				|--[95m 'allreduce lowp comm dtype | Max Time: 10.147 ms | Avg Time: 9.942 ms | Load Imbalance: 1.021' [0m
				|--[95m 'allreduce lowp | Max Time: 238.790 ms | Avg Time: 229.077 ms | Load Imbalance: 1.042' [0m
				|--[95m 'allreduce copy back | Max Time: 12.359 ms | Avg Time: 12.240 ms | Load Imbalance: 1.010' [0m
		|--[96m 'activation | Max Time: 56.598 ms | Avg Time: 56.482 ms | Load Imbalance: 1.002' [0m
			|--[91m 'all-reduce | Max Time: 28.485 ms | Avg Time: 28.306 ms | Load Imbalance: 1.006' [0m
		|--[96m 'output_linear | Max Time: 55.062 ms | Avg Time: 54.135 ms | Load Imbalance: 1.017' [0m
			|--[91m 'output_linear X * W | Max Time: 6.364 ms | Avg Time: 6.290 ms | Load Imbalance: 1.012' [0m
			|--[91m 'all-reduce | Max Time: 46.816 ms | Avg Time: 45.879 ms | Load Imbalance: 1.020' [0m
			|--[91m 'OUT + BIAS | Max Time: 1.023 ms | Avg Time: 1.012 ms | Load Imbalance: 1.011' [0m
		|--[96m 'cross entropy fwd | Max Time: 71.178 ms | Avg Time: 69.437 ms | Load Imbalance: 1.025' [0m
		|--[96m 'cross entropy bwd | Max Time: 7.860 ms | Avg Time: 6.952 ms | Load Imbalance: 1.131' [0m
		|--[96m 'linear_3d_bwd | Max Time: 82.803 ms | Avg Time: 78.621 ms | Load Imbalance: 1.053' [0m
			|--[91m 'output_linear GRAD_X | Max Time: 6.610 ms | Avg Time: 6.204 ms | Load Imbalance: 1.065' [0m
			|--[91m 'all-reduce | Max Time: 47.663 ms | Avg Time: 43.336 ms | Load Imbalance: 1.100' [0m
			|--[91m 'output_linear GRAD_W | Max Time: 7.198 ms | Avg Time: 7.116 ms | Load Imbalance: 1.012' [0m
			|--[91m 'input_linear GRAD_W | Max Time: 8.361 ms | Avg Time: 7.986 ms | Load Imbalance: 1.047' [0m
		|--[96m 'gcn conv bwd | Max Time: 610.445 ms | Avg Time: 607.261 ms | Load Imbalance: 1.005' [0m
			|--[91m 'GRAD_AGG = GRAD_OUT * W.T | Max Time: 28.015 ms | Avg Time: 27.568 ms | Load Imbalance: 1.016' [0m
			|--[91m 'allreduce lowp comm dtype | Max Time: 10.034 ms | Avg Time: 9.605 ms | Load Imbalance: 1.045' [0m
			|--[91m 'allreduce lowp | Max Time: 227.948 ms | Avg Time: 224.917 ms | Load Imbalance: 1.013' [0m
			|--[91m 'allreduce copy back | Max Time: 12.725 ms | Avg Time: 12.620 ms | Load Imbalance: 1.008' [0m
			|--[91m 'GRAD_W = AGG.T * GRAD_OUT | Max Time: 28.168 ms | Avg Time: 28.029 ms | Load Imbalance: 1.005' [0m
			|--[91m 'ReduceScatter grad_weight | Max Time: 9.426 ms | Avg Time: 8.814 ms | Load Imbalance: 1.069' [0m
				|--[95m 'reduce-scatter | Max Time: 8.241 ms | Avg Time: 7.626 ms | Load Imbalance: 1.081' [0m
					|--[92m 'reduce-scatter-dist | Max Time: 7.291 ms | Avg Time: 6.677 ms | Load Imbalance: 1.092' [0m
			|--[91m 'GRAD_H = A.T * GRAD_AGG | Max Time: 41.651 ms | Avg Time: 40.242 ms | Load Imbalance: 1.035' [0m
			|--[91m 'allreduce grad_x | Max Time: 227.410 ms | Avg Time: 220.380 ms | Load Imbalance: 1.032' [0m
				|--[95m 'allreduce lowp comm dtype | Max Time: 9.448 ms | Avg Time: 8.956 ms | Load Imbalance: 1.055' [0m
				|--[95m 'allreduce lowp | Max Time: 203.459 ms | Avg Time: 196.013 ms | Load Imbalance: 1.038' [0m
				|--[95m 'allreduce copy back | Max Time: 12.656 ms | Avg Time: 12.556 ms | Load Imbalance: 1.008' [0m
			|--[91m 'gather | Max Time: 31.427 ms | Avg Time: 28.130 ms | Load Imbalance: 1.117' [0m
		|--[96m 'sync_norm_gradients | Max Time: 7.286 ms | Avg Time: 6.620 ms | Load Imbalance: 1.101' [0m
		|--[96m 'sync_data_parallel_gradients | Max Time: 0.239 ms | Avg Time: 0.237 ms | Load Imbalance: 1.008' [0m

|--[95m 'epoch 5 | Max Time: 2713.395 ms | Avg Time: 2713.376 ms | Load Imbalance: 1.000' [0m
	|--[92m 'minibatch prep | Max Time: 1053.965 ms | Avg Time: 1023.329 ms | Load Imbalance: 1.030' [0m
		|--[96m 'sample nodes | Max Time: 344.059 ms | Avg Time: 342.370 ms | Load Imbalance: 1.005' [0m
		|--[96m 'compact indices | Max Time: 62.344 ms | Avg Time: 61.246 ms | Load Imbalance: 1.018' [0m
		|--[96m 'compact adj shards | Max Time: 620.285 ms | Avg Time: 589.101 ms | Load Imbalance: 1.053' [0m
			|--[91m 'compact layout prep | Max Time: 150.513 ms | Avg Time: 127.655 ms | Load Imbalance: 1.179' [0m
			|--[91m 'compact csr: indices | Max Time: 6.709 ms | Avg Time: 6.513 ms | Load Imbalance: 1.030' [0m
			|--[91m 'compact csr: row ptrs | Max Time: 35.603 ms | Avg Time: 35.127 ms | Load Imbalance: 1.014' [0m
			|--[91m 'compact csr: nnz index | Max Time: 39.597 ms | Avg Time: 38.849 ms | Load Imbalance: 1.019' [0m
			|--[91m 'compact csr: select nnz | Max Time: 15.187 ms | Avg Time: 14.990 ms | Load Imbalance: 1.013' [0m
			|--[91m 'compact csr: col map | Max Time: 26.377 ms | Avg Time: 26.167 ms | Load Imbalance: 1.008' [0m
			|--[91m 'compact csr: edge scale | Max Time: 67.843 ms | Avg Time: 66.108 ms | Load Imbalance: 1.026' [0m
			|--[91m 'compact csr: crow | Max Time: 53.905 ms | Avg Time: 52.975 ms | Load Imbalance: 1.018' [0m
			|--[91m 'compact csr: adjt direct | Max Time: 103.988 ms | Avg Time: 98.055 ms | Load Imbalance: 1.061' [0m
		|--[96m 'compact feature slice | Max Time: 13.911 ms | Avg Time: 13.860 ms | Load Imbalance: 1.004' [0m
		|--[96m 'compact label slice | Max Time: 2.567 ms | Avg Time: 2.553 ms | Load Imbalance: 1.005' [0m
	|--[92m 'train step | Max Time: 1705.941 ms | Avg Time: 1684.374 ms | Load Imbalance: 1.013' [0m
		|--[96m 'input_linear | Max Time: 108.996 ms | Avg Time: 89.831 ms | Load Imbalance: 1.213' [0m
			|--[91m 'input_linear X * W | Max Time: 9.122 ms | Avg Time: 9.030 ms | Load Imbalance: 1.010' [0m
			|--[91m 'all-reduce | Max Time: 88.508 ms | Avg Time: 69.242 ms | Load Imbalance: 1.278' [0m
			|--[91m 'OUT + BIAS | Max Time: 6.152 ms | Avg Time: 6.125 ms | Load Imbalance: 1.004' [0m
		|--[96m 'gcn conv fwd | Max Time: 591.438 ms | Avg Time: 588.873 ms | Load Imbalance: 1.004' [0m
			|--[91m 'AGG = A * H | Max Time: 42.499 ms | Avg Time: 41.086 ms | Load Imbalance: 1.034' [0m
			|--[91m 'allreduce H | Max Time: 244.542 ms | Avg Time: 237.441 ms | Load Imbalance: 1.030' [0m
				|--[95m 'allreduce lowp comm dtype | Max Time: 9.592 ms | Avg Time: 9.214 ms | Load Imbalance: 1.041' [0m
				|--[95m 'allreduce lowp | Max Time: 220.239 ms | Avg Time: 212.968 ms | Load Imbalance: 1.034' [0m
				|--[95m 'allreduce copy back | Max Time: 12.475 ms | Avg Time: 12.376 ms | Load Imbalance: 1.008' [0m
			|--[91m 'Allgather W | Max Time: 32.320 ms | Avg Time: 25.044 ms | Load Imbalance: 1.291' [0m
				|--[95m 'gather | Max Time: 28.114 ms | Avg Time: 23.112 ms | Load Imbalance: 1.216' [0m
			|--[91m 'OUT = AGG * W | Max Time: 29.671 ms | Avg Time: 27.269 ms | Load Imbalance: 1.088' [0m
			|--[91m 'allreduce Q | Max Time: 263.742 ms | Avg Time: 252.970 ms | Load Imbalance: 1.043' [0m
				|--[95m 'allreduce lowp comm dtype | Max Time: 10.148 ms | Avg Time: 9.938 ms | Load Imbalance: 1.021' [0m
				|--[95m 'allreduce lowp | Max Time: 238.745 ms | Avg Time: 227.936 ms | Load Imbalance: 1.047' [0m
				|--[95m 'allreduce copy back | Max Time: 12.346 ms | Avg Time: 12.236 ms | Load Imbalance: 1.009' [0m
		|--[96m 'activation | Max Time: 56.656 ms | Avg Time: 56.513 ms | Load Imbalance: 1.003' [0m
			|--[91m 'all-reduce | Max Time: 28.514 ms | Avg Time: 28.336 ms | Load Imbalance: 1.006' [0m
		|--[96m 'output_linear | Max Time: 54.738 ms | Avg Time: 54.014 ms | Load Imbalance: 1.013' [0m
			|--[91m 'output_linear X * W | Max Time: 6.362 ms | Avg Time: 6.289 ms | Load Imbalance: 1.012' [0m
			|--[91m 'all-reduce | Max Time: 46.495 ms | Avg Time: 45.760 ms | Load Imbalance: 1.016' [0m
			|--[91m 'OUT + BIAS | Max Time: 1.024 ms | Avg Time: 1.011 ms | Load Imbalance: 1.013' [0m
		|--[96m 'cross entropy fwd | Max Time: 71.139 ms | Avg Time: 69.749 ms | Load Imbalance: 1.020' [0m
		|--[96m 'cross entropy bwd | Max Time: 8.771 ms | Avg Time: 6.990 ms | Load Imbalance: 1.255' [0m
		|--[96m 'linear_3d_bwd | Max Time: 85.431 ms | Avg Time: 79.894 ms | Load Imbalance: 1.069' [0m
			|--[91m 'output_linear GRAD_X | Max Time: 7.009 ms | Avg Time: 6.242 ms | Load Imbalance: 1.123' [0m
			|--[91m 'all-reduce | Max Time: 50.513 ms | Avg Time: 44.537 ms | Load Imbalance: 1.134' [0m
			|--[91m 'output_linear GRAD_W | Max Time: 7.180 ms | Avg Time: 7.125 ms | Load Imbalance: 1.008' [0m
			|--[91m 'input_linear GRAD_W | Max Time: 8.353 ms | Avg Time: 7.970 ms | Load Imbalance: 1.048' [0m
		|--[96m 'gcn conv bwd | Max Time: 614.817 ms | Avg Time: 609.331 ms | Load Imbalance: 1.009' [0m
			|--[91m 'GRAD_AGG = GRAD_OUT * W.T | Max Time: 27.948 ms | Avg Time: 27.449 ms | Load Imbalance: 1.018' [0m
			|--[91m 'allreduce lowp comm dtype | Max Time: 10.007 ms | Avg Time: 9.612 ms | Load Imbalance: 1.041' [0m
			|--[91m 'allreduce lowp | Max Time: 231.345 ms | Avg Time: 226.153 ms | Load Imbalance: 1.023' [0m
			|--[91m 'allreduce copy back | Max Time: 12.731 ms | Avg Time: 12.620 ms | Load Imbalance: 1.009' [0m
			|--[91m 'GRAD_W = AGG.T * GRAD_OUT | Max Time: 28.176 ms | Avg Time: 28.033 ms | Load Imbalance: 1.005' [0m
			|--[91m 'ReduceScatter grad_weight | Max Time: 8.840 ms | Avg Time: 8.583 ms | Load Imbalance: 1.030' [0m
				|--[95m 'reduce-scatter | Max Time: 7.659 ms | Avg Time: 7.395 ms | Load Imbalance: 1.036' [0m
					|--[92m 'reduce-scatter-dist | Max Time: 6.714 ms | Avg Time: 6.446 ms | Load Imbalance: 1.042' [0m
			|--[91m 'GRAD_H = A.T * GRAD_AGG | Max Time: 41.765 ms | Avg Time: 40.275 ms | Load Imbalance: 1.037' [0m
			|--[91m 'allreduce grad_x | Max Time: 229.129 ms | Avg Time: 221.232 ms | Load Imbalance: 1.036' [0m
				|--[95m 'allreduce lowp comm dtype | Max Time: 9.424 ms | Avg Time: 8.953 ms | Load Imbalance: 1.053' [0m
				|--[95m 'allreduce lowp | Max Time: 205.132 ms | Avg Time: 196.869 ms | Load Imbalance: 1.042' [0m
				|--[95m 'allreduce copy back | Max Time: 12.658 ms | Avg Time: 12.554 ms | Load Imbalance: 1.008' [0m
			|--[91m 'gather | Max Time: 32.113 ms | Avg Time: 28.428 ms | Load Imbalance: 1.130' [0m
		|--[96m 'sync_norm_gradients | Max Time: 7.367 ms | Avg Time: 6.772 ms | Load Imbalance: 1.088' [0m
		|--[96m 'sync_data_parallel_gradients | Max Time: 0.239 ms | Avg Time: 0.237 ms | Load Imbalance: 1.012' [0m

|--[95m 'epoch 6 | Max Time: 2707.681 ms | Avg Time: 2707.663 ms | Load Imbalance: 1.000' [0m
	|--[92m 'minibatch prep | Max Time: 1056.898 ms | Avg Time: 1023.975 ms | Load Imbalance: 1.032' [0m
		|--[96m 'sample nodes | Max Time: 343.953 ms | Avg Time: 342.338 ms | Load Imbalance: 1.005' [0m
		|--[96m 'compact indices | Max Time: 62.449 ms | Avg Time: 61.388 ms | Load Imbalance: 1.017' [0m
		|--[96m 'compact adj shards | Max Time: 622.375 ms | Avg Time: 589.616 ms | Load Imbalance: 1.056' [0m
			|--[91m 'compact layout prep | Max Time: 151.597 ms | Avg Time: 127.569 ms | Load Imbalance: 1.188' [0m
			|--[91m 'compact csr: indices | Max Time: 6.697 ms | Avg Time: 6.498 ms | Load Imbalance: 1.031' [0m
			|--[91m 'compact csr: row ptrs | Max Time: 35.829 ms | Avg Time: 35.135 ms | Load Imbalance: 1.020' [0m
			|--[91m 'compact csr: nnz index | Max Time: 39.664 ms | Avg Time: 38.854 ms | Load Imbalance: 1.021' [0m
			|--[91m 'compact csr: select nnz | Max Time: 15.220 ms | Avg Time: 15.018 ms | Load Imbalance: 1.013' [0m
			|--[91m 'compact csr: col map | Max Time: 27.025 ms | Avg Time: 26.379 ms | Load Imbalance: 1.024' [0m
			|--[91m 'compact csr: edge scale | Max Time: 67.928 ms | Avg Time: 66.413 ms | Load Imbalance: 1.023' [0m
			|--[91m 'compact csr: crow | Max Time: 54.133 ms | Avg Time: 53.053 ms | Load Imbalance: 1.020' [0m
			|--[91m 'compact csr: adjt direct | Max Time: 104.090 ms | Avg Time: 98.030 ms | Load Imbalance: 1.062' [0m
		|--[96m 'compact feature slice | Max Time: 13.919 ms | Avg Time: 13.854 ms | Load Imbalance: 1.005' [0m
		|--[96m 'compact label slice | Max Time: 2.572 ms | Avg Time: 2.555 ms | Load Imbalance: 1.007' [0m
	|--[92m 'train step | Max Time: 1700.183 ms | Avg Time: 1677.937 ms | Load Imbalance: 1.013' [0m
		|--[96m 'input_linear | Max Time: 112.498 ms | Avg Time: 90.546 ms | Load Imbalance: 1.242' [0m
			|--[91m 'input_linear X * W | Max Time: 9.106 ms | Avg Time: 9.038 ms | Load Imbalance: 1.008' [0m
			|--[91m 'all-reduce | Max Time: 92.159 ms | Avg Time: 69.950 ms | Load Imbalance: 1.317' [0m
			|--[91m 'OUT + BIAS | Max Time: 6.155 ms | Avg Time: 6.124 ms | Load Imbalance: 1.005' [0m
		|--[96m 'gcn conv fwd | Max Time: 591.500 ms | Avg Time: 588.102 ms | Load Imbalance: 1.006' [0m
			|--[91m 'AGG = A * H | Max Time: 42.357 ms | Avg Time: 41.031 ms | Load Imbalance: 1.032' [0m
			|--[91m 'allreduce H | Max Time: 247.644 ms | Avg Time: 238.574 ms | Load Imbalance: 1.038' [0m
				|--[95m 'allreduce lowp comm dtype | Max Time: 9.586 ms | Avg Time: 9.212 ms | Load Imbalance: 1.041' [0m
				|--[95m 'allreduce lowp | Max Time: 223.468 ms | Avg Time: 214.111 ms | Load Imbalance: 1.044' [0m
				|--[95m 'allreduce copy back | Max Time: 12.466 ms | Avg Time: 12.368 ms | Load Imbalance: 1.008' [0m
			|--[91m 'Allgather W | Max Time: 33.184 ms | Avg Time: 25.313 ms | Load Imbalance: 1.311' [0m
				|--[95m 'gather | Max Time: 28.789 ms | Avg Time: 23.333 ms | Load Imbalance: 1.234' [0m
			|--[91m 'OUT = AGG * W | Max Time: 29.569 ms | Avg Time: 27.229 ms | Load Imbalance: 1.086' [0m
			|--[91m 'allreduce Q | Max Time: 263.629 ms | Avg Time: 250.858 ms | Load Imbalance: 1.051' [0m
				|--[95m 'allreduce lowp comm dtype | Max Time: 10.157 ms | Avg Time: 9.952 ms | Load Imbalance: 1.021' [0m
				|--[95m 'allreduce lowp | Max Time: 238.611 ms | Avg Time: 225.812 ms | Load Imbalance: 1.057' [0m
				|--[95m 'allreduce copy back | Max Time: 12.351 ms | Avg Time: 12.235 ms | Load Imbalance: 1.010' [0m
		|--[96m 'activation | Max Time: 56.742 ms | Avg Time: 56.519 ms | Load Imbalance: 1.004' [0m
			|--[91m 'all-reduce | Max Time: 28.531 ms | Avg Time: 28.326 ms | Load Imbalance: 1.007' [0m
		|--[96m 'output_linear | Max Time: 55.238 ms | Avg Time: 53.998 ms | Load Imbalance: 1.023' [0m
			|--[91m 'output_linear X * W | Max Time: 6.357 ms | Avg Time: 6.290 ms | Load Imbalance: 1.011' [0m
			|--[91m 'all-reduce | Max Time: 46.926 ms | Avg Time: 45.744 ms | Load Imbalance: 1.026' [0m
			|--[91m 'OUT + BIAS | Max Time: 1.024 ms | Avg Time: 1.011 ms | Load Imbalance: 1.013' [0m
		|--[96m 'cross entropy fwd | Max Time: 70.466 ms | Avg Time: 69.223 ms | Load Imbalance: 1.018' [0m
		|--[96m 'cross entropy bwd | Max Time: 7.827 ms | Avg Time: 6.895 ms | Load Imbalance: 1.135' [0m
		|--[96m 'linear_3d_bwd | Max Time: 81.413 ms | Avg Time: 78.119 ms | Load Imbalance: 1.042' [0m
			|--[91m 'output_linear GRAD_X | Max Time: 6.573 ms | Avg Time: 6.179 ms | Load Imbalance: 1.064' [0m
			|--[91m 'all-reduce | Max Time: 46.905 ms | Avg Time: 42.870 ms | Load Imbalance: 1.094' [0m
			|--[91m 'output_linear GRAD_W | Max Time: 7.185 ms | Avg Time: 7.122 ms | Load Imbalance: 1.009' [0m
			|--[91m 'input_linear GRAD_W | Max Time: 8.360 ms | Avg Time: 7.989 ms | Load Imbalance: 1.047' [0m
		|--[96m 'gcn conv bwd | Max Time: 608.205 ms | Avg Time: 605.780 ms | Load Imbalance: 1.004' [0m
			|--[91m 'GRAD_AGG = GRAD_OUT * W.T | Max Time: 28.005 ms | Avg Time: 27.544 ms | Load Imbalance: 1.017' [0m
			|--[91m 'allreduce lowp comm dtype | Max Time: 10.021 ms | Avg Time: 9.642 ms | Load Imbalance: 1.039' [0m
			|--[91m 'allreduce lowp | Max Time: 224.933 ms | Avg Time: 222.225 ms | Load Imbalance: 1.012' [0m
			|--[91m 'allreduce copy back | Max Time: 12.724 ms | Avg Time: 12.618 ms | Load Imbalance: 1.008' [0m
			|--[91m 'GRAD_W = AGG.T * GRAD_OUT | Max Time: 28.153 ms | Avg Time: 28.030 ms | Load Imbalance: 1.004' [0m
			|--[91m 'ReduceScatter grad_weight | Max Time: 8.917 ms | Avg Time: 8.624 ms | Load Imbalance: 1.034' [0m
				|--[95m 'reduce-scatter | Max Time: 7.746 ms | Avg Time: 7.437 ms | Load Imbalance: 1.042' [0m
					|--[92m 'reduce-scatter-dist | Max Time: 6.809 ms | Avg Time: 6.487 ms | Load Imbalance: 1.050' [0m
			|--[91m 'GRAD_H = A.T * GRAD_AGG | Max Time: 41.677 ms | Avg Time: 40.216 ms | Load Imbalance: 1.036' [0m
			|--[91m 'allreduce grad_x | Max Time: 230.007 ms | Avg Time: 221.201 ms | Load Imbalance: 1.040' [0m
				|--[95m 'allreduce lowp comm dtype | Max Time: 9.403 ms | Avg Time: 8.944 ms | Load Imbalance: 1.051' [0m
				|--[95m 'allreduce lowp | Max Time: 206.013 ms | Avg Time: 196.851 ms | Load Imbalance: 1.047' [0m
				|--[95m 'allreduce copy back | Max Time: 12.666 ms | Avg Time: 12.551 ms | Load Imbalance: 1.009' [0m
			|--[91m 'gather | Max Time: 35.404 ms | Avg Time: 28.708 ms | Load Imbalance: 1.233' [0m
		|--[96m 'sync_norm_gradients | Max Time: 7.405 ms | Avg Time: 6.635 ms | Load Imbalance: 1.116' [0m
		|--[96m 'sync_data_parallel_gradients | Max Time: 0.240 ms | Avg Time: 0.237 ms | Load Imbalance: 1.013' [0m

|--[95m 'epoch 7 | Max Time: 2713.044 ms | Avg Time: 2713.027 ms | Load Imbalance: 1.000' [0m
	|--[92m 'minibatch prep | Max Time: 1054.908 ms | Avg Time: 1024.158 ms | Load Imbalance: 1.030' [0m
		|--[96m 'sample nodes | Max Time: 343.920 ms | Avg Time: 342.340 ms | Load Imbalance: 1.005' [0m
		|--[96m 'compact indices | Max Time: 62.442 ms | Avg Time: 61.332 ms | Load Imbalance: 1.018' [0m
		|--[96m 'compact adj shards | Max Time: 621.277 ms | Avg Time: 589.888 ms | Load Imbalance: 1.053' [0m
			|--[91m 'compact layout prep | Max Time: 150.736 ms | Avg Time: 127.717 ms | Load Imbalance: 1.180' [0m
			|--[91m 'compact csr: indices | Max Time: 6.686 ms | Avg Time: 6.507 ms | Load Imbalance: 1.027' [0m
			|--[91m 'compact csr: row ptrs | Max Time: 35.760 ms | Avg Time: 35.177 ms | Load Imbalance: 1.017' [0m
			|--[91m 'compact csr: nnz index | Max Time: 39.711 ms | Avg Time: 38.896 ms | Load Imbalance: 1.021' [0m
			|--[91m 'compact csr: select nnz | Max Time: 15.170 ms | Avg Time: 15.001 ms | Load Imbalance: 1.011' [0m
			|--[91m 'compact csr: col map | Max Time: 26.380 ms | Avg Time: 26.186 ms | Load Imbalance: 1.007' [0m
			|--[91m 'compact csr: edge scale | Max Time: 67.797 ms | Avg Time: 66.172 ms | Load Imbalance: 1.025' [0m
			|--[91m 'compact csr: crow | Max Time: 53.927 ms | Avg Time: 53.123 ms | Load Imbalance: 1.015' [0m
			|--[91m 'compact csr: adjt direct | Max Time: 103.981 ms | Avg Time: 98.102 ms | Load Imbalance: 1.060' [0m
		|--[96m 'compact feature slice | Max Time: 13.912 ms | Avg Time: 13.861 ms | Load Imbalance: 1.004' [0m
		|--[96m 'compact label slice | Max Time: 2.567 ms | Avg Time: 2.554 ms | Load Imbalance: 1.005' [0m
	|--[92m 'train step | Max Time: 1705.272 ms | Avg Time: 1683.156 ms | Load Imbalance: 1.013' [0m
		|--[96m 'input_linear | Max Time: 113.872 ms | Avg Time: 90.725 ms | Load Imbalance: 1.255' [0m
			|--[91m 'input_linear X * W | Max Time: 9.116 ms | Avg Time: 9.034 ms | Load Imbalance: 1.009' [0m
			|--[91m 'all-reduce | Max Time: 93.269 ms | Avg Time: 70.120 ms | Load Imbalance: 1.330' [0m
			|--[91m 'OUT + BIAS | Max Time: 6.167 ms | Avg Time: 6.127 ms | Load Imbalance: 1.007' [0m
		|--[96m 'gcn conv fwd | Max Time: 591.445 ms | Avg Time: 587.105 ms | Load Imbalance: 1.007' [0m
			|--[91m 'AGG = A * H | Max Time: 42.375 ms | Avg Time: 41.057 ms | Load Imbalance: 1.032' [0m
			|--[91m 'allreduce H | Max Time: 247.779 ms | Avg Time: 238.842 ms | Load Imbalance: 1.037' [0m
				|--[95m 'allreduce lowp comm dtype | Max Time: 9.588 ms | Avg Time: 9.218 ms | Load Imbalance: 1.040' [0m
				|--[95m 'allreduce lowp | Max Time: 223.700 ms | Avg Time: 214.361 ms | Load Imbalance: 1.044' [0m
				|--[95m 'allreduce copy back | Max Time: 12.458 ms | Avg Time: 12.375 ms | Load Imbalance: 1.007' [0m
			|--[91m 'Allgather W | Max Time: 33.081 ms | Avg Time: 25.470 ms | Load Imbalance: 1.299' [0m
				|--[95m 'gather | Max Time: 28.660 ms | Avg Time: 23.492 ms | Load Imbalance: 1.220' [0m
			|--[91m 'OUT = AGG * W | Max Time: 29.502 ms | Avg Time: 27.240 ms | Load Imbalance: 1.083' [0m
			|--[91m 'allreduce Q | Max Time: 261.829 ms | Avg Time: 249.373 ms | Load Imbalance: 1.050' [0m
				|--[95m 'allreduce lowp comm dtype | Max Time: 10.210 ms | Avg Time: 9.955 ms | Load Imbalance: 1.026' [0m
				|--[95m 'allreduce lowp | Max Time: 236.889 ms | Avg Time: 224.322 ms | Load Imbalance: 1.056' [0m
				|--[95m 'allreduce copy back | Max Time: 12.351 ms | Avg Time: 12.233 ms | Load Imbalance: 1.010' [0m
		|--[96m 'activation | Max Time: 57.617 ms | Avg Time: 56.773 ms | Load Imbalance: 1.015' [0m
			|--[91m 'all-reduce | Max Time: 29.041 ms | Avg Time: 28.474 ms | Load Imbalance: 1.020' [0m
		|--[96m 'output_linear | Max Time: 55.554 ms | Avg Time: 53.509 ms | Load Imbalance: 1.038' [0m
			|--[91m 'output_linear X * W | Max Time: 6.361 ms | Avg Time: 6.292 ms | Load Imbalance: 1.011' [0m
			|--[91m 'all-reduce | Max Time: 47.339 ms | Avg Time: 45.253 ms | Load Imbalance: 1.046' [0m
			|--[91m 'OUT + BIAS | Max Time: 1.023 ms | Avg Time: 1.011 ms | Load Imbalance: 1.012' [0m
		|--[96m 'cross entropy fwd | Max Time: 70.786 ms | Avg Time: 68.949 ms | Load Imbalance: 1.027' [0m
		|--[96m 'cross entropy bwd | Max Time: 8.121 ms | Avg Time: 6.923 ms | Load Imbalance: 1.173' [0m
		|--[96m 'linear_3d_bwd | Max Time: 82.265 ms | Avg Time: 78.418 ms | Load Imbalance: 1.049' [0m
			|--[91m 'output_linear GRAD_X | Max Time: 6.654 ms | Avg Time: 6.189 ms | Load Imbalance: 1.075' [0m
			|--[91m 'all-reduce | Max Time: 47.730 ms | Avg Time: 43.214 ms | Load Imbalance: 1.104' [0m
			|--[91m 'output_linear GRAD_W | Max Time: 7.207 ms | Avg Time: 7.123 ms | Load Imbalance: 1.012' [0m
			|--[91m 'input_linear GRAD_W | Max Time: 8.347 ms | Avg Time: 7.974 ms | Load Imbalance: 1.047' [0m
		|--[96m 'gcn conv bwd | Max Time: 614.503 ms | Avg Time: 611.539 ms | Load Imbalance: 1.005' [0m
			|--[91m 'GRAD_AGG = GRAD_OUT * W.T | Max Time: 28.149 ms | Avg Time: 27.555 ms | Load Imbalance: 1.022' [0m
			|--[91m 'allreduce lowp comm dtype | Max Time: 10.035 ms | Avg Time: 9.646 ms | Load Imbalance: 1.040' [0m
			|--[91m 'allreduce lowp | Max Time: 232.440 ms | Avg Time: 228.569 ms | Load Imbalance: 1.017' [0m
			|--[91m 'allreduce copy back | Max Time: 12.720 ms | Avg Time: 12.621 ms | Load Imbalance: 1.008' [0m
			|--[91m 'GRAD_W = AGG.T * GRAD_OUT | Max Time: 28.189 ms | Avg Time: 28.037 ms | Load Imbalance: 1.005' [0m
			|--[91m 'ReduceScatter grad_weight | Max Time: 8.762 ms | Avg Time: 8.606 ms | Load Imbalance: 1.018' [0m
				|--[95m 'reduce-scatter | Max Time: 7.575 ms | Avg Time: 7.418 ms | Load Imbalance: 1.021' [0m
					|--[92m 'reduce-scatter-dist | Max Time: 6.628 ms | Avg Time: 6.469 ms | Load Imbalance: 1.025' [0m
			|--[91m 'GRAD_H = A.T * GRAD_AGG | Max Time: 41.661 ms | Avg Time: 40.233 ms | Load Imbalance: 1.036' [0m
			|--[91m 'allreduce grad_x | Max Time: 227.817 ms | Avg Time: 220.975 ms | Load Imbalance: 1.031' [0m
				|--[95m 'allreduce lowp comm dtype | Max Time: 9.474 ms | Avg Time: 8.957 ms | Load Imbalance: 1.058' [0m
				|--[95m 'allreduce lowp | Max Time: 204.137 ms | Avg Time: 196.610 ms | Load Imbalance: 1.038' [0m
				|--[95m 'allreduce copy back | Max Time: 12.659 ms | Avg Time: 12.554 ms | Load Imbalance: 1.008' [0m
			|--[91m 'gather | Max Time: 33.256 ms | Avg Time: 28.313 ms | Load Imbalance: 1.175' [0m
		|--[96m 'sync_norm_gradients | Max Time: 7.359 ms | Avg Time: 6.710 ms | Load Imbalance: 1.097' [0m
		|--[96m 'sync_data_parallel_gradients | Max Time: 0.240 ms | Avg Time: 0.237 ms | Load Imbalance: 1.011' [0m

|--[95m 'epoch 8 | Max Time: 2894.508 ms | Avg Time: 2894.490 ms | Load Imbalance: 1.000' [0m
	|--[92m 'minibatch prep | Max Time: 1236.511 ms | Avg Time: 1068.001 ms | Load Imbalance: 1.158' [0m
		|--[96m 'sample nodes | Max Time: 343.994 ms | Avg Time: 342.357 ms | Load Imbalance: 1.005' [0m
		|--[96m 'compact indices | Max Time: 62.508 ms | Avg Time: 61.335 ms | Load Imbalance: 1.019' [0m
		|--[96m 'compact adj shards | Max Time: 802.401 ms | Avg Time: 633.718 ms | Load Imbalance: 1.266' [0m
			|--[91m 'compact layout prep | Max Time: 150.427 ms | Avg Time: 127.494 ms | Load Imbalance: 1.180' [0m
			|--[91m 'compact csr: indices | Max Time: 6.709 ms | Avg Time: 6.507 ms | Load Imbalance: 1.031' [0m
			|--[91m 'compact csr: row ptrs | Max Time: 35.813 ms | Avg Time: 35.141 ms | Load Imbalance: 1.019' [0m
			|--[91m 'compact csr: nnz index | Max Time: 39.709 ms | Avg Time: 38.838 ms | Load Imbalance: 1.022' [0m
			|--[91m 'compact csr: select nnz | Max Time: 15.181 ms | Avg Time: 14.991 ms | Load Imbalance: 1.013' [0m
			|--[91m 'compact csr: col map | Max Time: 210.230 ms | Avg Time: 70.626 ms | Load Imbalance: 2.977' [0m
			|--[91m 'compact csr: edge scale | Max Time: 67.915 ms | Avg Time: 66.340 ms | Load Imbalance: 1.024' [0m
			|--[91m 'compact csr: crow | Max Time: 53.919 ms | Avg Time: 53.096 ms | Load Imbalance: 1.016' [0m
			|--[91m 'compact csr: adjt direct | Max Time: 103.754 ms | Avg Time: 98.005 ms | Load Imbalance: 1.059' [0m
		|--[96m 'compact feature slice | Max Time: 13.917 ms | Avg Time: 13.860 ms | Load Imbalance: 1.004' [0m
		|--[96m 'compact label slice | Max Time: 2.566 ms | Avg Time: 2.553 ms | Load Imbalance: 1.005' [0m
	|--[92m 'train step | Max Time: 1885.882 ms | Avg Time: 1820.718 ms | Load Imbalance: 1.036' [0m
		|--[96m 'input_linear | Max Time: 295.289 ms | Avg Time: 223.097 ms | Load Imbalance: 1.324' [0m
			|--[91m 'input_linear X * W | Max Time: 9.097 ms | Avg Time: 9.041 ms | Load Imbalance: 1.006' [0m
			|--[91m 'all-reduce | Max Time: 274.728 ms | Avg Time: 202.484 ms | Load Imbalance: 1.357' [0m
			|--[91m 'OUT + BIAS | Max Time: 6.155 ms | Avg Time: 6.127 ms | Load Imbalance: 1.005' [0m
		|--[96m 'gcn conv fwd | Max Time: 593.219 ms | Avg Time: 588.418 ms | Load Imbalance: 1.008' [0m
			|--[91m 'AGG = A * H | Max Time: 42.367 ms | Avg Time: 41.018 ms | Load Imbalance: 1.033' [0m
			|--[91m 'allreduce H | Max Time: 244.580 ms | Avg Time: 236.535 ms | Load Imbalance: 1.034' [0m
				|--[95m 'allreduce lowp comm dtype | Max Time: 9.592 ms | Avg Time: 9.219 ms | Load Imbalance: 1.040' [0m
				|--[95m 'allreduce lowp | Max Time: 220.273 ms | Avg Time: 212.021 ms | Load Imbalance: 1.039' [0m
				|--[95m 'allreduce copy back | Max Time: 12.483 ms | Avg Time: 12.383 ms | Load Imbalance: 1.008' [0m
			|--[91m 'Allgather W | Max Time: 33.375 ms | Avg Time: 25.444 ms | Load Imbalance: 1.312' [0m
				|--[95m 'gather | Max Time: 29.034 ms | Avg Time: 23.484 ms | Load Imbalance: 1.236' [0m
			|--[91m 'OUT = AGG * W | Max Time: 29.514 ms | Avg Time: 27.234 ms | Load Imbalance: 1.084' [0m
			|--[91m 'allreduce Q | Max Time: 265.556 ms | Avg Time: 253.099 ms | Load Imbalance: 1.049' [0m
				|--[95m 'allreduce lowp comm dtype | Max Time: 10.223 ms | Avg Time: 9.953 ms | Load Imbalance: 1.027' [0m
				|--[95m 'allreduce lowp | Max Time: 240.435 ms | Avg Time: 228.043 ms | Load Imbalance: 1.054' [0m
				|--[95m 'allreduce copy back | Max Time: 12.351 ms | Avg Time: 12.235 ms | Load Imbalance: 1.010' [0m
		|--[96m 'activation | Max Time: 56.846 ms | Avg Time: 56.497 ms | Load Imbalance: 1.006' [0m
			|--[91m 'all-reduce | Max Time: 28.653 ms | Avg Time: 28.302 ms | Load Imbalance: 1.012' [0m
		|--[96m 'output_linear | Max Time: 55.237 ms | Avg Time: 54.071 ms | Load Imbalance: 1.022' [0m
			|--[91m 'output_linear X * W | Max Time: 6.368 ms | Avg Time: 6.291 ms | Load Imbalance: 1.012' [0m
			|--[91m 'all-reduce | Max Time: 46.938 ms | Avg Time: 45.783 ms | Load Imbalance: 1.025' [0m
			|--[91m 'OUT + BIAS | Max Time: 1.215 ms | Avg Time: 1.024 ms | Load Imbalance: 1.186' [0m
		|--[96m 'cross entropy fwd | Max Time: 74.072 ms | Avg Time: 69.564 ms | Load Imbalance: 1.065' [0m
		|--[96m 'cross entropy bwd | Max Time: 8.571 ms | Avg Time: 6.995 ms | Load Imbalance: 1.225' [0m
		|--[96m 'linear_3d_bwd | Max Time: 84.702 ms | Avg Time: 79.756 ms | Load Imbalance: 1.062' [0m
			|--[91m 'output_linear GRAD_X | Max Time: 7.033 ms | Avg Time: 6.220 ms | Load Imbalance: 1.131' [0m
			|--[91m 'all-reduce | Max Time: 50.130 ms | Avg Time: 44.517 ms | Load Imbalance: 1.126' [0m
			|--[91m 'output_linear GRAD_W | Max Time: 7.187 ms | Avg Time: 7.127 ms | Load Imbalance: 1.008' [0m
			|--[91m 'input_linear GRAD_W | Max Time: 8.346 ms | Avg Time: 7.982 ms | Load Imbalance: 1.046' [0m
		|--[96m 'gcn conv bwd | Max Time: 618.474 ms | Avg Time: 612.607 ms | Load Imbalance: 1.010' [0m
			|--[91m 'GRAD_AGG = GRAD_OUT * W.T | Max Time: 28.111 ms | Avg Time: 27.548 ms | Load Imbalance: 1.020' [0m
			|--[91m 'allreduce lowp comm dtype | Max Time: 9.994 ms | Avg Time: 9.625 ms | Load Imbalance: 1.038' [0m
			|--[91m 'allreduce lowp | Max Time: 235.403 ms | Avg Time: 230.202 ms | Load Imbalance: 1.023' [0m
			|--[91m 'allreduce copy back | Max Time: 12.720 ms | Avg Time: 12.619 ms | Load Imbalance: 1.008' [0m
			|--[91m 'GRAD_W = AGG.T * GRAD_OUT | Max Time: 28.193 ms | Avg Time: 28.026 ms | Load Imbalance: 1.006' [0m
			|--[91m 'ReduceScatter grad_weight | Max Time: 10.006 ms | Avg Time: 9.050 ms | Load Imbalance: 1.106' [0m
				|--[95m 'reduce-scatter | Max Time: 8.822 ms | Avg Time: 7.861 ms | Load Imbalance: 1.122' [0m
					|--[92m 'reduce-scatter-dist | Max Time: 7.880 ms | Avg Time: 6.911 ms | Load Imbalance: 1.140' [0m
			|--[91m 'GRAD_H = A.T * GRAD_AGG | Max Time: 41.627 ms | Avg Time: 40.214 ms | Load Imbalance: 1.035' [0m
			|--[91m 'allreduce grad_x | Max Time: 225.940 ms | Avg Time: 220.853 ms | Load Imbalance: 1.023' [0m
				|--[95m 'allreduce lowp comm dtype | Max Time: 9.486 ms | Avg Time: 8.965 ms | Load Imbalance: 1.058' [0m
				|--[95m 'allreduce lowp | Max Time: 201.989 ms | Avg Time: 196.475 ms | Load Imbalance: 1.028' [0m
				|--[95m 'allreduce copy back | Max Time: 12.652 ms | Avg Time: 12.556 ms | Load Imbalance: 1.008' [0m
			|--[91m 'gather | Max Time: 30.819 ms | Avg Time: 27.512 ms | Load Imbalance: 1.120' [0m
		|--[96m 'sync_norm_gradients | Max Time: 7.278 ms | Avg Time: 6.627 ms | Load Imbalance: 1.098' [0m
		|--[96m 'sync_data_parallel_gradients | Max Time: 0.240 ms | Avg Time: 0.237 ms | Load Imbalance: 1.012' [0m

|--[95m 'epoch 9 | Max Time: 2922.991 ms | Avg Time: 2922.974 ms | Load Imbalance: 1.000' [0m
	|--[92m 'minibatch prep | Max Time: 1054.795 ms | Avg Time: 1024.570 ms | Load Imbalance: 1.029' [0m
		|--[96m 'sample nodes | Max Time: 344.035 ms | Avg Time: 342.377 ms | Load Imbalance: 1.005' [0m
		|--[96m 'compact indices | Max Time: 62.438 ms | Avg Time: 61.314 ms | Load Imbalance: 1.018' [0m
		|--[96m 'compact adj shards | Max Time: 621.071 ms | Avg Time: 590.278 ms | Load Imbalance: 1.052' [0m
			|--[91m 'compact layout prep | Max Time: 150.333 ms | Avg Time: 127.654 ms | Load Imbalance: 1.178' [0m
			|--[91m 'compact csr: indices | Max Time: 6.704 ms | Avg Time: 6.474 ms | Load Imbalance: 1.035' [0m
			|--[91m 'compact csr: row ptrs | Max Time: 35.768 ms | Avg Time: 35.140 ms | Load Imbalance: 1.018' [0m
			|--[91m 'compact csr: nnz index | Max Time: 39.729 ms | Avg Time: 38.818 ms | Load Imbalance: 1.023' [0m
			|--[91m 'compact csr: select nnz | Max Time: 15.242 ms | Avg Time: 15.032 ms | Load Imbalance: 1.014' [0m
			|--[91m 'compact csr: col map | Max Time: 27.184 ms | Avg Time: 26.959 ms | Load Imbalance: 1.008' [0m
			|--[91m 'compact csr: edge scale | Max Time: 67.777 ms | Avg Time: 66.203 ms | Load Imbalance: 1.024' [0m
			|--[91m 'compact csr: crow | Max Time: 53.982 ms | Avg Time: 53.140 ms | Load Imbalance: 1.016' [0m
			|--[91m 'compact csr: adjt direct | Max Time: 103.657 ms | Avg Time: 98.162 ms | Load Imbalance: 1.056' [0m
		|--[96m 'compact feature slice | Max Time: 13.914 ms | Avg Time: 13.863 ms | Load Imbalance: 1.004' [0m
		|--[96m 'compact label slice | Max Time: 2.568 ms | Avg Time: 2.553 ms | Load Imbalance: 1.006' [0m
	|--[92m 'train step | Max Time: 1914.071 ms | Avg Time: 1892.608 ms | Load Imbalance: 1.011' [0m
		|--[96m 'input_linear | Max Time: 108.734 ms | Avg Time: 89.410 ms | Load Imbalance: 1.216' [0m
			|--[91m 'input_linear X * W | Max Time: 9.104 ms | Avg Time: 9.037 ms | Load Imbalance: 1.007' [0m
			|--[91m 'all-reduce | Max Time: 88.236 ms | Avg Time: 68.828 ms | Load Imbalance: 1.282' [0m
			|--[91m 'OUT + BIAS | Max Time: 6.169 ms | Avg Time: 6.126 ms | Load Imbalance: 1.007' [0m
		|--[96m 'gcn conv fwd | Max Time: 583.411 ms | Avg Time: 581.374 ms | Load Imbalance: 1.004' [0m
			|--[91m 'AGG = A * H | Max Time: 42.365 ms | Avg Time: 41.049 ms | Load Imbalance: 1.032' [0m
			|--[91m 'allreduce H | Max Time: 241.429 ms | Avg Time: 235.632 ms | Load Imbalance: 1.025' [0m
				|--[95m 'allreduce lowp comm dtype | Max Time: 9.589 ms | Avg Time: 9.211 ms | Load Imbalance: 1.041' [0m
				|--[95m 'allreduce lowp | Max Time: 217.429 ms | Avg Time: 211.183 ms | Load Imbalance: 1.030' [0m
				|--[95m 'allreduce copy back | Max Time: 12.458 ms | Avg Time: 12.366 ms | Load Imbalance: 1.008' [0m
			|--[91m 'Allgather W | Max Time: 32.180 ms | Avg Time: 25.100 ms | Load Imbalance: 1.282' [0m
				|--[95m 'gather | Max Time: 27.936 ms | Avg Time: 23.139 ms | Load Imbalance: 1.207' [0m
			|--[91m 'OUT = AGG * W | Max Time: 29.391 ms | Avg Time: 27.224 ms | Load Imbalance: 1.080' [0m
			|--[91m 'allreduce Q | Max Time: 255.645 ms | Avg Time: 247.294 ms | Load Imbalance: 1.034' [0m
				|--[95m 'allreduce lowp comm dtype | Max Time: 10.124 ms | Avg Time: 9.935 ms | Load Imbalance: 1.019' [0m
				|--[95m 'allreduce lowp | Max Time: 230.675 ms | Avg Time: 222.265 ms | Load Imbalance: 1.038' [0m
				|--[95m 'allreduce copy back | Max Time: 12.363 ms | Avg Time: 12.238 ms | Load Imbalance: 1.010' [0m
		|--[96m 'activation | Max Time: 56.793 ms | Avg Time: 56.476 ms | Load Imbalance: 1.006' [0m
			|--[91m 'all-reduce | Max Time: 28.721 ms | Avg Time: 28.293 ms | Load Imbalance: 1.015' [0m
		|--[96m 'output_linear | Max Time: 54.405 ms | Avg Time: 53.850 ms | Load Imbalance: 1.010' [0m
			|--[91m 'output_linear X * W | Max Time: 6.355 ms | Avg Time: 6.290 ms | Load Imbalance: 1.010' [0m
			|--[91m 'all-reduce | Max Time: 46.154 ms | Avg Time: 45.595 ms | Load Imbalance: 1.012' [0m
			|--[91m 'OUT + BIAS | Max Time: 1.024 ms | Avg Time: 1.011 ms | Load Imbalance: 1.013' [0m
		|--[96m 'cross entropy fwd | Max Time: 70.037 ms | Avg Time: 68.861 ms | Load Imbalance: 1.017' [0m
		|--[96m 'cross entropy bwd | Max Time: 8.377 ms | Avg Time: 6.978 ms | Load Imbalance: 1.200' [0m
		|--[96m 'linear_3d_bwd | Max Time: 85.262 ms | Avg Time: 79.387 ms | Load Imbalance: 1.074' [0m
			|--[91m 'output_linear GRAD_X | Max Time: 7.087 ms | Avg Time: 6.241 ms | Load Imbalance: 1.136' [0m
			|--[91m 'all-reduce | Max Time: 50.165 ms | Avg Time: 44.108 ms | Load Imbalance: 1.137' [0m
			|--[91m 'output_linear GRAD_W | Max Time: 7.182 ms | Avg Time: 7.120 ms | Load Imbalance: 1.009' [0m
			|--[91m 'input_linear GRAD_W | Max Time: 8.356 ms | Avg Time: 7.990 ms | Load Imbalance: 1.046' [0m
		|--[96m 'gcn conv bwd | Max Time: 830.736 ms | Avg Time: 826.272 ms | Load Imbalance: 1.005' [0m
			|--[91m 'GRAD_AGG = GRAD_OUT * W.T | Max Time: 28.216 ms | Avg Time: 27.574 ms | Load Imbalance: 1.023' [0m
			|--[91m 'allreduce lowp comm dtype | Max Time: 10.006 ms | Avg Time: 9.626 ms | Load Imbalance: 1.039' [0m
			|--[91m 'allreduce lowp | Max Time: 274.760 ms | Avg Time: 248.138 ms | Load Imbalance: 1.107' [0m
			|--[91m 'allreduce copy back | Max Time: 12.793 ms | Avg Time: 12.667 ms | Load Imbalance: 1.010' [0m
			|--[91m 'GRAD_W = AGG.T * GRAD_OUT | Max Time: 28.295 ms | Avg Time: 28.113 ms | Load Imbalance: 1.006' [0m
			|--[91m 'ReduceScatter grad_weight | Max Time: 9.210 ms | Avg Time: 8.808 ms | Load Imbalance: 1.046' [0m
				|--[95m 'reduce-scatter | Max Time: 8.027 ms | Avg Time: 7.620 ms | Load Imbalance: 1.053' [0m
					|--[92m 'reduce-scatter-dist | Max Time: 7.085 ms | Avg Time: 6.671 ms | Load Imbalance: 1.062' [0m
			|--[91m 'GRAD_H = A.T * GRAD_AGG | Max Time: 41.726 ms | Avg Time: 40.300 ms | Load Imbalance: 1.035' [0m
			|--[91m 'allreduce grad_x | Max Time: 227.901 ms | Avg Time: 221.260 ms | Load Imbalance: 1.030' [0m
				|--[95m 'allreduce lowp comm dtype | Max Time: 9.487 ms | Avg Time: 9.004 ms | Load Imbalance: 1.054' [0m
				|--[95m 'allreduce lowp | Max Time: 203.958 ms | Avg Time: 196.789 ms | Load Imbalance: 1.036' [0m
				|--[95m 'allreduce copy back | Max Time: 12.685 ms | Avg Time: 12.568 ms | Load Imbalance: 1.009' [0m
			|--[91m 'gather | Max Time: 246.760 ms | Avg Time: 84.981 ms | Load Imbalance: 2.904' [0m
		|--[96m 'sync_norm_gradients | Max Time: 7.326 ms | Avg Time: 6.672 ms | Load Imbalance: 1.098' [0m
		|--[96m 'sync_data_parallel_gradients | Max Time: 0.239 ms | Avg Time: 0.237 ms | Load Imbalance: 1.011' [0m

Epoch: 009, Train Loss: 3.4334
rank 0 Peak GPU memory: 7.02 GB
