/pscratch/sd/h/hmuki/plexus/plexus/utils/dataloader.py:412: UserWarning: Sparse invariant checks are implicitly disabled. Memory errors (e.g. SEGFAULT) will occur when operating on a sparse tensor which violates the invariants, but checks incur performance overhead. To silence this warning, explicitly opt in or out. See `torch.sparse.check_sparse_tensor_invariants.__doc__` for guidance.  (Triggered internally at /pytorch/aten/src/ATen/Context.cpp:760.)
  adj_local = torch.sparse_coo_tensor(
/pscratch/sd/h/hmuki/plexus/plexus/utils/dataloader.py:412: UserWarning: Sparse invariant checks are implicitly disabled. Memory errors (e.g. SEGFAULT) will occur when operating on a sparse tensor which violates the invariants, but checks incur performance overhead. To silence this warning, explicitly opt in or out. See `torch.sparse.check_sparse_tensor_invariants.__doc__` for guidance.  (Triggered internally at /pytorch/aten/src/ATen/Context.cpp:760.)
  adj_local = torch.sparse_coo_tensor(
/pscratch/sd/h/hmuki/plexus/plexus/utils/dataloader.py:412: UserWarning: Sparse invariant checks are implicitly disabled. Memory errors (e.g. SEGFAULT) will occur when operating on a sparse tensor which violates the invariants, but checks incur performance overhead. To silence this warning, explicitly opt in or out. See `torch.sparse.check_sparse_tensor_invariants.__doc__` for guidance.  (Triggered internally at /pytorch/aten/src/ATen/Context.cpp:760.)
  adj_local = torch.sparse_coo_tensor(
/pscratch/sd/h/hmuki/plexus/plexus/utils/dataloader.py:412: UserWarning: Sparse invariant checks are implicitly disabled. Memory errors (e.g. SEGFAULT) will occur when operating on a sparse tensor which violates the invariants, but checks incur performance overhead. To silence this warning, explicitly opt in or out. See `torch.sparse.check_sparse_tensor_invariants.__doc__` for guidance.  (Triggered internally at /pytorch/aten/src/ATen/Context.cpp:760.)
  adj_local = torch.sparse_coo_tensor(
/pscratch/sd/h/hmuki/plexus/plexus/utils/dataloader.py:412: UserWarning: Sparse invariant checks are implicitly disabled. Memory errors (e.g. SEGFAULT) will occur when operating on a sparse tensor which violates the invariants, but checks incur performance overhead. To silence this warning, explicitly opt in or out. See `torch.sparse.check_sparse_tensor_invariants.__doc__` for guidance.  (Triggered internally at /pytorch/aten/src/ATen/Context.cpp:760.)
  adj_local = torch.sparse_coo_tensor(
/pscratch/sd/h/hmuki/plexus/plexus/utils/dataloader.py:412: UserWarning: Sparse invariant checks are implicitly disabled. Memory errors (e.g. SEGFAULT) will occur when operating on a sparse tensor which violates the invariants, but checks incur performance overhead. To silence this warning, explicitly opt in or out. See `torch.sparse.check_sparse_tensor_invariants.__doc__` for guidance.  (Triggered internally at /pytorch/aten/src/ATen/Context.cpp:760.)
  adj_local = torch.sparse_coo_tensor(
/pscratch/sd/h/hmuki/plexus/plexus/utils/dataloader.py:412: UserWarning: Sparse invariant checks are implicitly disabled. Memory errors (e.g. SEGFAULT) will occur when operating on a sparse tensor which violates the invariants, but checks incur performance overhead. To silence this warning, explicitly opt in or out. See `torch.sparse.check_sparse_tensor_invariants.__doc__` for guidance.  (Triggered internally at /pytorch/aten/src/ATen/Context.cpp:760.)
  adj_local = torch.sparse_coo_tensor(
/pscratch/sd/h/hmuki/plexus/plexus/utils/dataloader.py:412: UserWarning: Sparse invariant checks are implicitly disabled. Memory errors (e.g. SEGFAULT) will occur when operating on a sparse tensor which violates the invariants, but checks incur performance overhead. To silence this warning, explicitly opt in or out. See `torch.sparse.check_sparse_tensor_invariants.__doc__` for guidance.  (Triggered internally at /pytorch/aten/src/ATen/Context.cpp:760.)
  adj_local = torch.sparse_coo_tensor(
/pscratch/sd/h/hmuki/plexus/plexus/utils/dataloader.py:412: UserWarning: Sparse invariant checks are implicitly disabled. Memory errors (e.g. SEGFAULT) will occur when operating on a sparse tensor which violates the invariants, but checks incur performance overhead. To silence this warning, explicitly opt in or out. See `torch.sparse.check_sparse_tensor_invariants.__doc__` for guidance.  (Triggered internally at /pytorch/aten/src/ATen/Context.cpp:760.)
  adj_local = torch.sparse_coo_tensor(
/pscratch/sd/h/hmuki/plexus/plexus/utils/dataloader.py:412: UserWarning: Sparse invariant checks are implicitly disabled. Memory errors (e.g. SEGFAULT) will occur when operating on a sparse tensor which violates the invariants, but checks incur performance overhead. To silence this warning, explicitly opt in or out. See `torch.sparse.check_sparse_tensor_invariants.__doc__` for guidance.  (Triggered internally at /pytorch/aten/src/ATen/Context.cpp:760.)
  adj_local = torch.sparse_coo_tensor(
/pscratch/sd/h/hmuki/plexus/plexus/utils/dataloader.py:412: UserWarning: Sparse invariant checks are implicitly disabled. Memory errors (e.g. SEGFAULT) will occur when operating on a sparse tensor which violates the invariants, but checks incur performance overhead. To silence this warning, explicitly opt in or out. See `torch.sparse.check_sparse_tensor_invariants.__doc__` for guidance.  (Triggered internally at /pytorch/aten/src/ATen/Context.cpp:760.)
  adj_local = torch.sparse_coo_tensor(
/pscratch/sd/h/hmuki/plexus/plexus/utils/dataloader.py:412: UserWarning: Sparse invariant checks are implicitly disabled. Memory errors (e.g. SEGFAULT) will occur when operating on a sparse tensor which violates the invariants, but checks incur performance overhead. To silence this warning, explicitly opt in or out. See `torch.sparse.check_sparse_tensor_invariants.__doc__` for guidance.  (Triggered internally at /pytorch/aten/src/ATen/Context.cpp:760.)
  adj_local = torch.sparse_coo_tensor(
/pscratch/sd/h/hmuki/plexus/plexus/utils/dataloader.py:425: UserWarning: Sparse CSR tensor support is in beta state. If you miss a functionality in the sparse tensor support, please submit a feature request to https://github.com/pytorch/pytorch/issues. (Triggered internally at /pytorch/aten/src/ATen/SparseCsrTensorImpl.cpp:49.)
  adj_local = adj_local.to_sparse_csr()
/pscratch/sd/h/hmuki/plexus/plexus/utils/dataloader.py:425: UserWarning: Sparse CSR tensor support is in beta state. If you miss a functionality in the sparse tensor support, please submit a feature request to https://github.com/pytorch/pytorch/issues. (Triggered internally at /pytorch/aten/src/ATen/SparseCsrTensorImpl.cpp:49.)
  adj_local = adj_local.to_sparse_csr()
/pscratch/sd/h/hmuki/plexus/plexus/utils/dataloader.py:425: UserWarning: Sparse CSR tensor support is in beta state. If you miss a functionality in the sparse tensor support, please submit a feature request to https://github.com/pytorch/pytorch/issues. (Triggered internally at /pytorch/aten/src/ATen/SparseCsrTensorImpl.cpp:49.)
  adj_local = adj_local.to_sparse_csr()
/pscratch/sd/h/hmuki/plexus/plexus/utils/dataloader.py:425: UserWarning: Sparse CSR tensor support is in beta state. If you miss a functionality in the sparse tensor support, please submit a feature request to https://github.com/pytorch/pytorch/issues. (Triggered internally at /pytorch/aten/src/ATen/SparseCsrTensorImpl.cpp:49.)
  adj_local = adj_local.to_sparse_csr()
/pscratch/sd/h/hmuki/plexus/plexus/utils/dataloader.py:425: UserWarning: Sparse CSR tensor support is in beta state. If you miss a functionality in the sparse tensor support, please submit a feature request to https://github.com/pytorch/pytorch/issues. (Triggered internally at /pytorch/aten/src/ATen/SparseCsrTensorImpl.cpp:49.)
  adj_local = adj_local.to_sparse_csr()
/pscratch/sd/h/hmuki/plexus/plexus/utils/dataloader.py:425: UserWarning: Sparse CSR tensor support is in beta state. If you miss a functionality in the sparse tensor support, please submit a feature request to https://github.com/pytorch/pytorch/issues. (Triggered internally at /pytorch/aten/src/ATen/SparseCsrTensorImpl.cpp:49.)
  adj_local = adj_local.to_sparse_csr()
/pscratch/sd/h/hmuki/plexus/plexus/utils/dataloader.py:425: UserWarning: Sparse CSR tensor support is in beta state. If you miss a functionality in the sparse tensor support, please submit a feature request to https://github.com/pytorch/pytorch/issues. (Triggered internally at /pytorch/aten/src/ATen/SparseCsrTensorImpl.cpp:49.)
  adj_local = adj_local.to_sparse_csr()
/pscratch/sd/h/hmuki/plexus/plexus/utils/dataloader.py:425: UserWarning: Sparse CSR tensor support is in beta state. If you miss a functionality in the sparse tensor support, please submit a feature request to https://github.com/pytorch/pytorch/issues. (Triggered internally at /pytorch/aten/src/ATen/SparseCsrTensorImpl.cpp:49.)
  adj_local = adj_local.to_sparse_csr()
/pscratch/sd/h/hmuki/plexus/plexus/utils/dataloader.py:425: UserWarning: Sparse CSR tensor support is in beta state. If you miss a functionality in the sparse tensor support, please submit a feature request to https://github.com/pytorch/pytorch/issues. (Triggered internally at /pytorch/aten/src/ATen/SparseCsrTensorImpl.cpp:49.)
  adj_local = adj_local.to_sparse_csr()
/pscratch/sd/h/hmuki/plexus/plexus/utils/dataloader.py:425: UserWarning: Sparse CSR tensor support is in beta state. If you miss a functionality in the sparse tensor support, please submit a feature request to https://github.com/pytorch/pytorch/issues. (Triggered internally at /pytorch/aten/src/ATen/SparseCsrTensorImpl.cpp:49.)
  adj_local = adj_local.to_sparse_csr()
/pscratch/sd/h/hmuki/plexus/plexus/utils/dataloader.py:425: UserWarning: Sparse CSR tensor support is in beta state. If you miss a functionality in the sparse tensor support, please submit a feature request to https://github.com/pytorch/pytorch/issues. (Triggered internally at /pytorch/aten/src/ATen/SparseCsrTensorImpl.cpp:49.)
  adj_local = adj_local.to_sparse_csr()
/pscratch/sd/h/hmuki/plexus/plexus/utils/dataloader.py:425: UserWarning: Sparse CSR tensor support is in beta state. If you miss a functionality in the sparse tensor support, please submit a feature request to https://github.com/pytorch/pytorch/issues. (Triggered internally at /pytorch/aten/src/ATen/SparseCsrTensorImpl.cpp:49.)
  adj_local = adj_local.to_sparse_csr()
/pscratch/sd/h/hmuki/plexus/plexus/utils/dataloader.py:412: UserWarning: Sparse invariant checks are implicitly disabled. Memory errors (e.g. SEGFAULT) will occur when operating on a sparse tensor which violates the invariants, but checks incur performance overhead. To silence this warning, explicitly opt in or out. See `torch.sparse.check_sparse_tensor_invariants.__doc__` for guidance.  (Triggered internally at /pytorch/aten/src/ATen/Context.cpp:760.)
  adj_local = torch.sparse_coo_tensor(
/pscratch/sd/h/hmuki/plexus/plexus/utils/dataloader.py:412: UserWarning: Sparse invariant checks are implicitly disabled. Memory errors (e.g. SEGFAULT) will occur when operating on a sparse tensor which violates the invariants, but checks incur performance overhead. To silence this warning, explicitly opt in or out. See `torch.sparse.check_sparse_tensor_invariants.__doc__` for guidance.  (Triggered internally at /pytorch/aten/src/ATen/Context.cpp:760.)
  adj_local = torch.sparse_coo_tensor(
/pscratch/sd/h/hmuki/plexus/plexus/utils/dataloader.py:412: UserWarning: Sparse invariant checks are implicitly disabled. Memory errors (e.g. SEGFAULT) will occur when operating on a sparse tensor which violates the invariants, but checks incur performance overhead. To silence this warning, explicitly opt in or out. See `torch.sparse.check_sparse_tensor_invariants.__doc__` for guidance.  (Triggered internally at /pytorch/aten/src/ATen/Context.cpp:760.)
  adj_local = torch.sparse_coo_tensor(
/pscratch/sd/h/hmuki/plexus/plexus/utils/dataloader.py:412: UserWarning: Sparse invariant checks are implicitly disabled. Memory errors (e.g. SEGFAULT) will occur when operating on a sparse tensor which violates the invariants, but checks incur performance overhead. To silence this warning, explicitly opt in or out. See `torch.sparse.check_sparse_tensor_invariants.__doc__` for guidance.  (Triggered internally at /pytorch/aten/src/ATen/Context.cpp:760.)
  adj_local = torch.sparse_coo_tensor(
/pscratch/sd/h/hmuki/plexus/plexus/utils/dataloader.py:425: UserWarning: Sparse CSR tensor support is in beta state. If you miss a functionality in the sparse tensor support, please submit a feature request to https://github.com/pytorch/pytorch/issues. (Triggered internally at /pytorch/aten/src/ATen/SparseCsrTensorImpl.cpp:49.)
  adj_local = adj_local.to_sparse_csr()
/pscratch/sd/h/hmuki/plexus/plexus/utils/dataloader.py:425: UserWarning: Sparse CSR tensor support is in beta state. If you miss a functionality in the sparse tensor support, please submit a feature request to https://github.com/pytorch/pytorch/issues. (Triggered internally at /pytorch/aten/src/ATen/SparseCsrTensorImpl.cpp:49.)
  adj_local = adj_local.to_sparse_csr()
/pscratch/sd/h/hmuki/plexus/plexus/utils/dataloader.py:425: UserWarning: Sparse CSR tensor support is in beta state. If you miss a functionality in the sparse tensor support, please submit a feature request to https://github.com/pytorch/pytorch/issues. (Triggered internally at /pytorch/aten/src/ATen/SparseCsrTensorImpl.cpp:49.)
  adj_local = adj_local.to_sparse_csr()
/pscratch/sd/h/hmuki/plexus/plexus/utils/dataloader.py:425: UserWarning: Sparse CSR tensor support is in beta state. If you miss a functionality in the sparse tensor support, please submit a feature request to https://github.com/pytorch/pytorch/issues. (Triggered internally at /pytorch/aten/src/ATen/SparseCsrTensorImpl.cpp:49.)
  adj_local = adj_local.to_sparse_csr()
[info] RMSNorm + ReLU + Dropout fused and compiled with torch.compile
steps_per_epoch:  41
steps_per_epoch:  41
steps_per_epoch:  41
steps_per_epoch:  41
steps_per_epoch:  41
steps_per_epoch:  41
steps_per_epoch:  41
steps_per_epoch:  41
steps_per_epoch:  41
steps_per_epoch:  41
steps_per_epoch:  41
steps_per_epoch:  41
steps_per_epoch:  41
steps_per_epoch:  41
steps_per_epoch:  41
steps_per_epoch:  41
Epoch: 000, Train Loss: 3.4520
Epoch: 001, Train Loss: 3.3930
Epoch: 002, Train Loss: 3.3227
Epoch: 003, Train Loss: 3.3172
Epoch: 004, Train Loss: 3.2578
Epoch: 005, Train Loss: 3.2638
Epoch: 006, Train Loss: 3.2918
Epoch: 007, Train Loss: 3.2570
Epoch: 008, Train Loss: 3.2367
rank 3 Peak GPU memory: 6.44 GB
rank 2 Peak GPU memory: 6.35 GB
rank 1 Peak GPU memory: 6.35 GB
rank 4 Peak GPU memory: 6.61 GB
rank 7 Peak GPU memory: 6.44 GB
rank 6 Peak GPU memory: 6.35 GB
rank 5 Peak GPU memory: 6.35 GB
rank 8 Peak GPU memory: 6.43 GB
rank 9 Peak GPU memory: 6.35 GB
rank 10 Peak GPU memory: 6.35 GB
rank 11 Peak GPU memory: 6.62 GB
rank 12 Peak GPU memory: 6.44 GB
rank 14 Peak GPU memory: 6.35 GB
rank 15 Peak GPU memory: 6.62 GB
rank 13 Peak GPU memory: 6.35 GB
|--[95m 'drop | Max Time: 3.030 ms | Avg Time: 0.486 ms | Load Imbalance: 6.239' [0m

|--[95m 'epoch 0 | Max Time: 8386.921 ms | Avg Time: 8381.538 ms | Load Imbalance: 1.001' [0m
	|--[92m 'minibatch prep | Max Time: 722.930 ms | Avg Time: 630.010 ms | Load Imbalance: 1.147' [0m
		|--[96m 'sample nodes | Max Time: 192.609 ms | Avg Time: 178.513 ms | Load Imbalance: 1.079' [0m
		|--[96m 'compact indices | Max Time: 50.054 ms | Avg Time: 41.898 ms | Load Imbalance: 1.195' [0m
		|--[96m 'compact adj shards | Max Time: 454.571 ms | Avg Time: 383.054 ms | Load Imbalance: 1.187' [0m
			|--[91m 'compact layout prep | Max Time: 154.334 ms | Avg Time: 112.085 ms | Load Imbalance: 1.377' [0m
			|--[91m 'compact csr: indices | Max Time: 3.822 ms | Avg Time: 3.046 ms | Load Imbalance: 1.255' [0m
			|--[91m 'compact csr: row ptrs | Max Time: 31.711 ms | Avg Time: 26.748 ms | Load Imbalance: 1.186' [0m
			|--[91m 'compact csr: nnz index | Max Time: 31.052 ms | Avg Time: 27.513 ms | Load Imbalance: 1.129' [0m
			|--[91m 'compact csr: select nnz | Max Time: 9.287 ms | Avg Time: 8.669 ms | Load Imbalance: 1.071' [0m
			|--[91m 'compact csr: col map | Max Time: 24.047 ms | Avg Time: 16.106 ms | Load Imbalance: 1.493' [0m
			|--[91m 'compact csr: edge scale | Max Time: 43.385 ms | Avg Time: 38.005 ms | Load Imbalance: 1.142' [0m
			|--[91m 'compact csr: crow | Max Time: 69.120 ms | Avg Time: 55.338 ms | Load Imbalance: 1.249' [0m
			|--[91m 'compact csr: adjt direct | Max Time: 47.308 ms | Avg Time: 44.341 ms | Load Imbalance: 1.067' [0m
		|--[96m 'compact feature slice | Max Time: 12.282 ms | Avg Time: 9.173 ms | Load Imbalance: 1.339' [0m
		|--[96m 'compact label slice | Max Time: 11.894 ms | Avg Time: 9.789 ms | Load Imbalance: 1.215' [0m
	|--[92m 'train step | Max Time: 7847.688 ms | Avg Time: 7749.335 ms | Load Imbalance: 1.013' [0m
		|--[96m 'input_linear | Max Time: 314.027 ms | Avg Time: 258.476 ms | Load Imbalance: 1.215' [0m
			|--[91m 'input_linear X * W | Max Time: 127.717 ms | Avg Time: 83.818 ms | Load Imbalance: 1.524' [0m
			|--[91m 'all-reduce | Max Time: 234.614 ms | Avg Time: 168.841 ms | Load Imbalance: 1.390' [0m
			|--[91m 'OUT + BIAS | Max Time: 3.876 ms | Avg Time: 3.264 ms | Load Imbalance: 1.188' [0m
		|--[96m 'gcn conv fwd | Max Time: 1605.580 ms | Avg Time: 1337.469 ms | Load Imbalance: 1.200' [0m
			|--[91m 'AGG = A * H | Max Time: 68.534 ms | Avg Time: 48.620 ms | Load Imbalance: 1.410' [0m
			|--[91m 'allreduce H | Max Time: 518.695 ms | Avg Time: 432.057 ms | Load Imbalance: 1.201' [0m
				|--[95m 'allreduce lowp comm dtype | Max Time: 9.323 ms | Avg Time: 8.971 ms | Load Imbalance: 1.039' [0m
				|--[95m 'allreduce lowp | Max Time: 497.515 ms | Avg Time: 411.183 ms | Load Imbalance: 1.210' [0m
				|--[95m 'allreduce copy back | Max Time: 10.708 ms | Avg Time: 10.673 ms | Load Imbalance: 1.003' [0m
			|--[91m 'Allgather W | Max Time: 412.440 ms | Avg Time: 212.506 ms | Load Imbalance: 1.941' [0m
				|--[95m 'gather | Max Time: 411.846 ms | Avg Time: 211.902 ms | Load Imbalance: 1.944' [0m
			|--[91m 'OUT = AGG * W | Max Time: 23.167 ms | Avg Time: 22.601 ms | Load Imbalance: 1.025' [0m
			|--[91m 'allreduce Q | Max Time: 783.571 ms | Avg Time: 619.840 ms | Load Imbalance: 1.264' [0m
				|--[95m 'allreduce lowp comm dtype | Max Time: 9.108 ms | Avg Time: 9.069 ms | Load Imbalance: 1.004' [0m
				|--[95m 'allreduce lowp | Max Time: 762.736 ms | Avg Time: 598.966 ms | Load Imbalance: 1.273' [0m
				|--[95m 'allreduce copy back | Max Time: 10.673 ms | Avg Time: 10.638 ms | Load Imbalance: 1.003' [0m
		|--[96m 'activation | Max Time: 4672.503 ms | Avg Time: 4355.404 ms | Load Imbalance: 1.073' [0m
			|--[91m 'all-reduce | Max Time: 135.512 ms | Avg Time: 56.367 ms | Load Imbalance: 2.404' [0m
		|--[96m 'output_linear | Max Time: 107.614 ms | Avg Time: 61.725 ms | Load Imbalance: 1.743' [0m
			|--[91m 'output_linear X * W | Max Time: 3.748 ms | Avg Time: 3.225 ms | Load Imbalance: 1.162' [0m
			|--[91m 'all-reduce | Max Time: 103.253 ms | Avg Time: 57.280 ms | Load Imbalance: 1.803' [0m
			|--[91m 'OUT + BIAS | Max Time: 0.792 ms | Avg Time: 0.757 ms | Load Imbalance: 1.046' [0m
		|--[96m 'cross entropy fwd | Max Time: 164.755 ms | Avg Time: 126.557 ms | Load Imbalance: 1.302' [0m
		|--[96m 'cross entropy bwd | Max Time: 4.757 ms | Avg Time: 4.130 ms | Load Imbalance: 1.152' [0m
		|--[96m 'linear_3d_bwd | Max Time: 75.948 ms | Avg Time: 69.936 ms | Load Imbalance: 1.086' [0m
			|--[91m 'output_linear GRAD_X | Max Time: 4.331 ms | Avg Time: 3.758 ms | Load Imbalance: 1.153' [0m
			|--[91m 'all-reduce | Max Time: 51.585 ms | Avg Time: 43.349 ms | Load Imbalance: 1.190' [0m
			|--[91m 'output_linear GRAD_W | Max Time: 20.174 ms | Avg Time: 11.247 ms | Load Imbalance: 1.794' [0m
			|--[91m 'input_linear GRAD_W | Max Time: 5.185 ms | Avg Time: 5.163 ms | Load Imbalance: 1.004' [0m
		|--[96m 'gcn conv bwd | Max Time: 606.391 ms | Avg Time: 569.547 ms | Load Imbalance: 1.065' [0m
			|--[91m 'gather | Max Time: 31.266 ms | Avg Time: 17.820 ms | Load Imbalance: 1.754' [0m
			|--[91m 'GRAD_AGG = GRAD_OUT * W.T | Max Time: 23.439 ms | Avg Time: 22.737 ms | Load Imbalance: 1.031' [0m
			|--[91m 'allreduce lowp comm dtype | Max Time: 9.974 ms | Avg Time: 8.671 ms | Load Imbalance: 1.150' [0m
			|--[91m 'allreduce lowp | Max Time: 274.869 ms | Avg Time: 234.512 ms | Load Imbalance: 1.172' [0m
			|--[91m 'allreduce copy back | Max Time: 10.702 ms | Avg Time: 10.670 ms | Load Imbalance: 1.003' [0m
			|--[91m 'GRAD_W = AGG.T * GRAD_OUT | Max Time: 22.936 ms | Avg Time: 22.742 ms | Load Imbalance: 1.009' [0m
			|--[91m 'ReduceScatter grad_weight | Max Time: 13.903 ms | Avg Time: 11.146 ms | Load Imbalance: 1.247' [0m
				|--[95m 'reduce-scatter | Max Time: 13.323 ms | Avg Time: 10.557 ms | Load Imbalance: 1.262' [0m
					|--[92m 'reduce-scatter-dist | Max Time: 12.741 ms | Avg Time: 9.962 ms | Load Imbalance: 1.279' [0m
			|--[91m 'GRAD_H = A.T * GRAD_AGG | Max Time: 25.004 ms | Avg Time: 21.171 ms | Load Imbalance: 1.181' [0m
			|--[91m 'allreduce grad_x | Max Time: 221.106 ms | Avg Time: 217.010 ms | Load Imbalance: 1.019' [0m
				|--[95m 'allreduce lowp comm dtype | Max Time: 8.702 ms | Avg Time: 8.656 ms | Load Imbalance: 1.005' [0m
				|--[95m 'allreduce lowp | Max Time: 200.504 ms | Avg Time: 196.473 ms | Load Imbalance: 1.021' [0m
				|--[95m 'allreduce copy back | Max Time: 10.759 ms | Avg Time: 10.715 ms | Load Imbalance: 1.004' [0m
		|--[96m 'sync_norm_gradients | Max Time: 111.495 ms | Avg Time: 77.363 ms | Load Imbalance: 1.441' [0m
		|--[96m 'sync_data_parallel_gradients | Max Time: 0.120 ms | Avg Time: 0.101 ms | Load Imbalance: 1.186' [0m

|--[95m 'epoch 1 | Max Time: 1805.509 ms | Avg Time: 1805.488 ms | Load Imbalance: 1.000' [0m
	|--[92m 'minibatch prep | Max Time: 449.844 ms | Avg Time: 422.148 ms | Load Imbalance: 1.066' [0m
		|--[96m 'sample nodes | Max Time: 140.481 ms | Avg Time: 140.127 ms | Load Imbalance: 1.003' [0m
		|--[96m 'compact indices | Max Time: 25.374 ms | Avg Time: 24.817 ms | Load Imbalance: 1.022' [0m
		|--[96m 'compact adj shards | Max Time: 270.180 ms | Avg Time: 243.569 ms | Load Imbalance: 1.109' [0m
			|--[91m 'compact layout prep | Max Time: 63.745 ms | Avg Time: 43.706 ms | Load Imbalance: 1.458' [0m
			|--[91m 'compact csr: indices | Max Time: 2.738 ms | Avg Time: 2.624 ms | Load Imbalance: 1.043' [0m
			|--[91m 'compact csr: row ptrs | Max Time: 15.189 ms | Avg Time: 14.906 ms | Load Imbalance: 1.019' [0m
			|--[91m 'compact csr: nnz index | Max Time: 19.876 ms | Avg Time: 19.179 ms | Load Imbalance: 1.036' [0m
			|--[91m 'compact csr: select nnz | Max Time: 9.180 ms | Avg Time: 8.589 ms | Load Imbalance: 1.069' [0m
			|--[91m 'compact csr: col map | Max Time: 15.101 ms | Avg Time: 14.607 ms | Load Imbalance: 1.034' [0m
			|--[91m 'compact csr: edge scale | Max Time: 29.159 ms | Avg Time: 27.989 ms | Load Imbalance: 1.042' [0m
			|--[91m 'compact csr: crow | Max Time: 23.879 ms | Avg Time: 22.347 ms | Load Imbalance: 1.069' [0m
			|--[91m 'compact csr: adjt direct | Max Time: 45.533 ms | Avg Time: 43.029 ms | Load Imbalance: 1.058' [0m
		|--[96m 'compact feature slice | Max Time: 6.763 ms | Avg Time: 6.726 ms | Load Imbalance: 1.006' [0m
		|--[96m 'compact label slice | Max Time: 1.144 ms | Avg Time: 1.136 ms | Load Imbalance: 1.007' [0m
	|--[92m 'train step | Max Time: 1393.415 ms | Avg Time: 1381.501 ms | Load Imbalance: 1.009' [0m
		|--[96m 'input_linear | Max Time: 75.368 ms | Avg Time: 50.480 ms | Load Imbalance: 1.493' [0m
			|--[91m 'input_linear X * W | Max Time: 6.407 ms | Avg Time: 6.271 ms | Load Imbalance: 1.022' [0m
			|--[91m 'all-reduce | Max Time: 63.731 ms | Avg Time: 38.921 ms | Load Imbalance: 1.637' [0m
			|--[91m 'OUT + BIAS | Max Time: 3.077 ms | Avg Time: 3.068 ms | Load Imbalance: 1.003' [0m
		|--[96m 'gcn conv fwd | Max Time: 542.194 ms | Avg Time: 522.140 ms | Load Imbalance: 1.038' [0m
			|--[91m 'AGG = A * H | Max Time: 25.553 ms | Avg Time: 21.706 ms | Load Imbalance: 1.177' [0m
			|--[91m 'allreduce H | Max Time: 261.668 ms | Avg Time: 237.711 ms | Load Imbalance: 1.101' [0m
				|--[95m 'allreduce lowp comm dtype | Max Time: 8.736 ms | Avg Time: 8.686 ms | Load Imbalance: 1.006' [0m
				|--[95m 'allreduce lowp | Max Time: 241.138 ms | Avg Time: 217.194 ms | Load Imbalance: 1.110' [0m
				|--[95m 'allreduce copy back | Max Time: 10.692 ms | Avg Time: 10.668 ms | Load Imbalance: 1.002' [0m
			|--[91m 'Allgather W | Max Time: 21.305 ms | Avg Time: 15.457 ms | Load Imbalance: 1.378' [0m
				|--[95m 'gather | Max Time: 20.727 ms | Avg Time: 14.878 ms | Load Imbalance: 1.393' [0m
			|--[91m 'OUT = AGG * W | Max Time: 22.262 ms | Avg Time: 22.241 ms | Load Imbalance: 1.001' [0m
			|--[91m 'allreduce Q | Max Time: 232.947 ms | Avg Time: 223.284 ms | Load Imbalance: 1.043' [0m
				|--[95m 'allreduce lowp comm dtype | Max Time: 9.099 ms | Avg Time: 9.066 ms | Load Imbalance: 1.004' [0m
				|--[95m 'allreduce lowp | Max Time: 212.033 ms | Avg Time: 202.409 ms | Load Imbalance: 1.048' [0m
				|--[95m 'allreduce copy back | Max Time: 10.671 ms | Avg Time: 10.643 ms | Load Imbalance: 1.003' [0m
		|--[96m 'activation | Max Time: 49.544 ms | Avg Time: 45.399 ms | Load Imbalance: 1.091' [0m
			|--[91m 'all-reduce | Max Time: 27.581 ms | Avg Time: 23.463 ms | Load Imbalance: 1.175' [0m
		|--[96m 'output_linear | Max Time: 46.825 ms | Avg Time: 45.900 ms | Load Imbalance: 1.020' [0m
			|--[91m 'output_linear X * W | Max Time: 3.023 ms | Avg Time: 2.992 ms | Load Imbalance: 1.010' [0m
			|--[91m 'all-reduce | Max Time: 42.668 ms | Avg Time: 41.762 ms | Load Imbalance: 1.022' [0m
			|--[91m 'OUT + BIAS | Max Time: 0.790 ms | Avg Time: 0.756 ms | Load Imbalance: 1.045' [0m
		|--[96m 'cross entropy fwd | Max Time: 39.006 ms | Avg Time: 37.511 ms | Load Imbalance: 1.040' [0m
		|--[96m 'cross entropy bwd | Max Time: 3.835 ms | Avg Time: 3.670 ms | Load Imbalance: 1.045' [0m
		|--[96m 'linear_3d_bwd | Max Time: 57.489 ms | Avg Time: 56.166 ms | Load Imbalance: 1.024' [0m
			|--[91m 'output_linear GRAD_X | Max Time: 3.458 ms | Avg Time: 3.328 ms | Load Imbalance: 1.039' [0m
			|--[91m 'all-reduce | Max Time: 39.523 ms | Avg Time: 38.123 ms | Load Imbalance: 1.037' [0m
			|--[91m 'output_linear GRAD_W | Max Time: 3.448 ms | Avg Time: 3.416 ms | Load Imbalance: 1.009' [0m
			|--[91m 'input_linear GRAD_W | Max Time: 5.180 ms | Avg Time: 5.158 ms | Load Imbalance: 1.004' [0m
		|--[96m 'gcn conv bwd | Max Time: 537.469 ms | Avg Time: 535.581 ms | Load Imbalance: 1.004' [0m
			|--[91m 'gather | Max Time: 15.256 ms | Avg Time: 12.965 ms | Load Imbalance: 1.177' [0m
			|--[91m 'GRAD_AGG = GRAD_OUT * W.T | Max Time: 22.589 ms | Avg Time: 22.407 ms | Load Imbalance: 1.008' [0m
			|--[91m 'allreduce lowp comm dtype | Max Time: 8.697 ms | Avg Time: 8.469 ms | Load Imbalance: 1.027' [0m
			|--[91m 'allreduce lowp | Max Time: 209.444 ms | Avg Time: 206.883 ms | Load Imbalance: 1.012' [0m
			|--[91m 'allreduce copy back | Max Time: 10.705 ms | Avg Time: 10.679 ms | Load Imbalance: 1.002' [0m
			|--[91m 'GRAD_W = AGG.T * GRAD_OUT | Max Time: 22.664 ms | Avg Time: 22.600 ms | Load Imbalance: 1.003' [0m
			|--[91m 'ReduceScatter grad_weight | Max Time: 14.238 ms | Avg Time: 10.631 ms | Load Imbalance: 1.339' [0m
				|--[95m 'reduce-scatter | Max Time: 13.661 ms | Avg Time: 10.054 ms | Load Imbalance: 1.359' [0m
					|--[92m 'reduce-scatter-dist | Max Time: 13.084 ms | Avg Time: 9.475 ms | Load Imbalance: 1.381' [0m
			|--[91m 'GRAD_H = A.T * GRAD_AGG | Max Time: 24.935 ms | Avg Time: 21.150 ms | Load Imbalance: 1.179' [0m
			|--[91m 'allreduce grad_x | Max Time: 223.467 ms | Avg Time: 216.874 ms | Load Imbalance: 1.030' [0m
				|--[95m 'allreduce lowp comm dtype | Max Time: 8.735 ms | Avg Time: 8.657 ms | Load Imbalance: 1.009' [0m
				|--[95m 'allreduce lowp | Max Time: 202.966 ms | Avg Time: 196.327 ms | Load Imbalance: 1.034' [0m
				|--[95m 'allreduce copy back | Max Time: 10.779 ms | Avg Time: 10.724 ms | Load Imbalance: 1.005' [0m
		|--[96m 'sync_norm_gradients | Max Time: 5.970 ms | Avg Time: 5.292 ms | Load Imbalance: 1.128' [0m
		|--[96m 'sync_data_parallel_gradients | Max Time: 0.097 ms | Avg Time: 0.096 ms | Load Imbalance: 1.009' [0m

|--[95m 'epoch 2 | Max Time: 1798.118 ms | Avg Time: 1798.108 ms | Load Imbalance: 1.000' [0m
	|--[92m 'minibatch prep | Max Time: 446.974 ms | Avg Time: 421.328 ms | Load Imbalance: 1.061' [0m
		|--[96m 'sample nodes | Max Time: 140.470 ms | Avg Time: 140.111 ms | Load Imbalance: 1.003' [0m
		|--[96m 'compact indices | Max Time: 25.126 ms | Avg Time: 24.737 ms | Load Imbalance: 1.016' [0m
		|--[96m 'compact adj shards | Max Time: 268.253 ms | Avg Time: 242.898 ms | Load Imbalance: 1.104' [0m
			|--[91m 'compact layout prep | Max Time: 62.686 ms | Avg Time: 43.575 ms | Load Imbalance: 1.439' [0m
			|--[91m 'compact csr: indices | Max Time: 2.702 ms | Avg Time: 2.591 ms | Load Imbalance: 1.043' [0m
			|--[91m 'compact csr: row ptrs | Max Time: 15.076 ms | Avg Time: 14.846 ms | Load Imbalance: 1.015' [0m
			|--[91m 'compact csr: nnz index | Max Time: 19.793 ms | Avg Time: 19.138 ms | Load Imbalance: 1.034' [0m
			|--[91m 'compact csr: select nnz | Max Time: 9.194 ms | Avg Time: 8.580 ms | Load Imbalance: 1.072' [0m
			|--[91m 'compact csr: col map | Max Time: 15.065 ms | Avg Time: 14.604 ms | Load Imbalance: 1.032' [0m
			|--[91m 'compact csr: edge scale | Max Time: 28.803 ms | Avg Time: 27.880 ms | Load Imbalance: 1.033' [0m
			|--[91m 'compact csr: crow | Max Time: 23.532 ms | Avg Time: 22.214 ms | Load Imbalance: 1.059' [0m
			|--[91m 'compact csr: adjt direct | Max Time: 45.425 ms | Avg Time: 42.970 ms | Load Imbalance: 1.057' [0m
		|--[96m 'compact feature slice | Max Time: 6.753 ms | Avg Time: 6.712 ms | Load Imbalance: 1.006' [0m
		|--[96m 'compact label slice | Max Time: 1.145 ms | Avg Time: 1.138 ms | Load Imbalance: 1.006' [0m
	|--[92m 'train step | Max Time: 1385.346 ms | Avg Time: 1374.953 ms | Load Imbalance: 1.008' [0m
		|--[96m 'input_linear | Max Time: 73.466 ms | Avg Time: 50.192 ms | Load Imbalance: 1.464' [0m
			|--[91m 'input_linear X * W | Max Time: 6.238 ms | Avg Time: 6.206 ms | Load Imbalance: 1.005' [0m
			|--[91m 'all-reduce | Max Time: 62.103 ms | Avg Time: 38.727 ms | Load Imbalance: 1.604' [0m
			|--[91m 'OUT + BIAS | Max Time: 3.080 ms | Avg Time: 3.069 ms | Load Imbalance: 1.003' [0m
		|--[96m 'gcn conv fwd | Max Time: 536.280 ms | Avg Time: 518.395 ms | Load Imbalance: 1.035' [0m
			|--[91m 'AGG = A * H | Max Time: 25.531 ms | Avg Time: 21.693 ms | Load Imbalance: 1.177' [0m
			|--[91m 'allreduce H | Max Time: 258.871 ms | Avg Time: 235.956 ms | Load Imbalance: 1.097' [0m
				|--[95m 'allreduce lowp comm dtype | Max Time: 8.734 ms | Avg Time: 8.684 ms | Load Imbalance: 1.006' [0m
				|--[95m 'allreduce lowp | Max Time: 238.414 ms | Avg Time: 215.443 ms | Load Imbalance: 1.107' [0m
				|--[95m 'allreduce copy back | Max Time: 10.701 ms | Avg Time: 10.667 ms | Load Imbalance: 1.003' [0m
			|--[91m 'Allgather W | Max Time: 21.631 ms | Avg Time: 14.905 ms | Load Imbalance: 1.451' [0m
				|--[95m 'gather | Max Time: 21.050 ms | Avg Time: 14.327 ms | Load Imbalance: 1.469' [0m
			|--[91m 'OUT = AGG * W | Max Time: 22.276 ms | Avg Time: 22.243 ms | Load Imbalance: 1.002' [0m
			|--[91m 'allreduce Q | Max Time: 228.464 ms | Avg Time: 221.860 ms | Load Imbalance: 1.030' [0m
				|--[95m 'allreduce lowp comm dtype | Max Time: 9.096 ms | Avg Time: 9.063 ms | Load Imbalance: 1.004' [0m
				|--[95m 'allreduce lowp | Max Time: 207.544 ms | Avg Time: 200.991 ms | Load Imbalance: 1.033' [0m
				|--[95m 'allreduce copy back | Max Time: 10.683 ms | Avg Time: 10.642 ms | Load Imbalance: 1.004' [0m
		|--[96m 'activation | Max Time: 49.535 ms | Avg Time: 45.067 ms | Load Imbalance: 1.099' [0m
			|--[91m 'all-reduce | Max Time: 27.610 ms | Avg Time: 23.131 ms | Load Imbalance: 1.194' [0m
		|--[96m 'output_linear | Max Time: 46.822 ms | Avg Time: 46.171 ms | Load Imbalance: 1.014' [0m
			|--[91m 'output_linear X * W | Max Time: 3.023 ms | Avg Time: 2.993 ms | Load Imbalance: 1.010' [0m
			|--[91m 'all-reduce | Max Time: 42.689 ms | Avg Time: 42.030 ms | Load Imbalance: 1.016' [0m
			|--[91m 'OUT + BIAS | Max Time: 0.790 ms | Avg Time: 0.756 ms | Load Imbalance: 1.045' [0m
		|--[96m 'cross entropy fwd | Max Time: 38.138 ms | Avg Time: 37.103 ms | Load Imbalance: 1.028' [0m
		|--[96m 'cross entropy bwd | Max Time: 3.765 ms | Avg Time: 3.655 ms | Load Imbalance: 1.030' [0m
		|--[96m 'linear_3d_bwd | Max Time: 57.172 ms | Avg Time: 55.788 ms | Load Imbalance: 1.025' [0m
			|--[91m 'output_linear GRAD_X | Max Time: 3.377 ms | Avg Time: 3.283 ms | Load Imbalance: 1.029' [0m
			|--[91m 'all-reduce | Max Time: 39.123 ms | Avg Time: 37.811 ms | Load Imbalance: 1.035' [0m
			|--[91m 'output_linear GRAD_W | Max Time: 3.453 ms | Avg Time: 3.415 ms | Load Imbalance: 1.011' [0m
			|--[91m 'input_linear GRAD_W | Max Time: 5.193 ms | Avg Time: 5.162 ms | Load Imbalance: 1.006' [0m
		|--[96m 'gcn conv bwd | Max Time: 535.266 ms | Avg Time: 534.329 ms | Load Imbalance: 1.002' [0m
			|--[91m 'gather | Max Time: 15.679 ms | Avg Time: 12.586 ms | Load Imbalance: 1.246' [0m
			|--[91m 'GRAD_AGG = GRAD_OUT * W.T | Max Time: 22.404 ms | Avg Time: 22.379 ms | Load Imbalance: 1.001' [0m
			|--[91m 'allreduce lowp comm dtype | Max Time: 8.675 ms | Avg Time: 8.452 ms | Load Imbalance: 1.026' [0m
			|--[91m 'allreduce lowp | Max Time: 209.183 ms | Avg Time: 205.194 ms | Load Imbalance: 1.019' [0m
			|--[91m 'allreduce copy back | Max Time: 10.711 ms | Avg Time: 10.677 ms | Load Imbalance: 1.003' [0m
			|--[91m 'GRAD_W = AGG.T * GRAD_OUT | Max Time: 22.681 ms | Avg Time: 22.618 ms | Load Imbalance: 1.003' [0m
			|--[91m 'ReduceScatter grad_weight | Max Time: 15.500 ms | Avg Time: 10.251 ms | Load Imbalance: 1.512' [0m
				|--[95m 'reduce-scatter | Max Time: 14.920 ms | Avg Time: 9.672 ms | Load Imbalance: 1.543' [0m
					|--[92m 'reduce-scatter-dist | Max Time: 14.343 ms | Avg Time: 9.094 ms | Load Imbalance: 1.577' [0m
			|--[91m 'GRAD_H = A.T * GRAD_AGG | Max Time: 24.939 ms | Avg Time: 21.131 ms | Load Imbalance: 1.180' [0m
			|--[91m 'allreduce grad_x | Max Time: 221.912 ms | Avg Time: 218.134 ms | Load Imbalance: 1.017' [0m
				|--[95m 'allreduce lowp comm dtype | Max Time: 8.741 ms | Avg Time: 8.661 ms | Load Imbalance: 1.009' [0m
				|--[95m 'allreduce lowp | Max Time: 201.361 ms | Avg Time: 197.580 ms | Load Imbalance: 1.019' [0m
				|--[95m 'allreduce copy back | Max Time: 10.780 ms | Avg Time: 10.726 ms | Load Imbalance: 1.005' [0m
		|--[96m 'sync_norm_gradients | Max Time: 6.067 ms | Avg Time: 5.085 ms | Load Imbalance: 1.193' [0m
		|--[96m 'sync_data_parallel_gradients | Max Time: 0.100 ms | Avg Time: 0.096 ms | Load Imbalance: 1.036' [0m

|--[95m 'epoch 3 | Max Time: 1798.589 ms | Avg Time: 1798.571 ms | Load Imbalance: 1.000' [0m
	|--[92m 'minibatch prep | Max Time: 446.879 ms | Avg Time: 421.477 ms | Load Imbalance: 1.060' [0m
		|--[96m 'sample nodes | Max Time: 140.441 ms | Avg Time: 140.091 ms | Load Imbalance: 1.002' [0m
		|--[96m 'compact indices | Max Time: 25.066 ms | Avg Time: 24.710 ms | Load Imbalance: 1.014' [0m
		|--[96m 'compact adj shards | Max Time: 268.152 ms | Avg Time: 243.102 ms | Load Imbalance: 1.103' [0m
			|--[91m 'compact layout prep | Max Time: 62.663 ms | Avg Time: 43.439 ms | Load Imbalance: 1.443' [0m
			|--[91m 'compact csr: indices | Max Time: 2.681 ms | Avg Time: 2.607 ms | Load Imbalance: 1.029' [0m
			|--[91m 'compact csr: row ptrs | Max Time: 15.094 ms | Avg Time: 14.872 ms | Load Imbalance: 1.015' [0m
			|--[91m 'compact csr: nnz index | Max Time: 19.811 ms | Avg Time: 19.202 ms | Load Imbalance: 1.032' [0m
			|--[91m 'compact csr: select nnz | Max Time: 9.190 ms | Avg Time: 8.586 ms | Load Imbalance: 1.070' [0m
			|--[91m 'compact csr: col map | Max Time: 15.026 ms | Avg Time: 14.602 ms | Load Imbalance: 1.029' [0m
			|--[91m 'compact csr: edge scale | Max Time: 29.317 ms | Avg Time: 27.953 ms | Load Imbalance: 1.049' [0m
			|--[91m 'compact csr: crow | Max Time: 23.547 ms | Avg Time: 22.216 ms | Load Imbalance: 1.060' [0m
			|--[91m 'compact csr: adjt direct | Max Time: 45.603 ms | Avg Time: 42.982 ms | Load Imbalance: 1.061' [0m
		|--[96m 'compact feature slice | Max Time: 6.742 ms | Avg Time: 6.712 ms | Load Imbalance: 1.005' [0m
		|--[96m 'compact label slice | Max Time: 1.142 ms | Avg Time: 1.137 ms | Load Imbalance: 1.005' [0m
	|--[92m 'train step | Max Time: 1386.409 ms | Avg Time: 1375.286 ms | Load Imbalance: 1.008' [0m
		|--[96m 'input_linear | Max Time: 74.081 ms | Avg Time: 50.746 ms | Load Imbalance: 1.460' [0m
			|--[91m 'input_linear X * W | Max Time: 6.246 ms | Avg Time: 6.200 ms | Load Imbalance: 1.007' [0m
			|--[91m 'all-reduce | Max Time: 62.714 ms | Avg Time: 39.282 ms | Load Imbalance: 1.596' [0m
			|--[91m 'OUT + BIAS | Max Time: 3.082 ms | Avg Time: 3.069 ms | Load Imbalance: 1.004' [0m
		|--[96m 'gcn conv fwd | Max Time: 537.060 ms | Avg Time: 517.314 ms | Load Imbalance: 1.038' [0m
			|--[91m 'AGG = A * H | Max Time: 25.570 ms | Avg Time: 21.691 ms | Load Imbalance: 1.179' [0m
			|--[91m 'allreduce H | Max Time: 256.979 ms | Avg Time: 235.488 ms | Load Imbalance: 1.091' [0m
				|--[95m 'allreduce lowp comm dtype | Max Time: 8.732 ms | Avg Time: 8.685 ms | Load Imbalance: 1.005' [0m
				|--[95m 'allreduce lowp | Max Time: 236.456 ms | Avg Time: 214.974 ms | Load Imbalance: 1.100' [0m
				|--[95m 'allreduce copy back | Max Time: 10.702 ms | Avg Time: 10.667 ms | Load Imbalance: 1.003' [0m
			|--[91m 'Allgather W | Max Time: 20.582 ms | Avg Time: 14.090 ms | Load Imbalance: 1.461' [0m
				|--[95m 'gather | Max Time: 20.005 ms | Avg Time: 13.511 ms | Load Imbalance: 1.481' [0m
			|--[91m 'OUT = AGG * W | Max Time: 22.267 ms | Avg Time: 22.243 ms | Load Imbalance: 1.001' [0m
			|--[91m 'allreduce Q | Max Time: 228.280 ms | Avg Time: 222.064 ms | Load Imbalance: 1.028' [0m
				|--[95m 'allreduce lowp comm dtype | Max Time: 9.087 ms | Avg Time: 9.061 ms | Load Imbalance: 1.003' [0m
				|--[95m 'allreduce lowp | Max Time: 207.359 ms | Avg Time: 201.197 ms | Load Imbalance: 1.031' [0m
				|--[95m 'allreduce copy back | Max Time: 10.675 ms | Avg Time: 10.642 ms | Load Imbalance: 1.003' [0m
		|--[96m 'activation | Max Time: 49.307 ms | Avg Time: 44.514 ms | Load Imbalance: 1.108' [0m
			|--[91m 'all-reduce | Max Time: 27.391 ms | Avg Time: 22.578 ms | Load Imbalance: 1.213' [0m
		|--[96m 'output_linear | Max Time: 47.991 ms | Avg Time: 46.967 ms | Load Imbalance: 1.022' [0m
			|--[91m 'output_linear X * W | Max Time: 3.015 ms | Avg Time: 2.994 ms | Load Imbalance: 1.007' [0m
			|--[91m 'all-reduce | Max Time: 43.888 ms | Avg Time: 42.827 ms | Load Imbalance: 1.025' [0m
			|--[91m 'OUT + BIAS | Max Time: 0.787 ms | Avg Time: 0.756 ms | Load Imbalance: 1.041' [0m
		|--[96m 'cross entropy fwd | Max Time: 38.513 ms | Avg Time: 37.539 ms | Load Imbalance: 1.026' [0m
		|--[96m 'cross entropy bwd | Max Time: 3.726 ms | Avg Time: 3.655 ms | Load Imbalance: 1.019' [0m
		|--[96m 'linear_3d_bwd | Max Time: 57.855 ms | Avg Time: 55.691 ms | Load Imbalance: 1.039' [0m
			|--[91m 'output_linear GRAD_X | Max Time: 3.404 ms | Avg Time: 3.282 ms | Load Imbalance: 1.037' [0m
			|--[91m 'all-reduce | Max Time: 40.089 ms | Avg Time: 37.611 ms | Load Imbalance: 1.066' [0m
			|--[91m 'output_linear GRAD_W | Max Time: 3.446 ms | Avg Time: 3.415 ms | Load Imbalance: 1.009' [0m
			|--[91m 'input_linear GRAD_W | Max Time: 5.182 ms | Avg Time: 5.165 ms | Load Imbalance: 1.003' [0m
		|--[96m 'gcn conv bwd | Max Time: 534.946 ms | Avg Time: 533.855 ms | Load Imbalance: 1.002' [0m
			|--[91m 'gather | Max Time: 17.166 ms | Avg Time: 13.884 ms | Load Imbalance: 1.236' [0m
			|--[91m 'GRAD_AGG = GRAD_OUT * W.T | Max Time: 22.436 ms | Avg Time: 22.384 ms | Load Imbalance: 1.002' [0m
			|--[91m 'allreduce lowp comm dtype | Max Time: 8.664 ms | Avg Time: 8.463 ms | Load Imbalance: 1.024' [0m
			|--[91m 'allreduce lowp | Max Time: 208.523 ms | Avg Time: 204.893 ms | Load Imbalance: 1.018' [0m
			|--[91m 'allreduce copy back | Max Time: 10.713 ms | Avg Time: 10.677 ms | Load Imbalance: 1.003' [0m
			|--[91m 'GRAD_W = AGG.T * GRAD_OUT | Max Time: 22.671 ms | Avg Time: 22.600 ms | Load Imbalance: 1.003' [0m
			|--[91m 'ReduceScatter grad_weight | Max Time: 12.051 ms | Avg Time: 9.568 ms | Load Imbalance: 1.259' [0m
				|--[95m 'reduce-scatter | Max Time: 11.468 ms | Avg Time: 8.989 ms | Load Imbalance: 1.276' [0m
					|--[92m 'reduce-scatter-dist | Max Time: 10.887 ms | Avg Time: 8.411 ms | Load Imbalance: 1.294' [0m
			|--[91m 'GRAD_H = A.T * GRAD_AGG | Max Time: 24.927 ms | Avg Time: 21.139 ms | Load Imbalance: 1.179' [0m
			|--[91m 'allreduce grad_x | Max Time: 220.919 ms | Avg Time: 217.337 ms | Load Imbalance: 1.016' [0m
				|--[95m 'allreduce lowp comm dtype | Max Time: 8.724 ms | Avg Time: 8.661 ms | Load Imbalance: 1.007' [0m
				|--[95m 'allreduce lowp | Max Time: 200.268 ms | Avg Time: 196.786 ms | Load Imbalance: 1.018' [0m
				|--[95m 'allreduce copy back | Max Time: 10.784 ms | Avg Time: 10.724 ms | Load Imbalance: 1.006' [0m
		|--[96m 'sync_norm_gradients | Max Time: 6.779 ms | Avg Time: 5.647 ms | Load Imbalance: 1.200' [0m
		|--[96m 'sync_data_parallel_gradients | Max Time: 0.098 ms | Avg Time: 0.096 ms | Load Imbalance: 1.024' [0m

|--[95m 'epoch 4 | Max Time: 1805.517 ms | Avg Time: 1805.507 ms | Load Imbalance: 1.000' [0m
	|--[92m 'minibatch prep | Max Time: 447.696 ms | Avg Time: 422.140 ms | Load Imbalance: 1.061' [0m
		|--[96m 'sample nodes | Max Time: 140.441 ms | Avg Time: 140.097 ms | Load Imbalance: 1.002' [0m
		|--[96m 'compact indices | Max Time: 25.044 ms | Avg Time: 24.659 ms | Load Imbalance: 1.016' [0m
		|--[96m 'compact adj shards | Max Time: 268.987 ms | Avg Time: 243.803 ms | Load Imbalance: 1.103' [0m
			|--[91m 'compact layout prep | Max Time: 62.747 ms | Avg Time: 43.336 ms | Load Imbalance: 1.448' [0m
			|--[91m 'compact csr: indices | Max Time: 2.664 ms | Avg Time: 2.594 ms | Load Imbalance: 1.027' [0m
			|--[91m 'compact csr: row ptrs | Max Time: 15.086 ms | Avg Time: 14.863 ms | Load Imbalance: 1.015' [0m
			|--[91m 'compact csr: nnz index | Max Time: 19.710 ms | Avg Time: 19.144 ms | Load Imbalance: 1.030' [0m
			|--[91m 'compact csr: select nnz | Max Time: 9.890 ms | Avg Time: 8.852 ms | Load Imbalance: 1.117' [0m
			|--[91m 'compact csr: col map | Max Time: 15.024 ms | Avg Time: 14.600 ms | Load Imbalance: 1.029' [0m
			|--[91m 'compact csr: edge scale | Max Time: 28.723 ms | Avg Time: 27.835 ms | Load Imbalance: 1.032' [0m
			|--[91m 'compact csr: crow | Max Time: 23.598 ms | Avg Time: 22.243 ms | Load Imbalance: 1.061' [0m
			|--[91m 'compact csr: adjt direct | Max Time: 45.463 ms | Avg Time: 42.955 ms | Load Imbalance: 1.058' [0m
		|--[96m 'compact feature slice | Max Time: 6.750 ms | Avg Time: 6.714 ms | Load Imbalance: 1.005' [0m
		|--[96m 'compact label slice | Max Time: 1.145 ms | Avg Time: 1.137 ms | Load Imbalance: 1.008' [0m
	|--[92m 'train step | Max Time: 1392.746 ms | Avg Time: 1381.569 ms | Load Imbalance: 1.008' [0m
		|--[96m 'input_linear | Max Time: 73.351 ms | Avg Time: 50.301 ms | Load Imbalance: 1.458' [0m
			|--[91m 'input_linear X * W | Max Time: 6.279 ms | Avg Time: 6.231 ms | Load Imbalance: 1.008' [0m
			|--[91m 'all-reduce | Max Time: 61.968 ms | Avg Time: 38.810 ms | Load Imbalance: 1.597' [0m
			|--[91m 'OUT + BIAS | Max Time: 3.084 ms | Avg Time: 3.069 ms | Load Imbalance: 1.005' [0m
		|--[96m 'gcn conv fwd | Max Time: 544.134 ms | Avg Time: 523.767 ms | Load Imbalance: 1.039' [0m
			|--[91m 'AGG = A * H | Max Time: 25.597 ms | Avg Time: 21.727 ms | Load Imbalance: 1.178' [0m
			|--[91m 'allreduce H | Max Time: 262.902 ms | Avg Time: 238.806 ms | Load Imbalance: 1.101' [0m
				|--[95m 'allreduce lowp comm dtype | Max Time: 8.733 ms | Avg Time: 8.685 ms | Load Imbalance: 1.006' [0m
				|--[95m 'allreduce lowp | Max Time: 242.370 ms | Avg Time: 218.291 ms | Load Imbalance: 1.110' [0m
				|--[95m 'allreduce copy back | Max Time: 10.702 ms | Avg Time: 10.668 ms | Load Imbalance: 1.003' [0m
			|--[91m 'Allgather W | Max Time: 20.068 ms | Avg Time: 14.972 ms | Load Imbalance: 1.340' [0m
				|--[95m 'gather | Max Time: 19.484 ms | Avg Time: 14.394 ms | Load Imbalance: 1.354' [0m
			|--[91m 'OUT = AGG * W | Max Time: 22.254 ms | Avg Time: 22.239 ms | Load Imbalance: 1.001' [0m
			|--[91m 'allreduce Q | Max Time: 230.847 ms | Avg Time: 224.285 ms | Load Imbalance: 1.029' [0m
				|--[95m 'allreduce lowp comm dtype | Max Time: 9.090 ms | Avg Time: 9.061 ms | Load Imbalance: 1.003' [0m
				|--[95m 'allreduce lowp | Max Time: 210.003 ms | Avg Time: 203.417 ms | Load Imbalance: 1.032' [0m
				|--[95m 'allreduce copy back | Max Time: 10.679 ms | Avg Time: 10.643 ms | Load Imbalance: 1.003' [0m
		|--[96m 'activation | Max Time: 50.745 ms | Avg Time: 46.449 ms | Load Imbalance: 1.092' [0m
			|--[91m 'all-reduce | Max Time: 28.806 ms | Avg Time: 24.513 ms | Load Imbalance: 1.175' [0m
		|--[96m 'output_linear | Max Time: 46.920 ms | Avg Time: 46.112 ms | Load Imbalance: 1.018' [0m
			|--[91m 'output_linear X * W | Max Time: 3.018 ms | Avg Time: 2.993 ms | Load Imbalance: 1.009' [0m
			|--[91m 'all-reduce | Max Time: 42.812 ms | Avg Time: 41.973 ms | Load Imbalance: 1.020' [0m
			|--[91m 'OUT + BIAS | Max Time: 0.790 ms | Avg Time: 0.756 ms | Load Imbalance: 1.045' [0m
		|--[96m 'cross entropy fwd | Max Time: 37.291 ms | Avg Time: 36.619 ms | Load Imbalance: 1.018' [0m
		|--[96m 'cross entropy bwd | Max Time: 3.724 ms | Avg Time: 3.667 ms | Load Imbalance: 1.015' [0m
		|--[96m 'linear_3d_bwd | Max Time: 56.230 ms | Avg Time: 55.251 ms | Load Imbalance: 1.018' [0m
			|--[91m 'output_linear GRAD_X | Max Time: 3.457 ms | Avg Time: 3.313 ms | Load Imbalance: 1.043' [0m
			|--[91m 'all-reduce | Max Time: 38.127 ms | Avg Time: 37.133 ms | Load Imbalance: 1.027' [0m
			|--[91m 'output_linear GRAD_W | Max Time: 3.463 ms | Avg Time: 3.418 ms | Load Imbalance: 1.013' [0m
			|--[91m 'input_linear GRAD_W | Max Time: 5.177 ms | Avg Time: 5.159 ms | Load Imbalance: 1.003' [0m
		|--[96m 'gcn conv bwd | Max Time: 536.341 ms | Avg Time: 534.957 ms | Load Imbalance: 1.003' [0m
			|--[91m 'gather | Max Time: 15.581 ms | Avg Time: 13.118 ms | Load Imbalance: 1.188' [0m
			|--[91m 'GRAD_AGG = GRAD_OUT * W.T | Max Time: 22.448 ms | Avg Time: 22.382 ms | Load Imbalance: 1.003' [0m
			|--[91m 'allreduce lowp comm dtype | Max Time: 8.660 ms | Avg Time: 8.454 ms | Load Imbalance: 1.024' [0m
			|--[91m 'allreduce lowp | Max Time: 209.149 ms | Avg Time: 205.093 ms | Load Imbalance: 1.020' [0m
			|--[91m 'allreduce copy back | Max Time: 10.712 ms | Avg Time: 10.680 ms | Load Imbalance: 1.003' [0m
			|--[91m 'GRAD_W = AGG.T * GRAD_OUT | Max Time: 22.661 ms | Avg Time: 22.605 ms | Load Imbalance: 1.003' [0m
			|--[91m 'ReduceScatter grad_weight | Max Time: 16.045 ms | Avg Time: 11.000 ms | Load Imbalance: 1.459' [0m
				|--[95m 'reduce-scatter | Max Time: 15.465 ms | Avg Time: 10.423 ms | Load Imbalance: 1.484' [0m
					|--[92m 'reduce-scatter-dist | Max Time: 14.884 ms | Avg Time: 9.845 ms | Load Imbalance: 1.512' [0m
			|--[91m 'GRAD_H = A.T * GRAD_AGG | Max Time: 24.980 ms | Avg Time: 21.172 ms | Load Imbalance: 1.180' [0m
			|--[91m 'allreduce grad_x | Max Time: 222.734 ms | Avg Time: 217.543 ms | Load Imbalance: 1.024' [0m
				|--[95m 'allreduce lowp comm dtype | Max Time: 8.730 ms | Avg Time: 8.660 ms | Load Imbalance: 1.008' [0m
				|--[95m 'allreduce lowp | Max Time: 202.143 ms | Avg Time: 196.992 ms | Load Imbalance: 1.026' [0m
				|--[95m 'allreduce copy back | Max Time: 10.782 ms | Avg Time: 10.724 ms | Load Imbalance: 1.005' [0m
		|--[96m 'sync_norm_gradients | Max Time: 5.548 ms | Avg Time: 4.982 ms | Load Imbalance: 1.114' [0m
		|--[96m 'sync_data_parallel_gradients | Max Time: 0.097 ms | Avg Time: 0.096 ms | Load Imbalance: 1.013' [0m

|--[95m 'epoch 5 | Max Time: 1974.058 ms | Avg Time: 1974.037 ms | Load Imbalance: 1.000' [0m
	|--[92m 'minibatch prep | Max Time: 446.183 ms | Avg Time: 421.024 ms | Load Imbalance: 1.060' [0m
		|--[96m 'sample nodes | Max Time: 140.444 ms | Avg Time: 140.120 ms | Load Imbalance: 1.002' [0m
		|--[96m 'compact indices | Max Time: 25.230 ms | Avg Time: 24.751 ms | Load Imbalance: 1.019' [0m
		|--[96m 'compact adj shards | Max Time: 267.443 ms | Avg Time: 242.565 ms | Load Imbalance: 1.103' [0m
			|--[91m 'compact layout prep | Max Time: 62.569 ms | Avg Time: 43.477 ms | Load Imbalance: 1.439' [0m
			|--[91m 'compact csr: indices | Max Time: 2.689 ms | Avg Time: 2.590 ms | Load Imbalance: 1.038' [0m
			|--[91m 'compact csr: row ptrs | Max Time: 15.133 ms | Avg Time: 14.878 ms | Load Imbalance: 1.017' [0m
			|--[91m 'compact csr: nnz index | Max Time: 19.761 ms | Avg Time: 19.164 ms | Load Imbalance: 1.031' [0m
			|--[91m 'compact csr: select nnz | Max Time: 9.184 ms | Avg Time: 8.580 ms | Load Imbalance: 1.070' [0m
			|--[91m 'compact csr: col map | Max Time: 15.034 ms | Avg Time: 14.586 ms | Load Imbalance: 1.031' [0m
			|--[91m 'compact csr: edge scale | Max Time: 28.617 ms | Avg Time: 27.734 ms | Load Imbalance: 1.032' [0m
			|--[91m 'compact csr: crow | Max Time: 23.527 ms | Avg Time: 22.205 ms | Load Imbalance: 1.060' [0m
			|--[91m 'compact csr: adjt direct | Max Time: 45.607 ms | Avg Time: 42.967 ms | Load Imbalance: 1.061' [0m
		|--[96m 'compact feature slice | Max Time: 6.750 ms | Avg Time: 6.721 ms | Load Imbalance: 1.004' [0m
		|--[96m 'compact label slice | Max Time: 1.145 ms | Avg Time: 1.137 ms | Load Imbalance: 1.007' [0m
	|--[92m 'train step | Max Time: 1561.859 ms | Avg Time: 1551.194 ms | Load Imbalance: 1.007' [0m
		|--[96m 'input_linear | Max Time: 73.932 ms | Avg Time: 50.155 ms | Load Imbalance: 1.474' [0m
			|--[91m 'input_linear X * W | Max Time: 6.275 ms | Avg Time: 6.242 ms | Load Imbalance: 1.005' [0m
			|--[91m 'all-reduce | Max Time: 62.503 ms | Avg Time: 38.649 ms | Load Imbalance: 1.617' [0m
			|--[91m 'OUT + BIAS | Max Time: 3.080 ms | Avg Time: 3.068 ms | Load Imbalance: 1.004' [0m
		|--[96m 'gcn conv fwd | Max Time: 541.697 ms | Avg Time: 521.870 ms | Load Imbalance: 1.038' [0m
			|--[91m 'AGG = A * H | Max Time: 25.562 ms | Avg Time: 21.686 ms | Load Imbalance: 1.179' [0m
			|--[91m 'allreduce H | Max Time: 261.404 ms | Avg Time: 237.983 ms | Load Imbalance: 1.098' [0m
				|--[95m 'allreduce lowp comm dtype | Max Time: 8.733 ms | Avg Time: 8.684 ms | Load Imbalance: 1.006' [0m
				|--[95m 'allreduce lowp | Max Time: 240.870 ms | Avg Time: 217.469 ms | Load Imbalance: 1.108' [0m
				|--[95m 'allreduce copy back | Max Time: 10.698 ms | Avg Time: 10.668 ms | Load Imbalance: 1.003' [0m
			|--[91m 'Allgather W | Max Time: 21.905 ms | Avg Time: 15.718 ms | Load Imbalance: 1.394' [0m
				|--[95m 'gather | Max Time: 21.329 ms | Avg Time: 15.140 ms | Load Imbalance: 1.409' [0m
			|--[91m 'OUT = AGG * W | Max Time: 22.251 ms | Avg Time: 22.239 ms | Load Imbalance: 1.001' [0m
			|--[91m 'allreduce Q | Max Time: 228.009 ms | Avg Time: 222.504 ms | Load Imbalance: 1.025' [0m
				|--[95m 'allreduce lowp comm dtype | Max Time: 9.082 ms | Avg Time: 9.059 ms | Load Imbalance: 1.003' [0m
				|--[95m 'allreduce lowp | Max Time: 207.160 ms | Avg Time: 201.637 ms | Load Imbalance: 1.027' [0m
				|--[95m 'allreduce copy back | Max Time: 10.675 ms | Avg Time: 10.643 ms | Load Imbalance: 1.003' [0m
		|--[96m 'activation | Max Time: 50.918 ms | Avg Time: 46.550 ms | Load Imbalance: 1.094' [0m
			|--[91m 'all-reduce | Max Time: 29.009 ms | Avg Time: 24.615 ms | Load Imbalance: 1.178' [0m
		|--[96m 'output_linear | Max Time: 46.646 ms | Avg Time: 45.827 ms | Load Imbalance: 1.018' [0m
			|--[91m 'output_linear X * W | Max Time: 3.020 ms | Avg Time: 2.992 ms | Load Imbalance: 1.009' [0m
			|--[91m 'all-reduce | Max Time: 42.535 ms | Avg Time: 41.688 ms | Load Imbalance: 1.020' [0m
			|--[91m 'OUT + BIAS | Max Time: 0.789 ms | Avg Time: 0.756 ms | Load Imbalance: 1.043' [0m
		|--[96m 'cross entropy fwd | Max Time: 38.483 ms | Avg Time: 37.238 ms | Load Imbalance: 1.033' [0m
		|--[96m 'cross entropy bwd | Max Time: 3.788 ms | Avg Time: 3.697 ms | Load Imbalance: 1.025' [0m
		|--[96m 'linear_3d_bwd | Max Time: 64.040 ms | Avg Time: 57.458 ms | Load Imbalance: 1.115' [0m
			|--[91m 'output_linear GRAD_X | Max Time: 3.475 ms | Avg Time: 3.326 ms | Load Imbalance: 1.045' [0m
			|--[91m 'all-reduce | Max Time: 45.894 ms | Avg Time: 39.311 ms | Load Imbalance: 1.167' [0m
			|--[91m 'output_linear GRAD_W | Max Time: 3.450 ms | Avg Time: 3.415 ms | Load Imbalance: 1.010' [0m
			|--[91m 'input_linear GRAD_W | Max Time: 5.185 ms | Avg Time: 5.165 ms | Load Imbalance: 1.004' [0m
		|--[96m 'gcn conv bwd | Max Time: 705.565 ms | Avg Time: 616.296 ms | Load Imbalance: 1.145' [0m
			|--[91m 'gather | Max Time: 16.161 ms | Avg Time: 13.594 ms | Load Imbalance: 1.189' [0m
			|--[91m 'GRAD_AGG = GRAD_OUT * W.T | Max Time: 22.426 ms | Avg Time: 22.381 ms | Load Imbalance: 1.002' [0m
			|--[91m 'allreduce lowp comm dtype | Max Time: 8.677 ms | Avg Time: 8.457 ms | Load Imbalance: 1.026' [0m
			|--[91m 'allreduce lowp | Max Time: 211.289 ms | Avg Time: 208.019 ms | Load Imbalance: 1.016' [0m
			|--[91m 'allreduce copy back | Max Time: 10.713 ms | Avg Time: 10.678 ms | Load Imbalance: 1.003' [0m
			|--[91m 'GRAD_W = AGG.T * GRAD_OUT | Max Time: 22.670 ms | Avg Time: 22.608 ms | Load Imbalance: 1.003' [0m
			|--[91m 'ReduceScatter grad_weight | Max Time: 14.240 ms | Avg Time: 10.964 ms | Load Imbalance: 1.299' [0m
				|--[95m 'reduce-scatter | Max Time: 13.657 ms | Avg Time: 10.387 ms | Load Imbalance: 1.315' [0m
					|--[92m 'reduce-scatter-dist | Max Time: 13.076 ms | Avg Time: 9.809 ms | Load Imbalance: 1.333' [0m
			|--[91m 'GRAD_H = A.T * GRAD_AGG | Max Time: 25.009 ms | Avg Time: 21.144 ms | Load Imbalance: 1.183' [0m
			|--[91m 'allreduce grad_x | Max Time: 383.556 ms | Avg Time: 295.545 ms | Load Imbalance: 1.298' [0m
				|--[95m 'allreduce lowp comm dtype | Max Time: 175.356 ms | Avg Time: 66.988 ms | Load Imbalance: 2.618' [0m
				|--[95m 'allreduce lowp | Max Time: 350.979 ms | Avg Time: 216.649 ms | Load Imbalance: 1.620' [0m
				|--[95m 'allreduce copy back | Max Time: 10.780 ms | Avg Time: 10.725 ms | Load Imbalance: 1.005' [0m
		|--[96m 'sync_norm_gradients | Max Time: 172.263 ms | Avg Time: 92.037 ms | Load Imbalance: 1.872' [0m
		|--[96m 'sync_data_parallel_gradients | Max Time: 0.113 ms | Avg Time: 0.097 ms | Load Imbalance: 1.162' [0m

|--[95m 'epoch 6 | Max Time: 1802.709 ms | Avg Time: 1802.690 ms | Load Imbalance: 1.000' [0m
	|--[92m 'minibatch prep | Max Time: 447.444 ms | Avg Time: 421.625 ms | Load Imbalance: 1.061' [0m
		|--[96m 'sample nodes | Max Time: 140.436 ms | Avg Time: 140.107 ms | Load Imbalance: 1.002' [0m
		|--[96m 'compact indices | Max Time: 26.791 ms | Avg Time: 24.772 ms | Load Imbalance: 1.082' [0m
		|--[96m 'compact adj shards | Max Time: 268.280 ms | Avg Time: 243.144 ms | Load Imbalance: 1.103' [0m
			|--[91m 'compact layout prep | Max Time: 62.655 ms | Avg Time: 43.449 ms | Load Imbalance: 1.442' [0m
			|--[91m 'compact csr: indices | Max Time: 2.659 ms | Avg Time: 2.591 ms | Load Imbalance: 1.026' [0m
			|--[91m 'compact csr: row ptrs | Max Time: 15.111 ms | Avg Time: 14.865 ms | Load Imbalance: 1.017' [0m
			|--[91m 'compact csr: nnz index | Max Time: 19.846 ms | Avg Time: 19.187 ms | Load Imbalance: 1.034' [0m
			|--[91m 'compact csr: select nnz | Max Time: 9.185 ms | Avg Time: 8.590 ms | Load Imbalance: 1.069' [0m
			|--[91m 'compact csr: col map | Max Time: 15.086 ms | Avg Time: 14.637 ms | Load Imbalance: 1.031' [0m
			|--[91m 'compact csr: edge scale | Max Time: 28.741 ms | Avg Time: 27.881 ms | Load Imbalance: 1.031' [0m
			|--[91m 'compact csr: crow | Max Time: 23.522 ms | Avg Time: 22.242 ms | Load Imbalance: 1.058' [0m
			|--[91m 'compact csr: adjt direct | Max Time: 45.454 ms | Avg Time: 42.994 ms | Load Imbalance: 1.057' [0m
		|--[96m 'compact feature slice | Max Time: 6.766 ms | Avg Time: 6.717 ms | Load Imbalance: 1.007' [0m
		|--[96m 'compact label slice | Max Time: 1.146 ms | Avg Time: 1.138 ms | Load Imbalance: 1.007' [0m
	|--[92m 'train step | Max Time: 1389.452 ms | Avg Time: 1379.181 ms | Load Imbalance: 1.007' [0m
		|--[96m 'input_linear | Max Time: 73.496 ms | Avg Time: 50.199 ms | Load Imbalance: 1.464' [0m
			|--[91m 'input_linear X * W | Max Time: 6.259 ms | Avg Time: 6.185 ms | Load Imbalance: 1.012' [0m
			|--[91m 'all-reduce | Max Time: 62.136 ms | Avg Time: 38.756 ms | Load Imbalance: 1.603' [0m
			|--[91m 'OUT + BIAS | Max Time: 3.080 ms | Avg Time: 3.069 ms | Load Imbalance: 1.004' [0m
		|--[96m 'gcn conv fwd | Max Time: 543.972 ms | Avg Time: 523.118 ms | Load Imbalance: 1.040' [0m
			|--[91m 'AGG = A * H | Max Time: 25.554 ms | Avg Time: 21.685 ms | Load Imbalance: 1.178' [0m
			|--[91m 'allreduce H | Max Time: 262.231 ms | Avg Time: 237.457 ms | Load Imbalance: 1.104' [0m
				|--[95m 'allreduce lowp comm dtype | Max Time: 8.737 ms | Avg Time: 8.685 ms | Load Imbalance: 1.006' [0m
				|--[95m 'allreduce lowp | Max Time: 241.691 ms | Avg Time: 216.942 ms | Load Imbalance: 1.114' [0m
				|--[95m 'allreduce copy back | Max Time: 10.704 ms | Avg Time: 10.668 ms | Load Imbalance: 1.003' [0m
			|--[91m 'Allgather W | Max Time: 20.847 ms | Avg Time: 15.278 ms | Load Imbalance: 1.365' [0m
				|--[95m 'gather | Max Time: 20.265 ms | Avg Time: 14.699 ms | Load Imbalance: 1.379' [0m
			|--[91m 'OUT = AGG * W | Max Time: 22.261 ms | Avg Time: 22.241 ms | Load Imbalance: 1.001' [0m
			|--[91m 'allreduce Q | Max Time: 231.555 ms | Avg Time: 224.719 ms | Load Imbalance: 1.030' [0m
				|--[95m 'allreduce lowp comm dtype | Max Time: 9.089 ms | Avg Time: 9.062 ms | Load Imbalance: 1.003' [0m
				|--[95m 'allreduce lowp | Max Time: 210.649 ms | Avg Time: 203.850 ms | Load Imbalance: 1.033' [0m
				|--[95m 'allreduce copy back | Max Time: 10.670 ms | Avg Time: 10.642 ms | Load Imbalance: 1.003' [0m
		|--[96m 'activation | Max Time: 48.942 ms | Avg Time: 44.755 ms | Load Imbalance: 1.094' [0m
			|--[91m 'all-reduce | Max Time: 26.981 ms | Avg Time: 22.820 ms | Load Imbalance: 1.182' [0m
		|--[96m 'output_linear | Max Time: 46.582 ms | Avg Time: 45.872 ms | Load Imbalance: 1.015' [0m
			|--[91m 'output_linear X * W | Max Time: 3.021 ms | Avg Time: 2.994 ms | Load Imbalance: 1.009' [0m
			|--[91m 'all-reduce | Max Time: 42.479 ms | Avg Time: 41.732 ms | Load Imbalance: 1.018' [0m
			|--[91m 'OUT + BIAS | Max Time: 0.789 ms | Avg Time: 0.756 ms | Load Imbalance: 1.043' [0m
		|--[96m 'cross entropy fwd | Max Time: 38.153 ms | Avg Time: 37.175 ms | Load Imbalance: 1.026' [0m
		|--[96m 'cross entropy bwd | Max Time: 3.778 ms | Avg Time: 3.663 ms | Load Imbalance: 1.031' [0m
		|--[96m 'linear_3d_bwd | Max Time: 57.399 ms | Avg Time: 55.748 ms | Load Imbalance: 1.030' [0m
			|--[91m 'output_linear GRAD_X | Max Time: 3.349 ms | Avg Time: 3.273 ms | Load Imbalance: 1.023' [0m
			|--[91m 'all-reduce | Max Time: 39.298 ms | Avg Time: 37.674 ms | Load Imbalance: 1.043' [0m
			|--[91m 'output_linear GRAD_W | Max Time: 3.464 ms | Avg Time: 3.415 ms | Load Imbalance: 1.014' [0m
			|--[91m 'input_linear GRAD_W | Max Time: 5.183 ms | Avg Time: 5.157 ms | Load Imbalance: 1.005' [0m
		|--[96m 'gcn conv bwd | Max Time: 536.331 ms | Avg Time: 534.618 ms | Load Imbalance: 1.003' [0m
			|--[91m 'gather | Max Time: 16.348 ms | Avg Time: 13.233 ms | Load Imbalance: 1.235' [0m
			|--[91m 'GRAD_AGG = GRAD_OUT * W.T | Max Time: 22.398 ms | Avg Time: 22.375 ms | Load Imbalance: 1.001' [0m
			|--[91m 'allreduce lowp comm dtype | Max Time: 8.628 ms | Avg Time: 8.449 ms | Load Imbalance: 1.021' [0m
			|--[91m 'allreduce lowp | Max Time: 208.164 ms | Avg Time: 205.669 ms | Load Imbalance: 1.012' [0m
			|--[91m 'allreduce copy back | Max Time: 10.720 ms | Avg Time: 10.675 ms | Load Imbalance: 1.004' [0m
			|--[91m 'GRAD_W = AGG.T * GRAD_OUT | Max Time: 22.697 ms | Avg Time: 22.623 ms | Load Imbalance: 1.003' [0m
			|--[91m 'ReduceScatter grad_weight | Max Time: 15.514 ms | Avg Time: 10.972 ms | Load Imbalance: 1.414' [0m
				|--[95m 'reduce-scatter | Max Time: 14.928 ms | Avg Time: 10.394 ms | Load Imbalance: 1.436' [0m
					|--[92m 'reduce-scatter-dist | Max Time: 14.345 ms | Avg Time: 9.816 ms | Load Imbalance: 1.461' [0m
			|--[91m 'GRAD_H = A.T * GRAD_AGG | Max Time: 24.932 ms | Avg Time: 21.128 ms | Load Imbalance: 1.180' [0m
			|--[91m 'allreduce grad_x | Max Time: 223.010 ms | Avg Time: 216.587 ms | Load Imbalance: 1.030' [0m
				|--[95m 'allreduce lowp comm dtype | Max Time: 8.731 ms | Avg Time: 8.655 ms | Load Imbalance: 1.009' [0m
				|--[95m 'allreduce lowp | Max Time: 202.406 ms | Avg Time: 196.038 ms | Load Imbalance: 1.032' [0m
				|--[95m 'allreduce copy back | Max Time: 10.783 ms | Avg Time: 10.725 ms | Load Imbalance: 1.005' [0m
		|--[96m 'sync_norm_gradients | Max Time: 5.514 ms | Avg Time: 4.592 ms | Load Imbalance: 1.201' [0m
		|--[96m 'sync_data_parallel_gradients | Max Time: 0.097 ms | Avg Time: 0.096 ms | Load Imbalance: 1.012' [0m

|--[95m 'epoch 7 | Max Time: 1794.699 ms | Avg Time: 1794.684 ms | Load Imbalance: 1.000' [0m
	|--[92m 'minibatch prep | Max Time: 446.848 ms | Avg Time: 421.305 ms | Load Imbalance: 1.061' [0m
		|--[96m 'sample nodes | Max Time: 140.480 ms | Avg Time: 140.117 ms | Load Imbalance: 1.003' [0m
		|--[96m 'compact indices | Max Time: 25.136 ms | Avg Time: 24.676 ms | Load Imbalance: 1.019' [0m
		|--[96m 'compact adj shards | Max Time: 268.181 ms | Avg Time: 242.941 ms | Load Imbalance: 1.104' [0m
			|--[91m 'compact layout prep | Max Time: 62.537 ms | Avg Time: 43.396 ms | Load Imbalance: 1.441' [0m
			|--[91m 'compact csr: indices | Max Time: 2.663 ms | Avg Time: 2.594 ms | Load Imbalance: 1.027' [0m
			|--[91m 'compact csr: row ptrs | Max Time: 15.160 ms | Avg Time: 14.872 ms | Load Imbalance: 1.019' [0m
			|--[91m 'compact csr: nnz index | Max Time: 19.747 ms | Avg Time: 19.170 ms | Load Imbalance: 1.030' [0m
			|--[91m 'compact csr: select nnz | Max Time: 9.268 ms | Avg Time: 8.623 ms | Load Imbalance: 1.075' [0m
			|--[91m 'compact csr: col map | Max Time: 15.084 ms | Avg Time: 14.617 ms | Load Imbalance: 1.032' [0m
			|--[91m 'compact csr: edge scale | Max Time: 28.704 ms | Avg Time: 27.848 ms | Load Imbalance: 1.031' [0m
			|--[91m 'compact csr: crow | Max Time: 23.658 ms | Avg Time: 22.258 ms | Load Imbalance: 1.063' [0m
			|--[91m 'compact csr: adjt direct | Max Time: 45.532 ms | Avg Time: 42.961 ms | Load Imbalance: 1.060' [0m
		|--[96m 'compact feature slice | Max Time: 6.747 ms | Avg Time: 6.711 ms | Load Imbalance: 1.005' [0m
		|--[96m 'compact label slice | Max Time: 1.143 ms | Avg Time: 1.137 ms | Load Imbalance: 1.005' [0m
	|--[92m 'train step | Max Time: 1381.918 ms | Avg Time: 1371.589 ms | Load Imbalance: 1.008' [0m
		|--[96m 'input_linear | Max Time: 73.357 ms | Avg Time: 49.951 ms | Load Imbalance: 1.469' [0m
			|--[91m 'input_linear X * W | Max Time: 6.227 ms | Avg Time: 6.181 ms | Load Imbalance: 1.008' [0m
			|--[91m 'all-reduce | Max Time: 62.014 ms | Avg Time: 38.521 ms | Load Imbalance: 1.610' [0m
			|--[91m 'OUT + BIAS | Max Time: 3.079 ms | Avg Time: 3.069 ms | Load Imbalance: 1.003' [0m
		|--[96m 'gcn conv fwd | Max Time: 536.145 ms | Avg Time: 517.966 ms | Load Imbalance: 1.035' [0m
			|--[91m 'AGG = A * H | Max Time: 25.556 ms | Avg Time: 21.708 ms | Load Imbalance: 1.177' [0m
			|--[91m 'allreduce H | Max Time: 259.052 ms | Avg Time: 235.709 ms | Load Imbalance: 1.099' [0m
				|--[95m 'allreduce lowp comm dtype | Max Time: 8.733 ms | Avg Time: 8.683 ms | Load Imbalance: 1.006' [0m
				|--[95m 'allreduce lowp | Max Time: 238.531 ms | Avg Time: 215.195 ms | Load Imbalance: 1.108' [0m
				|--[95m 'allreduce copy back | Max Time: 10.698 ms | Avg Time: 10.667 ms | Load Imbalance: 1.003' [0m
			|--[91m 'Allgather W | Max Time: 23.055 ms | Avg Time: 15.667 ms | Load Imbalance: 1.472' [0m
				|--[95m 'gather | Max Time: 22.477 ms | Avg Time: 15.089 ms | Load Imbalance: 1.490' [0m
			|--[91m 'OUT = AGG * W | Max Time: 22.257 ms | Avg Time: 22.240 ms | Load Imbalance: 1.001' [0m
			|--[91m 'allreduce Q | Max Time: 228.646 ms | Avg Time: 220.902 ms | Load Imbalance: 1.035' [0m
				|--[95m 'allreduce lowp comm dtype | Max Time: 9.092 ms | Avg Time: 9.063 ms | Load Imbalance: 1.003' [0m
				|--[95m 'allreduce lowp | Max Time: 207.746 ms | Avg Time: 200.033 ms | Load Imbalance: 1.039' [0m
				|--[95m 'allreduce copy back | Max Time: 10.671 ms | Avg Time: 10.642 ms | Load Imbalance: 1.003' [0m
		|--[96m 'activation | Max Time: 48.387 ms | Avg Time: 44.395 ms | Load Imbalance: 1.090' [0m
			|--[91m 'all-reduce | Max Time: 26.425 ms | Avg Time: 22.460 ms | Load Imbalance: 1.177' [0m
		|--[96m 'output_linear | Max Time: 48.666 ms | Avg Time: 46.515 ms | Load Imbalance: 1.046' [0m
			|--[91m 'output_linear X * W | Max Time: 3.018 ms | Avg Time: 2.994 ms | Load Imbalance: 1.008' [0m
			|--[91m 'all-reduce | Max Time: 44.547 ms | Avg Time: 42.375 ms | Load Imbalance: 1.051' [0m
			|--[91m 'OUT + BIAS | Max Time: 0.788 ms | Avg Time: 0.756 ms | Load Imbalance: 1.043' [0m
		|--[96m 'cross entropy fwd | Max Time: 38.796 ms | Avg Time: 37.639 ms | Load Imbalance: 1.031' [0m
		|--[96m 'cross entropy bwd | Max Time: 3.674 ms | Avg Time: 3.622 ms | Load Imbalance: 1.014' [0m
		|--[96m 'linear_3d_bwd | Max Time: 57.000 ms | Avg Time: 55.679 ms | Load Imbalance: 1.024' [0m
			|--[91m 'output_linear GRAD_X | Max Time: 3.319 ms | Avg Time: 3.222 ms | Load Imbalance: 1.030' [0m
			|--[91m 'all-reduce | Max Time: 39.251 ms | Avg Time: 37.690 ms | Load Imbalance: 1.041' [0m
			|--[91m 'output_linear GRAD_W | Max Time: 3.458 ms | Avg Time: 3.417 ms | Load Imbalance: 1.012' [0m
			|--[91m 'input_linear GRAD_W | Max Time: 5.178 ms | Avg Time: 5.161 ms | Load Imbalance: 1.003' [0m
		|--[96m 'gcn conv bwd | Max Time: 533.196 ms | Avg Time: 532.232 ms | Load Imbalance: 1.002' [0m
			|--[91m 'gather | Max Time: 19.506 ms | Avg Time: 14.114 ms | Load Imbalance: 1.382' [0m
			|--[91m 'GRAD_AGG = GRAD_OUT * W.T | Max Time: 22.420 ms | Avg Time: 22.381 ms | Load Imbalance: 1.002' [0m
			|--[91m 'allreduce lowp comm dtype | Max Time: 8.597 ms | Avg Time: 8.444 ms | Load Imbalance: 1.018' [0m
			|--[91m 'allreduce lowp | Max Time: 207.275 ms | Avg Time: 202.652 ms | Load Imbalance: 1.023' [0m
			|--[91m 'allreduce copy back | Max Time: 10.718 ms | Avg Time: 10.672 ms | Load Imbalance: 1.004' [0m
			|--[91m 'GRAD_W = AGG.T * GRAD_OUT | Max Time: 22.671 ms | Avg Time: 22.602 ms | Load Imbalance: 1.003' [0m
			|--[91m 'ReduceScatter grad_weight | Max Time: 14.522 ms | Avg Time: 9.923 ms | Load Imbalance: 1.463' [0m
				|--[95m 'reduce-scatter | Max Time: 13.938 ms | Avg Time: 9.345 ms | Load Imbalance: 1.492' [0m
					|--[92m 'reduce-scatter-dist | Max Time: 13.354 ms | Avg Time: 8.766 ms | Load Imbalance: 1.523' [0m
			|--[91m 'GRAD_H = A.T * GRAD_AGG | Max Time: 24.961 ms | Avg Time: 21.158 ms | Load Imbalance: 1.180' [0m
			|--[91m 'allreduce grad_x | Max Time: 222.268 ms | Avg Time: 217.378 ms | Load Imbalance: 1.022' [0m
				|--[95m 'allreduce lowp comm dtype | Max Time: 8.729 ms | Avg Time: 8.658 ms | Load Imbalance: 1.008' [0m
				|--[95m 'allreduce lowp | Max Time: 201.652 ms | Avg Time: 196.829 ms | Load Imbalance: 1.025' [0m
				|--[95m 'allreduce copy back | Max Time: 10.755 ms | Avg Time: 10.722 ms | Load Imbalance: 1.003' [0m
		|--[96m 'sync_norm_gradients | Max Time: 5.180 ms | Avg Time: 4.517 ms | Load Imbalance: 1.147' [0m
		|--[96m 'sync_data_parallel_gradients | Max Time: 0.097 ms | Avg Time: 0.096 ms | Load Imbalance: 1.010' [0m

|--[95m 'epoch 8 | Max Time: 1800.821 ms | Avg Time: 1800.809 ms | Load Imbalance: 1.000' [0m
	|--[92m 'minibatch prep | Max Time: 447.199 ms | Avg Time: 421.478 ms | Load Imbalance: 1.061' [0m
		|--[96m 'sample nodes | Max Time: 140.429 ms | Avg Time: 140.100 ms | Load Imbalance: 1.002' [0m
		|--[96m 'compact indices | Max Time: 25.149 ms | Avg Time: 24.691 ms | Load Imbalance: 1.019' [0m
		|--[96m 'compact adj shards | Max Time: 268.519 ms | Avg Time: 243.122 ms | Load Imbalance: 1.104' [0m
			|--[91m 'compact layout prep | Max Time: 62.602 ms | Avg Time: 43.396 ms | Load Imbalance: 1.443' [0m
			|--[91m 'compact csr: indices | Max Time: 2.780 ms | Avg Time: 2.609 ms | Load Imbalance: 1.065' [0m
			|--[91m 'compact csr: row ptrs | Max Time: 15.232 ms | Avg Time: 14.896 ms | Load Imbalance: 1.023' [0m
			|--[91m 'compact csr: nnz index | Max Time: 19.768 ms | Avg Time: 19.153 ms | Load Imbalance: 1.032' [0m
			|--[91m 'compact csr: select nnz | Max Time: 9.229 ms | Avg Time: 8.587 ms | Load Imbalance: 1.075' [0m
			|--[91m 'compact csr: col map | Max Time: 15.090 ms | Avg Time: 14.614 ms | Load Imbalance: 1.033' [0m
			|--[91m 'compact csr: edge scale | Max Time: 28.749 ms | Avg Time: 27.872 ms | Load Imbalance: 1.031' [0m
			|--[91m 'compact csr: crow | Max Time: 23.694 ms | Avg Time: 22.287 ms | Load Imbalance: 1.063' [0m
			|--[91m 'compact csr: adjt direct | Max Time: 45.544 ms | Avg Time: 43.000 ms | Load Imbalance: 1.059' [0m
		|--[96m 'compact feature slice | Max Time: 6.738 ms | Avg Time: 6.713 ms | Load Imbalance: 1.004' [0m
		|--[96m 'compact label slice | Max Time: 1.145 ms | Avg Time: 1.134 ms | Load Imbalance: 1.010' [0m
	|--[92m 'train step | Max Time: 1387.869 ms | Avg Time: 1377.531 ms | Load Imbalance: 1.008' [0m
		|--[96m 'input_linear | Max Time: 73.445 ms | Avg Time: 50.027 ms | Load Imbalance: 1.468' [0m
			|--[91m 'input_linear X * W | Max Time: 6.283 ms | Avg Time: 6.219 ms | Load Imbalance: 1.010' [0m
			|--[91m 'all-reduce | Max Time: 62.078 ms | Avg Time: 38.553 ms | Load Imbalance: 1.610' [0m
			|--[91m 'OUT + BIAS | Max Time: 3.077 ms | Avg Time: 3.067 ms | Load Imbalance: 1.003' [0m
		|--[96m 'gcn conv fwd | Max Time: 541.351 ms | Avg Time: 520.891 ms | Load Imbalance: 1.039' [0m
			|--[91m 'AGG = A * H | Max Time: 25.625 ms | Avg Time: 21.728 ms | Load Imbalance: 1.179' [0m
			|--[91m 'allreduce H | Max Time: 259.710 ms | Avg Time: 236.896 ms | Load Imbalance: 1.096' [0m
				|--[95m 'allreduce lowp comm dtype | Max Time: 8.726 ms | Avg Time: 8.683 ms | Load Imbalance: 1.005' [0m
				|--[95m 'allreduce lowp | Max Time: 239.213 ms | Avg Time: 216.386 ms | Load Imbalance: 1.105' [0m
				|--[95m 'allreduce copy back | Max Time: 10.699 ms | Avg Time: 10.664 ms | Load Imbalance: 1.003' [0m
			|--[91m 'Allgather W | Max Time: 20.515 ms | Avg Time: 15.136 ms | Load Imbalance: 1.355' [0m
				|--[95m 'gather | Max Time: 19.937 ms | Avg Time: 14.558 ms | Load Imbalance: 1.369' [0m
			|--[91m 'OUT = AGG * W | Max Time: 22.257 ms | Avg Time: 22.241 ms | Load Imbalance: 1.001' [0m
			|--[91m 'allreduce Q | Max Time: 228.920 ms | Avg Time: 223.152 ms | Load Imbalance: 1.026' [0m
				|--[95m 'allreduce lowp comm dtype | Max Time: 9.094 ms | Avg Time: 9.065 ms | Load Imbalance: 1.003' [0m
				|--[95m 'allreduce lowp | Max Time: 208.093 ms | Avg Time: 202.281 ms | Load Imbalance: 1.029' [0m
				|--[95m 'allreduce copy back | Max Time: 10.677 ms | Avg Time: 10.642 ms | Load Imbalance: 1.003' [0m
		|--[96m 'activation | Max Time: 50.338 ms | Avg Time: 45.386 ms | Load Imbalance: 1.109' [0m
			|--[91m 'all-reduce | Max Time: 28.435 ms | Avg Time: 23.449 ms | Load Imbalance: 1.213' [0m
		|--[96m 'output_linear | Max Time: 47.035 ms | Avg Time: 45.742 ms | Load Imbalance: 1.028' [0m
			|--[91m 'output_linear X * W | Max Time: 3.027 ms | Avg Time: 2.994 ms | Load Imbalance: 1.011' [0m
			|--[91m 'all-reduce | Max Time: 42.906 ms | Avg Time: 41.601 ms | Load Imbalance: 1.031' [0m
			|--[91m 'OUT + BIAS | Max Time: 0.792 ms | Avg Time: 0.756 ms | Load Imbalance: 1.047' [0m
		|--[96m 'cross entropy fwd | Max Time: 38.641 ms | Avg Time: 37.313 ms | Load Imbalance: 1.036' [0m
		|--[96m 'cross entropy bwd | Max Time: 3.719 ms | Avg Time: 3.632 ms | Load Imbalance: 1.024' [0m
		|--[96m 'linear_3d_bwd | Max Time: 57.536 ms | Avg Time: 55.810 ms | Load Imbalance: 1.031' [0m
			|--[91m 'output_linear GRAD_X | Max Time: 3.401 ms | Avg Time: 3.278 ms | Load Imbalance: 1.038' [0m
			|--[91m 'all-reduce | Max Time: 39.397 ms | Avg Time: 37.715 ms | Load Imbalance: 1.045' [0m
			|--[91m 'output_linear GRAD_W | Max Time: 3.459 ms | Avg Time: 3.419 ms | Load Imbalance: 1.012' [0m
			|--[91m 'input_linear GRAD_W | Max Time: 5.183 ms | Avg Time: 5.158 ms | Load Imbalance: 1.005' [0m
		|--[96m 'gcn conv bwd | Max Time: 535.673 ms | Avg Time: 534.780 ms | Load Imbalance: 1.002' [0m
			|--[91m 'gather | Max Time: 16.467 ms | Avg Time: 13.366 ms | Load Imbalance: 1.232' [0m
			|--[91m 'GRAD_AGG = GRAD_OUT * W.T | Max Time: 22.452 ms | Avg Time: 22.380 ms | Load Imbalance: 1.003' [0m
			|--[91m 'allreduce lowp comm dtype | Max Time: 8.600 ms | Avg Time: 8.442 ms | Load Imbalance: 1.019' [0m
			|--[91m 'allreduce lowp | Max Time: 207.648 ms | Avg Time: 205.173 ms | Load Imbalance: 1.012' [0m
			|--[91m 'allreduce copy back | Max Time: 10.726 ms | Avg Time: 10.670 ms | Load Imbalance: 1.005' [0m
			|--[91m 'GRAD_W = AGG.T * GRAD_OUT | Max Time: 22.669 ms | Avg Time: 22.606 ms | Load Imbalance: 1.003' [0m
			|--[91m 'ReduceScatter grad_weight | Max Time: 16.194 ms | Avg Time: 10.375 ms | Load Imbalance: 1.561' [0m
				|--[95m 'reduce-scatter | Max Time: 15.612 ms | Avg Time: 9.797 ms | Load Imbalance: 1.594' [0m
					|--[92m 'reduce-scatter-dist | Max Time: 15.028 ms | Avg Time: 9.218 ms | Load Imbalance: 1.630' [0m
			|--[91m 'GRAD_H = A.T * GRAD_AGG | Max Time: 24.970 ms | Avg Time: 21.175 ms | Load Imbalance: 1.179' [0m
			|--[91m 'allreduce grad_x | Max Time: 224.567 ms | Avg Time: 217.687 ms | Load Imbalance: 1.032' [0m
				|--[95m 'allreduce lowp comm dtype | Max Time: 8.725 ms | Avg Time: 8.660 ms | Load Imbalance: 1.007' [0m
				|--[95m 'allreduce lowp | Max Time: 203.971 ms | Avg Time: 197.139 ms | Load Imbalance: 1.035' [0m
				|--[95m 'allreduce copy back | Max Time: 10.758 ms | Avg Time: 10.721 ms | Load Imbalance: 1.003' [0m
		|--[96m 'sync_norm_gradients | Max Time: 5.299 ms | Avg Time: 4.792 ms | Load Imbalance: 1.106' [0m
		|--[96m 'sync_data_parallel_gradients | Max Time: 0.098 ms | Avg Time: 0.096 ms | Load Imbalance: 1.013' [0m

|--[95m 'epoch 9 | Max Time: 1805.176 ms | Avg Time: 1805.158 ms | Load Imbalance: 1.000' [0m
	|--[92m 'minibatch prep | Max Time: 447.277 ms | Avg Time: 421.589 ms | Load Imbalance: 1.061' [0m
		|--[96m 'sample nodes | Max Time: 140.447 ms | Avg Time: 140.116 ms | Load Imbalance: 1.002' [0m
		|--[96m 'compact indices | Max Time: 25.229 ms | Avg Time: 24.771 ms | Load Imbalance: 1.019' [0m
		|--[96m 'compact adj shards | Max Time: 268.538 ms | Avg Time: 243.098 ms | Load Imbalance: 1.105' [0m
			|--[91m 'compact layout prep | Max Time: 62.613 ms | Avg Time: 43.455 ms | Load Imbalance: 1.441' [0m
			|--[91m 'compact csr: indices | Max Time: 2.667 ms | Avg Time: 2.594 ms | Load Imbalance: 1.028' [0m
			|--[91m 'compact csr: row ptrs | Max Time: 15.117 ms | Avg Time: 14.869 ms | Load Imbalance: 1.017' [0m
			|--[91m 'compact csr: nnz index | Max Time: 19.771 ms | Avg Time: 19.170 ms | Load Imbalance: 1.031' [0m
			|--[91m 'compact csr: select nnz | Max Time: 9.236 ms | Avg Time: 8.610 ms | Load Imbalance: 1.073' [0m
			|--[91m 'compact csr: col map | Max Time: 15.067 ms | Avg Time: 14.630 ms | Load Imbalance: 1.030' [0m
			|--[91m 'compact csr: edge scale | Max Time: 28.722 ms | Avg Time: 27.872 ms | Load Imbalance: 1.030' [0m
			|--[91m 'compact csr: crow | Max Time: 23.683 ms | Avg Time: 22.215 ms | Load Imbalance: 1.066' [0m
			|--[91m 'compact csr: adjt direct | Max Time: 45.504 ms | Avg Time: 42.982 ms | Load Imbalance: 1.059' [0m
		|--[96m 'compact feature slice | Max Time: 6.735 ms | Avg Time: 6.709 ms | Load Imbalance: 1.004' [0m
		|--[96m 'compact label slice | Max Time: 1.143 ms | Avg Time: 1.137 ms | Load Imbalance: 1.005' [0m
	|--[92m 'train step | Max Time: 1392.216 ms | Avg Time: 1381.755 ms | Load Imbalance: 1.008' [0m
		|--[96m 'input_linear | Max Time: 73.874 ms | Avg Time: 49.975 ms | Load Imbalance: 1.478' [0m
			|--[91m 'input_linear X * W | Max Time: 6.203 ms | Avg Time: 6.160 ms | Load Imbalance: 1.007' [0m
			|--[91m 'all-reduce | Max Time: 62.534 ms | Avg Time: 38.569 ms | Load Imbalance: 1.621' [0m
			|--[91m 'OUT + BIAS | Max Time: 3.078 ms | Avg Time: 3.066 ms | Load Imbalance: 1.004' [0m
		|--[96m 'gcn conv fwd | Max Time: 542.099 ms | Avg Time: 521.204 ms | Load Imbalance: 1.040' [0m
			|--[91m 'AGG = A * H | Max Time: 25.559 ms | Avg Time: 21.683 ms | Load Imbalance: 1.179' [0m
			|--[91m 'allreduce H | Max Time: 260.658 ms | Avg Time: 238.569 ms | Load Imbalance: 1.093' [0m
				|--[95m 'allreduce lowp comm dtype | Max Time: 8.732 ms | Avg Time: 8.685 ms | Load Imbalance: 1.005' [0m
				|--[95m 'allreduce lowp | Max Time: 240.128 ms | Avg Time: 218.057 ms | Load Imbalance: 1.101' [0m
				|--[95m 'allreduce copy back | Max Time: 10.694 ms | Avg Time: 10.665 ms | Load Imbalance: 1.003' [0m
			|--[91m 'Allgather W | Max Time: 18.946 ms | Avg Time: 14.656 ms | Load Imbalance: 1.293' [0m
				|--[95m 'gather | Max Time: 18.365 ms | Avg Time: 14.078 ms | Load Imbalance: 1.304' [0m
			|--[91m 'OUT = AGG * W | Max Time: 22.252 ms | Avg Time: 22.238 ms | Load Imbalance: 1.001' [0m
			|--[91m 'allreduce Q | Max Time: 227.412 ms | Avg Time: 222.319 ms | Load Imbalance: 1.023' [0m
				|--[95m 'allreduce lowp comm dtype | Max Time: 9.090 ms | Avg Time: 9.063 ms | Load Imbalance: 1.003' [0m
				|--[95m 'allreduce lowp | Max Time: 206.591 ms | Avg Time: 201.452 ms | Load Imbalance: 1.026' [0m
				|--[95m 'allreduce copy back | Max Time: 10.669 ms | Avg Time: 10.641 ms | Load Imbalance: 1.003' [0m
		|--[96m 'activation | Max Time: 48.981 ms | Avg Time: 45.065 ms | Load Imbalance: 1.087' [0m
			|--[91m 'all-reduce | Max Time: 27.000 ms | Avg Time: 23.127 ms | Load Imbalance: 1.167' [0m
		|--[96m 'output_linear | Max Time: 47.672 ms | Avg Time: 46.547 ms | Load Imbalance: 1.024' [0m
			|--[91m 'output_linear X * W | Max Time: 3.019 ms | Avg Time: 2.991 ms | Load Imbalance: 1.009' [0m
			|--[91m 'all-reduce | Max Time: 43.593 ms | Avg Time: 42.409 ms | Load Imbalance: 1.028' [0m
			|--[91m 'OUT + BIAS | Max Time: 0.788 ms | Avg Time: 0.756 ms | Load Imbalance: 1.042' [0m
		|--[96m 'cross entropy fwd | Max Time: 39.527 ms | Avg Time: 38.086 ms | Load Imbalance: 1.038' [0m
		|--[96m 'cross entropy bwd | Max Time: 3.710 ms | Avg Time: 3.625 ms | Load Imbalance: 1.024' [0m
		|--[96m 'linear_3d_bwd | Max Time: 57.464 ms | Avg Time: 56.002 ms | Load Imbalance: 1.026' [0m
			|--[91m 'output_linear GRAD_X | Max Time: 3.365 ms | Avg Time: 3.197 ms | Load Imbalance: 1.053' [0m
			|--[91m 'all-reduce | Max Time: 39.803 ms | Avg Time: 38.029 ms | Load Imbalance: 1.047' [0m
			|--[91m 'output_linear GRAD_W | Max Time: 3.453 ms | Avg Time: 3.414 ms | Load Imbalance: 1.011' [0m
			|--[91m 'input_linear GRAD_W | Max Time: 5.184 ms | Avg Time: 5.156 ms | Load Imbalance: 1.005' [0m
		|--[96m 'gcn conv bwd | Max Time: 538.505 ms | Avg Time: 537.191 ms | Load Imbalance: 1.002' [0m
			|--[91m 'gather | Max Time: 17.480 ms | Avg Time: 14.018 ms | Load Imbalance: 1.247' [0m
			|--[91m 'GRAD_AGG = GRAD_OUT * W.T | Max Time: 22.408 ms | Avg Time: 22.385 ms | Load Imbalance: 1.001' [0m
			|--[91m 'allreduce lowp comm dtype | Max Time: 8.629 ms | Avg Time: 8.427 ms | Load Imbalance: 1.024' [0m
			|--[91m 'allreduce lowp | Max Time: 209.342 ms | Avg Time: 205.618 ms | Load Imbalance: 1.018' [0m
			|--[91m 'allreduce copy back | Max Time: 10.717 ms | Avg Time: 10.677 ms | Load Imbalance: 1.004' [0m
			|--[91m 'GRAD_W = AGG.T * GRAD_OUT | Max Time: 22.663 ms | Avg Time: 22.596 ms | Load Imbalance: 1.003' [0m
			|--[91m 'ReduceScatter grad_weight | Max Time: 15.652 ms | Avg Time: 11.008 ms | Load Imbalance: 1.422' [0m
				|--[95m 'reduce-scatter | Max Time: 15.071 ms | Avg Time: 10.429 ms | Load Imbalance: 1.445' [0m
					|--[92m 'reduce-scatter-dist | Max Time: 14.491 ms | Avg Time: 9.851 ms | Load Imbalance: 1.471' [0m
			|--[91m 'GRAD_H = A.T * GRAD_AGG | Max Time: 24.956 ms | Avg Time: 21.134 ms | Load Imbalance: 1.181' [0m
			|--[91m 'allreduce grad_x | Max Time: 222.792 ms | Avg Time: 218.423 ms | Load Imbalance: 1.020' [0m
				|--[95m 'allreduce lowp comm dtype | Max Time: 8.721 ms | Avg Time: 8.657 ms | Load Imbalance: 1.007' [0m
				|--[95m 'allreduce lowp | Max Time: 202.175 ms | Avg Time: 197.876 ms | Load Imbalance: 1.022' [0m
				|--[95m 'allreduce copy back | Max Time: 10.770 ms | Avg Time: 10.724 ms | Load Imbalance: 1.004' [0m
		|--[96m 'sync_norm_gradients | Max Time: 5.297 ms | Avg Time: 4.879 ms | Load Imbalance: 1.086' [0m
		|--[96m 'sync_data_parallel_gradients | Max Time: 0.097 ms | Avg Time: 0.096 ms | Load Imbalance: 1.013' [0m

Epoch: 009, Train Loss: 3.2275
rank 0 Peak GPU memory: 6.61 GB
