/pscratch/sd/h/hmuki/plexus/plexus/utils/dataloader.py:412: UserWarning: Sparse invariant checks are implicitly disabled. Memory errors (e.g. SEGFAULT) will occur when operating on a sparse tensor which violates the invariants, but checks incur performance overhead. To silence this warning, explicitly opt in or out. See `torch.sparse.check_sparse_tensor_invariants.__doc__` for guidance.  (Triggered internally at /pytorch/aten/src/ATen/Context.cpp:760.)
  adj_local = torch.sparse_coo_tensor(
/pscratch/sd/h/hmuki/plexus/plexus/utils/dataloader.py:412: UserWarning: Sparse invariant checks are implicitly disabled. Memory errors (e.g. SEGFAULT) will occur when operating on a sparse tensor which violates the invariants, but checks incur performance overhead. To silence this warning, explicitly opt in or out. See `torch.sparse.check_sparse_tensor_invariants.__doc__` for guidance.  (Triggered internally at /pytorch/aten/src/ATen/Context.cpp:760.)
  adj_local = torch.sparse_coo_tensor(
/pscratch/sd/h/hmuki/plexus/plexus/utils/dataloader.py:412: UserWarning: Sparse invariant checks are implicitly disabled. Memory errors (e.g. SEGFAULT) will occur when operating on a sparse tensor which violates the invariants, but checks incur performance overhead. To silence this warning, explicitly opt in or out. See `torch.sparse.check_sparse_tensor_invariants.__doc__` for guidance.  (Triggered internally at /pytorch/aten/src/ATen/Context.cpp:760.)
  adj_local = torch.sparse_coo_tensor(
/pscratch/sd/h/hmuki/plexus/plexus/utils/dataloader.py:412: UserWarning: Sparse invariant checks are implicitly disabled. Memory errors (e.g. SEGFAULT) will occur when operating on a sparse tensor which violates the invariants, but checks incur performance overhead. To silence this warning, explicitly opt in or out. See `torch.sparse.check_sparse_tensor_invariants.__doc__` for guidance.  (Triggered internally at /pytorch/aten/src/ATen/Context.cpp:760.)
  adj_local = torch.sparse_coo_tensor(
/pscratch/sd/h/hmuki/plexus/plexus/utils/dataloader.py:425: UserWarning: Sparse CSR tensor support is in beta state. If you miss a functionality in the sparse tensor support, please submit a feature request to https://github.com/pytorch/pytorch/issues. (Triggered internally at /pytorch/aten/src/ATen/SparseCsrTensorImpl.cpp:49.)
  adj_local = adj_local.to_sparse_csr()
/pscratch/sd/h/hmuki/plexus/plexus/utils/dataloader.py:425: UserWarning: Sparse CSR tensor support is in beta state. If you miss a functionality in the sparse tensor support, please submit a feature request to https://github.com/pytorch/pytorch/issues. (Triggered internally at /pytorch/aten/src/ATen/SparseCsrTensorImpl.cpp:49.)
  adj_local = adj_local.to_sparse_csr()
/pscratch/sd/h/hmuki/plexus/plexus/utils/dataloader.py:425: UserWarning: Sparse CSR tensor support is in beta state. If you miss a functionality in the sparse tensor support, please submit a feature request to https://github.com/pytorch/pytorch/issues. (Triggered internally at /pytorch/aten/src/ATen/SparseCsrTensorImpl.cpp:49.)
  adj_local = adj_local.to_sparse_csr()
/pscratch/sd/h/hmuki/plexus/plexus/utils/dataloader.py:425: UserWarning: Sparse CSR tensor support is in beta state. If you miss a functionality in the sparse tensor support, please submit a feature request to https://github.com/pytorch/pytorch/issues. (Triggered internally at /pytorch/aten/src/ATen/SparseCsrTensorImpl.cpp:49.)
  adj_local = adj_local.to_sparse_csr()
/pscratch/sd/h/hmuki/plexus/plexus/utils/dataloader.py:412: UserWarning: Sparse invariant checks are implicitly disabled. Memory errors (e.g. SEGFAULT) will occur when operating on a sparse tensor which violates the invariants, but checks incur performance overhead. To silence this warning, explicitly opt in or out. See `torch.sparse.check_sparse_tensor_invariants.__doc__` for guidance.  (Triggered internally at /pytorch/aten/src/ATen/Context.cpp:760.)
  adj_local = torch.sparse_coo_tensor(
/pscratch/sd/h/hmuki/plexus/plexus/utils/dataloader.py:412: UserWarning: Sparse invariant checks are implicitly disabled. Memory errors (e.g. SEGFAULT) will occur when operating on a sparse tensor which violates the invariants, but checks incur performance overhead. To silence this warning, explicitly opt in or out. See `torch.sparse.check_sparse_tensor_invariants.__doc__` for guidance.  (Triggered internally at /pytorch/aten/src/ATen/Context.cpp:760.)
  adj_local = torch.sparse_coo_tensor(
/pscratch/sd/h/hmuki/plexus/plexus/utils/dataloader.py:412: UserWarning: Sparse invariant checks are implicitly disabled. Memory errors (e.g. SEGFAULT) will occur when operating on a sparse tensor which violates the invariants, but checks incur performance overhead. To silence this warning, explicitly opt in or out. See `torch.sparse.check_sparse_tensor_invariants.__doc__` for guidance.  (Triggered internally at /pytorch/aten/src/ATen/Context.cpp:760.)
  adj_local = torch.sparse_coo_tensor(
/pscratch/sd/h/hmuki/plexus/plexus/utils/dataloader.py:412: UserWarning: Sparse invariant checks are implicitly disabled. Memory errors (e.g. SEGFAULT) will occur when operating on a sparse tensor which violates the invariants, but checks incur performance overhead. To silence this warning, explicitly opt in or out. See `torch.sparse.check_sparse_tensor_invariants.__doc__` for guidance.  (Triggered internally at /pytorch/aten/src/ATen/Context.cpp:760.)
  adj_local = torch.sparse_coo_tensor(
/pscratch/sd/h/hmuki/plexus/plexus/utils/dataloader.py:412: UserWarning: Sparse invariant checks are implicitly disabled. Memory errors (e.g. SEGFAULT) will occur when operating on a sparse tensor which violates the invariants, but checks incur performance overhead. To silence this warning, explicitly opt in or out. See `torch.sparse.check_sparse_tensor_invariants.__doc__` for guidance.  (Triggered internally at /pytorch/aten/src/ATen/Context.cpp:760.)
  adj_local = torch.sparse_coo_tensor(
/pscratch/sd/h/hmuki/plexus/plexus/utils/dataloader.py:412: UserWarning: Sparse invariant checks are implicitly disabled. Memory errors (e.g. SEGFAULT) will occur when operating on a sparse tensor which violates the invariants, but checks incur performance overhead. To silence this warning, explicitly opt in or out. See `torch.sparse.check_sparse_tensor_invariants.__doc__` for guidance.  (Triggered internally at /pytorch/aten/src/ATen/Context.cpp:760.)
  adj_local = torch.sparse_coo_tensor(
/pscratch/sd/h/hmuki/plexus/plexus/utils/dataloader.py:412: UserWarning: Sparse invariant checks are implicitly disabled. Memory errors (e.g. SEGFAULT) will occur when operating on a sparse tensor which violates the invariants, but checks incur performance overhead. To silence this warning, explicitly opt in or out. See `torch.sparse.check_sparse_tensor_invariants.__doc__` for guidance.  (Triggered internally at /pytorch/aten/src/ATen/Context.cpp:760.)
  adj_local = torch.sparse_coo_tensor(
/pscratch/sd/h/hmuki/plexus/plexus/utils/dataloader.py:412: UserWarning: Sparse invariant checks are implicitly disabled. Memory errors (e.g. SEGFAULT) will occur when operating on a sparse tensor which violates the invariants, but checks incur performance overhead. To silence this warning, explicitly opt in or out. See `torch.sparse.check_sparse_tensor_invariants.__doc__` for guidance.  (Triggered internally at /pytorch/aten/src/ATen/Context.cpp:760.)
  adj_local = torch.sparse_coo_tensor(
/pscratch/sd/h/hmuki/plexus/plexus/utils/dataloader.py:412: UserWarning: Sparse invariant checks are implicitly disabled. Memory errors (e.g. SEGFAULT) will occur when operating on a sparse tensor which violates the invariants, but checks incur performance overhead. To silence this warning, explicitly opt in or out. See `torch.sparse.check_sparse_tensor_invariants.__doc__` for guidance.  (Triggered internally at /pytorch/aten/src/ATen/Context.cpp:760.)
  adj_local = torch.sparse_coo_tensor(
/pscratch/sd/h/hmuki/plexus/plexus/utils/dataloader.py:412: UserWarning: Sparse invariant checks are implicitly disabled. Memory errors (e.g. SEGFAULT) will occur when operating on a sparse tensor which violates the invariants, but checks incur performance overhead. To silence this warning, explicitly opt in or out. See `torch.sparse.check_sparse_tensor_invariants.__doc__` for guidance.  (Triggered internally at /pytorch/aten/src/ATen/Context.cpp:760.)
  adj_local = torch.sparse_coo_tensor(
/pscratch/sd/h/hmuki/plexus/plexus/utils/dataloader.py:412: UserWarning: Sparse invariant checks are implicitly disabled. Memory errors (e.g. SEGFAULT) will occur when operating on a sparse tensor which violates the invariants, but checks incur performance overhead. To silence this warning, explicitly opt in or out. See `torch.sparse.check_sparse_tensor_invariants.__doc__` for guidance.  (Triggered internally at /pytorch/aten/src/ATen/Context.cpp:760.)
  adj_local = torch.sparse_coo_tensor(
/pscratch/sd/h/hmuki/plexus/plexus/utils/dataloader.py:412: UserWarning: Sparse invariant checks are implicitly disabled. Memory errors (e.g. SEGFAULT) will occur when operating on a sparse tensor which violates the invariants, but checks incur performance overhead. To silence this warning, explicitly opt in or out. See `torch.sparse.check_sparse_tensor_invariants.__doc__` for guidance.  (Triggered internally at /pytorch/aten/src/ATen/Context.cpp:760.)
  adj_local = torch.sparse_coo_tensor(
/pscratch/sd/h/hmuki/plexus/plexus/utils/dataloader.py:425: UserWarning: Sparse CSR tensor support is in beta state. If you miss a functionality in the sparse tensor support, please submit a feature request to https://github.com/pytorch/pytorch/issues. (Triggered internally at /pytorch/aten/src/ATen/SparseCsrTensorImpl.cpp:49.)
  adj_local = adj_local.to_sparse_csr()
/pscratch/sd/h/hmuki/plexus/plexus/utils/dataloader.py:425: UserWarning: Sparse CSR tensor support is in beta state. If you miss a functionality in the sparse tensor support, please submit a feature request to https://github.com/pytorch/pytorch/issues. (Triggered internally at /pytorch/aten/src/ATen/SparseCsrTensorImpl.cpp:49.)
  adj_local = adj_local.to_sparse_csr()
/pscratch/sd/h/hmuki/plexus/plexus/utils/dataloader.py:425: UserWarning: Sparse CSR tensor support is in beta state. If you miss a functionality in the sparse tensor support, please submit a feature request to https://github.com/pytorch/pytorch/issues. (Triggered internally at /pytorch/aten/src/ATen/SparseCsrTensorImpl.cpp:49.)
  adj_local = adj_local.to_sparse_csr()
/pscratch/sd/h/hmuki/plexus/plexus/utils/dataloader.py:425: UserWarning: Sparse CSR tensor support is in beta state. If you miss a functionality in the sparse tensor support, please submit a feature request to https://github.com/pytorch/pytorch/issues. (Triggered internally at /pytorch/aten/src/ATen/SparseCsrTensorImpl.cpp:49.)
  adj_local = adj_local.to_sparse_csr()
/pscratch/sd/h/hmuki/plexus/plexus/utils/dataloader.py:425: UserWarning: Sparse CSR tensor support is in beta state. If you miss a functionality in the sparse tensor support, please submit a feature request to https://github.com/pytorch/pytorch/issues. (Triggered internally at /pytorch/aten/src/ATen/SparseCsrTensorImpl.cpp:49.)
  adj_local = adj_local.to_sparse_csr()
/pscratch/sd/h/hmuki/plexus/plexus/utils/dataloader.py:425: UserWarning: Sparse CSR tensor support is in beta state. If you miss a functionality in the sparse tensor support, please submit a feature request to https://github.com/pytorch/pytorch/issues. (Triggered internally at /pytorch/aten/src/ATen/SparseCsrTensorImpl.cpp:49.)
  adj_local = adj_local.to_sparse_csr()
/pscratch/sd/h/hmuki/plexus/plexus/utils/dataloader.py:425: UserWarning: Sparse CSR tensor support is in beta state. If you miss a functionality in the sparse tensor support, please submit a feature request to https://github.com/pytorch/pytorch/issues. (Triggered internally at /pytorch/aten/src/ATen/SparseCsrTensorImpl.cpp:49.)
  adj_local = adj_local.to_sparse_csr()
/pscratch/sd/h/hmuki/plexus/plexus/utils/dataloader.py:425: UserWarning: Sparse CSR tensor support is in beta state. If you miss a functionality in the sparse tensor support, please submit a feature request to https://github.com/pytorch/pytorch/issues. (Triggered internally at /pytorch/aten/src/ATen/SparseCsrTensorImpl.cpp:49.)
  adj_local = adj_local.to_sparse_csr()
/pscratch/sd/h/hmuki/plexus/plexus/utils/dataloader.py:425: UserWarning: Sparse CSR tensor support is in beta state. If you miss a functionality in the sparse tensor support, please submit a feature request to https://github.com/pytorch/pytorch/issues. (Triggered internally at /pytorch/aten/src/ATen/SparseCsrTensorImpl.cpp:49.)
  adj_local = adj_local.to_sparse_csr()
/pscratch/sd/h/hmuki/plexus/plexus/utils/dataloader.py:425: UserWarning: Sparse CSR tensor support is in beta state. If you miss a functionality in the sparse tensor support, please submit a feature request to https://github.com/pytorch/pytorch/issues. (Triggered internally at /pytorch/aten/src/ATen/SparseCsrTensorImpl.cpp:49.)
  adj_local = adj_local.to_sparse_csr()
/pscratch/sd/h/hmuki/plexus/plexus/utils/dataloader.py:425: UserWarning: Sparse CSR tensor support is in beta state. If you miss a functionality in the sparse tensor support, please submit a feature request to https://github.com/pytorch/pytorch/issues. (Triggered internally at /pytorch/aten/src/ATen/SparseCsrTensorImpl.cpp:49.)
  adj_local = adj_local.to_sparse_csr()
/pscratch/sd/h/hmuki/plexus/plexus/utils/dataloader.py:425: UserWarning: Sparse CSR tensor support is in beta state. If you miss a functionality in the sparse tensor support, please submit a feature request to https://github.com/pytorch/pytorch/issues. (Triggered internally at /pytorch/aten/src/ATen/SparseCsrTensorImpl.cpp:49.)
  adj_local = adj_local.to_sparse_csr()
[info] RMSNorm + ReLU + Dropout fused and compiled with torch.compile
steps_per_epoch:  3
steps_per_epoch:  3
steps_per_epoch:  3
steps_per_epoch:  3
steps_per_epoch:  3
steps_per_epoch:  3
steps_per_epoch:  3
steps_per_epoch:  3
steps_per_epoch:  3
steps_per_epoch:  3
steps_per_epoch:  3
steps_per_epoch:  3
steps_per_epoch:  3
steps_per_epoch:  3
steps_per_epoch:  3
steps_per_epoch:  3
Epoch: 000, Train Loss: 3.5637
Epoch: 001, Train Loss: 3.4263
Epoch: 002, Train Loss: 3.3975
Epoch: 003, Train Loss: 3.3088
Epoch: 004, Train Loss: 3.2352
Epoch: 005, Train Loss: 3.1805
Epoch: 006, Train Loss: 3.2621
Epoch: 007, Train Loss: 3.2652
Epoch: 008, Train Loss: 3.1085
rank 3 Peak GPU memory: 24.27 GB
rank 2 Peak GPU memory: 24.27 GB
rank 1 Peak GPU memory: 24.27 GB
rank 7 Peak GPU memory: 24.27 GB
rank 4 Peak GPU memory: 24.27 GB
rank 6 Peak GPU memory: 24.27 GB
rank 5 Peak GPU memory: 24.40 GB
rank 8 Peak GPU memory: 24.27 GB
rank 11 Peak GPU memory: 24.27 GB
rank 10 Peak GPU memory: 24.40 GB
rank 9 Peak GPU memory: 24.27 GB
rank 12 Peak GPU memory: 24.27 GB
rank 15 Peak GPU memory: 24.40 GB
rank 14 Peak GPU memory: 24.27 GB
rank 13 Peak GPU memory: 24.27 GB
|--[95m 'drop | Max Time: 0.161 ms | Avg Time: 0.149 ms | Load Imbalance: 1.080' [0m

|--[95m 'epoch 0 | Max Time: 7728.670 ms | Avg Time: 7727.660 ms | Load Imbalance: 1.000' [0m
	|--[92m 'minibatch prep | Max Time: 305.781 ms | Avg Time: 286.379 ms | Load Imbalance: 1.068' [0m
		|--[96m 'sample nodes | Max Time: 34.373 ms | Avg Time: 31.387 ms | Load Imbalance: 1.095' [0m
		|--[96m 'compact indices | Max Time: 12.064 ms | Avg Time: 11.709 ms | Load Imbalance: 1.030' [0m
		|--[96m 'compact adj shards | Max Time: 240.367 ms | Avg Time: 223.397 ms | Load Imbalance: 1.076' [0m
			|--[91m 'compact layout prep | Max Time: 68.873 ms | Avg Time: 53.750 ms | Load Imbalance: 1.281' [0m
			|--[91m 'compact csr: indices | Max Time: 0.193 ms | Avg Time: 0.165 ms | Load Imbalance: 1.166' [0m
			|--[91m 'compact csr: row ptrs | Max Time: 12.693 ms | Avg Time: 11.987 ms | Load Imbalance: 1.059' [0m
			|--[91m 'compact csr: nnz index | Max Time: 30.750 ms | Avg Time: 30.154 ms | Load Imbalance: 1.020' [0m
			|--[91m 'compact csr: select nnz | Max Time: 7.387 ms | Avg Time: 7.202 ms | Load Imbalance: 1.026' [0m
			|--[91m 'compact csr: col map | Max Time: 16.958 ms | Avg Time: 16.763 ms | Load Imbalance: 1.012' [0m
			|--[91m 'compact csr: edge scale | Max Time: 15.578 ms | Avg Time: 14.877 ms | Load Imbalance: 1.047' [0m
			|--[91m 'compact csr: crow | Max Time: 25.610 ms | Avg Time: 24.724 ms | Load Imbalance: 1.036' [0m
			|--[91m 'compact csr: adjt direct | Max Time: 51.999 ms | Avg Time: 49.305 ms | Load Imbalance: 1.055' [0m
		|--[96m 'compact feature slice | Max Time: 19.647 ms | Avg Time: 16.833 ms | Load Imbalance: 1.167' [0m
		|--[96m 'compact label slice | Max Time: 2.376 ms | Avg Time: 2.073 ms | Load Imbalance: 1.146' [0m
	|--[92m 'train step | Max Time: 7449.256 ms | Avg Time: 7441.029 ms | Load Imbalance: 1.001' [0m
		|--[96m 'input_linear | Max Time: 464.795 ms | Avg Time: 425.104 ms | Load Imbalance: 1.093' [0m
			|--[91m 'input_linear X * W | Max Time: 64.692 ms | Avg Time: 50.030 ms | Load Imbalance: 1.293' [0m
			|--[91m 'all-reduce | Max Time: 412.427 ms | Avg Time: 366.600 ms | Load Imbalance: 1.125' [0m
			|--[91m 'OUT + BIAS | Max Time: 12.264 ms | Avg Time: 8.306 ms | Load Imbalance: 1.477' [0m
		|--[96m 'gcn conv fwd | Max Time: 1320.484 ms | Avg Time: 1124.528 ms | Load Imbalance: 1.174' [0m
			|--[91m 'AGG = A * H | Max Time: 77.131 ms | Avg Time: 67.889 ms | Load Imbalance: 1.136' [0m
			|--[91m 'allreduce H | Max Time: 685.319 ms | Avg Time: 506.079 ms | Load Imbalance: 1.354' [0m
				|--[95m 'allreduce lowp comm dtype | Max Time: 13.687 ms | Avg Time: 13.666 ms | Load Imbalance: 1.001' [0m
				|--[95m 'allreduce lowp | Max Time: 655.187 ms | Avg Time: 475.936 ms | Load Imbalance: 1.377' [0m
				|--[95m 'allreduce copy back | Max Time: 16.388 ms | Avg Time: 16.369 ms | Load Imbalance: 1.001' [0m
			|--[91m 'Allgather W | Max Time: 43.377 ms | Avg Time: 28.964 ms | Load Imbalance: 1.498' [0m
				|--[95m 'gather | Max Time: 43.322 ms | Avg Time: 28.909 ms | Load Imbalance: 1.499' [0m
			|--[91m 'OUT = AGG * W | Max Time: 33.408 ms | Avg Time: 30.982 ms | Load Imbalance: 1.078' [0m
			|--[91m 'allreduce Q | Max Time: 531.853 ms | Avg Time: 490.452 ms | Load Imbalance: 1.084' [0m
				|--[95m 'allreduce lowp comm dtype | Max Time: 13.767 ms | Avg Time: 13.742 ms | Load Imbalance: 1.002' [0m
				|--[95m 'allreduce lowp | Max Time: 501.714 ms | Avg Time: 460.315 ms | Load Imbalance: 1.090' [0m
				|--[95m 'allreduce copy back | Max Time: 16.329 ms | Avg Time: 16.310 ms | Load Imbalance: 1.001' [0m
		|--[96m 'activation | Max Time: 3797.943 ms | Avg Time: 3684.212 ms | Load Imbalance: 1.031' [0m
			|--[91m 'all-reduce | Max Time: 597.931 ms | Avg Time: 330.160 ms | Load Imbalance: 1.811' [0m
		|--[96m 'output_linear | Max Time: 207.661 ms | Avg Time: 169.550 ms | Load Imbalance: 1.225' [0m
			|--[91m 'output_linear X * W | Max Time: 6.319 ms | Avg Time: 6.305 ms | Load Imbalance: 1.002' [0m
			|--[91m 'all-reduce | Max Time: 200.293 ms | Avg Time: 162.191 ms | Load Imbalance: 1.235' [0m
			|--[91m 'OUT + BIAS | Max Time: 1.027 ms | Avg Time: 1.025 ms | Load Imbalance: 1.001' [0m
		|--[96m 'cross entropy fwd | Max Time: 88.578 ms | Avg Time: 80.966 ms | Load Imbalance: 1.094' [0m
		|--[96m 'cross entropy bwd | Max Time: 5.309 ms | Avg Time: 3.247 ms | Load Imbalance: 1.635' [0m
		|--[96m 'linear_3d_bwd | Max Time: 62.882 ms | Avg Time: 61.086 ms | Load Imbalance: 1.029' [0m
			|--[91m 'output_linear GRAD_X | Max Time: 6.718 ms | Avg Time: 5.619 ms | Load Imbalance: 1.196' [0m
			|--[91m 'all-reduce | Max Time: 38.396 ms | Avg Time: 37.619 ms | Load Imbalance: 1.021' [0m
			|--[91m 'output_linear GRAD_W | Max Time: 5.509 ms | Avg Time: 5.455 ms | Load Imbalance: 1.010' [0m
			|--[91m 'input_linear GRAD_W | Max Time: 7.338 ms | Avg Time: 7.286 ms | Load Imbalance: 1.007' [0m
		|--[96m 'gcn conv bwd | Max Time: 1206.968 ms | Avg Time: 854.236 ms | Load Imbalance: 1.413' [0m
			|--[91m 'GRAD_AGG = GRAD_OUT * W.T | Max Time: 30.239 ms | Avg Time: 30.218 ms | Load Imbalance: 1.001' [0m
			|--[91m 'allreduce lowp comm dtype | Max Time: 13.758 ms | Avg Time: 13.741 ms | Load Imbalance: 1.001' [0m
			|--[91m 'allreduce lowp | Max Time: 272.762 ms | Avg Time: 267.716 ms | Load Imbalance: 1.019' [0m
			|--[91m 'allreduce copy back | Max Time: 16.331 ms | Avg Time: 16.311 ms | Load Imbalance: 1.001' [0m
			|--[91m 'GRAD_W = AGG.T * GRAD_OUT | Max Time: 30.443 ms | Avg Time: 30.413 ms | Load Imbalance: 1.001' [0m
			|--[91m 'ReduceScatter grad_weight | Max Time: 0.542 ms | Avg Time: 0.426 ms | Load Imbalance: 1.271' [0m
				|--[95m 'reduce-scatter | Max Time: 0.506 ms | Avg Time: 0.391 ms | Load Imbalance: 1.295' [0m
					|--[92m 'reduce-scatter-dist | Max Time: 0.478 ms | Avg Time: 0.363 ms | Load Imbalance: 1.317' [0m
			|--[91m 'GRAD_H = A.T * GRAD_AGG | Max Time: 59.171 ms | Avg Time: 53.770 ms | Load Imbalance: 1.100' [0m
			|--[91m 'allreduce grad_x | Max Time: 298.663 ms | Avg Time: 291.267 ms | Load Imbalance: 1.025' [0m
				|--[95m 'allreduce lowp comm dtype | Max Time: 13.689 ms | Avg Time: 13.665 ms | Load Imbalance: 1.002' [0m
				|--[95m 'allreduce lowp | Max Time: 268.590 ms | Avg Time: 261.208 ms | Load Imbalance: 1.028' [0m
				|--[95m 'allreduce copy back | Max Time: 16.330 ms | Avg Time: 16.309 ms | Load Imbalance: 1.001' [0m
			|--[91m 'gather | Max Time: 494.293 ms | Avg Time: 150.166 ms | Load Imbalance: 3.292' [0m
		|--[96m 'sync_norm_gradients | Max Time: 189.690 ms | Avg Time: 91.439 ms | Load Imbalance: 2.075' [0m
		|--[96m 'sync_data_parallel_gradients | Max Time: 0.007 ms | Avg Time: 0.007 ms | Load Imbalance: 1.062' [0m

|--[95m 'epoch 1 | Max Time: 1916.095 ms | Avg Time: 1916.052 ms | Load Imbalance: 1.000' [0m
	|--[92m 'minibatch prep | Max Time: 175.492 ms | Avg Time: 171.495 ms | Load Imbalance: 1.023' [0m
		|--[96m 'sample nodes | Max Time: 14.974 ms | Avg Time: 14.904 ms | Load Imbalance: 1.005' [0m
		|--[96m 'compact indices | Max Time: 2.274 ms | Avg Time: 2.193 ms | Load Imbalance: 1.037' [0m
		|--[96m 'compact adj shards | Max Time: 141.637 ms | Avg Time: 137.609 ms | Load Imbalance: 1.029' [0m
			|--[91m 'compact layout prep | Max Time: 8.239 ms | Avg Time: 7.209 ms | Load Imbalance: 1.143' [0m
			|--[91m 'compact csr: indices | Max Time: 0.096 ms | Avg Time: 0.072 ms | Load Imbalance: 1.330' [0m
			|--[91m 'compact csr: row ptrs | Max Time: 3.314 ms | Avg Time: 3.277 ms | Load Imbalance: 1.011' [0m
			|--[91m 'compact csr: nnz index | Max Time: 26.400 ms | Avg Time: 25.913 ms | Load Imbalance: 1.019' [0m
			|--[91m 'compact csr: select nnz | Max Time: 7.358 ms | Avg Time: 7.198 ms | Load Imbalance: 1.022' [0m
			|--[91m 'compact csr: col map | Max Time: 16.980 ms | Avg Time: 16.768 ms | Load Imbalance: 1.013' [0m
			|--[91m 'compact csr: edge scale | Max Time: 9.435 ms | Avg Time: 9.216 ms | Load Imbalance: 1.024' [0m
			|--[91m 'compact csr: crow | Max Time: 6.094 ms | Avg Time: 5.924 ms | Load Imbalance: 1.029' [0m
			|--[91m 'compact csr: adjt direct | Max Time: 50.330 ms | Avg Time: 48.858 ms | Load Imbalance: 1.030' [0m
		|--[96m 'compact feature slice | Max Time: 15.859 ms | Avg Time: 15.853 ms | Load Imbalance: 1.000' [0m
		|--[96m 'compact label slice | Max Time: 0.543 ms | Avg Time: 0.540 ms | Load Imbalance: 1.005' [0m
	|--[92m 'train step | Max Time: 1745.912 ms | Avg Time: 1744.373 ms | Load Imbalance: 1.001' [0m
		|--[96m 'input_linear | Max Time: 57.494 ms | Avg Time: 55.616 ms | Load Imbalance: 1.034' [0m
			|--[91m 'input_linear X * W | Max Time: 6.705 ms | Avg Time: 6.690 ms | Load Imbalance: 1.002' [0m
			|--[91m 'all-reduce | Max Time: 42.748 ms | Avg Time: 40.864 ms | Load Imbalance: 1.046' [0m
			|--[91m 'OUT + BIAS | Max Time: 8.040 ms | Avg Time: 8.034 ms | Load Imbalance: 1.001' [0m
		|--[96m 'gcn conv fwd | Max Time: 674.823 ms | Avg Time: 674.539 ms | Load Imbalance: 1.000' [0m
			|--[91m 'AGG = A * H | Max Time: 59.254 ms | Avg Time: 53.812 ms | Load Imbalance: 1.101' [0m
			|--[91m 'allreduce H | Max Time: 299.775 ms | Avg Time: 293.042 ms | Load Imbalance: 1.023' [0m
				|--[95m 'allreduce lowp comm dtype | Max Time: 13.679 ms | Avg Time: 13.655 ms | Load Imbalance: 1.002' [0m
				|--[95m 'allreduce lowp | Max Time: 269.697 ms | Avg Time: 262.993 ms | Load Imbalance: 1.025' [0m
				|--[95m 'allreduce copy back | Max Time: 16.332 ms | Avg Time: 16.308 ms | Load Imbalance: 1.001' [0m
			|--[91m 'Allgather W | Max Time: 7.517 ms | Avg Time: 4.535 ms | Load Imbalance: 1.657' [0m
				|--[95m 'gather | Max Time: 7.482 ms | Avg Time: 4.500 ms | Load Imbalance: 1.663' [0m
			|--[91m 'OUT = AGG * W | Max Time: 29.980 ms | Avg Time: 29.960 ms | Load Imbalance: 1.001' [0m
			|--[91m 'allreduce Q | Max Time: 294.331 ms | Avg Time: 293.063 ms | Load Imbalance: 1.004' [0m
				|--[95m 'allreduce lowp comm dtype | Max Time: 13.752 ms | Avg Time: 13.730 ms | Load Imbalance: 1.002' [0m
				|--[95m 'allreduce lowp | Max Time: 264.198 ms | Avg Time: 262.941 ms | Load Imbalance: 1.005' [0m
				|--[95m 'allreduce copy back | Max Time: 16.330 ms | Avg Time: 16.307 ms | Load Imbalance: 1.001' [0m
		|--[96m 'activation | Max Time: 43.155 ms | Avg Time: 42.713 ms | Load Imbalance: 1.010' [0m
			|--[91m 'all-reduce | Max Time: 8.489 ms | Avg Time: 8.083 ms | Load Imbalance: 1.050' [0m
		|--[96m 'output_linear | Max Time: 68.445 ms | Avg Time: 66.193 ms | Load Imbalance: 1.034' [0m
			|--[91m 'output_linear X * W | Max Time: 6.314 ms | Avg Time: 6.302 ms | Load Imbalance: 1.002' [0m
			|--[91m 'all-reduce | Max Time: 61.079 ms | Avg Time: 58.838 ms | Load Imbalance: 1.038' [0m
			|--[91m 'OUT + BIAS | Max Time: 1.026 ms | Avg Time: 1.025 ms | Load Imbalance: 1.001' [0m
		|--[96m 'cross entropy fwd | Max Time: 33.429 ms | Avg Time: 30.582 ms | Load Imbalance: 1.093' [0m
		|--[96m 'cross entropy bwd | Max Time: 3.099 ms | Avg Time: 3.095 ms | Load Imbalance: 1.001' [0m
		|--[96m 'linear_3d_bwd | Max Time: 60.127 ms | Avg Time: 60.023 ms | Load Imbalance: 1.002' [0m
			|--[91m 'output_linear GRAD_X | Max Time: 5.055 ms | Avg Time: 5.043 ms | Load Imbalance: 1.002' [0m
			|--[91m 'all-reduce | Max Time: 37.512 ms | Avg Time: 37.414 ms | Load Imbalance: 1.003' [0m
			|--[91m 'output_linear GRAD_W | Max Time: 5.379 ms | Avg Time: 5.362 ms | Load Imbalance: 1.003' [0m
			|--[91m 'input_linear GRAD_W | Max Time: 7.300 ms | Avg Time: 7.273 ms | Load Imbalance: 1.004' [0m
		|--[96m 'gcn conv bwd | Max Time: 709.593 ms | Avg Time: 709.411 ms | Load Imbalance: 1.000' [0m
			|--[91m 'GRAD_AGG = GRAD_OUT * W.T | Max Time: 30.237 ms | Avg Time: 30.211 ms | Load Imbalance: 1.001' [0m
			|--[91m 'allreduce lowp comm dtype | Max Time: 13.759 ms | Avg Time: 13.729 ms | Load Imbalance: 1.002' [0m
			|--[91m 'allreduce lowp | Max Time: 264.478 ms | Avg Time: 264.368 ms | Load Imbalance: 1.000' [0m
			|--[91m 'allreduce copy back | Max Time: 16.332 ms | Avg Time: 16.311 ms | Load Imbalance: 1.001' [0m
			|--[91m 'GRAD_W = AGG.T * GRAD_OUT | Max Time: 30.455 ms | Avg Time: 30.395 ms | Load Imbalance: 1.002' [0m
			|--[91m 'ReduceScatter grad_weight | Max Time: 0.437 ms | Avg Time: 0.312 ms | Load Imbalance: 1.402' [0m
				|--[95m 'reduce-scatter | Max Time: 0.401 ms | Avg Time: 0.276 ms | Load Imbalance: 1.452' [0m
					|--[92m 'reduce-scatter-dist | Max Time: 0.373 ms | Avg Time: 0.248 ms | Load Imbalance: 1.505' [0m
			|--[91m 'GRAD_H = A.T * GRAD_AGG | Max Time: 59.230 ms | Avg Time: 53.786 ms | Load Imbalance: 1.101' [0m
			|--[91m 'allreduce grad_x | Max Time: 298.454 ms | Avg Time: 290.649 ms | Load Imbalance: 1.027' [0m
				|--[95m 'allreduce lowp comm dtype | Max Time: 13.680 ms | Avg Time: 13.657 ms | Load Imbalance: 1.002' [0m
				|--[95m 'allreduce lowp | Max Time: 268.408 ms | Avg Time: 260.600 ms | Load Imbalance: 1.030' [0m
				|--[95m 'allreduce copy back | Max Time: 16.328 ms | Avg Time: 16.308 ms | Load Imbalance: 1.001' [0m
			|--[91m 'gather | Max Time: 14.698 ms | Avg Time: 9.445 ms | Load Imbalance: 1.556' [0m
		|--[96m 'sync_norm_gradients | Max Time: 0.601 ms | Avg Time: 0.507 ms | Load Imbalance: 1.185' [0m
		|--[96m 'sync_data_parallel_gradients | Max Time: 0.007 ms | Avg Time: 0.007 ms | Load Imbalance: 1.018' [0m

|--[95m 'epoch 2 | Max Time: 1916.224 ms | Avg Time: 1916.180 ms | Load Imbalance: 1.000' [0m
	|--[92m 'minibatch prep | Max Time: 175.270 ms | Avg Time: 171.600 ms | Load Imbalance: 1.021' [0m
		|--[96m 'sample nodes | Max Time: 14.968 ms | Avg Time: 14.903 ms | Load Imbalance: 1.004' [0m
		|--[96m 'compact indices | Max Time: 2.321 ms | Avg Time: 2.219 ms | Load Imbalance: 1.046' [0m
		|--[96m 'compact adj shards | Max Time: 141.387 ms | Avg Time: 137.687 ms | Load Imbalance: 1.027' [0m
			|--[91m 'compact layout prep | Max Time: 9.243 ms | Avg Time: 7.358 ms | Load Imbalance: 1.256' [0m
			|--[91m 'compact csr: indices | Max Time: 0.119 ms | Avg Time: 0.084 ms | Load Imbalance: 1.410' [0m
			|--[91m 'compact csr: row ptrs | Max Time: 3.325 ms | Avg Time: 3.282 ms | Load Imbalance: 1.013' [0m
			|--[91m 'compact csr: nnz index | Max Time: 26.396 ms | Avg Time: 25.894 ms | Load Imbalance: 1.019' [0m
			|--[91m 'compact csr: select nnz | Max Time: 7.385 ms | Avg Time: 7.196 ms | Load Imbalance: 1.026' [0m
			|--[91m 'compact csr: col map | Max Time: 16.952 ms | Avg Time: 16.756 ms | Load Imbalance: 1.012' [0m
			|--[91m 'compact csr: edge scale | Max Time: 9.427 ms | Avg Time: 9.211 ms | Load Imbalance: 1.023' [0m
			|--[91m 'compact csr: crow | Max Time: 6.052 ms | Avg Time: 5.912 ms | Load Imbalance: 1.024' [0m
			|--[91m 'compact csr: adjt direct | Max Time: 50.264 ms | Avg Time: 48.809 ms | Load Imbalance: 1.030' [0m
		|--[96m 'compact feature slice | Max Time: 15.858 ms | Avg Time: 15.852 ms | Load Imbalance: 1.000' [0m
		|--[96m 'compact label slice | Max Time: 0.543 ms | Avg Time: 0.540 ms | Load Imbalance: 1.006' [0m
	|--[92m 'train step | Max Time: 1746.028 ms | Avg Time: 1744.391 ms | Load Imbalance: 1.001' [0m
		|--[96m 'input_linear | Max Time: 57.617 ms | Avg Time: 55.692 ms | Load Imbalance: 1.035' [0m
			|--[91m 'input_linear X * W | Max Time: 6.701 ms | Avg Time: 6.688 ms | Load Imbalance: 1.002' [0m
			|--[91m 'all-reduce | Max Time: 42.860 ms | Avg Time: 40.944 ms | Load Imbalance: 1.047' [0m
			|--[91m 'OUT + BIAS | Max Time: 8.037 ms | Avg Time: 8.032 ms | Load Imbalance: 1.001' [0m
		|--[96m 'gcn conv fwd | Max Time: 678.292 ms | Avg Time: 677.889 ms | Load Imbalance: 1.001' [0m
			|--[91m 'AGG = A * H | Max Time: 59.170 ms | Avg Time: 53.780 ms | Load Imbalance: 1.100' [0m
			|--[91m 'allreduce H | Max Time: 301.431 ms | Avg Time: 293.967 ms | Load Imbalance: 1.025' [0m
				|--[95m 'allreduce lowp comm dtype | Max Time: 13.684 ms | Avg Time: 13.658 ms | Load Imbalance: 1.002' [0m
				|--[95m 'allreduce lowp | Max Time: 271.368 ms | Avg Time: 263.915 ms | Load Imbalance: 1.028' [0m
				|--[95m 'allreduce copy back | Max Time: 16.330 ms | Avg Time: 16.309 ms | Load Imbalance: 1.001' [0m
			|--[91m 'Allgather W | Max Time: 7.719 ms | Avg Time: 4.902 ms | Load Imbalance: 1.575' [0m
				|--[95m 'gather | Max Time: 7.684 ms | Avg Time: 4.866 ms | Load Imbalance: 1.579' [0m
			|--[91m 'OUT = AGG * W | Max Time: 29.979 ms | Avg Time: 29.959 ms | Load Imbalance: 1.001' [0m
			|--[91m 'allreduce Q | Max Time: 296.508 ms | Avg Time: 295.155 ms | Load Imbalance: 1.005' [0m
				|--[95m 'allreduce lowp comm dtype | Max Time: 13.761 ms | Avg Time: 13.737 ms | Load Imbalance: 1.002' [0m
				|--[95m 'allreduce lowp | Max Time: 266.384 ms | Avg Time: 265.026 ms | Load Imbalance: 1.005' [0m
				|--[95m 'allreduce copy back | Max Time: 16.328 ms | Avg Time: 16.307 ms | Load Imbalance: 1.001' [0m
		|--[96m 'activation | Max Time: 43.515 ms | Avg Time: 42.915 ms | Load Imbalance: 1.014' [0m
			|--[91m 'all-reduce | Max Time: 8.889 ms | Avg Time: 8.291 ms | Load Imbalance: 1.072' [0m
		|--[96m 'output_linear | Max Time: 67.590 ms | Avg Time: 65.733 ms | Load Imbalance: 1.028' [0m
			|--[91m 'output_linear X * W | Max Time: 6.310 ms | Avg Time: 6.301 ms | Load Imbalance: 1.002' [0m
			|--[91m 'all-reduce | Max Time: 60.227 ms | Avg Time: 58.379 ms | Load Imbalance: 1.032' [0m
			|--[91m 'OUT + BIAS | Max Time: 1.027 ms | Avg Time: 1.025 ms | Load Imbalance: 1.002' [0m
		|--[96m 'cross entropy fwd | Max Time: 30.338 ms | Avg Time: 28.840 ms | Load Imbalance: 1.052' [0m
		|--[96m 'cross entropy bwd | Max Time: 3.099 ms | Avg Time: 3.095 ms | Load Imbalance: 1.001' [0m
		|--[96m 'linear_3d_bwd | Max Time: 60.000 ms | Avg Time: 59.949 ms | Load Imbalance: 1.001' [0m
			|--[91m 'output_linear GRAD_X | Max Time: 5.052 ms | Avg Time: 5.042 ms | Load Imbalance: 1.002' [0m
			|--[91m 'all-reduce | Max Time: 37.379 ms | Avg Time: 37.340 ms | Load Imbalance: 1.001' [0m
			|--[91m 'output_linear GRAD_W | Max Time: 5.392 ms | Avg Time: 5.364 ms | Load Imbalance: 1.005' [0m
			|--[91m 'input_linear GRAD_W | Max Time: 7.303 ms | Avg Time: 7.274 ms | Load Imbalance: 1.004' [0m
		|--[96m 'gcn conv bwd | Max Time: 708.242 ms | Avg Time: 708.130 ms | Load Imbalance: 1.000' [0m
			|--[91m 'GRAD_AGG = GRAD_OUT * W.T | Max Time: 30.231 ms | Avg Time: 30.210 ms | Load Imbalance: 1.001' [0m
			|--[91m 'allreduce lowp comm dtype | Max Time: 13.759 ms | Avg Time: 13.733 ms | Load Imbalance: 1.002' [0m
			|--[91m 'allreduce lowp | Max Time: 262.553 ms | Avg Time: 262.431 ms | Load Imbalance: 1.000' [0m
			|--[91m 'allreduce copy back | Max Time: 16.331 ms | Avg Time: 16.312 ms | Load Imbalance: 1.001' [0m
			|--[91m 'GRAD_W = AGG.T * GRAD_OUT | Max Time: 30.438 ms | Avg Time: 30.399 ms | Load Imbalance: 1.001' [0m
			|--[91m 'ReduceScatter grad_weight | Max Time: 0.437 ms | Avg Time: 0.336 ms | Load Imbalance: 1.301' [0m
				|--[95m 'reduce-scatter | Max Time: 0.402 ms | Avg Time: 0.301 ms | Load Imbalance: 1.336' [0m
					|--[92m 'reduce-scatter-dist | Max Time: 0.374 ms | Avg Time: 0.272 ms | Load Imbalance: 1.372' [0m
			|--[91m 'GRAD_H = A.T * GRAD_AGG | Max Time: 59.151 ms | Avg Time: 53.749 ms | Load Imbalance: 1.101' [0m
			|--[91m 'allreduce grad_x | Max Time: 302.224 ms | Avg Time: 292.184 ms | Load Imbalance: 1.034' [0m
				|--[95m 'allreduce lowp comm dtype | Max Time: 13.697 ms | Avg Time: 13.661 ms | Load Imbalance: 1.003' [0m
				|--[95m 'allreduce lowp | Max Time: 272.148 ms | Avg Time: 262.130 ms | Load Imbalance: 1.038' [0m
				|--[95m 'allreduce copy back | Max Time: 16.332 ms | Avg Time: 16.308 ms | Load Imbalance: 1.001' [0m
			|--[91m 'gather | Max Time: 15.524 ms | Avg Time: 8.570 ms | Load Imbalance: 1.811' [0m
		|--[96m 'sync_norm_gradients | Max Time: 0.559 ms | Avg Time: 0.462 ms | Load Imbalance: 1.209' [0m
		|--[96m 'sync_data_parallel_gradients | Max Time: 0.007 ms | Avg Time: 0.007 ms | Load Imbalance: 1.065' [0m

|--[95m 'epoch 3 | Max Time: 1917.387 ms | Avg Time: 1917.373 ms | Load Imbalance: 1.000' [0m
	|--[92m 'minibatch prep | Max Time: 175.307 ms | Avg Time: 171.537 ms | Load Imbalance: 1.022' [0m
		|--[96m 'sample nodes | Max Time: 14.961 ms | Avg Time: 14.901 ms | Load Imbalance: 1.004' [0m
		|--[96m 'compact indices | Max Time: 2.237 ms | Avg Time: 2.190 ms | Load Imbalance: 1.022' [0m
		|--[96m 'compact adj shards | Max Time: 141.434 ms | Avg Time: 137.664 ms | Load Imbalance: 1.027' [0m
			|--[91m 'compact layout prep | Max Time: 8.250 ms | Avg Time: 7.193 ms | Load Imbalance: 1.147' [0m
			|--[91m 'compact csr: indices | Max Time: 0.109 ms | Avg Time: 0.082 ms | Load Imbalance: 1.326' [0m
			|--[91m 'compact csr: row ptrs | Max Time: 3.322 ms | Avg Time: 3.289 ms | Load Imbalance: 1.010' [0m
			|--[91m 'compact csr: nnz index | Max Time: 26.367 ms | Avg Time: 25.897 ms | Load Imbalance: 1.018' [0m
			|--[91m 'compact csr: select nnz | Max Time: 7.345 ms | Avg Time: 7.183 ms | Load Imbalance: 1.022' [0m
			|--[91m 'compact csr: col map | Max Time: 16.954 ms | Avg Time: 16.773 ms | Load Imbalance: 1.011' [0m
			|--[91m 'compact csr: edge scale | Max Time: 10.480 ms | Avg Time: 9.294 ms | Load Imbalance: 1.128' [0m
			|--[91m 'compact csr: crow | Max Time: 6.054 ms | Avg Time: 5.912 ms | Load Imbalance: 1.024' [0m
			|--[91m 'compact csr: adjt direct | Max Time: 50.367 ms | Avg Time: 48.863 ms | Load Imbalance: 1.031' [0m
		|--[96m 'compact feature slice | Max Time: 15.859 ms | Avg Time: 15.852 ms | Load Imbalance: 1.000' [0m
		|--[96m 'compact label slice | Max Time: 0.541 ms | Avg Time: 0.540 ms | Load Imbalance: 1.003' [0m
	|--[92m 'train step | Max Time: 1747.224 ms | Avg Time: 1745.649 ms | Load Imbalance: 1.001' [0m
		|--[96m 'input_linear | Max Time: 57.319 ms | Avg Time: 55.599 ms | Load Imbalance: 1.031' [0m
			|--[91m 'input_linear X * W | Max Time: 6.706 ms | Avg Time: 6.688 ms | Load Imbalance: 1.003' [0m
			|--[91m 'all-reduce | Max Time: 42.579 ms | Avg Time: 40.851 ms | Load Imbalance: 1.042' [0m
			|--[91m 'OUT + BIAS | Max Time: 8.038 ms | Avg Time: 8.033 ms | Load Imbalance: 1.001' [0m
		|--[96m 'gcn conv fwd | Max Time: 676.972 ms | Avg Time: 676.650 ms | Load Imbalance: 1.000' [0m
			|--[91m 'AGG = A * H | Max Time: 59.272 ms | Avg Time: 53.804 ms | Load Imbalance: 1.102' [0m
			|--[91m 'allreduce H | Max Time: 302.831 ms | Avg Time: 294.924 ms | Load Imbalance: 1.027' [0m
				|--[95m 'allreduce lowp comm dtype | Max Time: 13.686 ms | Avg Time: 13.663 ms | Load Imbalance: 1.002' [0m
				|--[95m 'allreduce lowp | Max Time: 272.766 ms | Avg Time: 264.867 ms | Load Imbalance: 1.030' [0m
				|--[95m 'allreduce copy back | Max Time: 16.333 ms | Avg Time: 16.309 ms | Load Imbalance: 1.001' [0m
			|--[91m 'Allgather W | Max Time: 7.597 ms | Avg Time: 4.959 ms | Load Imbalance: 1.532' [0m
				|--[95m 'gather | Max Time: 7.562 ms | Avg Time: 4.924 ms | Load Imbalance: 1.536' [0m
			|--[91m 'OUT = AGG * W | Max Time: 29.989 ms | Avg Time: 29.960 ms | Load Imbalance: 1.001' [0m
			|--[91m 'allreduce Q | Max Time: 295.714 ms | Avg Time: 292.876 ms | Load Imbalance: 1.010' [0m
				|--[95m 'allreduce lowp comm dtype | Max Time: 13.763 ms | Avg Time: 13.738 ms | Load Imbalance: 1.002' [0m
				|--[95m 'allreduce lowp | Max Time: 265.633 ms | Avg Time: 262.746 ms | Load Imbalance: 1.011' [0m
				|--[95m 'allreduce copy back | Max Time: 16.330 ms | Avg Time: 16.307 ms | Load Imbalance: 1.001' [0m
		|--[96m 'activation | Max Time: 42.971 ms | Avg Time: 42.635 ms | Load Imbalance: 1.008' [0m
			|--[91m 'all-reduce | Max Time: 8.353 ms | Avg Time: 8.005 ms | Load Imbalance: 1.043' [0m
		|--[96m 'output_linear | Max Time: 68.418 ms | Avg Time: 66.405 ms | Load Imbalance: 1.030' [0m
			|--[91m 'output_linear X * W | Max Time: 6.313 ms | Avg Time: 6.301 ms | Load Imbalance: 1.002' [0m
			|--[91m 'all-reduce | Max Time: 61.063 ms | Avg Time: 59.051 ms | Load Imbalance: 1.034' [0m
			|--[91m 'OUT + BIAS | Max Time: 1.026 ms | Avg Time: 1.025 ms | Load Imbalance: 1.001' [0m
		|--[96m 'cross entropy fwd | Max Time: 30.501 ms | Avg Time: 29.165 ms | Load Imbalance: 1.046' [0m
		|--[96m 'cross entropy bwd | Max Time: 3.101 ms | Avg Time: 3.096 ms | Load Imbalance: 1.002' [0m
		|--[96m 'linear_3d_bwd | Max Time: 60.120 ms | Avg Time: 60.041 ms | Load Imbalance: 1.001' [0m
			|--[91m 'output_linear GRAD_X | Max Time: 5.050 ms | Avg Time: 5.042 ms | Load Imbalance: 1.002' [0m
			|--[91m 'all-reduce | Max Time: 37.496 ms | Avg Time: 37.426 ms | Load Imbalance: 1.002' [0m
			|--[91m 'output_linear GRAD_W | Max Time: 5.385 ms | Avg Time: 5.362 ms | Load Imbalance: 1.004' [0m
			|--[91m 'input_linear GRAD_W | Max Time: 7.319 ms | Avg Time: 7.278 ms | Load Imbalance: 1.006' [0m
		|--[96m 'gcn conv bwd | Max Time: 710.218 ms | Avg Time: 710.072 ms | Load Imbalance: 1.000' [0m
			|--[91m 'GRAD_AGG = GRAD_OUT * W.T | Max Time: 30.239 ms | Avg Time: 30.213 ms | Load Imbalance: 1.001' [0m
			|--[91m 'allreduce lowp comm dtype | Max Time: 13.758 ms | Avg Time: 13.738 ms | Load Imbalance: 1.001' [0m
			|--[91m 'allreduce lowp | Max Time: 266.486 ms | Avg Time: 266.278 ms | Load Imbalance: 1.001' [0m
			|--[91m 'allreduce copy back | Max Time: 16.333 ms | Avg Time: 16.311 ms | Load Imbalance: 1.001' [0m
			|--[91m 'GRAD_W = AGG.T * GRAD_OUT | Max Time: 30.418 ms | Avg Time: 30.402 ms | Load Imbalance: 1.001' [0m
			|--[91m 'ReduceScatter grad_weight | Max Time: 0.556 ms | Avg Time: 0.371 ms | Load Imbalance: 1.500' [0m
				|--[95m 'reduce-scatter | Max Time: 0.522 ms | Avg Time: 0.336 ms | Load Imbalance: 1.554' [0m
					|--[92m 'reduce-scatter-dist | Max Time: 0.494 ms | Avg Time: 0.307 ms | Load Imbalance: 1.607' [0m
			|--[91m 'GRAD_H = A.T * GRAD_AGG | Max Time: 59.231 ms | Avg Time: 53.773 ms | Load Imbalance: 1.101' [0m
			|--[91m 'allreduce grad_x | Max Time: 298.946 ms | Avg Time: 292.045 ms | Load Imbalance: 1.024' [0m
				|--[95m 'allreduce lowp comm dtype | Max Time: 13.695 ms | Avg Time: 13.664 ms | Load Imbalance: 1.002' [0m
				|--[95m 'allreduce lowp | Max Time: 268.889 ms | Avg Time: 261.987 ms | Load Imbalance: 1.026' [0m
				|--[95m 'allreduce copy back | Max Time: 16.328 ms | Avg Time: 16.308 ms | Load Imbalance: 1.001' [0m
			|--[91m 'gather | Max Time: 12.260 ms | Avg Time: 6.735 ms | Load Imbalance: 1.820' [0m
		|--[96m 'sync_norm_gradients | Max Time: 0.373 ms | Avg Time: 0.297 ms | Load Imbalance: 1.256' [0m
		|--[96m 'sync_data_parallel_gradients | Max Time: 0.007 ms | Avg Time: 0.007 ms | Load Imbalance: 1.042' [0m

|--[95m 'epoch 4 | Max Time: 1908.818 ms | Avg Time: 1908.797 ms | Load Imbalance: 1.000' [0m
	|--[92m 'minibatch prep | Max Time: 175.350 ms | Avg Time: 171.538 ms | Load Imbalance: 1.022' [0m
		|--[96m 'sample nodes | Max Time: 14.949 ms | Avg Time: 14.898 ms | Load Imbalance: 1.003' [0m
		|--[96m 'compact indices | Max Time: 2.290 ms | Avg Time: 2.232 ms | Load Imbalance: 1.026' [0m
		|--[96m 'compact adj shards | Max Time: 141.443 ms | Avg Time: 137.619 ms | Load Imbalance: 1.028' [0m
			|--[91m 'compact layout prep | Max Time: 8.243 ms | Avg Time: 7.197 ms | Load Imbalance: 1.145' [0m
			|--[91m 'compact csr: indices | Max Time: 0.110 ms | Avg Time: 0.084 ms | Load Imbalance: 1.311' [0m
			|--[91m 'compact csr: row ptrs | Max Time: 3.311 ms | Avg Time: 3.287 ms | Load Imbalance: 1.007' [0m
			|--[91m 'compact csr: nnz index | Max Time: 26.388 ms | Avg Time: 25.914 ms | Load Imbalance: 1.018' [0m
			|--[91m 'compact csr: select nnz | Max Time: 7.364 ms | Avg Time: 7.203 ms | Load Imbalance: 1.022' [0m
			|--[91m 'compact csr: col map | Max Time: 16.952 ms | Avg Time: 16.762 ms | Load Imbalance: 1.011' [0m
			|--[91m 'compact csr: edge scale | Max Time: 9.434 ms | Avg Time: 9.209 ms | Load Imbalance: 1.025' [0m
			|--[91m 'compact csr: crow | Max Time: 6.046 ms | Avg Time: 5.906 ms | Load Imbalance: 1.024' [0m
			|--[91m 'compact csr: adjt direct | Max Time: 50.361 ms | Avg Time: 48.867 ms | Load Imbalance: 1.031' [0m
		|--[96m 'compact feature slice | Max Time: 15.857 ms | Avg Time: 15.852 ms | Load Imbalance: 1.000' [0m
		|--[96m 'compact label slice | Max Time: 0.542 ms | Avg Time: 0.541 ms | Load Imbalance: 1.002' [0m
	|--[92m 'train step | Max Time: 1738.513 ms | Avg Time: 1737.082 ms | Load Imbalance: 1.001' [0m
		|--[96m 'input_linear | Max Time: 57.209 ms | Avg Time: 55.736 ms | Load Imbalance: 1.026' [0m
			|--[91m 'input_linear X * W | Max Time: 6.699 ms | Avg Time: 6.689 ms | Load Imbalance: 1.002' [0m
			|--[91m 'all-reduce | Max Time: 42.465 ms | Avg Time: 40.987 ms | Load Imbalance: 1.036' [0m
			|--[91m 'OUT + BIAS | Max Time: 8.037 ms | Avg Time: 8.033 ms | Load Imbalance: 1.000' [0m
		|--[96m 'gcn conv fwd | Max Time: 673.965 ms | Avg Time: 673.837 ms | Load Imbalance: 1.000' [0m
			|--[91m 'AGG = A * H | Max Time: 59.174 ms | Avg Time: 53.819 ms | Load Imbalance: 1.100' [0m
			|--[91m 'allreduce H | Max Time: 302.166 ms | Avg Time: 293.841 ms | Load Imbalance: 1.028' [0m
				|--[95m 'allreduce lowp comm dtype | Max Time: 13.683 ms | Avg Time: 13.664 ms | Load Imbalance: 1.001' [0m
				|--[95m 'allreduce lowp | Max Time: 272.079 ms | Avg Time: 263.783 ms | Load Imbalance: 1.031' [0m
				|--[95m 'allreduce copy back | Max Time: 16.326 ms | Avg Time: 16.309 ms | Load Imbalance: 1.001' [0m
			|--[91m 'Allgather W | Max Time: 7.620 ms | Avg Time: 4.382 ms | Load Imbalance: 1.739' [0m
				|--[95m 'gather | Max Time: 7.585 ms | Avg Time: 4.347 ms | Load Imbalance: 1.745' [0m
			|--[91m 'OUT = AGG * W | Max Time: 29.991 ms | Avg Time: 29.961 ms | Load Imbalance: 1.001' [0m
			|--[91m 'allreduce Q | Max Time: 294.284 ms | Avg Time: 291.706 ms | Load Imbalance: 1.009' [0m
				|--[95m 'allreduce lowp comm dtype | Max Time: 13.760 ms | Avg Time: 13.741 ms | Load Imbalance: 1.001' [0m
				|--[95m 'allreduce lowp | Max Time: 264.153 ms | Avg Time: 261.572 ms | Load Imbalance: 1.010' [0m
				|--[95m 'allreduce copy back | Max Time: 16.327 ms | Avg Time: 16.308 ms | Load Imbalance: 1.001' [0m
		|--[96m 'activation | Max Time: 43.172 ms | Avg Time: 42.508 ms | Load Imbalance: 1.016' [0m
			|--[91m 'all-reduce | Max Time: 8.549 ms | Avg Time: 7.880 ms | Load Imbalance: 1.085' [0m
		|--[96m 'output_linear | Max Time: 68.091 ms | Avg Time: 66.836 ms | Load Imbalance: 1.019' [0m
			|--[91m 'output_linear X * W | Max Time: 6.314 ms | Avg Time: 6.302 ms | Load Imbalance: 1.002' [0m
			|--[91m 'all-reduce | Max Time: 60.734 ms | Avg Time: 59.480 ms | Load Imbalance: 1.021' [0m
			|--[91m 'OUT + BIAS | Max Time: 1.027 ms | Avg Time: 1.025 ms | Load Imbalance: 1.002' [0m
		|--[96m 'cross entropy fwd | Max Time: 29.475 ms | Avg Time: 28.649 ms | Load Imbalance: 1.029' [0m
		|--[96m 'cross entropy bwd | Max Time: 3.101 ms | Avg Time: 3.096 ms | Load Imbalance: 1.002' [0m
		|--[96m 'linear_3d_bwd | Max Time: 60.090 ms | Avg Time: 59.988 ms | Load Imbalance: 1.002' [0m
			|--[91m 'output_linear GRAD_X | Max Time: 5.048 ms | Avg Time: 5.042 ms | Load Imbalance: 1.001' [0m
			|--[91m 'all-reduce | Max Time: 37.474 ms | Avg Time: 37.381 ms | Load Imbalance: 1.002' [0m
			|--[91m 'output_linear GRAD_W | Max Time: 5.380 ms | Avg Time: 5.360 ms | Load Imbalance: 1.004' [0m
			|--[91m 'input_linear GRAD_W | Max Time: 7.299 ms | Avg Time: 7.278 ms | Load Imbalance: 1.003' [0m
		|--[96m 'gcn conv bwd | Max Time: 704.659 ms | Avg Time: 704.461 ms | Load Imbalance: 1.000' [0m
			|--[91m 'GRAD_AGG = GRAD_OUT * W.T | Max Time: 30.251 ms | Avg Time: 30.213 ms | Load Imbalance: 1.001' [0m
			|--[91m 'allreduce lowp comm dtype | Max Time: 13.758 ms | Avg Time: 13.740 ms | Load Imbalance: 1.001' [0m
			|--[91m 'allreduce lowp | Max Time: 263.736 ms | Avg Time: 263.499 ms | Load Imbalance: 1.001' [0m
			|--[91m 'allreduce copy back | Max Time: 16.328 ms | Avg Time: 16.311 ms | Load Imbalance: 1.001' [0m
			|--[91m 'GRAD_W = AGG.T * GRAD_OUT | Max Time: 30.435 ms | Avg Time: 30.399 ms | Load Imbalance: 1.001' [0m
			|--[91m 'ReduceScatter grad_weight | Max Time: 0.472 ms | Avg Time: 0.336 ms | Load Imbalance: 1.405' [0m
				|--[95m 'reduce-scatter | Max Time: 0.437 ms | Avg Time: 0.300 ms | Load Imbalance: 1.454' [0m
					|--[92m 'reduce-scatter-dist | Max Time: 0.409 ms | Avg Time: 0.272 ms | Load Imbalance: 1.502' [0m
			|--[91m 'GRAD_H = A.T * GRAD_AGG | Max Time: 59.171 ms | Avg Time: 53.785 ms | Load Imbalance: 1.100' [0m
			|--[91m 'allreduce grad_x | Max Time: 295.991 ms | Avg Time: 290.617 ms | Load Imbalance: 1.018' [0m
				|--[95m 'allreduce lowp comm dtype | Max Time: 13.688 ms | Avg Time: 13.665 ms | Load Imbalance: 1.002' [0m
				|--[95m 'allreduce lowp | Max Time: 265.917 ms | Avg Time: 260.559 ms | Load Imbalance: 1.021' [0m
				|--[95m 'allreduce copy back | Max Time: 16.328 ms | Avg Time: 16.308 ms | Load Imbalance: 1.001' [0m
			|--[91m 'gather | Max Time: 11.422 ms | Avg Time: 5.356 ms | Load Imbalance: 2.133' [0m
		|--[96m 'sync_norm_gradients | Max Time: 0.349 ms | Avg Time: 0.279 ms | Load Imbalance: 1.251' [0m
		|--[96m 'sync_data_parallel_gradients | Max Time: 0.007 ms | Avg Time: 0.007 ms | Load Imbalance: 1.047' [0m

|--[95m 'epoch 5 | Max Time: 1909.728 ms | Avg Time: 1909.638 ms | Load Imbalance: 1.000' [0m
	|--[92m 'minibatch prep | Max Time: 175.549 ms | Avg Time: 171.468 ms | Load Imbalance: 1.024' [0m
		|--[96m 'sample nodes | Max Time: 14.970 ms | Avg Time: 14.906 ms | Load Imbalance: 1.004' [0m
		|--[96m 'compact indices | Max Time: 2.230 ms | Avg Time: 2.191 ms | Load Imbalance: 1.018' [0m
		|--[96m 'compact adj shards | Max Time: 141.482 ms | Avg Time: 137.583 ms | Load Imbalance: 1.028' [0m
			|--[91m 'compact layout prep | Max Time: 8.260 ms | Avg Time: 7.207 ms | Load Imbalance: 1.146' [0m
			|--[91m 'compact csr: indices | Max Time: 0.100 ms | Avg Time: 0.084 ms | Load Imbalance: 1.186' [0m
			|--[91m 'compact csr: row ptrs | Max Time: 3.298 ms | Avg Time: 3.275 ms | Load Imbalance: 1.007' [0m
			|--[91m 'compact csr: nnz index | Max Time: 26.374 ms | Avg Time: 25.898 ms | Load Imbalance: 1.018' [0m
			|--[91m 'compact csr: select nnz | Max Time: 7.382 ms | Avg Time: 7.204 ms | Load Imbalance: 1.025' [0m
			|--[91m 'compact csr: col map | Max Time: 16.951 ms | Avg Time: 16.772 ms | Load Imbalance: 1.011' [0m
			|--[91m 'compact csr: edge scale | Max Time: 9.429 ms | Avg Time: 9.218 ms | Load Imbalance: 1.023' [0m
			|--[91m 'compact csr: crow | Max Time: 6.080 ms | Avg Time: 5.916 ms | Load Imbalance: 1.028' [0m
			|--[91m 'compact csr: adjt direct | Max Time: 50.238 ms | Avg Time: 48.832 ms | Load Imbalance: 1.029' [0m
		|--[96m 'compact feature slice | Max Time: 15.857 ms | Avg Time: 15.852 ms | Load Imbalance: 1.000' [0m
		|--[96m 'compact label slice | Max Time: 0.542 ms | Avg Time: 0.540 ms | Load Imbalance: 1.004' [0m
	|--[92m 'train step | Max Time: 1739.519 ms | Avg Time: 1737.976 ms | Load Imbalance: 1.001' [0m
		|--[96m 'input_linear | Max Time: 57.515 ms | Avg Time: 55.729 ms | Load Imbalance: 1.032' [0m
			|--[91m 'input_linear X * W | Max Time: 6.702 ms | Avg Time: 6.691 ms | Load Imbalance: 1.002' [0m
			|--[91m 'all-reduce | Max Time: 42.764 ms | Avg Time: 40.978 ms | Load Imbalance: 1.044' [0m
			|--[91m 'OUT + BIAS | Max Time: 8.036 ms | Avg Time: 8.032 ms | Load Imbalance: 1.000' [0m
		|--[96m 'gcn conv fwd | Max Time: 674.867 ms | Avg Time: 674.513 ms | Load Imbalance: 1.001' [0m
			|--[91m 'AGG = A * H | Max Time: 59.166 ms | Avg Time: 53.798 ms | Load Imbalance: 1.100' [0m
			|--[91m 'allreduce H | Max Time: 299.135 ms | Avg Time: 291.862 ms | Load Imbalance: 1.025' [0m
				|--[95m 'allreduce lowp comm dtype | Max Time: 13.687 ms | Avg Time: 13.664 ms | Load Imbalance: 1.002' [0m
				|--[95m 'allreduce lowp | Max Time: 269.066 ms | Avg Time: 261.803 ms | Load Imbalance: 1.028' [0m
				|--[95m 'allreduce copy back | Max Time: 16.329 ms | Avg Time: 16.310 ms | Load Imbalance: 1.001' [0m
			|--[91m 'Allgather W | Max Time: 6.914 ms | Avg Time: 4.414 ms | Load Imbalance: 1.566' [0m
				|--[95m 'gather | Max Time: 6.879 ms | Avg Time: 4.379 ms | Load Imbalance: 1.571' [0m
			|--[91m 'OUT = AGG * W | Max Time: 29.982 ms | Avg Time: 29.962 ms | Load Imbalance: 1.001' [0m
			|--[91m 'allreduce Q | Max Time: 297.697 ms | Avg Time: 294.350 ms | Load Imbalance: 1.011' [0m
				|--[95m 'allreduce lowp comm dtype | Max Time: 13.762 ms | Avg Time: 13.740 ms | Load Imbalance: 1.002' [0m
				|--[95m 'allreduce lowp | Max Time: 267.620 ms | Avg Time: 264.217 ms | Load Imbalance: 1.013' [0m
				|--[95m 'allreduce copy back | Max Time: 16.327 ms | Avg Time: 16.308 ms | Load Imbalance: 1.001' [0m
		|--[96m 'activation | Max Time: 43.155 ms | Avg Time: 42.484 ms | Load Imbalance: 1.016' [0m
			|--[91m 'all-reduce | Max Time: 8.508 ms | Avg Time: 7.861 ms | Load Imbalance: 1.082' [0m
		|--[96m 'output_linear | Max Time: 67.910 ms | Avg Time: 66.408 ms | Load Imbalance: 1.023' [0m
			|--[91m 'output_linear X * W | Max Time: 6.312 ms | Avg Time: 6.301 ms | Load Imbalance: 1.002' [0m
			|--[91m 'all-reduce | Max Time: 60.553 ms | Avg Time: 59.053 ms | Load Imbalance: 1.025' [0m
			|--[91m 'OUT + BIAS | Max Time: 1.026 ms | Avg Time: 1.025 ms | Load Imbalance: 1.001' [0m
		|--[96m 'cross entropy fwd | Max Time: 30.770 ms | Avg Time: 29.091 ms | Load Imbalance: 1.058' [0m
		|--[96m 'cross entropy bwd | Max Time: 3.100 ms | Avg Time: 3.095 ms | Load Imbalance: 1.002' [0m
		|--[96m 'linear_3d_bwd | Max Time: 60.084 ms | Avg Time: 59.999 ms | Load Imbalance: 1.001' [0m
			|--[91m 'output_linear GRAD_X | Max Time: 5.050 ms | Avg Time: 5.042 ms | Load Imbalance: 1.002' [0m
			|--[91m 'all-reduce | Max Time: 37.460 ms | Avg Time: 37.388 ms | Load Imbalance: 1.002' [0m
			|--[91m 'output_linear GRAD_W | Max Time: 5.380 ms | Avg Time: 5.364 ms | Load Imbalance: 1.003' [0m
			|--[91m 'input_linear GRAD_W | Max Time: 7.307 ms | Avg Time: 7.274 ms | Load Imbalance: 1.005' [0m
		|--[96m 'gcn conv bwd | Max Time: 704.799 ms | Avg Time: 704.662 ms | Load Imbalance: 1.000' [0m
			|--[91m 'GRAD_AGG = GRAD_OUT * W.T | Max Time: 30.246 ms | Avg Time: 30.212 ms | Load Imbalance: 1.001' [0m
			|--[91m 'allreduce lowp comm dtype | Max Time: 13.760 ms | Avg Time: 13.739 ms | Load Imbalance: 1.002' [0m
			|--[91m 'allreduce lowp | Max Time: 260.552 ms | Avg Time: 260.430 ms | Load Imbalance: 1.000' [0m
			|--[91m 'allreduce copy back | Max Time: 16.335 ms | Avg Time: 16.312 ms | Load Imbalance: 1.001' [0m
			|--[91m 'GRAD_W = AGG.T * GRAD_OUT | Max Time: 30.453 ms | Avg Time: 30.404 ms | Load Imbalance: 1.002' [0m
			|--[91m 'ReduceScatter grad_weight | Max Time: 0.393 ms | Avg Time: 0.330 ms | Load Imbalance: 1.190' [0m
				|--[95m 'reduce-scatter | Max Time: 0.358 ms | Avg Time: 0.295 ms | Load Imbalance: 1.215' [0m
					|--[92m 'reduce-scatter-dist | Max Time: 0.330 ms | Avg Time: 0.267 ms | Load Imbalance: 1.240' [0m
			|--[91m 'GRAD_H = A.T * GRAD_AGG | Max Time: 59.167 ms | Avg Time: 53.785 ms | Load Imbalance: 1.100' [0m
			|--[91m 'allreduce grad_x | Max Time: 299.032 ms | Avg Time: 289.989 ms | Load Imbalance: 1.031' [0m
				|--[95m 'allreduce lowp comm dtype | Max Time: 13.686 ms | Avg Time: 13.665 ms | Load Imbalance: 1.002' [0m
				|--[95m 'allreduce lowp | Max Time: 268.980 ms | Avg Time: 259.930 ms | Load Imbalance: 1.035' [0m
				|--[95m 'allreduce copy back | Max Time: 16.328 ms | Avg Time: 16.308 ms | Load Imbalance: 1.001' [0m
			|--[91m 'gather | Max Time: 15.844 ms | Avg Time: 9.255 ms | Load Imbalance: 1.712' [0m
		|--[96m 'sync_norm_gradients | Max Time: 0.370 ms | Avg Time: 0.309 ms | Load Imbalance: 1.197' [0m
		|--[96m 'sync_data_parallel_gradients | Max Time: 0.007 ms | Avg Time: 0.007 ms | Load Imbalance: 1.051' [0m

|--[95m 'epoch 6 | Max Time: 1905.209 ms | Avg Time: 1905.185 ms | Load Imbalance: 1.000' [0m
	|--[92m 'minibatch prep | Max Time: 175.519 ms | Avg Time: 171.642 ms | Load Imbalance: 1.023' [0m
		|--[96m 'sample nodes | Max Time: 15.002 ms | Avg Time: 14.902 ms | Load Imbalance: 1.007' [0m
		|--[96m 'compact indices | Max Time: 2.260 ms | Avg Time: 2.224 ms | Load Imbalance: 1.016' [0m
		|--[96m 'compact adj shards | Max Time: 141.630 ms | Avg Time: 137.730 ms | Load Imbalance: 1.028' [0m
			|--[91m 'compact layout prep | Max Time: 8.312 ms | Avg Time: 7.214 ms | Load Imbalance: 1.152' [0m
			|--[91m 'compact csr: indices | Max Time: 0.111 ms | Avg Time: 0.088 ms | Load Imbalance: 1.272' [0m
			|--[91m 'compact csr: row ptrs | Max Time: 3.316 ms | Avg Time: 3.289 ms | Load Imbalance: 1.008' [0m
			|--[91m 'compact csr: nnz index | Max Time: 26.410 ms | Avg Time: 25.923 ms | Load Imbalance: 1.019' [0m
			|--[91m 'compact csr: select nnz | Max Time: 7.395 ms | Avg Time: 7.208 ms | Load Imbalance: 1.026' [0m
			|--[91m 'compact csr: col map | Max Time: 17.015 ms | Avg Time: 16.778 ms | Load Imbalance: 1.014' [0m
			|--[91m 'compact csr: edge scale | Max Time: 9.443 ms | Avg Time: 9.220 ms | Load Imbalance: 1.024' [0m
			|--[91m 'compact csr: crow | Max Time: 6.060 ms | Avg Time: 5.912 ms | Load Imbalance: 1.025' [0m
			|--[91m 'compact csr: adjt direct | Max Time: 50.395 ms | Avg Time: 48.897 ms | Load Imbalance: 1.031' [0m
		|--[96m 'compact feature slice | Max Time: 15.861 ms | Avg Time: 15.852 ms | Load Imbalance: 1.001' [0m
		|--[96m 'compact label slice | Max Time: 0.542 ms | Avg Time: 0.540 ms | Load Imbalance: 1.003' [0m
	|--[92m 'train step | Max Time: 1734.897 ms | Avg Time: 1733.347 ms | Load Imbalance: 1.001' [0m
		|--[96m 'input_linear | Max Time: 57.297 ms | Avg Time: 55.710 ms | Load Imbalance: 1.028' [0m
			|--[91m 'input_linear X * W | Max Time: 6.708 ms | Avg Time: 6.690 ms | Load Imbalance: 1.003' [0m
			|--[91m 'all-reduce | Max Time: 42.555 ms | Avg Time: 40.958 ms | Load Imbalance: 1.039' [0m
			|--[91m 'OUT + BIAS | Max Time: 8.036 ms | Avg Time: 8.033 ms | Load Imbalance: 1.000' [0m
		|--[96m 'gcn conv fwd | Max Time: 672.356 ms | Avg Time: 671.952 ms | Load Imbalance: 1.001' [0m
			|--[91m 'AGG = A * H | Max Time: 59.278 ms | Avg Time: 53.841 ms | Load Imbalance: 1.101' [0m
			|--[91m 'allreduce H | Max Time: 298.706 ms | Avg Time: 292.621 ms | Load Imbalance: 1.021' [0m
				|--[95m 'allreduce lowp comm dtype | Max Time: 13.687 ms | Avg Time: 13.659 ms | Load Imbalance: 1.002' [0m
				|--[95m 'allreduce lowp | Max Time: 268.650 ms | Avg Time: 262.568 ms | Load Imbalance: 1.023' [0m
				|--[95m 'allreduce copy back | Max Time: 16.330 ms | Avg Time: 16.309 ms | Load Imbalance: 1.001' [0m
			|--[91m 'Allgather W | Max Time: 6.209 ms | Avg Time: 3.671 ms | Load Imbalance: 1.691' [0m
				|--[95m 'gather | Max Time: 6.173 ms | Avg Time: 3.636 ms | Load Imbalance: 1.698' [0m
			|--[91m 'OUT = AGG * W | Max Time: 29.993 ms | Avg Time: 29.961 ms | Load Imbalance: 1.001' [0m
			|--[91m 'allreduce Q | Max Time: 293.253 ms | Avg Time: 291.730 ms | Load Imbalance: 1.005' [0m
				|--[95m 'allreduce lowp comm dtype | Max Time: 13.757 ms | Avg Time: 13.735 ms | Load Imbalance: 1.002' [0m
				|--[95m 'allreduce lowp | Max Time: 263.121 ms | Avg Time: 261.603 ms | Load Imbalance: 1.006' [0m
				|--[95m 'allreduce copy back | Max Time: 16.331 ms | Avg Time: 16.307 ms | Load Imbalance: 1.001' [0m
		|--[96m 'activation | Max Time: 43.274 ms | Avg Time: 42.804 ms | Load Imbalance: 1.011' [0m
			|--[91m 'all-reduce | Max Time: 8.642 ms | Avg Time: 8.185 ms | Load Imbalance: 1.056' [0m
		|--[96m 'output_linear | Max Time: 67.766 ms | Avg Time: 66.385 ms | Load Imbalance: 1.021' [0m
			|--[91m 'output_linear X * W | Max Time: 6.317 ms | Avg Time: 6.301 ms | Load Imbalance: 1.003' [0m
			|--[91m 'all-reduce | Max Time: 60.413 ms | Avg Time: 59.030 ms | Load Imbalance: 1.023' [0m
			|--[91m 'OUT + BIAS | Max Time: 1.026 ms | Avg Time: 1.025 ms | Load Imbalance: 1.001' [0m
		|--[96m 'cross entropy fwd | Max Time: 29.298 ms | Avg Time: 28.347 ms | Load Imbalance: 1.034' [0m
		|--[96m 'cross entropy bwd | Max Time: 3.101 ms | Avg Time: 3.095 ms | Load Imbalance: 1.002' [0m
		|--[96m 'linear_3d_bwd | Max Time: 60.044 ms | Avg Time: 59.965 ms | Load Imbalance: 1.001' [0m
			|--[91m 'output_linear GRAD_X | Max Time: 5.049 ms | Avg Time: 5.042 ms | Load Imbalance: 1.001' [0m
			|--[91m 'all-reduce | Max Time: 37.433 ms | Avg Time: 37.361 ms | Load Imbalance: 1.002' [0m
			|--[91m 'output_linear GRAD_W | Max Time: 5.377 ms | Avg Time: 5.362 ms | Load Imbalance: 1.003' [0m
			|--[91m 'input_linear GRAD_W | Max Time: 7.292 ms | Avg Time: 7.275 ms | Load Imbalance: 1.002' [0m
		|--[96m 'gcn conv bwd | Max Time: 703.174 ms | Avg Time: 703.092 ms | Load Imbalance: 1.000' [0m
			|--[91m 'GRAD_AGG = GRAD_OUT * W.T | Max Time: 30.235 ms | Avg Time: 30.213 ms | Load Imbalance: 1.001' [0m
			|--[91m 'allreduce lowp comm dtype | Max Time: 13.763 ms | Avg Time: 13.736 ms | Load Imbalance: 1.002' [0m
			|--[91m 'allreduce lowp | Max Time: 262.045 ms | Avg Time: 261.940 ms | Load Imbalance: 1.000' [0m
			|--[91m 'allreduce copy back | Max Time: 16.333 ms | Avg Time: 16.312 ms | Load Imbalance: 1.001' [0m
			|--[91m 'GRAD_W = AGG.T * GRAD_OUT | Max Time: 30.426 ms | Avg Time: 30.399 ms | Load Imbalance: 1.001' [0m
			|--[91m 'ReduceScatter grad_weight | Max Time: 0.473 ms | Avg Time: 0.333 ms | Load Imbalance: 1.420' [0m
				|--[95m 'reduce-scatter | Max Time: 0.438 ms | Avg Time: 0.298 ms | Load Imbalance: 1.471' [0m
					|--[92m 'reduce-scatter-dist | Max Time: 0.409 ms | Avg Time: 0.269 ms | Load Imbalance: 1.520' [0m
			|--[91m 'GRAD_H = A.T * GRAD_AGG | Max Time: 59.255 ms | Avg Time: 53.812 ms | Load Imbalance: 1.101' [0m
			|--[91m 'allreduce grad_x | Max Time: 296.725 ms | Avg Time: 291.689 ms | Load Imbalance: 1.017' [0m
				|--[95m 'allreduce lowp comm dtype | Max Time: 13.691 ms | Avg Time: 13.663 ms | Load Imbalance: 1.002' [0m
				|--[95m 'allreduce lowp | Max Time: 266.655 ms | Avg Time: 261.632 ms | Load Imbalance: 1.019' [0m
				|--[95m 'allreduce copy back | Max Time: 16.331 ms | Avg Time: 16.309 ms | Load Imbalance: 1.001' [0m
			|--[91m 'gather | Max Time: 9.835 ms | Avg Time: 4.454 ms | Load Imbalance: 2.208' [0m
		|--[96m 'sync_norm_gradients | Max Time: 0.358 ms | Avg Time: 0.302 ms | Load Imbalance: 1.187' [0m
		|--[96m 'sync_data_parallel_gradients | Max Time: 0.007 ms | Avg Time: 0.007 ms | Load Imbalance: 1.024' [0m

|--[95m 'epoch 7 | Max Time: 1905.890 ms | Avg Time: 1905.876 ms | Load Imbalance: 1.000' [0m
	|--[92m 'minibatch prep | Max Time: 175.638 ms | Avg Time: 171.642 ms | Load Imbalance: 1.023' [0m
		|--[96m 'sample nodes | Max Time: 14.950 ms | Avg Time: 14.900 ms | Load Imbalance: 1.003' [0m
		|--[96m 'compact indices | Max Time: 2.272 ms | Avg Time: 2.204 ms | Load Imbalance: 1.031' [0m
		|--[96m 'compact adj shards | Max Time: 141.695 ms | Avg Time: 137.749 ms | Load Imbalance: 1.029' [0m
			|--[91m 'compact layout prep | Max Time: 8.277 ms | Avg Time: 7.212 ms | Load Imbalance: 1.148' [0m
			|--[91m 'compact csr: indices | Max Time: 0.124 ms | Avg Time: 0.087 ms | Load Imbalance: 1.431' [0m
			|--[91m 'compact csr: row ptrs | Max Time: 3.301 ms | Avg Time: 3.282 ms | Load Imbalance: 1.006' [0m
			|--[91m 'compact csr: nnz index | Max Time: 26.408 ms | Avg Time: 25.918 ms | Load Imbalance: 1.019' [0m
			|--[91m 'compact csr: select nnz | Max Time: 7.388 ms | Avg Time: 7.210 ms | Load Imbalance: 1.025' [0m
			|--[91m 'compact csr: col map | Max Time: 16.957 ms | Avg Time: 16.777 ms | Load Imbalance: 1.011' [0m
			|--[91m 'compact csr: edge scale | Max Time: 9.424 ms | Avg Time: 9.220 ms | Load Imbalance: 1.022' [0m
			|--[91m 'compact csr: crow | Max Time: 6.072 ms | Avg Time: 5.912 ms | Load Imbalance: 1.027' [0m
			|--[91m 'compact csr: adjt direct | Max Time: 50.356 ms | Avg Time: 48.907 ms | Load Imbalance: 1.030' [0m
		|--[96m 'compact feature slice | Max Time: 15.857 ms | Avg Time: 15.852 ms | Load Imbalance: 1.000' [0m
		|--[96m 'compact label slice | Max Time: 0.542 ms | Avg Time: 0.540 ms | Load Imbalance: 1.003' [0m
	|--[92m 'train step | Max Time: 1735.527 ms | Avg Time: 1734.060 ms | Load Imbalance: 1.001' [0m
		|--[96m 'input_linear | Max Time: 57.288 ms | Avg Time: 55.722 ms | Load Imbalance: 1.028' [0m
			|--[91m 'input_linear X * W | Max Time: 6.702 ms | Avg Time: 6.688 ms | Load Imbalance: 1.002' [0m
			|--[91m 'all-reduce | Max Time: 42.532 ms | Avg Time: 40.972 ms | Load Imbalance: 1.038' [0m
			|--[91m 'OUT + BIAS | Max Time: 8.036 ms | Avg Time: 8.033 ms | Load Imbalance: 1.000' [0m
		|--[96m 'gcn conv fwd | Max Time: 672.543 ms | Avg Time: 672.352 ms | Load Imbalance: 1.000' [0m
			|--[91m 'AGG = A * H | Max Time: 59.239 ms | Avg Time: 53.843 ms | Load Imbalance: 1.100' [0m
			|--[91m 'allreduce H | Max Time: 298.746 ms | Avg Time: 292.383 ms | Load Imbalance: 1.022' [0m
				|--[95m 'allreduce lowp comm dtype | Max Time: 13.689 ms | Avg Time: 13.660 ms | Load Imbalance: 1.002' [0m
				|--[95m 'allreduce lowp | Max Time: 268.680 ms | Avg Time: 262.329 ms | Load Imbalance: 1.024' [0m
				|--[95m 'allreduce copy back | Max Time: 16.330 ms | Avg Time: 16.309 ms | Load Imbalance: 1.001' [0m
			|--[91m 'Allgather W | Max Time: 7.557 ms | Avg Time: 4.304 ms | Load Imbalance: 1.756' [0m
				|--[95m 'gather | Max Time: 7.521 ms | Avg Time: 4.269 ms | Load Imbalance: 1.762' [0m
			|--[91m 'OUT = AGG * W | Max Time: 29.991 ms | Avg Time: 29.960 ms | Load Imbalance: 1.001' [0m
			|--[91m 'allreduce Q | Max Time: 293.943 ms | Avg Time: 291.736 ms | Load Imbalance: 1.008' [0m
				|--[95m 'allreduce lowp comm dtype | Max Time: 13.757 ms | Avg Time: 13.734 ms | Load Imbalance: 1.002' [0m
				|--[95m 'allreduce lowp | Max Time: 263.799 ms | Avg Time: 261.610 ms | Load Imbalance: 1.008' [0m
				|--[95m 'allreduce copy back | Max Time: 16.331 ms | Avg Time: 16.307 ms | Load Imbalance: 1.001' [0m
		|--[96m 'activation | Max Time: 43.370 ms | Avg Time: 42.898 ms | Load Imbalance: 1.011' [0m
			|--[91m 'all-reduce | Max Time: 8.751 ms | Avg Time: 8.272 ms | Load Imbalance: 1.058' [0m
		|--[96m 'output_linear | Max Time: 67.942 ms | Avg Time: 66.311 ms | Load Imbalance: 1.025' [0m
			|--[91m 'output_linear X * W | Max Time: 6.318 ms | Avg Time: 6.301 ms | Load Imbalance: 1.003' [0m
			|--[91m 'all-reduce | Max Time: 60.572 ms | Avg Time: 58.956 ms | Load Imbalance: 1.027' [0m
			|--[91m 'OUT + BIAS | Max Time: 1.026 ms | Avg Time: 1.025 ms | Load Imbalance: 1.002' [0m
		|--[96m 'cross entropy fwd | Max Time: 32.663 ms | Avg Time: 30.600 ms | Load Imbalance: 1.067' [0m
		|--[96m 'cross entropy bwd | Max Time: 3.100 ms | Avg Time: 3.096 ms | Load Imbalance: 1.001' [0m
		|--[96m 'linear_3d_bwd | Max Time: 60.142 ms | Avg Time: 60.097 ms | Load Imbalance: 1.001' [0m
			|--[91m 'output_linear GRAD_X | Max Time: 5.052 ms | Avg Time: 5.042 ms | Load Imbalance: 1.002' [0m
			|--[91m 'all-reduce | Max Time: 37.497 ms | Avg Time: 37.484 ms | Load Imbalance: 1.000' [0m
			|--[91m 'output_linear GRAD_W | Max Time: 5.378 ms | Avg Time: 5.360 ms | Load Imbalance: 1.003' [0m
			|--[91m 'input_linear GRAD_W | Max Time: 7.310 ms | Avg Time: 7.279 ms | Load Imbalance: 1.004' [0m
		|--[96m 'gcn conv bwd | Max Time: 701.117 ms | Avg Time: 700.999 ms | Load Imbalance: 1.000' [0m
			|--[91m 'GRAD_AGG = GRAD_OUT * W.T | Max Time: 30.241 ms | Avg Time: 30.215 ms | Load Imbalance: 1.001' [0m
			|--[91m 'allreduce lowp comm dtype | Max Time: 13.758 ms | Avg Time: 13.737 ms | Load Imbalance: 1.002' [0m
			|--[91m 'allreduce lowp | Max Time: 260.691 ms | Avg Time: 260.579 ms | Load Imbalance: 1.000' [0m
			|--[91m 'allreduce copy back | Max Time: 16.334 ms | Avg Time: 16.311 ms | Load Imbalance: 1.001' [0m
			|--[91m 'GRAD_W = AGG.T * GRAD_OUT | Max Time: 30.445 ms | Avg Time: 30.402 ms | Load Imbalance: 1.001' [0m
			|--[91m 'ReduceScatter grad_weight | Max Time: 0.532 ms | Avg Time: 0.399 ms | Load Imbalance: 1.334' [0m
				|--[95m 'reduce-scatter | Max Time: 0.497 ms | Avg Time: 0.363 ms | Load Imbalance: 1.369' [0m
					|--[92m 'reduce-scatter-dist | Max Time: 0.469 ms | Avg Time: 0.335 ms | Load Imbalance: 1.400' [0m
			|--[91m 'GRAD_H = A.T * GRAD_AGG | Max Time: 59.233 ms | Avg Time: 53.813 ms | Load Imbalance: 1.101' [0m
			|--[91m 'allreduce grad_x | Max Time: 295.620 ms | Avg Time: 289.650 ms | Load Imbalance: 1.021' [0m
				|--[95m 'allreduce lowp comm dtype | Max Time: 13.689 ms | Avg Time: 13.660 ms | Load Imbalance: 1.002' [0m
				|--[95m 'allreduce lowp | Max Time: 265.537 ms | Avg Time: 259.597 ms | Load Imbalance: 1.023' [0m
				|--[95m 'allreduce copy back | Max Time: 16.329 ms | Avg Time: 16.308 ms | Load Imbalance: 1.001' [0m
			|--[91m 'gather | Max Time: 10.181 ms | Avg Time: 5.688 ms | Load Imbalance: 1.790' [0m
		|--[96m 'sync_norm_gradients | Max Time: 0.343 ms | Avg Time: 0.290 ms | Load Imbalance: 1.181' [0m
		|--[96m 'sync_data_parallel_gradients | Max Time: 0.007 ms | Avg Time: 0.007 ms | Load Imbalance: 1.048' [0m

|--[95m 'epoch 8 | Max Time: 1905.816 ms | Avg Time: 1905.802 ms | Load Imbalance: 1.000' [0m
	|--[92m 'minibatch prep | Max Time: 175.437 ms | Avg Time: 171.406 ms | Load Imbalance: 1.024' [0m
		|--[96m 'sample nodes | Max Time: 14.916 ms | Avg Time: 14.897 ms | Load Imbalance: 1.001' [0m
		|--[96m 'compact indices | Max Time: 2.259 ms | Avg Time: 2.193 ms | Load Imbalance: 1.030' [0m
		|--[96m 'compact adj shards | Max Time: 141.545 ms | Avg Time: 137.533 ms | Load Imbalance: 1.029' [0m
			|--[91m 'compact layout prep | Max Time: 8.245 ms | Avg Time: 7.203 ms | Load Imbalance: 1.145' [0m
			|--[91m 'compact csr: indices | Max Time: 0.112 ms | Avg Time: 0.080 ms | Load Imbalance: 1.394' [0m
			|--[91m 'compact csr: row ptrs | Max Time: 3.304 ms | Avg Time: 3.279 ms | Load Imbalance: 1.008' [0m
			|--[91m 'compact csr: nnz index | Max Time: 26.427 ms | Avg Time: 25.894 ms | Load Imbalance: 1.021' [0m
			|--[91m 'compact csr: select nnz | Max Time: 7.381 ms | Avg Time: 7.194 ms | Load Imbalance: 1.026' [0m
			|--[91m 'compact csr: col map | Max Time: 16.959 ms | Avg Time: 16.764 ms | Load Imbalance: 1.012' [0m
			|--[91m 'compact csr: edge scale | Max Time: 9.396 ms | Avg Time: 9.209 ms | Load Imbalance: 1.020' [0m
			|--[91m 'compact csr: crow | Max Time: 6.081 ms | Avg Time: 5.906 ms | Load Imbalance: 1.030' [0m
			|--[91m 'compact csr: adjt direct | Max Time: 50.268 ms | Avg Time: 48.827 ms | Load Imbalance: 1.030' [0m
		|--[96m 'compact feature slice | Max Time: 15.859 ms | Avg Time: 15.852 ms | Load Imbalance: 1.000' [0m
		|--[96m 'compact label slice | Max Time: 0.542 ms | Avg Time: 0.540 ms | Load Imbalance: 1.002' [0m
	|--[92m 'train step | Max Time: 1735.704 ms | Avg Time: 1734.224 ms | Load Imbalance: 1.001' [0m
		|--[96m 'input_linear | Max Time: 57.408 ms | Avg Time: 55.690 ms | Load Imbalance: 1.031' [0m
			|--[91m 'input_linear X * W | Max Time: 6.707 ms | Avg Time: 6.690 ms | Load Imbalance: 1.003' [0m
			|--[91m 'all-reduce | Max Time: 42.652 ms | Avg Time: 40.938 ms | Load Imbalance: 1.042' [0m
			|--[91m 'OUT + BIAS | Max Time: 8.037 ms | Avg Time: 8.033 ms | Load Imbalance: 1.000' [0m
		|--[96m 'gcn conv fwd | Max Time: 671.487 ms | Avg Time: 671.326 ms | Load Imbalance: 1.000' [0m
			|--[91m 'AGG = A * H | Max Time: 59.194 ms | Avg Time: 53.792 ms | Load Imbalance: 1.100' [0m
			|--[91m 'allreduce H | Max Time: 299.364 ms | Avg Time: 292.112 ms | Load Imbalance: 1.025' [0m
				|--[95m 'allreduce lowp comm dtype | Max Time: 13.689 ms | Avg Time: 13.661 ms | Load Imbalance: 1.002' [0m
				|--[95m 'allreduce lowp | Max Time: 269.277 ms | Avg Time: 262.058 ms | Load Imbalance: 1.028' [0m
				|--[95m 'allreduce copy back | Max Time: 16.327 ms | Avg Time: 16.308 ms | Load Imbalance: 1.001' [0m
			|--[91m 'Allgather W | Max Time: 7.280 ms | Avg Time: 4.780 ms | Load Imbalance: 1.523' [0m
				|--[95m 'gather | Max Time: 7.245 ms | Avg Time: 4.745 ms | Load Imbalance: 1.527' [0m
			|--[91m 'OUT = AGG * W | Max Time: 29.978 ms | Avg Time: 29.961 ms | Load Imbalance: 1.001' [0m
			|--[91m 'allreduce Q | Max Time: 292.318 ms | Avg Time: 290.553 ms | Load Imbalance: 1.006' [0m
				|--[95m 'allreduce lowp comm dtype | Max Time: 13.760 ms | Avg Time: 13.737 ms | Load Imbalance: 1.002' [0m
				|--[95m 'allreduce lowp | Max Time: 262.249 ms | Avg Time: 260.424 ms | Load Imbalance: 1.007' [0m
				|--[95m 'allreduce copy back | Max Time: 16.329 ms | Avg Time: 16.307 ms | Load Imbalance: 1.001' [0m
		|--[96m 'activation | Max Time: 43.210 ms | Avg Time: 42.792 ms | Load Imbalance: 1.010' [0m
			|--[91m 'all-reduce | Max Time: 8.595 ms | Avg Time: 8.173 ms | Load Imbalance: 1.052' [0m
		|--[96m 'output_linear | Max Time: 68.808 ms | Avg Time: 66.948 ms | Load Imbalance: 1.028' [0m
			|--[91m 'output_linear X * W | Max Time: 6.313 ms | Avg Time: 6.301 ms | Load Imbalance: 1.002' [0m
			|--[91m 'all-reduce | Max Time: 61.458 ms | Avg Time: 59.594 ms | Load Imbalance: 1.031' [0m
			|--[91m 'OUT + BIAS | Max Time: 1.026 ms | Avg Time: 1.025 ms | Load Imbalance: 1.001' [0m
		|--[96m 'cross entropy fwd | Max Time: 31.041 ms | Avg Time: 28.926 ms | Load Imbalance: 1.073' [0m
		|--[96m 'cross entropy bwd | Max Time: 3.102 ms | Avg Time: 3.096 ms | Load Imbalance: 1.002' [0m
		|--[96m 'linear_3d_bwd | Max Time: 60.062 ms | Avg Time: 59.996 ms | Load Imbalance: 1.001' [0m
			|--[91m 'output_linear GRAD_X | Max Time: 5.050 ms | Avg Time: 5.041 ms | Load Imbalance: 1.002' [0m
			|--[91m 'all-reduce | Max Time: 37.446 ms | Avg Time: 37.387 ms | Load Imbalance: 1.002' [0m
			|--[91m 'output_linear GRAD_W | Max Time: 5.379 ms | Avg Time: 5.362 ms | Load Imbalance: 1.003' [0m
			|--[91m 'input_linear GRAD_W | Max Time: 7.304 ms | Avg Time: 7.274 ms | Load Imbalance: 1.004' [0m
		|--[96m 'gcn conv bwd | Max Time: 703.596 ms | Avg Time: 703.480 ms | Load Imbalance: 1.000' [0m
			|--[91m 'GRAD_AGG = GRAD_OUT * W.T | Max Time: 30.248 ms | Avg Time: 30.214 ms | Load Imbalance: 1.001' [0m
			|--[91m 'allreduce lowp comm dtype | Max Time: 13.755 ms | Avg Time: 13.734 ms | Load Imbalance: 1.002' [0m
			|--[91m 'allreduce lowp | Max Time: 262.619 ms | Avg Time: 262.542 ms | Load Imbalance: 1.000' [0m
			|--[91m 'allreduce copy back | Max Time: 16.334 ms | Avg Time: 16.312 ms | Load Imbalance: 1.001' [0m
			|--[91m 'GRAD_W = AGG.T * GRAD_OUT | Max Time: 30.436 ms | Avg Time: 30.394 ms | Load Imbalance: 1.001' [0m
			|--[91m 'ReduceScatter grad_weight | Max Time: 0.473 ms | Avg Time: 0.321 ms | Load Imbalance: 1.475' [0m
				|--[95m 'reduce-scatter | Max Time: 0.438 ms | Avg Time: 0.285 ms | Load Imbalance: 1.535' [0m
					|--[92m 'reduce-scatter-dist | Max Time: 0.410 ms | Avg Time: 0.257 ms | Load Imbalance: 1.594' [0m
			|--[91m 'GRAD_H = A.T * GRAD_AGG | Max Time: 59.170 ms | Avg Time: 53.761 ms | Load Imbalance: 1.101' [0m
			|--[91m 'allreduce grad_x | Max Time: 296.704 ms | Avg Time: 290.919 ms | Load Imbalance: 1.020' [0m
				|--[95m 'allreduce lowp comm dtype | Max Time: 13.691 ms | Avg Time: 13.661 ms | Load Imbalance: 1.002' [0m
				|--[95m 'allreduce lowp | Max Time: 266.643 ms | Avg Time: 260.865 ms | Load Imbalance: 1.022' [0m
				|--[95m 'allreduce copy back | Max Time: 16.332 ms | Avg Time: 16.308 ms | Load Imbalance: 1.001' [0m
			|--[91m 'gather | Max Time: 9.719 ms | Avg Time: 5.078 ms | Load Imbalance: 1.914' [0m
		|--[96m 'sync_norm_gradients | Max Time: 0.389 ms | Avg Time: 0.281 ms | Load Imbalance: 1.382' [0m
		|--[96m 'sync_data_parallel_gradients | Max Time: 0.007 ms | Avg Time: 0.007 ms | Load Imbalance: 1.045' [0m

|--[95m 'epoch 9 | Max Time: 1911.552 ms | Avg Time: 1911.532 ms | Load Imbalance: 1.000' [0m
	|--[92m 'minibatch prep | Max Time: 175.402 ms | Avg Time: 171.479 ms | Load Imbalance: 1.023' [0m
		|--[96m 'sample nodes | Max Time: 14.933 ms | Avg Time: 14.904 ms | Load Imbalance: 1.002' [0m
		|--[96m 'compact indices | Max Time: 2.247 ms | Avg Time: 2.220 ms | Load Imbalance: 1.012' [0m
		|--[96m 'compact adj shards | Max Time: 141.454 ms | Avg Time: 137.565 ms | Load Imbalance: 1.028' [0m
			|--[91m 'compact layout prep | Max Time: 8.252 ms | Avg Time: 7.204 ms | Load Imbalance: 1.145' [0m
			|--[91m 'compact csr: indices | Max Time: 0.123 ms | Avg Time: 0.087 ms | Load Imbalance: 1.411' [0m
			|--[91m 'compact csr: row ptrs | Max Time: 3.310 ms | Avg Time: 3.285 ms | Load Imbalance: 1.008' [0m
			|--[91m 'compact csr: nnz index | Max Time: 26.374 ms | Avg Time: 25.900 ms | Load Imbalance: 1.018' [0m
			|--[91m 'compact csr: select nnz | Max Time: 7.375 ms | Avg Time: 7.207 ms | Load Imbalance: 1.023' [0m
			|--[91m 'compact csr: col map | Max Time: 16.925 ms | Avg Time: 16.761 ms | Load Imbalance: 1.010' [0m
			|--[91m 'compact csr: edge scale | Max Time: 9.430 ms | Avg Time: 9.205 ms | Load Imbalance: 1.024' [0m
			|--[91m 'compact csr: crow | Max Time: 6.049 ms | Avg Time: 5.905 ms | Load Imbalance: 1.024' [0m
			|--[91m 'compact csr: adjt direct | Max Time: 50.321 ms | Avg Time: 48.827 ms | Load Imbalance: 1.031' [0m
		|--[96m 'compact feature slice | Max Time: 15.860 ms | Avg Time: 15.852 ms | Load Imbalance: 1.000' [0m
		|--[96m 'compact label slice | Max Time: 0.542 ms | Avg Time: 0.540 ms | Load Imbalance: 1.004' [0m
	|--[92m 'train step | Max Time: 1741.383 ms | Avg Time: 1739.879 ms | Load Imbalance: 1.001' [0m
		|--[96m 'input_linear | Max Time: 57.373 ms | Avg Time: 55.764 ms | Load Imbalance: 1.029' [0m
			|--[91m 'input_linear X * W | Max Time: 6.701 ms | Avg Time: 6.691 ms | Load Imbalance: 1.002' [0m
			|--[91m 'all-reduce | Max Time: 42.621 ms | Avg Time: 41.012 ms | Load Imbalance: 1.039' [0m
			|--[91m 'OUT + BIAS | Max Time: 8.040 ms | Avg Time: 8.033 ms | Load Imbalance: 1.001' [0m
		|--[96m 'gcn conv fwd | Max Time: 675.159 ms | Avg Time: 674.903 ms | Load Imbalance: 1.000' [0m
			|--[91m 'AGG = A * H | Max Time: 59.175 ms | Avg Time: 53.787 ms | Load Imbalance: 1.100' [0m
			|--[91m 'allreduce H | Max Time: 299.888 ms | Avg Time: 293.974 ms | Load Imbalance: 1.020' [0m
				|--[95m 'allreduce lowp comm dtype | Max Time: 13.686 ms | Avg Time: 13.663 ms | Load Imbalance: 1.002' [0m
				|--[95m 'allreduce lowp | Max Time: 269.826 ms | Avg Time: 263.918 ms | Load Imbalance: 1.022' [0m
				|--[95m 'allreduce copy back | Max Time: 16.330 ms | Avg Time: 16.309 ms | Load Imbalance: 1.001' [0m
			|--[91m 'Allgather W | Max Time: 5.978 ms | Avg Time: 4.076 ms | Load Imbalance: 1.467' [0m
				|--[95m 'gather | Max Time: 5.944 ms | Avg Time: 4.041 ms | Load Imbalance: 1.471' [0m
			|--[91m 'OUT = AGG * W | Max Time: 29.981 ms | Avg Time: 29.962 ms | Load Imbalance: 1.001' [0m
			|--[91m 'allreduce Q | Max Time: 293.722 ms | Avg Time: 292.976 ms | Load Imbalance: 1.003' [0m
				|--[95m 'allreduce lowp comm dtype | Max Time: 13.758 ms | Avg Time: 13.736 ms | Load Imbalance: 1.002' [0m
				|--[95m 'allreduce lowp | Max Time: 263.588 ms | Avg Time: 262.847 ms | Load Imbalance: 1.003' [0m
				|--[95m 'allreduce copy back | Max Time: 16.331 ms | Avg Time: 16.308 ms | Load Imbalance: 1.001' [0m
		|--[96m 'activation | Max Time: 42.924 ms | Avg Time: 42.548 ms | Load Imbalance: 1.009' [0m
			|--[91m 'all-reduce | Max Time: 8.278 ms | Avg Time: 7.920 ms | Load Imbalance: 1.045' [0m
		|--[96m 'output_linear | Max Time: 68.211 ms | Avg Time: 66.633 ms | Load Imbalance: 1.024' [0m
			|--[91m 'output_linear X * W | Max Time: 6.314 ms | Avg Time: 6.301 ms | Load Imbalance: 1.002' [0m
			|--[91m 'all-reduce | Max Time: 60.853 ms | Avg Time: 59.279 ms | Load Imbalance: 1.027' [0m
			|--[91m 'OUT + BIAS | Max Time: 1.026 ms | Avg Time: 1.025 ms | Load Imbalance: 1.001' [0m
		|--[96m 'cross entropy fwd | Max Time: 30.672 ms | Avg Time: 29.128 ms | Load Imbalance: 1.053' [0m
		|--[96m 'cross entropy bwd | Max Time: 3.102 ms | Avg Time: 3.096 ms | Load Imbalance: 1.002' [0m
		|--[96m 'linear_3d_bwd | Max Time: 60.059 ms | Avg Time: 59.979 ms | Load Imbalance: 1.001' [0m
			|--[91m 'output_linear GRAD_X | Max Time: 5.054 ms | Avg Time: 5.046 ms | Load Imbalance: 1.002' [0m
			|--[91m 'all-reduce | Max Time: 37.443 ms | Avg Time: 37.357 ms | Load Imbalance: 1.002' [0m
			|--[91m 'output_linear GRAD_W | Max Time: 5.374 ms | Avg Time: 5.362 ms | Load Imbalance: 1.002' [0m
			|--[91m 'input_linear GRAD_W | Max Time: 7.304 ms | Avg Time: 7.279 ms | Load Imbalance: 1.003' [0m
		|--[96m 'gcn conv bwd | Max Time: 705.928 ms | Avg Time: 705.777 ms | Load Imbalance: 1.000' [0m
			|--[91m 'GRAD_AGG = GRAD_OUT * W.T | Max Time: 30.249 ms | Avg Time: 30.214 ms | Load Imbalance: 1.001' [0m
			|--[91m 'allreduce lowp comm dtype | Max Time: 13.766 ms | Avg Time: 13.734 ms | Load Imbalance: 1.002' [0m
			|--[91m 'allreduce lowp | Max Time: 262.133 ms | Avg Time: 261.950 ms | Load Imbalance: 1.001' [0m
			|--[91m 'allreduce copy back | Max Time: 16.334 ms | Avg Time: 16.311 ms | Load Imbalance: 1.001' [0m
			|--[91m 'GRAD_W = AGG.T * GRAD_OUT | Max Time: 30.448 ms | Avg Time: 30.407 ms | Load Imbalance: 1.001' [0m
			|--[91m 'ReduceScatter grad_weight | Max Time: 0.416 ms | Avg Time: 0.323 ms | Load Imbalance: 1.285' [0m
				|--[95m 'reduce-scatter | Max Time: 0.380 ms | Avg Time: 0.288 ms | Load Imbalance: 1.320' [0m
					|--[92m 'reduce-scatter-dist | Max Time: 0.352 ms | Avg Time: 0.260 ms | Load Imbalance: 1.355' [0m
			|--[91m 'GRAD_H = A.T * GRAD_AGG | Max Time: 59.180 ms | Avg Time: 53.761 ms | Load Imbalance: 1.101' [0m
			|--[91m 'allreduce grad_x | Max Time: 299.786 ms | Avg Time: 291.270 ms | Load Imbalance: 1.029' [0m
				|--[95m 'allreduce lowp comm dtype | Max Time: 13.692 ms | Avg Time: 13.660 ms | Load Imbalance: 1.002' [0m
				|--[95m 'allreduce lowp | Max Time: 269.714 ms | Avg Time: 261.216 ms | Load Imbalance: 1.033' [0m
				|--[95m 'allreduce copy back | Max Time: 16.337 ms | Avg Time: 16.309 ms | Load Imbalance: 1.002' [0m
			|--[91m 'gather | Max Time: 16.159 ms | Avg Time: 7.601 ms | Load Imbalance: 2.126' [0m
		|--[96m 'sync_norm_gradients | Max Time: 0.447 ms | Avg Time: 0.358 ms | Load Imbalance: 1.251' [0m
		|--[96m 'sync_data_parallel_gradients | Max Time: 0.008 ms | Avg Time: 0.007 ms | Load Imbalance: 1.075' [0m

Epoch: 009, Train Loss: 3.1233
rank 0 Peak GPU memory: 24.40 GB
