/pscratch/sd/h/hmuki/plexus/plexus/utils/dataloader.py:412: UserWarning: Sparse invariant checks are implicitly disabled. Memory errors (e.g. SEGFAULT) will occur when operating on a sparse tensor which violates the invariants, but checks incur performance overhead. To silence this warning, explicitly opt in or out. See `torch.sparse.check_sparse_tensor_invariants.__doc__` for guidance.  (Triggered internally at /pytorch/aten/src/ATen/Context.cpp:760.)
  adj_local = torch.sparse_coo_tensor(
/pscratch/sd/h/hmuki/plexus/plexus/utils/dataloader.py:412: UserWarning: Sparse invariant checks are implicitly disabled. Memory errors (e.g. SEGFAULT) will occur when operating on a sparse tensor which violates the invariants, but checks incur performance overhead. To silence this warning, explicitly opt in or out. See `torch.sparse.check_sparse_tensor_invariants.__doc__` for guidance.  (Triggered internally at /pytorch/aten/src/ATen/Context.cpp:760.)
  adj_local = torch.sparse_coo_tensor(
/pscratch/sd/h/hmuki/plexus/plexus/utils/dataloader.py:412: UserWarning: Sparse invariant checks are implicitly disabled. Memory errors (e.g. SEGFAULT) will occur when operating on a sparse tensor which violates the invariants, but checks incur performance overhead. To silence this warning, explicitly opt in or out. See `torch.sparse.check_sparse_tensor_invariants.__doc__` for guidance.  (Triggered internally at /pytorch/aten/src/ATen/Context.cpp:760.)
  adj_local = torch.sparse_coo_tensor(
/pscratch/sd/h/hmuki/plexus/plexus/utils/dataloader.py:425: UserWarning: Sparse CSR tensor support is in beta state. If you miss a functionality in the sparse tensor support, please submit a feature request to https://github.com/pytorch/pytorch/issues. (Triggered internally at /pytorch/aten/src/ATen/SparseCsrTensorImpl.cpp:49.)
  adj_local = adj_local.to_sparse_csr()
/pscratch/sd/h/hmuki/plexus/plexus/utils/dataloader.py:412: UserWarning: Sparse invariant checks are implicitly disabled. Memory errors (e.g. SEGFAULT) will occur when operating on a sparse tensor which violates the invariants, but checks incur performance overhead. To silence this warning, explicitly opt in or out. See `torch.sparse.check_sparse_tensor_invariants.__doc__` for guidance.  (Triggered internally at /pytorch/aten/src/ATen/Context.cpp:760.)
  adj_local = torch.sparse_coo_tensor(
/pscratch/sd/h/hmuki/plexus/plexus/utils/dataloader.py:425: UserWarning: Sparse CSR tensor support is in beta state. If you miss a functionality in the sparse tensor support, please submit a feature request to https://github.com/pytorch/pytorch/issues. (Triggered internally at /pytorch/aten/src/ATen/SparseCsrTensorImpl.cpp:49.)
  adj_local = adj_local.to_sparse_csr()
/pscratch/sd/h/hmuki/plexus/plexus/utils/dataloader.py:425: UserWarning: Sparse CSR tensor support is in beta state. If you miss a functionality in the sparse tensor support, please submit a feature request to https://github.com/pytorch/pytorch/issues. (Triggered internally at /pytorch/aten/src/ATen/SparseCsrTensorImpl.cpp:49.)
  adj_local = adj_local.to_sparse_csr()
/pscratch/sd/h/hmuki/plexus/plexus/utils/dataloader.py:412: UserWarning: Sparse invariant checks are implicitly disabled. Memory errors (e.g. SEGFAULT) will occur when operating on a sparse tensor which violates the invariants, but checks incur performance overhead. To silence this warning, explicitly opt in or out. See `torch.sparse.check_sparse_tensor_invariants.__doc__` for guidance.  (Triggered internally at /pytorch/aten/src/ATen/Context.cpp:760.)
  adj_local = torch.sparse_coo_tensor(
/pscratch/sd/h/hmuki/plexus/plexus/utils/dataloader.py:425: UserWarning: Sparse CSR tensor support is in beta state. If you miss a functionality in the sparse tensor support, please submit a feature request to https://github.com/pytorch/pytorch/issues. (Triggered internally at /pytorch/aten/src/ATen/SparseCsrTensorImpl.cpp:49.)
  adj_local = adj_local.to_sparse_csr()
/pscratch/sd/h/hmuki/plexus/plexus/utils/dataloader.py:412: UserWarning: Sparse invariant checks are implicitly disabled. Memory errors (e.g. SEGFAULT) will occur when operating on a sparse tensor which violates the invariants, but checks incur performance overhead. To silence this warning, explicitly opt in or out. See `torch.sparse.check_sparse_tensor_invariants.__doc__` for guidance.  (Triggered internally at /pytorch/aten/src/ATen/Context.cpp:760.)
  adj_local = torch.sparse_coo_tensor(
/pscratch/sd/h/hmuki/plexus/plexus/utils/dataloader.py:412: UserWarning: Sparse invariant checks are implicitly disabled. Memory errors (e.g. SEGFAULT) will occur when operating on a sparse tensor which violates the invariants, but checks incur performance overhead. To silence this warning, explicitly opt in or out. See `torch.sparse.check_sparse_tensor_invariants.__doc__` for guidance.  (Triggered internally at /pytorch/aten/src/ATen/Context.cpp:760.)
  adj_local = torch.sparse_coo_tensor(
/pscratch/sd/h/hmuki/plexus/plexus/utils/dataloader.py:412: UserWarning: Sparse invariant checks are implicitly disabled. Memory errors (e.g. SEGFAULT) will occur when operating on a sparse tensor which violates the invariants, but checks incur performance overhead. To silence this warning, explicitly opt in or out. See `torch.sparse.check_sparse_tensor_invariants.__doc__` for guidance.  (Triggered internally at /pytorch/aten/src/ATen/Context.cpp:760.)
  adj_local = torch.sparse_coo_tensor(
/pscratch/sd/h/hmuki/plexus/plexus/utils/dataloader.py:412: UserWarning: Sparse invariant checks are implicitly disabled. Memory errors (e.g. SEGFAULT) will occur when operating on a sparse tensor which violates the invariants, but checks incur performance overhead. To silence this warning, explicitly opt in or out. See `torch.sparse.check_sparse_tensor_invariants.__doc__` for guidance.  (Triggered internally at /pytorch/aten/src/ATen/Context.cpp:760.)
  adj_local = torch.sparse_coo_tensor(
/pscratch/sd/h/hmuki/plexus/plexus/utils/dataloader.py:425: UserWarning: Sparse CSR tensor support is in beta state. If you miss a functionality in the sparse tensor support, please submit a feature request to https://github.com/pytorch/pytorch/issues. (Triggered internally at /pytorch/aten/src/ATen/SparseCsrTensorImpl.cpp:49.)
  adj_local = adj_local.to_sparse_csr()
/pscratch/sd/h/hmuki/plexus/plexus/utils/dataloader.py:425: UserWarning: Sparse CSR tensor support is in beta state. If you miss a functionality in the sparse tensor support, please submit a feature request to https://github.com/pytorch/pytorch/issues. (Triggered internally at /pytorch/aten/src/ATen/SparseCsrTensorImpl.cpp:49.)
  adj_local = adj_local.to_sparse_csr()
/pscratch/sd/h/hmuki/plexus/plexus/utils/dataloader.py:412: UserWarning: Sparse invariant checks are implicitly disabled. Memory errors (e.g. SEGFAULT) will occur when operating on a sparse tensor which violates the invariants, but checks incur performance overhead. To silence this warning, explicitly opt in or out. See `torch.sparse.check_sparse_tensor_invariants.__doc__` for guidance.  (Triggered internally at /pytorch/aten/src/ATen/Context.cpp:760.)
  adj_local = torch.sparse_coo_tensor(
/pscratch/sd/h/hmuki/plexus/plexus/utils/dataloader.py:412: UserWarning: Sparse invariant checks are implicitly disabled. Memory errors (e.g. SEGFAULT) will occur when operating on a sparse tensor which violates the invariants, but checks incur performance overhead. To silence this warning, explicitly opt in or out. See `torch.sparse.check_sparse_tensor_invariants.__doc__` for guidance.  (Triggered internally at /pytorch/aten/src/ATen/Context.cpp:760.)
  adj_local = torch.sparse_coo_tensor(
/pscratch/sd/h/hmuki/plexus/plexus/utils/dataloader.py:425: UserWarning: Sparse CSR tensor support is in beta state. If you miss a functionality in the sparse tensor support, please submit a feature request to https://github.com/pytorch/pytorch/issues. (Triggered internally at /pytorch/aten/src/ATen/SparseCsrTensorImpl.cpp:49.)
  adj_local = adj_local.to_sparse_csr()
/pscratch/sd/h/hmuki/plexus/plexus/utils/dataloader.py:412: UserWarning: Sparse invariant checks are implicitly disabled. Memory errors (e.g. SEGFAULT) will occur when operating on a sparse tensor which violates the invariants, but checks incur performance overhead. To silence this warning, explicitly opt in or out. See `torch.sparse.check_sparse_tensor_invariants.__doc__` for guidance.  (Triggered internally at /pytorch/aten/src/ATen/Context.cpp:760.)
  adj_local = torch.sparse_coo_tensor(
/pscratch/sd/h/hmuki/plexus/plexus/utils/dataloader.py:412: UserWarning: Sparse invariant checks are implicitly disabled. Memory errors (e.g. SEGFAULT) will occur when operating on a sparse tensor which violates the invariants, but checks incur performance overhead. To silence this warning, explicitly opt in or out. See `torch.sparse.check_sparse_tensor_invariants.__doc__` for guidance.  (Triggered internally at /pytorch/aten/src/ATen/Context.cpp:760.)
  adj_local = torch.sparse_coo_tensor(
/pscratch/sd/h/hmuki/plexus/plexus/utils/dataloader.py:412: UserWarning: Sparse invariant checks are implicitly disabled. Memory errors (e.g. SEGFAULT) will occur when operating on a sparse tensor which violates the invariants, but checks incur performance overhead. To silence this warning, explicitly opt in or out. See `torch.sparse.check_sparse_tensor_invariants.__doc__` for guidance.  (Triggered internally at /pytorch/aten/src/ATen/Context.cpp:760.)
  adj_local = torch.sparse_coo_tensor(
/pscratch/sd/h/hmuki/plexus/plexus/utils/dataloader.py:425: UserWarning: Sparse CSR tensor support is in beta state. If you miss a functionality in the sparse tensor support, please submit a feature request to https://github.com/pytorch/pytorch/issues. (Triggered internally at /pytorch/aten/src/ATen/SparseCsrTensorImpl.cpp:49.)
  adj_local = adj_local.to_sparse_csr()
/pscratch/sd/h/hmuki/plexus/plexus/utils/dataloader.py:425: UserWarning: Sparse CSR tensor support is in beta state. If you miss a functionality in the sparse tensor support, please submit a feature request to https://github.com/pytorch/pytorch/issues. (Triggered internally at /pytorch/aten/src/ATen/SparseCsrTensorImpl.cpp:49.)
  adj_local = adj_local.to_sparse_csr()
/pscratch/sd/h/hmuki/plexus/plexus/utils/dataloader.py:412: UserWarning: Sparse invariant checks are implicitly disabled. Memory errors (e.g. SEGFAULT) will occur when operating on a sparse tensor which violates the invariants, but checks incur performance overhead. To silence this warning, explicitly opt in or out. See `torch.sparse.check_sparse_tensor_invariants.__doc__` for guidance.  (Triggered internally at /pytorch/aten/src/ATen/Context.cpp:760.)
  adj_local = torch.sparse_coo_tensor(
/pscratch/sd/h/hmuki/plexus/plexus/utils/dataloader.py:412: UserWarning: Sparse invariant checks are implicitly disabled. Memory errors (e.g. SEGFAULT) will occur when operating on a sparse tensor which violates the invariants, but checks incur performance overhead. To silence this warning, explicitly opt in or out. See `torch.sparse.check_sparse_tensor_invariants.__doc__` for guidance.  (Triggered internally at /pytorch/aten/src/ATen/Context.cpp:760.)
  adj_local = torch.sparse_coo_tensor(
/pscratch/sd/h/hmuki/plexus/plexus/utils/dataloader.py:425: UserWarning: Sparse CSR tensor support is in beta state. If you miss a functionality in the sparse tensor support, please submit a feature request to https://github.com/pytorch/pytorch/issues. (Triggered internally at /pytorch/aten/src/ATen/SparseCsrTensorImpl.cpp:49.)
  adj_local = adj_local.to_sparse_csr()
/pscratch/sd/h/hmuki/plexus/plexus/utils/dataloader.py:425: UserWarning: Sparse CSR tensor support is in beta state. If you miss a functionality in the sparse tensor support, please submit a feature request to https://github.com/pytorch/pytorch/issues. (Triggered internally at /pytorch/aten/src/ATen/SparseCsrTensorImpl.cpp:49.)
  adj_local = adj_local.to_sparse_csr()
/pscratch/sd/h/hmuki/plexus/plexus/utils/dataloader.py:425: UserWarning: Sparse CSR tensor support is in beta state. If you miss a functionality in the sparse tensor support, please submit a feature request to https://github.com/pytorch/pytorch/issues. (Triggered internally at /pytorch/aten/src/ATen/SparseCsrTensorImpl.cpp:49.)
  adj_local = adj_local.to_sparse_csr()
/pscratch/sd/h/hmuki/plexus/plexus/utils/dataloader.py:425: UserWarning: Sparse CSR tensor support is in beta state. If you miss a functionality in the sparse tensor support, please submit a feature request to https://github.com/pytorch/pytorch/issues. (Triggered internally at /pytorch/aten/src/ATen/SparseCsrTensorImpl.cpp:49.)
  adj_local = adj_local.to_sparse_csr()
/pscratch/sd/h/hmuki/plexus/plexus/utils/dataloader.py:425: UserWarning: Sparse CSR tensor support is in beta state. If you miss a functionality in the sparse tensor support, please submit a feature request to https://github.com/pytorch/pytorch/issues. (Triggered internally at /pytorch/aten/src/ATen/SparseCsrTensorImpl.cpp:49.)
  adj_local = adj_local.to_sparse_csr()
/pscratch/sd/h/hmuki/plexus/plexus/utils/dataloader.py:425: UserWarning: Sparse CSR tensor support is in beta state. If you miss a functionality in the sparse tensor support, please submit a feature request to https://github.com/pytorch/pytorch/issues. (Triggered internally at /pytorch/aten/src/ATen/SparseCsrTensorImpl.cpp:49.)
  adj_local = adj_local.to_sparse_csr()
/pscratch/sd/h/hmuki/plexus/plexus/utils/dataloader.py:425: UserWarning: Sparse CSR tensor support is in beta state. If you miss a functionality in the sparse tensor support, please submit a feature request to https://github.com/pytorch/pytorch/issues. (Triggered internally at /pytorch/aten/src/ATen/SparseCsrTensorImpl.cpp:49.)
  adj_local = adj_local.to_sparse_csr()
[info] RMSNorm + ReLU + Dropout fused and compiled with torch.compile
steps_per_epoch:  29
steps_per_epoch:  29
steps_per_epoch:  29
steps_per_epoch:  29
steps_per_epoch:  29
steps_per_epoch:  29
steps_per_epoch:  29
steps_per_epoch:  29
steps_per_epoch:  29
steps_per_epoch:  29
steps_per_epoch:  29
steps_per_epoch:  29
steps_per_epoch:  29
steps_per_epoch:  29
steps_per_epoch:  29
steps_per_epoch:  29
Epoch: 000, Train Loss: 3.4715
Epoch: 001, Train Loss: 3.4335
Epoch: 002, Train Loss: 3.3675
Epoch: 003, Train Loss: 3.2841
Epoch: 004, Train Loss: 3.2351
Epoch: 005, Train Loss: 3.2099
Epoch: 006, Train Loss: 3.1972
Epoch: 007, Train Loss: 3.1735
Epoch: 008, Train Loss: 3.1750
rank 3 Peak GPU memory: 5.90 GB
rank 2 Peak GPU memory: 5.90 GB
rank 1 Peak GPU memory: 5.90 GB
rank 4 Peak GPU memory: 5.90 GB
rank 6 Peak GPU memory: 5.90 GB
rank 7 Peak GPU memory: 5.90 GB
rank 5 Peak GPU memory: 5.99 GB
rank 8 Peak GPU memory: 5.90 GB
rank 11 Peak GPU memory: 5.90 GB
rank 10 Peak GPU memory: 5.99 GB
rank 9 Peak GPU memory: 5.90 GB
rank 14 Peak GPU memory: 5.90 GB
rank 15 Peak GPU memory: 5.99 GB
rank 12 Peak GPU memory: 5.90 GB
rank 13 Peak GPU memory: 5.90 GB
|--[95m 'drop | Max Time: 0.160 ms | Avg Time: 0.148 ms | Load Imbalance: 1.078' [0m

|--[95m 'epoch 0 | Max Time: 7074.551 ms | Avg Time: 7073.963 ms | Load Imbalance: 1.000' [0m
	|--[92m 'minibatch prep | Max Time: 456.684 ms | Avg Time: 443.748 ms | Load Imbalance: 1.029' [0m
		|--[96m 'sample nodes | Max Time: 120.529 ms | Avg Time: 114.354 ms | Load Imbalance: 1.054' [0m
		|--[96m 'compact indices | Max Time: 28.867 ms | Avg Time: 27.438 ms | Load Imbalance: 1.052' [0m
		|--[96m 'compact adj shards | Max Time: 295.481 ms | Avg Time: 285.522 ms | Load Imbalance: 1.035' [0m
			|--[91m 'compact layout prep | Max Time: 93.673 ms | Avg Time: 86.015 ms | Load Imbalance: 1.089' [0m
			|--[91m 'compact csr: indices | Max Time: 1.978 ms | Avg Time: 1.920 ms | Load Imbalance: 1.030' [0m
			|--[91m 'compact csr: row ptrs | Max Time: 23.039 ms | Avg Time: 21.131 ms | Load Imbalance: 1.090' [0m
			|--[91m 'compact csr: nnz index | Max Time: 26.455 ms | Avg Time: 25.489 ms | Load Imbalance: 1.038' [0m
			|--[91m 'compact csr: select nnz | Max Time: 8.142 ms | Avg Time: 7.901 ms | Load Imbalance: 1.031' [0m
			|--[91m 'compact csr: col map | Max Time: 14.677 ms | Avg Time: 14.589 ms | Load Imbalance: 1.006' [0m
			|--[91m 'compact csr: edge scale | Max Time: 28.238 ms | Avg Time: 26.217 ms | Load Imbalance: 1.077' [0m
			|--[91m 'compact csr: crow | Max Time: 40.879 ms | Avg Time: 37.548 ms | Load Imbalance: 1.089' [0m
			|--[91m 'compact csr: adjt direct | Max Time: 31.660 ms | Avg Time: 30.973 ms | Load Imbalance: 1.022' [0m
		|--[96m 'compact feature slice | Max Time: 4.057 ms | Avg Time: 4.022 ms | Load Imbalance: 1.009' [0m
		|--[96m 'compact label slice | Max Time: 8.542 ms | Avg Time: 7.760 ms | Load Imbalance: 1.101' [0m
	|--[92m 'train step | Max Time: 6640.542 ms | Avg Time: 6627.832 ms | Load Imbalance: 1.002' [0m
		|--[96m 'input_linear | Max Time: 481.144 ms | Avg Time: 463.690 ms | Load Imbalance: 1.038' [0m
			|--[91m 'input_linear X * W | Max Time: 47.089 ms | Avg Time: 45.791 ms | Load Imbalance: 1.028' [0m
			|--[91m 'all-reduce | Max Time: 428.509 ms | Avg Time: 410.545 ms | Load Imbalance: 1.044' [0m
			|--[91m 'OUT + BIAS | Max Time: 5.624 ms | Avg Time: 5.607 ms | Load Imbalance: 1.003' [0m
		|--[96m 'gcn conv fwd | Max Time: 953.042 ms | Avg Time: 861.985 ms | Load Imbalance: 1.106' [0m
			|--[91m 'AGG = A * H | Max Time: 37.786 ms | Avg Time: 33.061 ms | Load Imbalance: 1.143' [0m
			|--[91m 'allreduce H | Max Time: 540.057 ms | Avg Time: 450.367 ms | Load Imbalance: 1.199' [0m
				|--[95m 'allreduce lowp comm dtype | Max Time: 9.718 ms | Avg Time: 9.684 ms | Load Imbalance: 1.004' [0m
				|--[95m 'allreduce lowp | Max Time: 517.757 ms | Avg Time: 428.133 ms | Load Imbalance: 1.209' [0m
				|--[95m 'allreduce copy back | Max Time: 11.706 ms | Avg Time: 11.667 ms | Load Imbalance: 1.003' [0m
			|--[91m 'Allgather W | Max Time: 49.424 ms | Avg Time: 25.953 ms | Load Imbalance: 1.904' [0m
				|--[95m 'gather | Max Time: 49.038 ms | Avg Time: 25.561 ms | Load Imbalance: 1.918' [0m
			|--[91m 'OUT = AGG * W | Max Time: 23.068 ms | Avg Time: 22.641 ms | Load Imbalance: 1.019' [0m
			|--[91m 'allreduce Q | Max Time: 386.690 ms | Avg Time: 328.627 ms | Load Imbalance: 1.177' [0m
				|--[95m 'allreduce lowp comm dtype | Max Time: 12.321 ms | Avg Time: 9.938 ms | Load Imbalance: 1.240' [0m
				|--[95m 'allreduce lowp | Max Time: 361.835 ms | Avg Time: 306.210 ms | Load Imbalance: 1.182' [0m
				|--[95m 'allreduce copy back | Max Time: 11.664 ms | Avg Time: 11.633 ms | Load Imbalance: 1.003' [0m
		|--[96m 'activation | Max Time: 3815.498 ms | Avg Time: 3687.971 ms | Load Imbalance: 1.035' [0m
			|--[91m 'all-reduce | Max Time: 148.394 ms | Avg Time: 89.134 ms | Load Imbalance: 1.665' [0m
		|--[96m 'output_linear | Max Time: 5.677 ms | Avg Time: 5.555 ms | Load Imbalance: 1.022' [0m
			|--[91m 'output_linear X * W | Max Time: 4.940 ms | Avg Time: 4.862 ms | Load Imbalance: 1.016' [0m
			|--[91m 'all-reduce | Max Time: 0.069 ms | Avg Time: 0.068 ms | Load Imbalance: 1.010' [0m
			|--[91m 'OUT + BIAS | Max Time: 0.315 ms | Avg Time: 0.303 ms | Load Imbalance: 1.040' [0m
		|--[96m 'cross entropy fwd | Max Time: 175.652 ms | Avg Time: 156.461 ms | Load Imbalance: 1.123' [0m
		|--[96m 'cross entropy bwd | Max Time: 5.158 ms | Avg Time: 3.115 ms | Load Imbalance: 1.656' [0m
		|--[96m 'linear_3d_bwd | Max Time: 125.486 ms | Avg Time: 118.740 ms | Load Imbalance: 1.057' [0m
			|--[91m 'output_linear GRAD_X | Max Time: 11.989 ms | Avg Time: 6.544 ms | Load Imbalance: 1.832' [0m
			|--[91m 'all-reduce | Max Time: 95.238 ms | Avg Time: 88.723 ms | Load Imbalance: 1.073' [0m
			|--[91m 'output_linear GRAD_W | Max Time: 13.645 ms | Avg Time: 11.766 ms | Load Imbalance: 1.160' [0m
			|--[91m 'input_linear GRAD_W | Max Time: 4.438 ms | Avg Time: 4.413 ms | Load Imbalance: 1.006' [0m
		|--[96m 'gcn conv bwd | Max Time: 550.482 ms | Avg Time: 532.973 ms | Load Imbalance: 1.033' [0m
			|--[91m 'gather | Max Time: 32.866 ms | Avg Time: 12.683 ms | Load Imbalance: 2.591' [0m
			|--[91m 'GRAD_AGG = GRAD_OUT * W.T | Max Time: 22.558 ms | Avg Time: 22.468 ms | Load Imbalance: 1.004' [0m
			|--[91m 'allreduce lowp comm dtype | Max Time: 9.684 ms | Avg Time: 9.574 ms | Load Imbalance: 1.012' [0m
			|--[91m 'allreduce lowp | Max Time: 234.255 ms | Avg Time: 216.517 ms | Load Imbalance: 1.082' [0m
			|--[91m 'allreduce copy back | Max Time: 11.667 ms | Avg Time: 11.643 ms | Load Imbalance: 1.002' [0m
			|--[91m 'GRAD_W = AGG.T * GRAD_OUT | Max Time: 23.003 ms | Avg Time: 22.939 ms | Load Imbalance: 1.003' [0m
			|--[91m 'ReduceScatter grad_weight | Max Time: 17.281 ms | Avg Time: 12.926 ms | Load Imbalance: 1.337' [0m
				|--[95m 'reduce-scatter | Max Time: 16.941 ms | Avg Time: 12.585 ms | Load Imbalance: 1.346' [0m
					|--[92m 'reduce-scatter-dist | Max Time: 16.669 ms | Avg Time: 12.312 ms | Load Imbalance: 1.354' [0m
			|--[91m 'GRAD_H = A.T * GRAD_AGG | Max Time: 24.657 ms | Avg Time: 20.772 ms | Load Imbalance: 1.187' [0m
			|--[91m 'allreduce grad_x | Max Time: 207.668 ms | Avg Time: 201.412 ms | Load Imbalance: 1.031' [0m
				|--[95m 'allreduce lowp comm dtype | Max Time: 9.568 ms | Avg Time: 9.512 ms | Load Imbalance: 1.006' [0m
				|--[95m 'allreduce lowp | Max Time: 185.694 ms | Avg Time: 179.435 ms | Load Imbalance: 1.035' [0m
				|--[95m 'allreduce copy back | Max Time: 11.663 ms | Avg Time: 11.643 ms | Load Imbalance: 1.002' [0m
		|--[96m 'sync_norm_gradients | Max Time: 2.673 ms | Avg Time: 2.578 ms | Load Imbalance: 1.037' [0m
		|--[96m 'sync_data_parallel_gradients | Max Time: 0.069 ms | Avg Time: 0.068 ms | Load Imbalance: 1.014' [0m

|--[95m 'epoch 1 | Max Time: 1564.950 ms | Avg Time: 1564.934 ms | Load Imbalance: 1.000' [0m
	|--[92m 'minibatch prep | Max Time: 332.998 ms | Avg Time: 323.243 ms | Load Imbalance: 1.030' [0m
		|--[96m 'sample nodes | Max Time: 100.314 ms | Avg Time: 100.014 ms | Load Imbalance: 1.003' [0m
		|--[96m 'compact indices | Max Time: 18.237 ms | Avg Time: 17.655 ms | Load Imbalance: 1.033' [0m
		|--[96m 'compact adj shards | Max Time: 206.606 ms | Avg Time: 197.164 ms | Load Imbalance: 1.048' [0m
			|--[91m 'compact layout prep | Max Time: 47.079 ms | Avg Time: 39.864 ms | Load Imbalance: 1.181' [0m
			|--[91m 'compact csr: indices | Max Time: 1.922 ms | Avg Time: 1.850 ms | Load Imbalance: 1.039' [0m
			|--[91m 'compact csr: row ptrs | Max Time: 12.297 ms | Avg Time: 12.062 ms | Load Imbalance: 1.019' [0m
			|--[91m 'compact csr: nnz index | Max Time: 21.156 ms | Avg Time: 21.032 ms | Load Imbalance: 1.006' [0m
			|--[91m 'compact csr: select nnz | Max Time: 8.128 ms | Avg Time: 7.894 ms | Load Imbalance: 1.030' [0m
			|--[91m 'compact csr: col map | Max Time: 14.705 ms | Avg Time: 14.597 ms | Load Imbalance: 1.007' [0m
			|--[91m 'compact csr: edge scale | Max Time: 19.991 ms | Avg Time: 19.610 ms | Load Imbalance: 1.019' [0m
			|--[91m 'compact csr: crow | Max Time: 17.074 ms | Avg Time: 15.895 ms | Load Imbalance: 1.074' [0m
			|--[91m 'compact csr: adjt direct | Max Time: 31.729 ms | Avg Time: 30.900 ms | Load Imbalance: 1.027' [0m
		|--[96m 'compact feature slice | Max Time: 3.654 ms | Avg Time: 3.610 ms | Load Imbalance: 1.012' [0m
		|--[96m 'compact label slice | Max Time: 0.658 ms | Avg Time: 0.652 ms | Load Imbalance: 1.010' [0m
	|--[92m 'train step | Max Time: 1246.175 ms | Avg Time: 1239.473 ms | Load Imbalance: 1.005' [0m
		|--[96m 'input_linear | Max Time: 58.740 ms | Avg Time: 50.787 ms | Load Imbalance: 1.157' [0m
			|--[91m 'input_linear X * W | Max Time: 5.299 ms | Avg Time: 5.206 ms | Load Imbalance: 1.018' [0m
			|--[91m 'all-reduce | Max Time: 46.503 ms | Avg Time: 38.404 ms | Load Imbalance: 1.211' [0m
			|--[91m 'OUT + BIAS | Max Time: 5.620 ms | Avg Time: 5.601 ms | Load Imbalance: 1.003' [0m
		|--[96m 'gcn conv fwd | Max Time: 466.980 ms | Avg Time: 461.293 ms | Load Imbalance: 1.012' [0m
			|--[91m 'AGG = A * H | Max Time: 25.102 ms | Avg Time: 21.221 ms | Load Imbalance: 1.183' [0m
			|--[91m 'allreduce H | Max Time: 210.476 ms | Avg Time: 201.991 ms | Load Imbalance: 1.042' [0m
				|--[95m 'allreduce lowp comm dtype | Max Time: 9.633 ms | Avg Time: 9.552 ms | Load Imbalance: 1.008' [0m
				|--[95m 'allreduce lowp | Max Time: 188.462 ms | Avg Time: 179.970 ms | Load Imbalance: 1.047' [0m
				|--[95m 'allreduce copy back | Max Time: 11.671 ms | Avg Time: 11.644 ms | Load Imbalance: 1.002' [0m
			|--[91m 'Allgather W | Max Time: 19.547 ms | Avg Time: 14.958 ms | Load Imbalance: 1.307' [0m
				|--[95m 'gather | Max Time: 19.207 ms | Avg Time: 14.618 ms | Load Imbalance: 1.314' [0m
			|--[91m 'OUT = AGG * W | Max Time: 22.453 ms | Avg Time: 22.410 ms | Load Imbalance: 1.002' [0m
			|--[91m 'allreduce Q | Max Time: 203.386 ms | Avg Time: 199.481 ms | Load Imbalance: 1.020' [0m
				|--[95m 'allreduce lowp comm dtype | Max Time: 9.789 ms | Avg Time: 9.774 ms | Load Imbalance: 1.002' [0m
				|--[95m 'allreduce lowp | Max Time: 181.206 ms | Avg Time: 177.273 ms | Load Imbalance: 1.022' [0m
				|--[95m 'allreduce copy back | Max Time: 11.634 ms | Avg Time: 11.612 ms | Load Imbalance: 1.002' [0m
		|--[96m 'activation | Max Time: 51.309 ms | Avg Time: 45.983 ms | Load Imbalance: 1.116' [0m
			|--[91m 'all-reduce | Max Time: 26.643 ms | Avg Time: 21.323 ms | Load Imbalance: 1.250' [0m
		|--[96m 'output_linear | Max Time: 5.367 ms | Avg Time: 5.335 ms | Load Imbalance: 1.006' [0m
			|--[91m 'output_linear X * W | Max Time: 4.722 ms | Avg Time: 4.692 ms | Load Imbalance: 1.006' [0m
			|--[91m 'all-reduce | Max Time: 0.069 ms | Avg Time: 0.068 ms | Load Imbalance: 1.015' [0m
			|--[91m 'OUT + BIAS | Max Time: 0.304 ms | Avg Time: 0.301 ms | Load Imbalance: 1.007' [0m
		|--[96m 'cross entropy fwd | Max Time: 22.362 ms | Avg Time: 22.126 ms | Load Imbalance: 1.011' [0m
		|--[96m 'cross entropy bwd | Max Time: 3.237 ms | Avg Time: 2.418 ms | Load Imbalance: 1.339' [0m
		|--[96m 'linear_3d_bwd | Max Time: 71.519 ms | Avg Time: 65.522 ms | Load Imbalance: 1.092' [0m
			|--[91m 'output_linear GRAD_X | Max Time: 4.276 ms | Avg Time: 3.920 ms | Load Imbalance: 1.091' [0m
			|--[91m 'all-reduce | Max Time: 52.390 ms | Avg Time: 45.960 ms | Load Imbalance: 1.140' [0m
			|--[91m 'output_linear GRAD_W | Max Time: 4.263 ms | Avg Time: 4.219 ms | Load Imbalance: 1.010' [0m
			|--[91m 'input_linear GRAD_W | Max Time: 4.377 ms | Avg Time: 4.342 ms | Load Imbalance: 1.008' [0m
		|--[96m 'gcn conv bwd | Max Time: 495.235 ms | Avg Time: 494.335 ms | Load Imbalance: 1.002' [0m
			|--[91m 'gather | Max Time: 3.254 ms | Avg Time: 2.954 ms | Load Imbalance: 1.102' [0m
			|--[91m 'GRAD_AGG = GRAD_OUT * W.T | Max Time: 22.490 ms | Avg Time: 22.459 ms | Load Imbalance: 1.001' [0m
			|--[91m 'allreduce lowp comm dtype | Max Time: 9.677 ms | Avg Time: 9.561 ms | Load Imbalance: 1.012' [0m
			|--[91m 'allreduce lowp | Max Time: 191.271 ms | Avg Time: 189.514 ms | Load Imbalance: 1.009' [0m
			|--[91m 'allreduce copy back | Max Time: 11.664 ms | Avg Time: 11.641 ms | Load Imbalance: 1.002' [0m
			|--[91m 'GRAD_W = AGG.T * GRAD_OUT | Max Time: 23.007 ms | Avg Time: 22.947 ms | Load Imbalance: 1.003' [0m
			|--[91m 'ReduceScatter grad_weight | Max Time: 14.487 ms | Avg Time: 11.481 ms | Load Imbalance: 1.262' [0m
				|--[95m 'reduce-scatter | Max Time: 14.141 ms | Avg Time: 11.141 ms | Load Imbalance: 1.269' [0m
					|--[92m 'reduce-scatter-dist | Max Time: 13.866 ms | Avg Time: 10.868 ms | Load Imbalance: 1.276' [0m
			|--[91m 'GRAD_H = A.T * GRAD_AGG | Max Time: 24.661 ms | Avg Time: 20.781 ms | Load Imbalance: 1.187' [0m
			|--[91m 'allreduce grad_x | Max Time: 206.140 ms | Avg Time: 201.012 ms | Load Imbalance: 1.026' [0m
				|--[95m 'allreduce lowp comm dtype | Max Time: 9.581 ms | Avg Time: 9.509 ms | Load Imbalance: 1.008' [0m
				|--[95m 'allreduce lowp | Max Time: 184.135 ms | Avg Time: 179.038 ms | Load Imbalance: 1.028' [0m
				|--[95m 'allreduce copy back | Max Time: 11.664 ms | Avg Time: 11.644 ms | Load Imbalance: 1.002' [0m
		|--[96m 'sync_norm_gradients | Max Time: 5.150 ms | Avg Time: 4.304 ms | Load Imbalance: 1.196' [0m
		|--[96m 'sync_data_parallel_gradients | Max Time: 0.069 ms | Avg Time: 0.068 ms | Load Imbalance: 1.012' [0m

|--[95m 'epoch 2 | Max Time: 1560.375 ms | Avg Time: 1560.359 ms | Load Imbalance: 1.000' [0m
	|--[92m 'minibatch prep | Max Time: 332.183 ms | Avg Time: 323.205 ms | Load Imbalance: 1.028' [0m
		|--[96m 'sample nodes | Max Time: 100.382 ms | Avg Time: 100.008 ms | Load Imbalance: 1.004' [0m
		|--[96m 'compact indices | Max Time: 18.211 ms | Avg Time: 17.619 ms | Load Imbalance: 1.034' [0m
		|--[96m 'compact adj shards | Max Time: 205.838 ms | Avg Time: 197.024 ms | Load Imbalance: 1.045' [0m
			|--[91m 'compact layout prep | Max Time: 47.044 ms | Avg Time: 39.902 ms | Load Imbalance: 1.179' [0m
			|--[91m 'compact csr: indices | Max Time: 1.940 ms | Avg Time: 1.852 ms | Load Imbalance: 1.048' [0m
			|--[91m 'compact csr: row ptrs | Max Time: 12.277 ms | Avg Time: 12.057 ms | Load Imbalance: 1.018' [0m
			|--[91m 'compact csr: nnz index | Max Time: 21.125 ms | Avg Time: 21.021 ms | Load Imbalance: 1.005' [0m
			|--[91m 'compact csr: select nnz | Max Time: 8.132 ms | Avg Time: 7.892 ms | Load Imbalance: 1.030' [0m
			|--[91m 'compact csr: col map | Max Time: 14.702 ms | Avg Time: 14.575 ms | Load Imbalance: 1.009' [0m
			|--[91m 'compact csr: edge scale | Max Time: 19.918 ms | Avg Time: 19.567 ms | Load Imbalance: 1.018' [0m
			|--[91m 'compact csr: crow | Max Time: 16.405 ms | Avg Time: 15.724 ms | Load Imbalance: 1.043' [0m
			|--[91m 'compact csr: adjt direct | Max Time: 31.672 ms | Avg Time: 30.890 ms | Load Imbalance: 1.025' [0m
		|--[96m 'compact feature slice | Max Time: 5.780 ms | Avg Time: 3.742 ms | Load Imbalance: 1.545' [0m
		|--[96m 'compact label slice | Max Time: 0.684 ms | Avg Time: 0.663 ms | Load Imbalance: 1.032' [0m
	|--[92m 'train step | Max Time: 1241.837 ms | Avg Time: 1234.916 ms | Load Imbalance: 1.006' [0m
		|--[96m 'input_linear | Max Time: 57.878 ms | Avg Time: 50.477 ms | Load Imbalance: 1.147' [0m
			|--[91m 'input_linear X * W | Max Time: 5.262 ms | Avg Time: 5.196 ms | Load Imbalance: 1.013' [0m
			|--[91m 'all-reduce | Max Time: 45.597 ms | Avg Time: 38.106 ms | Load Imbalance: 1.197' [0m
			|--[91m 'OUT + BIAS | Max Time: 5.619 ms | Avg Time: 5.601 ms | Load Imbalance: 1.003' [0m
		|--[96m 'gcn conv fwd | Max Time: 467.258 ms | Avg Time: 460.363 ms | Load Imbalance: 1.015' [0m
			|--[91m 'AGG = A * H | Max Time: 25.064 ms | Avg Time: 21.208 ms | Load Imbalance: 1.182' [0m
			|--[91m 'allreduce H | Max Time: 210.766 ms | Avg Time: 202.321 ms | Load Imbalance: 1.042' [0m
				|--[95m 'allreduce lowp comm dtype | Max Time: 9.633 ms | Avg Time: 9.550 ms | Load Imbalance: 1.009' [0m
				|--[95m 'allreduce lowp | Max Time: 188.756 ms | Avg Time: 180.302 ms | Load Imbalance: 1.047' [0m
				|--[95m 'allreduce copy back | Max Time: 11.670 ms | Avg Time: 11.645 ms | Load Imbalance: 1.002' [0m
			|--[91m 'Allgather W | Max Time: 19.361 ms | Avg Time: 14.572 ms | Load Imbalance: 1.329' [0m
				|--[95m 'gather | Max Time: 19.021 ms | Avg Time: 14.232 ms | Load Imbalance: 1.337' [0m
			|--[91m 'OUT = AGG * W | Max Time: 22.454 ms | Avg Time: 22.409 ms | Load Imbalance: 1.002' [0m
			|--[91m 'allreduce Q | Max Time: 204.110 ms | Avg Time: 198.621 ms | Load Imbalance: 1.028' [0m
				|--[95m 'allreduce lowp comm dtype | Max Time: 9.789 ms | Avg Time: 9.774 ms | Load Imbalance: 1.002' [0m
				|--[95m 'allreduce lowp | Max Time: 181.874 ms | Avg Time: 176.412 ms | Load Imbalance: 1.031' [0m
				|--[95m 'allreduce copy back | Max Time: 11.637 ms | Avg Time: 11.613 ms | Load Imbalance: 1.002' [0m
		|--[96m 'activation | Max Time: 50.218 ms | Avg Time: 44.596 ms | Load Imbalance: 1.126' [0m
			|--[91m 'all-reduce | Max Time: 25.561 ms | Avg Time: 19.935 ms | Load Imbalance: 1.282' [0m
		|--[96m 'output_linear | Max Time: 5.355 ms | Avg Time: 5.335 ms | Load Imbalance: 1.004' [0m
			|--[91m 'output_linear X * W | Max Time: 4.714 ms | Avg Time: 4.693 ms | Load Imbalance: 1.004' [0m
			|--[91m 'all-reduce | Max Time: 0.069 ms | Avg Time: 0.068 ms | Load Imbalance: 1.018' [0m
			|--[91m 'OUT + BIAS | Max Time: 0.304 ms | Avg Time: 0.301 ms | Load Imbalance: 1.010' [0m
		|--[96m 'cross entropy fwd | Max Time: 20.383 ms | Avg Time: 20.124 ms | Load Imbalance: 1.013' [0m
		|--[96m 'cross entropy bwd | Max Time: 3.316 ms | Avg Time: 2.457 ms | Load Imbalance: 1.350' [0m
		|--[96m 'linear_3d_bwd | Max Time: 70.075 ms | Avg Time: 65.768 ms | Load Imbalance: 1.065' [0m
			|--[91m 'output_linear GRAD_X | Max Time: 4.220 ms | Avg Time: 3.938 ms | Load Imbalance: 1.071' [0m
			|--[91m 'all-reduce | Max Time: 50.804 ms | Avg Time: 46.000 ms | Load Imbalance: 1.104' [0m
			|--[91m 'output_linear GRAD_W | Max Time: 4.250 ms | Avg Time: 4.217 ms | Load Imbalance: 1.008' [0m
			|--[91m 'input_linear GRAD_W | Max Time: 4.392 ms | Avg Time: 4.342 ms | Load Imbalance: 1.012' [0m
		|--[96m 'gcn conv bwd | Max Time: 497.314 ms | Avg Time: 495.677 ms | Load Imbalance: 1.003' [0m
			|--[91m 'gather | Max Time: 3.379 ms | Avg Time: 3.013 ms | Load Imbalance: 1.122' [0m
			|--[91m 'GRAD_AGG = GRAD_OUT * W.T | Max Time: 22.507 ms | Avg Time: 22.455 ms | Load Imbalance: 1.002' [0m
			|--[91m 'allreduce lowp comm dtype | Max Time: 9.714 ms | Avg Time: 9.581 ms | Load Imbalance: 1.014' [0m
			|--[91m 'allreduce lowp | Max Time: 190.991 ms | Avg Time: 190.045 ms | Load Imbalance: 1.005' [0m
			|--[91m 'allreduce copy back | Max Time: 11.665 ms | Avg Time: 11.644 ms | Load Imbalance: 1.002' [0m
			|--[91m 'GRAD_W = AGG.T * GRAD_OUT | Max Time: 23.002 ms | Avg Time: 22.941 ms | Load Imbalance: 1.003' [0m
			|--[91m 'ReduceScatter grad_weight | Max Time: 17.248 ms | Avg Time: 12.778 ms | Load Imbalance: 1.350' [0m
				|--[95m 'reduce-scatter | Max Time: 16.892 ms | Avg Time: 12.437 ms | Load Imbalance: 1.358' [0m
					|--[92m 'reduce-scatter-dist | Max Time: 16.618 ms | Avg Time: 12.164 ms | Load Imbalance: 1.366' [0m
			|--[91m 'GRAD_H = A.T * GRAD_AGG | Max Time: 24.602 ms | Avg Time: 20.777 ms | Load Imbalance: 1.184' [0m
			|--[91m 'allreduce grad_x | Max Time: 205.506 ms | Avg Time: 200.458 ms | Load Imbalance: 1.025' [0m
				|--[95m 'allreduce lowp comm dtype | Max Time: 9.577 ms | Avg Time: 9.510 ms | Load Imbalance: 1.007' [0m
				|--[95m 'allreduce lowp | Max Time: 183.520 ms | Avg Time: 178.482 ms | Load Imbalance: 1.028' [0m
				|--[95m 'allreduce copy back | Max Time: 11.665 ms | Avg Time: 11.644 ms | Load Imbalance: 1.002' [0m
		|--[96m 'sync_norm_gradients | Max Time: 2.194 ms | Avg Time: 2.062 ms | Load Imbalance: 1.064' [0m
		|--[96m 'sync_data_parallel_gradients | Max Time: 0.069 ms | Avg Time: 0.068 ms | Load Imbalance: 1.014' [0m

|--[95m 'epoch 3 | Max Time: 1561.559 ms | Avg Time: 1561.545 ms | Load Imbalance: 1.000' [0m
	|--[92m 'minibatch prep | Max Time: 333.005 ms | Avg Time: 322.872 ms | Load Imbalance: 1.031' [0m
		|--[96m 'sample nodes | Max Time: 100.428 ms | Avg Time: 100.011 ms | Load Imbalance: 1.004' [0m
		|--[96m 'compact indices | Max Time: 18.162 ms | Avg Time: 17.628 ms | Load Imbalance: 1.030' [0m
		|--[96m 'compact adj shards | Max Time: 207.296 ms | Avg Time: 196.876 ms | Load Imbalance: 1.053' [0m
			|--[91m 'compact layout prep | Max Time: 47.199 ms | Avg Time: 39.838 ms | Load Imbalance: 1.185' [0m
			|--[91m 'compact csr: indices | Max Time: 1.928 ms | Avg Time: 1.845 ms | Load Imbalance: 1.045' [0m
			|--[91m 'compact csr: row ptrs | Max Time: 12.298 ms | Avg Time: 12.056 ms | Load Imbalance: 1.020' [0m
			|--[91m 'compact csr: nnz index | Max Time: 21.152 ms | Avg Time: 21.021 ms | Load Imbalance: 1.006' [0m
			|--[91m 'compact csr: select nnz | Max Time: 8.117 ms | Avg Time: 7.882 ms | Load Imbalance: 1.030' [0m
			|--[91m 'compact csr: col map | Max Time: 14.701 ms | Avg Time: 14.586 ms | Load Imbalance: 1.008' [0m
			|--[91m 'compact csr: edge scale | Max Time: 19.972 ms | Avg Time: 19.571 ms | Load Imbalance: 1.020' [0m
			|--[91m 'compact csr: crow | Max Time: 18.005 ms | Avg Time: 15.724 ms | Load Imbalance: 1.145' [0m
			|--[91m 'compact csr: adjt direct | Max Time: 31.848 ms | Avg Time: 30.944 ms | Load Imbalance: 1.029' [0m
		|--[96m 'compact feature slice | Max Time: 3.636 ms | Avg Time: 3.608 ms | Load Imbalance: 1.008' [0m
		|--[96m 'compact label slice | Max Time: 0.721 ms | Avg Time: 0.658 ms | Load Imbalance: 1.095' [0m
	|--[92m 'train step | Max Time: 1242.914 ms | Avg Time: 1236.416 ms | Load Imbalance: 1.005' [0m
		|--[96m 'input_linear | Max Time: 58.330 ms | Avg Time: 50.433 ms | Load Imbalance: 1.157' [0m
			|--[91m 'input_linear X * W | Max Time: 5.260 ms | Avg Time: 5.199 ms | Load Imbalance: 1.012' [0m
			|--[91m 'all-reduce | Max Time: 46.093 ms | Avg Time: 38.071 ms | Load Imbalance: 1.211' [0m
			|--[91m 'OUT + BIAS | Max Time: 5.614 ms | Avg Time: 5.599 ms | Load Imbalance: 1.003' [0m
		|--[96m 'gcn conv fwd | Max Time: 468.507 ms | Avg Time: 460.133 ms | Load Imbalance: 1.018' [0m
			|--[91m 'AGG = A * H | Max Time: 25.051 ms | Avg Time: 21.201 ms | Load Imbalance: 1.182' [0m
			|--[91m 'allreduce H | Max Time: 211.701 ms | Avg Time: 200.098 ms | Load Imbalance: 1.058' [0m
				|--[95m 'allreduce lowp comm dtype | Max Time: 9.638 ms | Avg Time: 9.551 ms | Load Imbalance: 1.009' [0m
				|--[95m 'allreduce lowp | Max Time: 189.668 ms | Avg Time: 178.078 ms | Load Imbalance: 1.065' [0m
				|--[95m 'allreduce copy back | Max Time: 11.672 ms | Avg Time: 11.644 ms | Load Imbalance: 1.002' [0m
			|--[91m 'Allgather W | Max Time: 21.145 ms | Avg Time: 16.601 ms | Load Imbalance: 1.274' [0m
				|--[95m 'gather | Max Time: 20.805 ms | Avg Time: 16.260 ms | Load Imbalance: 1.280' [0m
			|--[91m 'OUT = AGG * W | Max Time: 22.450 ms | Avg Time: 22.409 ms | Load Imbalance: 1.002' [0m
			|--[91m 'allreduce Q | Max Time: 204.074 ms | Avg Time: 198.593 ms | Load Imbalance: 1.028' [0m
				|--[95m 'allreduce lowp comm dtype | Max Time: 9.794 ms | Avg Time: 9.775 ms | Load Imbalance: 1.002' [0m
				|--[95m 'allreduce lowp | Max Time: 181.859 ms | Avg Time: 176.384 ms | Load Imbalance: 1.031' [0m
				|--[95m 'allreduce copy back | Max Time: 11.631 ms | Avg Time: 11.611 ms | Load Imbalance: 1.002' [0m
		|--[96m 'activation | Max Time: 49.501 ms | Avg Time: 45.982 ms | Load Imbalance: 1.077' [0m
			|--[91m 'all-reduce | Max Time: 24.840 ms | Avg Time: 21.316 ms | Load Imbalance: 1.165' [0m
		|--[96m 'output_linear | Max Time: 5.359 ms | Avg Time: 5.332 ms | Load Imbalance: 1.005' [0m
			|--[91m 'output_linear X * W | Max Time: 4.710 ms | Avg Time: 4.690 ms | Load Imbalance: 1.004' [0m
			|--[91m 'all-reduce | Max Time: 0.069 ms | Avg Time: 0.068 ms | Load Imbalance: 1.017' [0m
			|--[91m 'OUT + BIAS | Max Time: 0.304 ms | Avg Time: 0.301 ms | Load Imbalance: 1.008' [0m
		|--[96m 'cross entropy fwd | Max Time: 20.492 ms | Avg Time: 20.160 ms | Load Imbalance: 1.016' [0m
		|--[96m 'cross entropy bwd | Max Time: 3.136 ms | Avg Time: 2.421 ms | Load Imbalance: 1.295' [0m
		|--[96m 'linear_3d_bwd | Max Time: 67.776 ms | Avg Time: 65.181 ms | Load Imbalance: 1.040' [0m
			|--[91m 'output_linear GRAD_X | Max Time: 4.267 ms | Avg Time: 3.924 ms | Load Imbalance: 1.087' [0m
			|--[91m 'all-reduce | Max Time: 48.431 ms | Avg Time: 45.605 ms | Load Imbalance: 1.062' [0m
			|--[91m 'output_linear GRAD_W | Max Time: 4.231 ms | Avg Time: 4.208 ms | Load Imbalance: 1.005' [0m
			|--[91m 'input_linear GRAD_W | Max Time: 4.395 ms | Avg Time: 4.351 ms | Load Imbalance: 1.010' [0m
		|--[96m 'gcn conv bwd | Max Time: 497.206 ms | Avg Time: 496.319 ms | Load Imbalance: 1.002' [0m
			|--[91m 'gather | Max Time: 3.646 ms | Avg Time: 3.084 ms | Load Imbalance: 1.182' [0m
			|--[91m 'GRAD_AGG = GRAD_OUT * W.T | Max Time: 22.482 ms | Avg Time: 22.453 ms | Load Imbalance: 1.001' [0m
			|--[91m 'allreduce lowp comm dtype | Max Time: 9.693 ms | Avg Time: 9.557 ms | Load Imbalance: 1.014' [0m
			|--[91m 'allreduce lowp | Max Time: 191.129 ms | Avg Time: 189.263 ms | Load Imbalance: 1.010' [0m
			|--[91m 'allreduce copy back | Max Time: 11.684 ms | Avg Time: 11.646 ms | Load Imbalance: 1.003' [0m
			|--[91m 'GRAD_W = AGG.T * GRAD_OUT | Max Time: 22.993 ms | Avg Time: 22.939 ms | Load Imbalance: 1.002' [0m
			|--[91m 'ReduceScatter grad_weight | Max Time: 17.799 ms | Avg Time: 13.326 ms | Load Imbalance: 1.336' [0m
				|--[95m 'reduce-scatter | Max Time: 17.459 ms | Avg Time: 12.985 ms | Load Imbalance: 1.345' [0m
					|--[92m 'reduce-scatter-dist | Max Time: 17.187 ms | Avg Time: 12.713 ms | Load Imbalance: 1.352' [0m
			|--[91m 'GRAD_H = A.T * GRAD_AGG | Max Time: 24.630 ms | Avg Time: 20.766 ms | Load Imbalance: 1.186' [0m
			|--[91m 'allreduce grad_x | Max Time: 208.925 ms | Avg Time: 201.299 ms | Load Imbalance: 1.038' [0m
				|--[95m 'allreduce lowp comm dtype | Max Time: 9.581 ms | Avg Time: 9.511 ms | Load Imbalance: 1.007' [0m
				|--[95m 'allreduce lowp | Max Time: 186.922 ms | Avg Time: 179.320 ms | Load Imbalance: 1.042' [0m
				|--[95m 'allreduce copy back | Max Time: 11.663 ms | Avg Time: 11.645 ms | Load Imbalance: 1.002' [0m
		|--[96m 'sync_norm_gradients | Max Time: 2.446 ms | Avg Time: 2.337 ms | Load Imbalance: 1.047' [0m
		|--[96m 'sync_data_parallel_gradients | Max Time: 0.069 ms | Avg Time: 0.068 ms | Load Imbalance: 1.018' [0m

|--[95m 'epoch 4 | Max Time: 1556.471 ms | Avg Time: 1556.457 ms | Load Imbalance: 1.000' [0m
	|--[92m 'minibatch prep | Max Time: 332.944 ms | Avg Time: 323.429 ms | Load Imbalance: 1.029' [0m
		|--[96m 'sample nodes | Max Time: 100.352 ms | Avg Time: 100.014 ms | Load Imbalance: 1.003' [0m
		|--[96m 'compact indices | Max Time: 18.157 ms | Avg Time: 17.604 ms | Load Imbalance: 1.031' [0m
		|--[96m 'compact adj shards | Max Time: 206.706 ms | Avg Time: 197.457 ms | Load Imbalance: 1.047' [0m
			|--[91m 'compact layout prep | Max Time: 47.033 ms | Avg Time: 39.820 ms | Load Imbalance: 1.181' [0m
			|--[91m 'compact csr: indices | Max Time: 1.942 ms | Avg Time: 1.857 ms | Load Imbalance: 1.045' [0m
			|--[91m 'compact csr: row ptrs | Max Time: 12.251 ms | Avg Time: 12.038 ms | Load Imbalance: 1.018' [0m
			|--[91m 'compact csr: nnz index | Max Time: 21.856 ms | Avg Time: 21.620 ms | Load Imbalance: 1.011' [0m
			|--[91m 'compact csr: select nnz | Max Time: 8.130 ms | Avg Time: 7.890 ms | Load Imbalance: 1.030' [0m
			|--[91m 'compact csr: col map | Max Time: 14.673 ms | Avg Time: 14.582 ms | Load Imbalance: 1.006' [0m
			|--[91m 'compact csr: edge scale | Max Time: 19.966 ms | Avg Time: 19.582 ms | Load Imbalance: 1.020' [0m
			|--[91m 'compact csr: crow | Max Time: 16.230 ms | Avg Time: 15.710 ms | Load Imbalance: 1.033' [0m
			|--[91m 'compact csr: adjt direct | Max Time: 31.663 ms | Avg Time: 30.937 ms | Load Imbalance: 1.023' [0m
		|--[96m 'compact feature slice | Max Time: 3.622 ms | Avg Time: 3.607 ms | Load Imbalance: 1.004' [0m
		|--[96m 'compact label slice | Max Time: 0.661 ms | Avg Time: 0.651 ms | Load Imbalance: 1.016' [0m
	|--[92m 'train step | Max Time: 1236.332 ms | Avg Time: 1230.832 ms | Load Imbalance: 1.004' [0m
		|--[96m 'input_linear | Max Time: 57.132 ms | Avg Time: 49.796 ms | Load Imbalance: 1.147' [0m
			|--[91m 'input_linear X * W | Max Time: 5.264 ms | Avg Time: 5.187 ms | Load Imbalance: 1.015' [0m
			|--[91m 'all-reduce | Max Time: 44.860 ms | Avg Time: 37.430 ms | Load Imbalance: 1.198' [0m
			|--[91m 'OUT + BIAS | Max Time: 5.621 ms | Avg Time: 5.598 ms | Load Imbalance: 1.004' [0m
		|--[96m 'gcn conv fwd | Max Time: 466.120 ms | Avg Time: 459.805 ms | Load Imbalance: 1.014' [0m
			|--[91m 'AGG = A * H | Max Time: 25.067 ms | Avg Time: 21.202 ms | Load Imbalance: 1.182' [0m
			|--[91m 'allreduce H | Max Time: 209.653 ms | Avg Time: 200.196 ms | Load Imbalance: 1.047' [0m
				|--[95m 'allreduce lowp comm dtype | Max Time: 9.640 ms | Avg Time: 9.555 ms | Load Imbalance: 1.009' [0m
				|--[95m 'allreduce lowp | Max Time: 187.624 ms | Avg Time: 178.173 ms | Load Imbalance: 1.053' [0m
				|--[95m 'allreduce copy back | Max Time: 11.666 ms | Avg Time: 11.645 ms | Load Imbalance: 1.002' [0m
			|--[91m 'Allgather W | Max Time: 19.010 ms | Avg Time: 15.089 ms | Load Imbalance: 1.260' [0m
				|--[95m 'gather | Max Time: 18.668 ms | Avg Time: 14.749 ms | Load Imbalance: 1.266' [0m
			|--[91m 'OUT = AGG * W | Max Time: 22.438 ms | Avg Time: 22.407 ms | Load Imbalance: 1.001' [0m
			|--[91m 'allreduce Q | Max Time: 204.611 ms | Avg Time: 199.679 ms | Load Imbalance: 1.025' [0m
				|--[95m 'allreduce lowp comm dtype | Max Time: 9.793 ms | Avg Time: 9.774 ms | Load Imbalance: 1.002' [0m
				|--[95m 'allreduce lowp | Max Time: 182.365 ms | Avg Time: 177.470 ms | Load Imbalance: 1.028' [0m
				|--[95m 'allreduce copy back | Max Time: 11.628 ms | Avg Time: 11.613 ms | Load Imbalance: 1.001' [0m
		|--[96m 'activation | Max Time: 50.281 ms | Avg Time: 46.077 ms | Load Imbalance: 1.091' [0m
			|--[91m 'all-reduce | Max Time: 25.609 ms | Avg Time: 21.416 ms | Load Imbalance: 1.196' [0m
		|--[96m 'output_linear | Max Time: 5.354 ms | Avg Time: 5.331 ms | Load Imbalance: 1.004' [0m
			|--[91m 'output_linear X * W | Max Time: 4.711 ms | Avg Time: 4.689 ms | Load Imbalance: 1.005' [0m
			|--[91m 'all-reduce | Max Time: 0.070 ms | Avg Time: 0.068 ms | Load Imbalance: 1.021' [0m
			|--[91m 'OUT + BIAS | Max Time: 0.304 ms | Avg Time: 0.302 ms | Load Imbalance: 1.007' [0m
		|--[96m 'cross entropy fwd | Max Time: 20.540 ms | Avg Time: 20.241 ms | Load Imbalance: 1.015' [0m
		|--[96m 'cross entropy bwd | Max Time: 3.017 ms | Avg Time: 2.334 ms | Load Imbalance: 1.293' [0m
		|--[96m 'linear_3d_bwd | Max Time: 65.315 ms | Avg Time: 62.860 ms | Load Imbalance: 1.039' [0m
			|--[91m 'output_linear GRAD_X | Max Time: 4.150 ms | Avg Time: 3.882 ms | Load Imbalance: 1.069' [0m
			|--[91m 'all-reduce | Max Time: 45.807 ms | Avg Time: 43.315 ms | Load Imbalance: 1.058' [0m
			|--[91m 'output_linear GRAD_W | Max Time: 4.241 ms | Avg Time: 4.207 ms | Load Imbalance: 1.008' [0m
			|--[91m 'input_linear GRAD_W | Max Time: 4.389 ms | Avg Time: 4.351 ms | Load Imbalance: 1.009' [0m
		|--[96m 'gcn conv bwd | Max Time: 495.083 ms | Avg Time: 494.073 ms | Load Imbalance: 1.002' [0m
			|--[91m 'gather | Max Time: 3.358 ms | Avg Time: 2.958 ms | Load Imbalance: 1.135' [0m
			|--[91m 'GRAD_AGG = GRAD_OUT * W.T | Max Time: 22.471 ms | Avg Time: 22.450 ms | Load Imbalance: 1.001' [0m
			|--[91m 'allreduce lowp comm dtype | Max Time: 9.694 ms | Avg Time: 9.539 ms | Load Imbalance: 1.016' [0m
			|--[91m 'allreduce lowp | Max Time: 190.342 ms | Avg Time: 188.098 ms | Load Imbalance: 1.012' [0m
			|--[91m 'allreduce copy back | Max Time: 11.674 ms | Avg Time: 11.645 ms | Load Imbalance: 1.003' [0m
			|--[91m 'GRAD_W = AGG.T * GRAD_OUT | Max Time: 22.991 ms | Avg Time: 22.937 ms | Load Imbalance: 1.002' [0m
			|--[91m 'ReduceScatter grad_weight | Max Time: 16.765 ms | Avg Time: 12.637 ms | Load Imbalance: 1.327' [0m
				|--[95m 'reduce-scatter | Max Time: 16.422 ms | Avg Time: 12.296 ms | Load Imbalance: 1.336' [0m
					|--[92m 'reduce-scatter-dist | Max Time: 16.146 ms | Avg Time: 12.023 ms | Load Imbalance: 1.343' [0m
			|--[91m 'GRAD_H = A.T * GRAD_AGG | Max Time: 24.625 ms | Avg Time: 20.764 ms | Load Imbalance: 1.186' [0m
			|--[91m 'allreduce grad_x | Max Time: 204.803 ms | Avg Time: 201.061 ms | Load Imbalance: 1.019' [0m
				|--[95m 'allreduce lowp comm dtype | Max Time: 9.585 ms | Avg Time: 9.511 ms | Load Imbalance: 1.008' [0m
				|--[95m 'allreduce lowp | Max Time: 182.820 ms | Avg Time: 179.084 ms | Load Imbalance: 1.021' [0m
				|--[95m 'allreduce copy back | Max Time: 11.664 ms | Avg Time: 11.646 ms | Load Imbalance: 1.002' [0m
		|--[96m 'sync_norm_gradients | Max Time: 2.147 ms | Avg Time: 2.080 ms | Load Imbalance: 1.032' [0m
		|--[96m 'sync_data_parallel_gradients | Max Time: 0.069 ms | Avg Time: 0.068 ms | Load Imbalance: 1.010' [0m

|--[95m 'epoch 5 | Max Time: 1550.917 ms | Avg Time: 1550.902 ms | Load Imbalance: 1.000' [0m
	|--[92m 'minibatch prep | Max Time: 332.187 ms | Avg Time: 322.767 ms | Load Imbalance: 1.029' [0m
		|--[96m 'sample nodes | Max Time: 100.376 ms | Avg Time: 100.019 ms | Load Imbalance: 1.004' [0m
		|--[96m 'compact indices | Max Time: 18.133 ms | Avg Time: 17.621 ms | Load Imbalance: 1.029' [0m
		|--[96m 'compact adj shards | Max Time: 206.006 ms | Avg Time: 196.752 ms | Load Imbalance: 1.047' [0m
			|--[91m 'compact layout prep | Max Time: 46.996 ms | Avg Time: 39.791 ms | Load Imbalance: 1.181' [0m
			|--[91m 'compact csr: indices | Max Time: 1.936 ms | Avg Time: 1.849 ms | Load Imbalance: 1.047' [0m
			|--[91m 'compact csr: row ptrs | Max Time: 12.391 ms | Avg Time: 12.125 ms | Load Imbalance: 1.022' [0m
			|--[91m 'compact csr: nnz index | Max Time: 21.118 ms | Avg Time: 21.011 ms | Load Imbalance: 1.005' [0m
			|--[91m 'compact csr: select nnz | Max Time: 8.136 ms | Avg Time: 7.877 ms | Load Imbalance: 1.033' [0m
			|--[91m 'compact csr: col map | Max Time: 14.694 ms | Avg Time: 14.580 ms | Load Imbalance: 1.008' [0m
			|--[91m 'compact csr: edge scale | Max Time: 19.944 ms | Avg Time: 19.583 ms | Load Imbalance: 1.018' [0m
			|--[91m 'compact csr: crow | Max Time: 16.246 ms | Avg Time: 15.608 ms | Load Imbalance: 1.041' [0m
			|--[91m 'compact csr: adjt direct | Max Time: 31.582 ms | Avg Time: 30.919 ms | Load Imbalance: 1.021' [0m
		|--[96m 'compact feature slice | Max Time: 3.638 ms | Avg Time: 3.610 ms | Load Imbalance: 1.008' [0m
		|--[96m 'compact label slice | Max Time: 0.662 ms | Avg Time: 0.652 ms | Load Imbalance: 1.015' [0m
	|--[92m 'train step | Max Time: 1232.230 ms | Avg Time: 1225.910 ms | Load Imbalance: 1.005' [0m
		|--[96m 'input_linear | Max Time: 57.564 ms | Avg Time: 49.809 ms | Load Imbalance: 1.156' [0m
			|--[91m 'input_linear X * W | Max Time: 5.265 ms | Avg Time: 5.179 ms | Load Imbalance: 1.017' [0m
			|--[91m 'all-reduce | Max Time: 45.296 ms | Avg Time: 37.481 ms | Load Imbalance: 1.208' [0m
			|--[91m 'OUT + BIAS | Max Time: 5.616 ms | Avg Time: 5.598 ms | Load Imbalance: 1.003' [0m
		|--[96m 'gcn conv fwd | Max Time: 460.601 ms | Avg Time: 455.230 ms | Load Imbalance: 1.012' [0m
			|--[91m 'AGG = A * H | Max Time: 25.039 ms | Avg Time: 21.215 ms | Load Imbalance: 1.180' [0m
			|--[91m 'allreduce H | Max Time: 206.292 ms | Avg Time: 198.496 ms | Load Imbalance: 1.039' [0m
				|--[95m 'allreduce lowp comm dtype | Max Time: 9.640 ms | Avg Time: 9.550 ms | Load Imbalance: 1.009' [0m
				|--[95m 'allreduce lowp | Max Time: 184.284 ms | Avg Time: 176.479 ms | Load Imbalance: 1.044' [0m
				|--[95m 'allreduce copy back | Max Time: 11.671 ms | Avg Time: 11.644 ms | Load Imbalance: 1.002' [0m
			|--[91m 'Allgather W | Max Time: 17.280 ms | Avg Time: 13.550 ms | Load Imbalance: 1.275' [0m
				|--[95m 'gather | Max Time: 16.934 ms | Avg Time: 13.209 ms | Load Imbalance: 1.282' [0m
			|--[91m 'OUT = AGG * W | Max Time: 22.478 ms | Avg Time: 22.415 ms | Load Imbalance: 1.003' [0m
			|--[91m 'allreduce Q | Max Time: 202.518 ms | Avg Time: 198.323 ms | Load Imbalance: 1.021' [0m
				|--[95m 'allreduce lowp comm dtype | Max Time: 9.791 ms | Avg Time: 9.773 ms | Load Imbalance: 1.002' [0m
				|--[95m 'allreduce lowp | Max Time: 180.304 ms | Avg Time: 176.116 ms | Load Imbalance: 1.024' [0m
				|--[95m 'allreduce copy back | Max Time: 11.636 ms | Avg Time: 11.611 ms | Load Imbalance: 1.002' [0m
		|--[96m 'activation | Max Time: 47.477 ms | Avg Time: 42.947 ms | Load Imbalance: 1.105' [0m
			|--[91m 'all-reduce | Max Time: 22.798 ms | Avg Time: 18.280 ms | Load Imbalance: 1.247' [0m
		|--[96m 'output_linear | Max Time: 5.366 ms | Avg Time: 5.334 ms | Load Imbalance: 1.006' [0m
			|--[91m 'output_linear X * W | Max Time: 4.725 ms | Avg Time: 4.691 ms | Load Imbalance: 1.007' [0m
			|--[91m 'all-reduce | Max Time: 0.069 ms | Avg Time: 0.068 ms | Load Imbalance: 1.010' [0m
			|--[91m 'OUT + BIAS | Max Time: 0.304 ms | Avg Time: 0.302 ms | Load Imbalance: 1.008' [0m
		|--[96m 'cross entropy fwd | Max Time: 20.414 ms | Avg Time: 20.130 ms | Load Imbalance: 1.014' [0m
		|--[96m 'cross entropy bwd | Max Time: 3.019 ms | Avg Time: 2.358 ms | Load Imbalance: 1.280' [0m
		|--[96m 'linear_3d_bwd | Max Time: 63.435 ms | Avg Time: 62.039 ms | Load Imbalance: 1.023' [0m
			|--[91m 'output_linear GRAD_X | Max Time: 4.037 ms | Avg Time: 3.861 ms | Load Imbalance: 1.046' [0m
			|--[91m 'all-reduce | Max Time: 43.917 ms | Avg Time: 42.498 ms | Load Imbalance: 1.033' [0m
			|--[91m 'output_linear GRAD_W | Max Time: 4.249 ms | Avg Time: 4.206 ms | Load Imbalance: 1.010' [0m
			|--[91m 'input_linear GRAD_W | Max Time: 4.406 ms | Avg Time: 4.340 ms | Load Imbalance: 1.015' [0m
		|--[96m 'gcn conv bwd | Max Time: 498.914 ms | Avg Time: 498.010 ms | Load Imbalance: 1.002' [0m
			|--[91m 'gather | Max Time: 3.431 ms | Avg Time: 2.967 ms | Load Imbalance: 1.156' [0m
			|--[91m 'GRAD_AGG = GRAD_OUT * W.T | Max Time: 22.541 ms | Avg Time: 22.465 ms | Load Imbalance: 1.003' [0m
			|--[91m 'allreduce lowp comm dtype | Max Time: 9.663 ms | Avg Time: 9.534 ms | Load Imbalance: 1.014' [0m
			|--[91m 'allreduce lowp | Max Time: 194.186 ms | Avg Time: 191.724 ms | Load Imbalance: 1.013' [0m
			|--[91m 'allreduce copy back | Max Time: 11.682 ms | Avg Time: 11.643 ms | Load Imbalance: 1.003' [0m
			|--[91m 'GRAD_W = AGG.T * GRAD_OUT | Max Time: 22.986 ms | Avg Time: 22.944 ms | Load Imbalance: 1.002' [0m
			|--[91m 'ReduceScatter grad_weight | Max Time: 16.072 ms | Avg Time: 12.980 ms | Load Imbalance: 1.238' [0m
				|--[95m 'reduce-scatter | Max Time: 15.732 ms | Avg Time: 12.639 ms | Load Imbalance: 1.245' [0m
					|--[92m 'reduce-scatter-dist | Max Time: 15.463 ms | Avg Time: 12.366 ms | Load Imbalance: 1.250' [0m
			|--[91m 'GRAD_H = A.T * GRAD_AGG | Max Time: 24.627 ms | Avg Time: 20.780 ms | Load Imbalance: 1.185' [0m
			|--[91m 'allreduce grad_x | Max Time: 206.671 ms | Avg Time: 200.988 ms | Load Imbalance: 1.028' [0m
				|--[95m 'allreduce lowp comm dtype | Max Time: 9.578 ms | Avg Time: 9.507 ms | Load Imbalance: 1.007' [0m
				|--[95m 'allreduce lowp | Max Time: 184.686 ms | Avg Time: 179.013 ms | Load Imbalance: 1.032' [0m
				|--[95m 'allreduce copy back | Max Time: 11.669 ms | Avg Time: 11.645 ms | Load Imbalance: 1.002' [0m
		|--[96m 'sync_norm_gradients | Max Time: 2.129 ms | Avg Time: 2.073 ms | Load Imbalance: 1.027' [0m
		|--[96m 'sync_data_parallel_gradients | Max Time: 0.070 ms | Avg Time: 0.068 ms | Load Imbalance: 1.026' [0m

|--[95m 'epoch 6 | Max Time: 1555.304 ms | Avg Time: 1555.289 ms | Load Imbalance: 1.000' [0m
	|--[92m 'minibatch prep | Max Time: 335.107 ms | Avg Time: 323.496 ms | Load Imbalance: 1.036' [0m
		|--[96m 'sample nodes | Max Time: 100.332 ms | Avg Time: 100.006 ms | Load Imbalance: 1.003' [0m
		|--[96m 'compact indices | Max Time: 17.984 ms | Avg Time: 17.571 ms | Load Imbalance: 1.024' [0m
		|--[96m 'compact adj shards | Max Time: 209.196 ms | Avg Time: 197.568 ms | Load Imbalance: 1.059' [0m
			|--[91m 'compact layout prep | Max Time: 47.227 ms | Avg Time: 39.848 ms | Load Imbalance: 1.185' [0m
			|--[91m 'compact csr: indices | Max Time: 1.946 ms | Avg Time: 1.850 ms | Load Imbalance: 1.052' [0m
			|--[91m 'compact csr: row ptrs | Max Time: 12.309 ms | Avg Time: 12.055 ms | Load Imbalance: 1.021' [0m
			|--[91m 'compact csr: nnz index | Max Time: 21.846 ms | Avg Time: 21.641 ms | Load Imbalance: 1.009' [0m
			|--[91m 'compact csr: select nnz | Max Time: 8.179 ms | Avg Time: 7.946 ms | Load Imbalance: 1.029' [0m
			|--[91m 'compact csr: col map | Max Time: 14.674 ms | Avg Time: 14.565 ms | Load Imbalance: 1.008' [0m
			|--[91m 'compact csr: edge scale | Max Time: 22.527 ms | Avg Time: 19.746 ms | Load Imbalance: 1.141' [0m
			|--[91m 'compact csr: crow | Max Time: 16.180 ms | Avg Time: 15.614 ms | Load Imbalance: 1.036' [0m
			|--[91m 'compact csr: adjt direct | Max Time: 31.730 ms | Avg Time: 30.915 ms | Load Imbalance: 1.026' [0m
		|--[96m 'compact feature slice | Max Time: 3.625 ms | Avg Time: 3.608 ms | Load Imbalance: 1.005' [0m
		|--[96m 'compact label slice | Max Time: 0.662 ms | Avg Time: 0.651 ms | Load Imbalance: 1.016' [0m
	|--[92m 'train step | Max Time: 1235.832 ms | Avg Time: 1229.592 ms | Load Imbalance: 1.005' [0m
		|--[96m 'input_linear | Max Time: 58.036 ms | Avg Time: 50.684 ms | Load Imbalance: 1.145' [0m
			|--[91m 'input_linear X * W | Max Time: 5.224 ms | Avg Time: 5.181 ms | Load Imbalance: 1.008' [0m
			|--[91m 'all-reduce | Max Time: 45.844 ms | Avg Time: 38.351 ms | Load Imbalance: 1.195' [0m
			|--[91m 'OUT + BIAS | Max Time: 5.617 ms | Avg Time: 5.597 ms | Load Imbalance: 1.004' [0m
		|--[96m 'gcn conv fwd | Max Time: 468.029 ms | Avg Time: 459.848 ms | Load Imbalance: 1.018' [0m
			|--[91m 'AGG = A * H | Max Time: 25.058 ms | Avg Time: 21.206 ms | Load Imbalance: 1.182' [0m
			|--[91m 'allreduce H | Max Time: 213.993 ms | Avg Time: 202.200 ms | Load Imbalance: 1.058' [0m
				|--[95m 'allreduce lowp comm dtype | Max Time: 9.642 ms | Avg Time: 9.551 ms | Load Imbalance: 1.010' [0m
				|--[95m 'allreduce lowp | Max Time: 191.981 ms | Avg Time: 180.181 ms | Load Imbalance: 1.065' [0m
				|--[95m 'allreduce copy back | Max Time: 11.668 ms | Avg Time: 11.644 ms | Load Imbalance: 1.002' [0m
			|--[91m 'Allgather W | Max Time: 19.383 ms | Avg Time: 14.337 ms | Load Imbalance: 1.352' [0m
				|--[95m 'gather | Max Time: 19.040 ms | Avg Time: 13.996 ms | Load Imbalance: 1.360' [0m
			|--[91m 'OUT = AGG * W | Max Time: 22.432 ms | Avg Time: 22.400 ms | Load Imbalance: 1.001' [0m
			|--[91m 'allreduce Q | Max Time: 202.739 ms | Avg Time: 198.474 ms | Load Imbalance: 1.021' [0m
				|--[95m 'allreduce lowp comm dtype | Max Time: 9.798 ms | Avg Time: 9.776 ms | Load Imbalance: 1.002' [0m
				|--[95m 'allreduce lowp | Max Time: 180.489 ms | Avg Time: 176.263 ms | Load Imbalance: 1.024' [0m
				|--[95m 'allreduce copy back | Max Time: 11.634 ms | Avg Time: 11.612 ms | Load Imbalance: 1.002' [0m
		|--[96m 'activation | Max Time: 49.094 ms | Avg Time: 44.995 ms | Load Imbalance: 1.091' [0m
			|--[91m 'all-reduce | Max Time: 24.459 ms | Avg Time: 20.330 ms | Load Imbalance: 1.203' [0m
		|--[96m 'output_linear | Max Time: 5.346 ms | Avg Time: 5.327 ms | Load Imbalance: 1.003' [0m
			|--[91m 'output_linear X * W | Max Time: 4.702 ms | Avg Time: 4.685 ms | Load Imbalance: 1.004' [0m
			|--[91m 'all-reduce | Max Time: 0.069 ms | Avg Time: 0.068 ms | Load Imbalance: 1.014' [0m
			|--[91m 'OUT + BIAS | Max Time: 0.305 ms | Avg Time: 0.301 ms | Load Imbalance: 1.012' [0m
		|--[96m 'cross entropy fwd | Max Time: 20.658 ms | Avg Time: 20.325 ms | Load Imbalance: 1.016' [0m
		|--[96m 'cross entropy bwd | Max Time: 3.228 ms | Avg Time: 2.348 ms | Load Imbalance: 1.375' [0m
		|--[96m 'linear_3d_bwd | Max Time: 64.749 ms | Avg Time: 61.349 ms | Load Imbalance: 1.055' [0m
			|--[91m 'output_linear GRAD_X | Max Time: 4.230 ms | Avg Time: 3.872 ms | Load Imbalance: 1.093' [0m
			|--[91m 'all-reduce | Max Time: 45.351 ms | Avg Time: 41.793 ms | Load Imbalance: 1.085' [0m
			|--[91m 'output_linear GRAD_W | Max Time: 4.243 ms | Avg Time: 4.206 ms | Load Imbalance: 1.009' [0m
			|--[91m 'input_linear GRAD_W | Max Time: 4.396 ms | Avg Time: 4.357 ms | Load Imbalance: 1.009' [0m
		|--[96m 'gcn conv bwd | Max Time: 496.951 ms | Avg Time: 495.569 ms | Load Imbalance: 1.003' [0m
			|--[91m 'gather | Max Time: 3.221 ms | Avg Time: 2.931 ms | Load Imbalance: 1.099' [0m
			|--[91m 'GRAD_AGG = GRAD_OUT * W.T | Max Time: 22.473 ms | Avg Time: 22.443 ms | Load Imbalance: 1.001' [0m
			|--[91m 'allreduce lowp comm dtype | Max Time: 9.707 ms | Avg Time: 9.536 ms | Load Imbalance: 1.018' [0m
			|--[91m 'allreduce lowp | Max Time: 194.890 ms | Avg Time: 191.336 ms | Load Imbalance: 1.019' [0m
			|--[91m 'allreduce copy back | Max Time: 11.685 ms | Avg Time: 11.643 ms | Load Imbalance: 1.004' [0m
			|--[91m 'GRAD_W = AGG.T * GRAD_OUT | Max Time: 23.001 ms | Avg Time: 22.934 ms | Load Imbalance: 1.003' [0m
			|--[91m 'ReduceScatter grad_weight | Max Time: 14.478 ms | Avg Time: 10.513 ms | Load Imbalance: 1.377' [0m
				|--[95m 'reduce-scatter | Max Time: 14.135 ms | Avg Time: 10.173 ms | Load Imbalance: 1.390' [0m
					|--[92m 'reduce-scatter-dist | Max Time: 13.861 ms | Avg Time: 9.900 ms | Load Imbalance: 1.400' [0m
			|--[91m 'GRAD_H = A.T * GRAD_AGG | Max Time: 24.636 ms | Avg Time: 20.772 ms | Load Imbalance: 1.186' [0m
			|--[91m 'allreduce grad_x | Max Time: 207.802 ms | Avg Time: 201.473 ms | Load Imbalance: 1.031' [0m
				|--[95m 'allreduce lowp comm dtype | Max Time: 9.587 ms | Avg Time: 9.511 ms | Load Imbalance: 1.008' [0m
				|--[95m 'allreduce lowp | Max Time: 185.805 ms | Avg Time: 179.495 ms | Load Imbalance: 1.035' [0m
				|--[95m 'allreduce copy back | Max Time: 11.667 ms | Avg Time: 11.646 ms | Load Imbalance: 1.002' [0m
		|--[96m 'sync_norm_gradients | Max Time: 2.114 ms | Avg Time: 2.023 ms | Load Imbalance: 1.045' [0m
		|--[96m 'sync_data_parallel_gradients | Max Time: 0.069 ms | Avg Time: 0.068 ms | Load Imbalance: 1.016' [0m

|--[95m 'epoch 7 | Max Time: 1559.455 ms | Avg Time: 1559.437 ms | Load Imbalance: 1.000' [0m
	|--[92m 'minibatch prep | Max Time: 332.487 ms | Avg Time: 322.821 ms | Load Imbalance: 1.030' [0m
		|--[96m 'sample nodes | Max Time: 100.294 ms | Avg Time: 100.025 ms | Load Imbalance: 1.003' [0m
		|--[96m 'compact indices | Max Time: 18.053 ms | Avg Time: 17.600 ms | Load Imbalance: 1.026' [0m
		|--[96m 'compact adj shards | Max Time: 206.285 ms | Avg Time: 196.854 ms | Load Imbalance: 1.048' [0m
			|--[91m 'compact layout prep | Max Time: 47.140 ms | Avg Time: 39.859 ms | Load Imbalance: 1.183' [0m
			|--[91m 'compact csr: indices | Max Time: 1.943 ms | Avg Time: 1.855 ms | Load Imbalance: 1.048' [0m
			|--[91m 'compact csr: row ptrs | Max Time: 12.241 ms | Avg Time: 12.040 ms | Load Imbalance: 1.017' [0m
			|--[91m 'compact csr: nnz index | Max Time: 21.151 ms | Avg Time: 21.026 ms | Load Imbalance: 1.006' [0m
			|--[91m 'compact csr: select nnz | Max Time: 8.137 ms | Avg Time: 7.885 ms | Load Imbalance: 1.032' [0m
			|--[91m 'compact csr: col map | Max Time: 14.681 ms | Avg Time: 14.596 ms | Load Imbalance: 1.006' [0m
			|--[91m 'compact csr: edge scale | Max Time: 20.102 ms | Avg Time: 19.654 ms | Load Imbalance: 1.023' [0m
			|--[91m 'compact csr: crow | Max Time: 16.105 ms | Avg Time: 15.605 ms | Load Imbalance: 1.032' [0m
			|--[91m 'compact csr: adjt direct | Max Time: 31.716 ms | Avg Time: 30.930 ms | Load Imbalance: 1.025' [0m
		|--[96m 'compact feature slice | Max Time: 3.629 ms | Avg Time: 3.603 ms | Load Imbalance: 1.007' [0m
		|--[96m 'compact label slice | Max Time: 0.660 ms | Avg Time: 0.653 ms | Load Imbalance: 1.010' [0m
	|--[92m 'train step | Max Time: 1240.523 ms | Avg Time: 1234.408 ms | Load Imbalance: 1.005' [0m
		|--[96m 'input_linear | Max Time: 57.768 ms | Avg Time: 49.989 ms | Load Imbalance: 1.156' [0m
			|--[91m 'input_linear X * W | Max Time: 5.262 ms | Avg Time: 5.198 ms | Load Imbalance: 1.012' [0m
			|--[91m 'all-reduce | Max Time: 45.519 ms | Avg Time: 37.612 ms | Load Imbalance: 1.210' [0m
			|--[91m 'OUT + BIAS | Max Time: 5.619 ms | Avg Time: 5.596 ms | Load Imbalance: 1.004' [0m
		|--[96m 'gcn conv fwd | Max Time: 464.058 ms | Avg Time: 457.262 ms | Load Imbalance: 1.015' [0m
			|--[91m 'AGG = A * H | Max Time: 25.064 ms | Avg Time: 21.199 ms | Load Imbalance: 1.182' [0m
			|--[91m 'allreduce H | Max Time: 205.984 ms | Avg Time: 200.158 ms | Load Imbalance: 1.029' [0m
				|--[95m 'allreduce lowp comm dtype | Max Time: 9.636 ms | Avg Time: 9.552 ms | Load Imbalance: 1.009' [0m
				|--[95m 'allreduce lowp | Max Time: 183.967 ms | Avg Time: 178.142 ms | Load Imbalance: 1.033' [0m
				|--[95m 'allreduce copy back | Max Time: 11.667 ms | Avg Time: 11.640 ms | Load Imbalance: 1.002' [0m
			|--[91m 'Allgather W | Max Time: 18.654 ms | Avg Time: 13.626 ms | Load Imbalance: 1.369' [0m
				|--[95m 'gather | Max Time: 18.310 ms | Avg Time: 13.286 ms | Load Imbalance: 1.378' [0m
			|--[91m 'OUT = AGG * W | Max Time: 22.471 ms | Avg Time: 22.409 ms | Load Imbalance: 1.003' [0m
			|--[91m 'allreduce Q | Max Time: 203.321 ms | Avg Time: 198.637 ms | Load Imbalance: 1.024' [0m
				|--[95m 'allreduce lowp comm dtype | Max Time: 9.791 ms | Avg Time: 9.775 ms | Load Imbalance: 1.002' [0m
				|--[95m 'allreduce lowp | Max Time: 181.127 ms | Avg Time: 176.428 ms | Load Imbalance: 1.027' [0m
				|--[95m 'allreduce copy back | Max Time: 11.633 ms | Avg Time: 11.613 ms | Load Imbalance: 1.002' [0m
		|--[96m 'activation | Max Time: 50.024 ms | Avg Time: 45.652 ms | Load Imbalance: 1.096' [0m
			|--[91m 'all-reduce | Max Time: 25.355 ms | Avg Time: 20.987 ms | Load Imbalance: 1.208' [0m
		|--[96m 'output_linear | Max Time: 5.373 ms | Avg Time: 5.333 ms | Load Imbalance: 1.007' [0m
			|--[91m 'output_linear X * W | Max Time: 4.730 ms | Avg Time: 4.691 ms | Load Imbalance: 1.008' [0m
			|--[91m 'all-reduce | Max Time: 0.070 ms | Avg Time: 0.068 ms | Load Imbalance: 1.021' [0m
			|--[91m 'OUT + BIAS | Max Time: 0.304 ms | Avg Time: 0.301 ms | Load Imbalance: 1.009' [0m
		|--[96m 'cross entropy fwd | Max Time: 21.719 ms | Avg Time: 21.335 ms | Load Imbalance: 1.018' [0m
		|--[96m 'cross entropy bwd | Max Time: 3.203 ms | Avg Time: 2.325 ms | Load Imbalance: 1.378' [0m
		|--[96m 'linear_3d_bwd | Max Time: 66.054 ms | Avg Time: 63.945 ms | Load Imbalance: 1.033' [0m
			|--[91m 'output_linear GRAD_X | Max Time: 4.149 ms | Avg Time: 3.845 ms | Load Imbalance: 1.079' [0m
			|--[91m 'all-reduce | Max Time: 46.575 ms | Avg Time: 44.437 ms | Load Imbalance: 1.048' [0m
			|--[91m 'output_linear GRAD_W | Max Time: 4.240 ms | Avg Time: 4.208 ms | Load Imbalance: 1.007' [0m
			|--[91m 'input_linear GRAD_W | Max Time: 4.393 ms | Avg Time: 4.348 ms | Load Imbalance: 1.010' [0m
		|--[96m 'gcn conv bwd | Max Time: 500.046 ms | Avg Time: 498.840 ms | Load Imbalance: 1.002' [0m
			|--[91m 'gather | Max Time: 3.327 ms | Avg Time: 2.942 ms | Load Imbalance: 1.131' [0m
			|--[91m 'GRAD_AGG = GRAD_OUT * W.T | Max Time: 22.511 ms | Avg Time: 22.460 ms | Load Imbalance: 1.002' [0m
			|--[91m 'allreduce lowp comm dtype | Max Time: 9.685 ms | Avg Time: 9.557 ms | Load Imbalance: 1.013' [0m
			|--[91m 'allreduce lowp | Max Time: 198.822 ms | Avg Time: 193.983 ms | Load Imbalance: 1.025' [0m
			|--[91m 'allreduce copy back | Max Time: 11.669 ms | Avg Time: 11.644 ms | Load Imbalance: 1.002' [0m
			|--[91m 'GRAD_W = AGG.T * GRAD_OUT | Max Time: 22.994 ms | Avg Time: 22.946 ms | Load Imbalance: 1.002' [0m
			|--[91m 'ReduceScatter grad_weight | Max Time: 16.590 ms | Avg Time: 11.627 ms | Load Imbalance: 1.427' [0m
				|--[95m 'reduce-scatter | Max Time: 16.248 ms | Avg Time: 11.286 ms | Load Imbalance: 1.440' [0m
					|--[92m 'reduce-scatter-dist | Max Time: 15.974 ms | Avg Time: 11.014 ms | Load Imbalance: 1.450' [0m
			|--[91m 'GRAD_H = A.T * GRAD_AGG | Max Time: 24.610 ms | Avg Time: 20.762 ms | Load Imbalance: 1.185' [0m
			|--[91m 'allreduce grad_x | Max Time: 207.861 ms | Avg Time: 200.933 ms | Load Imbalance: 1.034' [0m
				|--[95m 'allreduce lowp comm dtype | Max Time: 9.567 ms | Avg Time: 9.507 ms | Load Imbalance: 1.006' [0m
				|--[95m 'allreduce lowp | Max Time: 185.905 ms | Avg Time: 178.959 ms | Load Imbalance: 1.039' [0m
				|--[95m 'allreduce copy back | Max Time: 11.665 ms | Avg Time: 11.645 ms | Load Imbalance: 1.002' [0m
		|--[96m 'sync_norm_gradients | Max Time: 2.201 ms | Avg Time: 2.095 ms | Load Imbalance: 1.050' [0m
		|--[96m 'sync_data_parallel_gradients | Max Time: 0.069 ms | Avg Time: 0.068 ms | Load Imbalance: 1.012' [0m

|--[95m 'epoch 8 | Max Time: 1718.429 ms | Avg Time: 1718.415 ms | Load Imbalance: 1.000' [0m
	|--[92m 'minibatch prep | Max Time: 332.369 ms | Avg Time: 322.242 ms | Load Imbalance: 1.031' [0m
		|--[96m 'sample nodes | Max Time: 100.270 ms | Avg Time: 100.052 ms | Load Imbalance: 1.002' [0m
		|--[96m 'compact indices | Max Time: 18.015 ms | Avg Time: 17.577 ms | Load Imbalance: 1.025' [0m
		|--[96m 'compact adj shards | Max Time: 206.026 ms | Avg Time: 196.257 ms | Load Imbalance: 1.050' [0m
			|--[91m 'compact layout prep | Max Time: 46.997 ms | Avg Time: 39.854 ms | Load Imbalance: 1.179' [0m
			|--[91m 'compact csr: indices | Max Time: 1.931 ms | Avg Time: 1.838 ms | Load Imbalance: 1.051' [0m
			|--[91m 'compact csr: row ptrs | Max Time: 12.197 ms | Avg Time: 12.011 ms | Load Imbalance: 1.016' [0m
			|--[91m 'compact csr: nnz index | Max Time: 21.127 ms | Avg Time: 20.998 ms | Load Imbalance: 1.006' [0m
			|--[91m 'compact csr: select nnz | Max Time: 8.118 ms | Avg Time: 7.871 ms | Load Imbalance: 1.031' [0m
			|--[91m 'compact csr: col map | Max Time: 14.689 ms | Avg Time: 14.583 ms | Load Imbalance: 1.007' [0m
			|--[91m 'compact csr: edge scale | Max Time: 20.020 ms | Avg Time: 19.440 ms | Load Imbalance: 1.030' [0m
			|--[91m 'compact csr: crow | Max Time: 16.416 ms | Avg Time: 15.571 ms | Load Imbalance: 1.054' [0m
			|--[91m 'compact csr: adjt direct | Max Time: 31.581 ms | Avg Time: 30.864 ms | Load Imbalance: 1.023' [0m
		|--[96m 'compact feature slice | Max Time: 3.637 ms | Avg Time: 3.612 ms | Load Imbalance: 1.007' [0m
		|--[96m 'compact label slice | Max Time: 0.665 ms | Avg Time: 0.653 ms | Load Imbalance: 1.020' [0m
	|--[92m 'train step | Max Time: 1400.071 ms | Avg Time: 1393.945 ms | Load Imbalance: 1.004' [0m
		|--[96m 'input_linear | Max Time: 79.820 ms | Avg Time: 60.821 ms | Load Imbalance: 1.312' [0m
			|--[91m 'input_linear X * W | Max Time: 5.283 ms | Avg Time: 5.221 ms | Load Imbalance: 1.012' [0m
			|--[91m 'all-reduce | Max Time: 67.344 ms | Avg Time: 48.442 ms | Load Imbalance: 1.390' [0m
			|--[91m 'OUT + BIAS | Max Time: 5.612 ms | Avg Time: 5.596 ms | Load Imbalance: 1.003' [0m
		|--[96m 'gcn conv fwd | Max Time: 481.797 ms | Avg Time: 467.713 ms | Load Imbalance: 1.030' [0m
			|--[91m 'AGG = A * H | Max Time: 25.023 ms | Avg Time: 21.204 ms | Load Imbalance: 1.180' [0m
			|--[91m 'allreduce H | Max Time: 225.055 ms | Avg Time: 209.391 ms | Load Imbalance: 1.075' [0m
				|--[95m 'allreduce lowp comm dtype | Max Time: 9.635 ms | Avg Time: 9.550 ms | Load Imbalance: 1.009' [0m
				|--[95m 'allreduce lowp | Max Time: 203.017 ms | Avg Time: 187.375 ms | Load Imbalance: 1.083' [0m
				|--[95m 'allreduce copy back | Max Time: 11.667 ms | Avg Time: 11.641 ms | Load Imbalance: 1.002' [0m
			|--[91m 'Allgather W | Max Time: 17.105 ms | Avg Time: 13.376 ms | Load Imbalance: 1.279' [0m
				|--[95m 'gather | Max Time: 16.766 ms | Avg Time: 13.035 ms | Load Imbalance: 1.286' [0m
			|--[91m 'OUT = AGG * W | Max Time: 22.435 ms | Avg Time: 22.392 ms | Load Imbalance: 1.002' [0m
			|--[91m 'allreduce Q | Max Time: 204.202 ms | Avg Time: 200.119 ms | Load Imbalance: 1.020' [0m
				|--[95m 'allreduce lowp comm dtype | Max Time: 9.792 ms | Avg Time: 9.773 ms | Load Imbalance: 1.002' [0m
				|--[95m 'allreduce lowp | Max Time: 182.009 ms | Avg Time: 177.912 ms | Load Imbalance: 1.023' [0m
				|--[95m 'allreduce copy back | Max Time: 11.630 ms | Avg Time: 11.612 ms | Load Imbalance: 1.002' [0m
		|--[96m 'activation | Max Time: 48.765 ms | Avg Time: 44.349 ms | Load Imbalance: 1.100' [0m
			|--[91m 'all-reduce | Max Time: 24.105 ms | Avg Time: 19.687 ms | Load Imbalance: 1.224' [0m
		|--[96m 'output_linear | Max Time: 5.359 ms | Avg Time: 5.326 ms | Load Imbalance: 1.006' [0m
			|--[91m 'output_linear X * W | Max Time: 4.715 ms | Avg Time: 4.683 ms | Load Imbalance: 1.007' [0m
			|--[91m 'all-reduce | Max Time: 0.069 ms | Avg Time: 0.068 ms | Load Imbalance: 1.014' [0m
			|--[91m 'OUT + BIAS | Max Time: 0.305 ms | Avg Time: 0.302 ms | Load Imbalance: 1.009' [0m
		|--[96m 'cross entropy fwd | Max Time: 20.320 ms | Avg Time: 20.141 ms | Load Imbalance: 1.009' [0m
		|--[96m 'cross entropy bwd | Max Time: 3.179 ms | Avg Time: 2.359 ms | Load Imbalance: 1.348' [0m
		|--[96m 'linear_3d_bwd | Max Time: 64.173 ms | Avg Time: 62.310 ms | Load Imbalance: 1.030' [0m
			|--[91m 'output_linear GRAD_X | Max Time: 4.195 ms | Avg Time: 3.887 ms | Load Imbalance: 1.079' [0m
			|--[91m 'all-reduce | Max Time: 44.676 ms | Avg Time: 42.751 ms | Load Imbalance: 1.045' [0m
			|--[91m 'output_linear GRAD_W | Max Time: 4.239 ms | Avg Time: 4.204 ms | Load Imbalance: 1.008' [0m
			|--[91m 'input_linear GRAD_W | Max Time: 4.381 ms | Avg Time: 4.355 ms | Load Imbalance: 1.006' [0m
		|--[96m 'gcn conv bwd | Max Time: 496.471 ms | Avg Time: 495.565 ms | Load Imbalance: 1.002' [0m
			|--[91m 'gather | Max Time: 3.242 ms | Avg Time: 2.959 ms | Load Imbalance: 1.096' [0m
			|--[91m 'GRAD_AGG = GRAD_OUT * W.T | Max Time: 22.512 ms | Avg Time: 22.440 ms | Load Imbalance: 1.003' [0m
			|--[91m 'allreduce lowp comm dtype | Max Time: 9.734 ms | Avg Time: 9.579 ms | Load Imbalance: 1.016' [0m
			|--[91m 'allreduce lowp | Max Time: 192.850 ms | Avg Time: 189.021 ms | Load Imbalance: 1.020' [0m
			|--[91m 'allreduce copy back | Max Time: 11.678 ms | Avg Time: 11.645 ms | Load Imbalance: 1.003' [0m
			|--[91m 'GRAD_W = AGG.T * GRAD_OUT | Max Time: 22.981 ms | Avg Time: 22.943 ms | Load Imbalance: 1.002' [0m
			|--[91m 'ReduceScatter grad_weight | Max Time: 18.643 ms | Avg Time: 13.011 ms | Load Imbalance: 1.433' [0m
				|--[95m 'reduce-scatter | Max Time: 18.304 ms | Avg Time: 12.671 ms | Load Imbalance: 1.445' [0m
					|--[92m 'reduce-scatter-dist | Max Time: 18.033 ms | Avg Time: 12.397 ms | Load Imbalance: 1.455' [0m
			|--[91m 'GRAD_H = A.T * GRAD_AGG | Max Time: 24.583 ms | Avg Time: 20.756 ms | Load Imbalance: 1.184' [0m
			|--[91m 'allreduce grad_x | Max Time: 205.959 ms | Avg Time: 201.226 ms | Load Imbalance: 1.024' [0m
				|--[95m 'allreduce lowp comm dtype | Max Time: 9.575 ms | Avg Time: 9.504 ms | Load Imbalance: 1.007' [0m
				|--[95m 'allreduce lowp | Max Time: 184.053 ms | Avg Time: 179.258 ms | Load Imbalance: 1.027' [0m
				|--[95m 'allreduce copy back | Max Time: 11.667 ms | Avg Time: 11.642 ms | Load Imbalance: 1.002' [0m
		|--[96m 'sync_norm_gradients | Max Time: 2.136 ms | Avg Time: 2.067 ms | Load Imbalance: 1.033' [0m
		|--[96m 'sync_data_parallel_gradients | Max Time: 0.069 ms | Avg Time: 0.068 ms | Load Imbalance: 1.014' [0m

|--[95m 'epoch 9 | Max Time: 1550.477 ms | Avg Time: 1550.465 ms | Load Imbalance: 1.000' [0m
	|--[92m 'minibatch prep | Max Time: 332.744 ms | Avg Time: 322.934 ms | Load Imbalance: 1.030' [0m
		|--[96m 'sample nodes | Max Time: 100.283 ms | Avg Time: 100.022 ms | Load Imbalance: 1.003' [0m
		|--[96m 'compact indices | Max Time: 18.117 ms | Avg Time: 17.573 ms | Load Imbalance: 1.031' [0m
		|--[96m 'compact adj shards | Max Time: 206.367 ms | Avg Time: 196.997 ms | Load Imbalance: 1.048' [0m
			|--[91m 'compact layout prep | Max Time: 47.216 ms | Avg Time: 39.860 ms | Load Imbalance: 1.185' [0m
			|--[91m 'compact csr: indices | Max Time: 1.985 ms | Avg Time: 1.862 ms | Load Imbalance: 1.066' [0m
			|--[91m 'compact csr: row ptrs | Max Time: 12.245 ms | Avg Time: 12.049 ms | Load Imbalance: 1.016' [0m
			|--[91m 'compact csr: nnz index | Max Time: 23.162 ms | Avg Time: 21.167 ms | Load Imbalance: 1.094' [0m
			|--[91m 'compact csr: select nnz | Max Time: 8.134 ms | Avg Time: 7.888 ms | Load Imbalance: 1.031' [0m
			|--[91m 'compact csr: col map | Max Time: 14.692 ms | Avg Time: 14.608 ms | Load Imbalance: 1.006' [0m
			|--[91m 'compact csr: edge scale | Max Time: 19.984 ms | Avg Time: 19.622 ms | Load Imbalance: 1.018' [0m
			|--[91m 'compact csr: crow | Max Time: 16.208 ms | Avg Time: 15.591 ms | Load Imbalance: 1.040' [0m
			|--[91m 'compact csr: adjt direct | Max Time: 31.626 ms | Avg Time: 30.948 ms | Load Imbalance: 1.022' [0m
		|--[96m 'compact feature slice | Max Time: 3.638 ms | Avg Time: 3.604 ms | Load Imbalance: 1.009' [0m
		|--[96m 'compact label slice | Max Time: 0.658 ms | Avg Time: 0.652 ms | Load Imbalance: 1.010' [0m
	|--[92m 'train step | Max Time: 1231.719 ms | Avg Time: 1225.318 ms | Load Imbalance: 1.005' [0m
		|--[96m 'input_linear | Max Time: 58.086 ms | Avg Time: 50.114 ms | Load Imbalance: 1.159' [0m
			|--[91m 'input_linear X * W | Max Time: 5.207 ms | Avg Time: 5.158 ms | Load Imbalance: 1.009' [0m
			|--[91m 'all-reduce | Max Time: 45.850 ms | Avg Time: 37.784 ms | Load Imbalance: 1.213' [0m
			|--[91m 'OUT + BIAS | Max Time: 5.616 ms | Avg Time: 5.597 ms | Load Imbalance: 1.003' [0m
		|--[96m 'gcn conv fwd | Max Time: 463.842 ms | Avg Time: 456.880 ms | Load Imbalance: 1.015' [0m
			|--[91m 'AGG = A * H | Max Time: 25.060 ms | Avg Time: 21.197 ms | Load Imbalance: 1.182' [0m
			|--[91m 'allreduce H | Max Time: 205.841 ms | Avg Time: 200.727 ms | Load Imbalance: 1.025' [0m
				|--[95m 'allreduce lowp comm dtype | Max Time: 9.638 ms | Avg Time: 9.549 ms | Load Imbalance: 1.009' [0m
				|--[95m 'allreduce lowp | Max Time: 183.832 ms | Avg Time: 178.711 ms | Load Imbalance: 1.029' [0m
				|--[95m 'allreduce copy back | Max Time: 11.677 ms | Avg Time: 11.642 ms | Load Imbalance: 1.003' [0m
			|--[91m 'Allgather W | Max Time: 16.683 ms | Avg Time: 12.859 ms | Load Imbalance: 1.297' [0m
				|--[95m 'gather | Max Time: 16.339 ms | Avg Time: 12.519 ms | Load Imbalance: 1.305' [0m
			|--[91m 'OUT = AGG * W | Max Time: 22.447 ms | Avg Time: 22.407 ms | Load Imbalance: 1.002' [0m
			|--[91m 'allreduce Q | Max Time: 203.927 ms | Avg Time: 198.460 ms | Load Imbalance: 1.028' [0m
				|--[95m 'allreduce lowp comm dtype | Max Time: 9.796 ms | Avg Time: 9.775 ms | Load Imbalance: 1.002' [0m
				|--[95m 'allreduce lowp | Max Time: 181.704 ms | Avg Time: 176.252 ms | Load Imbalance: 1.031' [0m
				|--[95m 'allreduce copy back | Max Time: 11.626 ms | Avg Time: 11.610 ms | Load Imbalance: 1.001' [0m
		|--[96m 'activation | Max Time: 48.306 ms | Avg Time: 44.344 ms | Load Imbalance: 1.089' [0m
			|--[91m 'all-reduce | Max Time: 23.639 ms | Avg Time: 19.681 ms | Load Imbalance: 1.201' [0m
		|--[96m 'output_linear | Max Time: 5.355 ms | Avg Time: 5.332 ms | Load Imbalance: 1.004' [0m
			|--[91m 'output_linear X * W | Max Time: 4.708 ms | Avg Time: 4.689 ms | Load Imbalance: 1.004' [0m
			|--[91m 'all-reduce | Max Time: 0.069 ms | Avg Time: 0.068 ms | Load Imbalance: 1.011' [0m
			|--[91m 'OUT + BIAS | Max Time: 0.304 ms | Avg Time: 0.302 ms | Load Imbalance: 1.008' [0m
		|--[96m 'cross entropy fwd | Max Time: 20.648 ms | Avg Time: 20.265 ms | Load Imbalance: 1.019' [0m
		|--[96m 'cross entropy bwd | Max Time: 3.114 ms | Avg Time: 2.361 ms | Load Imbalance: 1.319' [0m
		|--[96m 'linear_3d_bwd | Max Time: 64.255 ms | Avg Time: 62.470 ms | Load Imbalance: 1.029' [0m
			|--[91m 'output_linear GRAD_X | Max Time: 4.134 ms | Avg Time: 3.846 ms | Load Imbalance: 1.075' [0m
			|--[91m 'all-reduce | Max Time: 44.926 ms | Avg Time: 42.952 ms | Load Imbalance: 1.046' [0m
			|--[91m 'output_linear GRAD_W | Max Time: 4.239 ms | Avg Time: 4.203 ms | Load Imbalance: 1.009' [0m
			|--[91m 'input_linear GRAD_W | Max Time: 4.382 ms | Avg Time: 4.357 ms | Load Imbalance: 1.006' [0m
		|--[96m 'gcn conv bwd | Max Time: 494.559 ms | Avg Time: 493.588 ms | Load Imbalance: 1.002' [0m
			|--[91m 'gather | Max Time: 3.250 ms | Avg Time: 2.955 ms | Load Imbalance: 1.100' [0m
			|--[91m 'GRAD_AGG = GRAD_OUT * W.T | Max Time: 22.489 ms | Avg Time: 22.457 ms | Load Imbalance: 1.001' [0m
			|--[91m 'allreduce lowp comm dtype | Max Time: 9.750 ms | Avg Time: 9.569 ms | Load Imbalance: 1.019' [0m
			|--[91m 'allreduce lowp | Max Time: 190.267 ms | Avg Time: 188.229 ms | Load Imbalance: 1.011' [0m
			|--[91m 'allreduce copy back | Max Time: 11.679 ms | Avg Time: 11.643 ms | Load Imbalance: 1.003' [0m
			|--[91m 'GRAD_W = AGG.T * GRAD_OUT | Max Time: 22.996 ms | Avg Time: 22.946 ms | Load Imbalance: 1.002' [0m
			|--[91m 'ReduceScatter grad_weight | Max Time: 17.399 ms | Avg Time: 12.514 ms | Load Imbalance: 1.390' [0m
				|--[95m 'reduce-scatter | Max Time: 17.057 ms | Avg Time: 12.174 ms | Load Imbalance: 1.401' [0m
					|--[92m 'reduce-scatter-dist | Max Time: 16.783 ms | Avg Time: 11.901 ms | Load Imbalance: 1.410' [0m
			|--[91m 'GRAD_H = A.T * GRAD_AGG | Max Time: 24.596 ms | Avg Time: 20.745 ms | Load Imbalance: 1.186' [0m
			|--[91m 'allreduce grad_x | Max Time: 205.446 ms | Avg Time: 200.544 ms | Load Imbalance: 1.024' [0m
				|--[95m 'allreduce lowp comm dtype | Max Time: 9.586 ms | Avg Time: 9.504 ms | Load Imbalance: 1.009' [0m
				|--[95m 'allreduce lowp | Max Time: 183.502 ms | Avg Time: 178.572 ms | Load Imbalance: 1.028' [0m
				|--[95m 'allreduce copy back | Max Time: 11.674 ms | Avg Time: 11.645 ms | Load Imbalance: 1.002' [0m
		|--[96m 'sync_norm_gradients | Max Time: 2.181 ms | Avg Time: 2.120 ms | Load Imbalance: 1.029' [0m
		|--[96m 'sync_data_parallel_gradients | Max Time: 0.069 ms | Avg Time: 0.068 ms | Load Imbalance: 1.013' [0m

Epoch: 009, Train Loss: 3.1965
rank 0 Peak GPU memory: 5.99 GB
