/pscratch/sd/h/hmuki/plexus/plexus/utils/dataloader.py:412: UserWarning: Sparse invariant checks are implicitly disabled. Memory errors (e.g. SEGFAULT) will occur when operating on a sparse tensor which violates the invariants, but checks incur performance overhead. To silence this warning, explicitly opt in or out. See `torch.sparse.check_sparse_tensor_invariants.__doc__` for guidance.  (Triggered internally at /pytorch/aten/src/ATen/Context.cpp:760.)
  adj_local = torch.sparse_coo_tensor(
/pscratch/sd/h/hmuki/plexus/plexus/utils/dataloader.py:412: UserWarning: Sparse invariant checks are implicitly disabled. Memory errors (e.g. SEGFAULT) will occur when operating on a sparse tensor which violates the invariants, but checks incur performance overhead. To silence this warning, explicitly opt in or out. See `torch.sparse.check_sparse_tensor_invariants.__doc__` for guidance.  (Triggered internally at /pytorch/aten/src/ATen/Context.cpp:760.)
  adj_local = torch.sparse_coo_tensor(
/pscratch/sd/h/hmuki/plexus/plexus/utils/dataloader.py:412: UserWarning: Sparse invariant checks are implicitly disabled. Memory errors (e.g. SEGFAULT) will occur when operating on a sparse tensor which violates the invariants, but checks incur performance overhead. To silence this warning, explicitly opt in or out. See `torch.sparse.check_sparse_tensor_invariants.__doc__` for guidance.  (Triggered internally at /pytorch/aten/src/ATen/Context.cpp:760.)
  adj_local = torch.sparse_coo_tensor(
/pscratch/sd/h/hmuki/plexus/plexus/utils/dataloader.py:412: UserWarning: Sparse invariant checks are implicitly disabled. Memory errors (e.g. SEGFAULT) will occur when operating on a sparse tensor which violates the invariants, but checks incur performance overhead. To silence this warning, explicitly opt in or out. See `torch.sparse.check_sparse_tensor_invariants.__doc__` for guidance.  (Triggered internally at /pytorch/aten/src/ATen/Context.cpp:760.)
  adj_local = torch.sparse_coo_tensor(
/pscratch/sd/h/hmuki/plexus/plexus/utils/dataloader.py:412: UserWarning: Sparse invariant checks are implicitly disabled. Memory errors (e.g. SEGFAULT) will occur when operating on a sparse tensor which violates the invariants, but checks incur performance overhead. To silence this warning, explicitly opt in or out. See `torch.sparse.check_sparse_tensor_invariants.__doc__` for guidance.  (Triggered internally at /pytorch/aten/src/ATen/Context.cpp:760.)
  adj_local = torch.sparse_coo_tensor(
/pscratch/sd/h/hmuki/plexus/plexus/utils/dataloader.py:412: UserWarning: Sparse invariant checks are implicitly disabled. Memory errors (e.g. SEGFAULT) will occur when operating on a sparse tensor which violates the invariants, but checks incur performance overhead. To silence this warning, explicitly opt in or out. See `torch.sparse.check_sparse_tensor_invariants.__doc__` for guidance.  (Triggered internally at /pytorch/aten/src/ATen/Context.cpp:760.)
  adj_local = torch.sparse_coo_tensor(
/pscratch/sd/h/hmuki/plexus/plexus/utils/dataloader.py:412: UserWarning: Sparse invariant checks are implicitly disabled. Memory errors (e.g. SEGFAULT) will occur when operating on a sparse tensor which violates the invariants, but checks incur performance overhead. To silence this warning, explicitly opt in or out. See `torch.sparse.check_sparse_tensor_invariants.__doc__` for guidance.  (Triggered internally at /pytorch/aten/src/ATen/Context.cpp:760.)
  adj_local = torch.sparse_coo_tensor(
/pscratch/sd/h/hmuki/plexus/plexus/utils/dataloader.py:412: UserWarning: Sparse invariant checks are implicitly disabled. Memory errors (e.g. SEGFAULT) will occur when operating on a sparse tensor which violates the invariants, but checks incur performance overhead. To silence this warning, explicitly opt in or out. See `torch.sparse.check_sparse_tensor_invariants.__doc__` for guidance.  (Triggered internally at /pytorch/aten/src/ATen/Context.cpp:760.)
  adj_local = torch.sparse_coo_tensor(
/pscratch/sd/h/hmuki/plexus/plexus/utils/dataloader.py:412: UserWarning: Sparse invariant checks are implicitly disabled. Memory errors (e.g. SEGFAULT) will occur when operating on a sparse tensor which violates the invariants, but checks incur performance overhead. To silence this warning, explicitly opt in or out. See `torch.sparse.check_sparse_tensor_invariants.__doc__` for guidance.  (Triggered internally at /pytorch/aten/src/ATen/Context.cpp:760.)
  adj_local = torch.sparse_coo_tensor(
/pscratch/sd/h/hmuki/plexus/plexus/utils/dataloader.py:412: UserWarning: Sparse invariant checks are implicitly disabled. Memory errors (e.g. SEGFAULT) will occur when operating on a sparse tensor which violates the invariants, but checks incur performance overhead. To silence this warning, explicitly opt in or out. See `torch.sparse.check_sparse_tensor_invariants.__doc__` for guidance.  (Triggered internally at /pytorch/aten/src/ATen/Context.cpp:760.)
  adj_local = torch.sparse_coo_tensor(
/pscratch/sd/h/hmuki/plexus/plexus/utils/dataloader.py:412: UserWarning: Sparse invariant checks are implicitly disabled. Memory errors (e.g. SEGFAULT) will occur when operating on a sparse tensor which violates the invariants, but checks incur performance overhead. To silence this warning, explicitly opt in or out. See `torch.sparse.check_sparse_tensor_invariants.__doc__` for guidance.  (Triggered internally at /pytorch/aten/src/ATen/Context.cpp:760.)
  adj_local = torch.sparse_coo_tensor(
/pscratch/sd/h/hmuki/plexus/plexus/utils/dataloader.py:412: UserWarning: Sparse invariant checks are implicitly disabled. Memory errors (e.g. SEGFAULT) will occur when operating on a sparse tensor which violates the invariants, but checks incur performance overhead. To silence this warning, explicitly opt in or out. See `torch.sparse.check_sparse_tensor_invariants.__doc__` for guidance.  (Triggered internally at /pytorch/aten/src/ATen/Context.cpp:760.)
  adj_local = torch.sparse_coo_tensor(
/pscratch/sd/h/hmuki/plexus/plexus/utils/dataloader.py:412: UserWarning: Sparse invariant checks are implicitly disabled. Memory errors (e.g. SEGFAULT) will occur when operating on a sparse tensor which violates the invariants, but checks incur performance overhead. To silence this warning, explicitly opt in or out. See `torch.sparse.check_sparse_tensor_invariants.__doc__` for guidance.  (Triggered internally at /pytorch/aten/src/ATen/Context.cpp:760.)
  adj_local = torch.sparse_coo_tensor(
/pscratch/sd/h/hmuki/plexus/plexus/utils/dataloader.py:412: UserWarning: Sparse invariant checks are implicitly disabled. Memory errors (e.g. SEGFAULT) will occur when operating on a sparse tensor which violates the invariants, but checks incur performance overhead. To silence this warning, explicitly opt in or out. See `torch.sparse.check_sparse_tensor_invariants.__doc__` for guidance.  (Triggered internally at /pytorch/aten/src/ATen/Context.cpp:760.)
  adj_local = torch.sparse_coo_tensor(
/pscratch/sd/h/hmuki/plexus/plexus/utils/dataloader.py:412: UserWarning: Sparse invariant checks are implicitly disabled. Memory errors (e.g. SEGFAULT) will occur when operating on a sparse tensor which violates the invariants, but checks incur performance overhead. To silence this warning, explicitly opt in or out. See `torch.sparse.check_sparse_tensor_invariants.__doc__` for guidance.  (Triggered internally at /pytorch/aten/src/ATen/Context.cpp:760.)
  adj_local = torch.sparse_coo_tensor(
/pscratch/sd/h/hmuki/plexus/plexus/utils/dataloader.py:425: UserWarning: Sparse CSR tensor support is in beta state. If you miss a functionality in the sparse tensor support, please submit a feature request to https://github.com/pytorch/pytorch/issues. (Triggered internally at /pytorch/aten/src/ATen/SparseCsrTensorImpl.cpp:49.)
  adj_local = adj_local.to_sparse_csr()
/pscratch/sd/h/hmuki/plexus/plexus/utils/dataloader.py:425: UserWarning: Sparse CSR tensor support is in beta state. If you miss a functionality in the sparse tensor support, please submit a feature request to https://github.com/pytorch/pytorch/issues. (Triggered internally at /pytorch/aten/src/ATen/SparseCsrTensorImpl.cpp:49.)
  adj_local = adj_local.to_sparse_csr()
/pscratch/sd/h/hmuki/plexus/plexus/utils/dataloader.py:425: UserWarning: Sparse CSR tensor support is in beta state. If you miss a functionality in the sparse tensor support, please submit a feature request to https://github.com/pytorch/pytorch/issues. (Triggered internally at /pytorch/aten/src/ATen/SparseCsrTensorImpl.cpp:49.)
  adj_local = adj_local.to_sparse_csr()
/pscratch/sd/h/hmuki/plexus/plexus/utils/dataloader.py:425: UserWarning: Sparse CSR tensor support is in beta state. If you miss a functionality in the sparse tensor support, please submit a feature request to https://github.com/pytorch/pytorch/issues. (Triggered internally at /pytorch/aten/src/ATen/SparseCsrTensorImpl.cpp:49.)
  adj_local = adj_local.to_sparse_csr()
/pscratch/sd/h/hmuki/plexus/plexus/utils/dataloader.py:412: UserWarning: Sparse invariant checks are implicitly disabled. Memory errors (e.g. SEGFAULT) will occur when operating on a sparse tensor which violates the invariants, but checks incur performance overhead. To silence this warning, explicitly opt in or out. See `torch.sparse.check_sparse_tensor_invariants.__doc__` for guidance.  (Triggered internally at /pytorch/aten/src/ATen/Context.cpp:760.)
  adj_local = torch.sparse_coo_tensor(
/pscratch/sd/h/hmuki/plexus/plexus/utils/dataloader.py:425: UserWarning: Sparse CSR tensor support is in beta state. If you miss a functionality in the sparse tensor support, please submit a feature request to https://github.com/pytorch/pytorch/issues. (Triggered internally at /pytorch/aten/src/ATen/SparseCsrTensorImpl.cpp:49.)
  adj_local = adj_local.to_sparse_csr()
/pscratch/sd/h/hmuki/plexus/plexus/utils/dataloader.py:425: UserWarning: Sparse CSR tensor support is in beta state. If you miss a functionality in the sparse tensor support, please submit a feature request to https://github.com/pytorch/pytorch/issues. (Triggered internally at /pytorch/aten/src/ATen/SparseCsrTensorImpl.cpp:49.)
  adj_local = adj_local.to_sparse_csr()
/pscratch/sd/h/hmuki/plexus/plexus/utils/dataloader.py:425: UserWarning: Sparse CSR tensor support is in beta state. If you miss a functionality in the sparse tensor support, please submit a feature request to https://github.com/pytorch/pytorch/issues. (Triggered internally at /pytorch/aten/src/ATen/SparseCsrTensorImpl.cpp:49.)
  adj_local = adj_local.to_sparse_csr()
/pscratch/sd/h/hmuki/plexus/plexus/utils/dataloader.py:425: UserWarning: Sparse CSR tensor support is in beta state. If you miss a functionality in the sparse tensor support, please submit a feature request to https://github.com/pytorch/pytorch/issues. (Triggered internally at /pytorch/aten/src/ATen/SparseCsrTensorImpl.cpp:49.)
  adj_local = adj_local.to_sparse_csr()
/pscratch/sd/h/hmuki/plexus/plexus/utils/dataloader.py:425: UserWarning: Sparse CSR tensor support is in beta state. If you miss a functionality in the sparse tensor support, please submit a feature request to https://github.com/pytorch/pytorch/issues. (Triggered internally at /pytorch/aten/src/ATen/SparseCsrTensorImpl.cpp:49.)
  adj_local = adj_local.to_sparse_csr()
/pscratch/sd/h/hmuki/plexus/plexus/utils/dataloader.py:425: UserWarning: Sparse CSR tensor support is in beta state. If you miss a functionality in the sparse tensor support, please submit a feature request to https://github.com/pytorch/pytorch/issues. (Triggered internally at /pytorch/aten/src/ATen/SparseCsrTensorImpl.cpp:49.)
  adj_local = adj_local.to_sparse_csr()
/pscratch/sd/h/hmuki/plexus/plexus/utils/dataloader.py:425: UserWarning: Sparse CSR tensor support is in beta state. If you miss a functionality in the sparse tensor support, please submit a feature request to https://github.com/pytorch/pytorch/issues. (Triggered internally at /pytorch/aten/src/ATen/SparseCsrTensorImpl.cpp:49.)
  adj_local = adj_local.to_sparse_csr()
/pscratch/sd/h/hmuki/plexus/plexus/utils/dataloader.py:425: UserWarning: Sparse CSR tensor support is in beta state. If you miss a functionality in the sparse tensor support, please submit a feature request to https://github.com/pytorch/pytorch/issues. (Triggered internally at /pytorch/aten/src/ATen/SparseCsrTensorImpl.cpp:49.)
  adj_local = adj_local.to_sparse_csr()
/pscratch/sd/h/hmuki/plexus/plexus/utils/dataloader.py:425: UserWarning: Sparse CSR tensor support is in beta state. If you miss a functionality in the sparse tensor support, please submit a feature request to https://github.com/pytorch/pytorch/issues. (Triggered internally at /pytorch/aten/src/ATen/SparseCsrTensorImpl.cpp:49.)
  adj_local = adj_local.to_sparse_csr()
/pscratch/sd/h/hmuki/plexus/plexus/utils/dataloader.py:425: UserWarning: Sparse CSR tensor support is in beta state. If you miss a functionality in the sparse tensor support, please submit a feature request to https://github.com/pytorch/pytorch/issues. (Triggered internally at /pytorch/aten/src/ATen/SparseCsrTensorImpl.cpp:49.)
  adj_local = adj_local.to_sparse_csr()
/pscratch/sd/h/hmuki/plexus/plexus/utils/dataloader.py:425: UserWarning: Sparse CSR tensor support is in beta state. If you miss a functionality in the sparse tensor support, please submit a feature request to https://github.com/pytorch/pytorch/issues. (Triggered internally at /pytorch/aten/src/ATen/SparseCsrTensorImpl.cpp:49.)
  adj_local = adj_local.to_sparse_csr()
/pscratch/sd/h/hmuki/plexus/plexus/utils/dataloader.py:425: UserWarning: Sparse CSR tensor support is in beta state. If you miss a functionality in the sparse tensor support, please submit a feature request to https://github.com/pytorch/pytorch/issues. (Triggered internally at /pytorch/aten/src/ATen/SparseCsrTensorImpl.cpp:49.)
  adj_local = adj_local.to_sparse_csr()
[info] RMSNorm + ReLU + Dropout fused and compiled with torch.compile
steps_per_epoch:  21
steps_per_epoch:  21
steps_per_epoch:  21
steps_per_epoch:  21
steps_per_epoch:  21
steps_per_epoch:  21
steps_per_epoch:  21
steps_per_epoch:  21
steps_per_epoch:  21
steps_per_epoch:  21
steps_per_epoch:  21
steps_per_epoch:  21
steps_per_epoch:  21
steps_per_epoch:  21
steps_per_epoch:  21
steps_per_epoch:  21
Epoch: 000, Train Loss: 3.4397
Epoch: 001, Train Loss: 3.3392
Epoch: 002, Train Loss: 3.2807
Epoch: 003, Train Loss: 3.2445
Epoch: 004, Train Loss: 3.2113
Epoch: 005, Train Loss: 3.1975
Epoch: 006, Train Loss: 3.1699
Epoch: 007, Train Loss: 3.1535
Epoch: 008, Train Loss: 3.1384
rank 3 Peak GPU memory: 10.94 GB
rank 2 Peak GPU memory: 10.98 GB
rank 1 Peak GPU memory: 10.94 GB
rank 4 Peak GPU memory: 10.98 GB
rank 7 Peak GPU memory: 10.94 GB
rank 6 Peak GPU memory: 10.98 GB
rank 5 Peak GPU memory: 10.94 GB
rank 10 Peak GPU memory: 10.94 GB
rank 8 Peak GPU memory: 10.94 GB
rank 11 Peak GPU memory: 10.99 GB
rank 9 Peak GPU memory: 10.99 GB
rank 12 Peak GPU memory: 10.94 GB
rank 15 Peak GPU memory: 10.99 GB
rank 14 Peak GPU memory: 10.94 GB
rank 13 Peak GPU memory: 10.99 GB
|--[95m 'drop | Max Time: 0.160 ms | Avg Time: 0.150 ms | Load Imbalance: 1.064' [0m

|--[95m 'epoch 0 | Max Time: 7469.808 ms | Avg Time: 7467.625 ms | Load Imbalance: 1.000' [0m
	|--[92m 'minibatch prep | Max Time: 413.457 ms | Avg Time: 394.585 ms | Load Imbalance: 1.048' [0m
		|--[96m 'sample nodes | Max Time: 95.141 ms | Avg Time: 91.698 ms | Load Imbalance: 1.038' [0m
		|--[96m 'compact indices | Max Time: 22.696 ms | Avg Time: 22.158 ms | Load Imbalance: 1.024' [0m
		|--[96m 'compact adj shards | Max Time: 277.606 ms | Avg Time: 257.792 ms | Load Imbalance: 1.077' [0m
			|--[91m 'compact layout prep | Max Time: 97.063 ms | Avg Time: 79.165 ms | Load Imbalance: 1.226' [0m
			|--[91m 'compact csr: indices | Max Time: 1.459 ms | Avg Time: 1.397 ms | Load Imbalance: 1.044' [0m
			|--[91m 'compact csr: row ptrs | Max Time: 18.707 ms | Avg Time: 18.035 ms | Load Imbalance: 1.037' [0m
			|--[91m 'compact csr: nnz index | Max Time: 27.812 ms | Avg Time: 27.506 ms | Load Imbalance: 1.011' [0m
			|--[91m 'compact csr: select nnz | Max Time: 8.594 ms | Avg Time: 8.511 ms | Load Imbalance: 1.010' [0m
			|--[91m 'compact csr: col map | Max Time: 20.672 ms | Avg Time: 20.608 ms | Load Imbalance: 1.003' [0m
			|--[91m 'compact csr: edge scale | Max Time: 20.348 ms | Avg Time: 19.689 ms | Load Imbalance: 1.033' [0m
			|--[91m 'compact csr: crow | Max Time: 35.160 ms | Avg Time: 31.896 ms | Load Imbalance: 1.102' [0m
			|--[91m 'compact csr: adjt direct | Max Time: 25.255 ms | Avg Time: 24.750 ms | Load Imbalance: 1.020' [0m
		|--[96m 'compact feature slice | Max Time: 12.170 ms | Avg Time: 12.146 ms | Load Imbalance: 1.002' [0m
		|--[96m 'compact label slice | Max Time: 7.599 ms | Avg Time: 7.368 ms | Load Imbalance: 1.031' [0m
	|--[92m 'train step | Max Time: 7085.638 ms | Avg Time: 7071.987 ms | Load Imbalance: 1.002' [0m
		|--[96m 'input_linear | Max Time: 243.655 ms | Avg Time: 208.323 ms | Load Imbalance: 1.170' [0m
			|--[91m 'input_linear X * W | Max Time: 47.466 ms | Avg Time: 42.747 ms | Load Imbalance: 1.110' [0m
			|--[91m 'all-reduce | Max Time: 194.501 ms | Avg Time: 161.961 ms | Load Imbalance: 1.201' [0m
			|--[91m 'OUT + BIAS | Max Time: 4.447 ms | Avg Time: 3.272 ms | Load Imbalance: 1.359' [0m
		|--[96m 'gcn conv fwd | Max Time: 1449.337 ms | Avg Time: 1230.445 ms | Load Imbalance: 1.178' [0m
			|--[91m 'AGG = A * H | Max Time: 39.977 ms | Avg Time: 37.097 ms | Load Imbalance: 1.078' [0m
			|--[91m 'allreduce H | Max Time: 538.638 ms | Avg Time: 433.057 ms | Load Imbalance: 1.244' [0m
				|--[95m 'allreduce lowp comm dtype | Max Time: 12.086 ms | Avg Time: 12.043 ms | Load Imbalance: 1.004' [0m
				|--[95m 'allreduce lowp | Max Time: 511.494 ms | Avg Time: 405.910 ms | Load Imbalance: 1.260' [0m
				|--[95m 'allreduce copy back | Max Time: 14.522 ms | Avg Time: 14.478 ms | Load Imbalance: 1.003' [0m
			|--[91m 'Allgather W | Max Time: 199.017 ms | Avg Time: 123.414 ms | Load Imbalance: 1.613' [0m
				|--[95m 'gather | Max Time: 198.740 ms | Avg Time: 123.125 ms | Load Imbalance: 1.614' [0m
			|--[91m 'OUT = AGG * W | Max Time: 24.677 ms | Avg Time: 23.598 ms | Load Imbalance: 1.046' [0m
			|--[91m 'allreduce Q | Max Time: 656.323 ms | Avg Time: 612.308 ms | Load Imbalance: 1.072' [0m
				|--[95m 'allreduce lowp comm dtype | Max Time: 12.500 ms | Avg Time: 12.006 ms | Load Imbalance: 1.041' [0m
				|--[95m 'allreduce lowp | Max Time: 629.354 ms | Avg Time: 585.318 ms | Load Imbalance: 1.075' [0m
				|--[95m 'allreduce copy back | Max Time: 14.407 ms | Avg Time: 14.386 ms | Load Imbalance: 1.001' [0m
		|--[96m 'activation | Max Time: 3736.131 ms | Avg Time: 3452.952 ms | Load Imbalance: 1.082' [0m
			|--[91m 'all-reduce | Max Time: 87.419 ms | Avg Time: 29.771 ms | Load Imbalance: 2.936' [0m
		|--[96m 'output_linear | Max Time: 121.563 ms | Avg Time: 103.816 ms | Load Imbalance: 1.171' [0m
			|--[91m 'output_linear X * W | Max Time: 3.250 ms | Avg Time: 3.230 ms | Load Imbalance: 1.006' [0m
			|--[91m 'all-reduce | Max Time: 116.488 ms | Avg Time: 98.732 ms | Load Imbalance: 1.180' [0m
			|--[91m 'OUT + BIAS | Max Time: 1.603 ms | Avg Time: 1.581 ms | Load Imbalance: 1.014' [0m
		|--[96m 'cross entropy fwd | Max Time: 116.647 ms | Avg Time: 88.315 ms | Load Imbalance: 1.321' [0m
		|--[96m 'cross entropy bwd | Max Time: 6.708 ms | Avg Time: 5.672 ms | Load Imbalance: 1.183' [0m
		|--[96m 'linear_3d_bwd | Max Time: 57.372 ms | Avg Time: 54.891 ms | Load Imbalance: 1.045' [0m
			|--[91m 'output_linear GRAD_X | Max Time: 3.169 ms | Avg Time: 2.939 ms | Load Imbalance: 1.078' [0m
			|--[91m 'all-reduce | Max Time: 31.092 ms | Avg Time: 30.405 ms | Load Imbalance: 1.023' [0m
			|--[91m 'output_linear GRAD_W | Max Time: 14.394 ms | Avg Time: 12.212 ms | Load Imbalance: 1.179' [0m
			|--[91m 'input_linear GRAD_W | Max Time: 5.119 ms | Avg Time: 5.101 ms | Load Imbalance: 1.003' [0m
		|--[96m 'gcn conv bwd | Max Time: 614.952 ms | Avg Time: 598.905 ms | Load Imbalance: 1.027' [0m
			|--[91m 'GRAD_AGG = GRAD_OUT * W.T | Max Time: 23.505 ms | Avg Time: 23.397 ms | Load Imbalance: 1.005' [0m
			|--[91m 'allreduce lowp comm dtype | Max Time: 12.043 ms | Avg Time: 12.018 ms | Load Imbalance: 1.002' [0m
			|--[91m 'allreduce lowp | Max Time: 252.780 ms | Avg Time: 243.593 ms | Load Imbalance: 1.038' [0m
			|--[91m 'allreduce copy back | Max Time: 14.450 ms | Avg Time: 14.426 ms | Load Imbalance: 1.002' [0m
			|--[91m 'GRAD_W = AGG.T * GRAD_OUT | Max Time: 26.646 ms | Avg Time: 26.562 ms | Load Imbalance: 1.003' [0m
			|--[91m 'ReduceScatter grad_weight | Max Time: 2.593 ms | Avg Time: 2.363 ms | Load Imbalance: 1.097' [0m
				|--[95m 'reduce-scatter | Max Time: 2.347 ms | Avg Time: 2.116 ms | Load Imbalance: 1.109' [0m
					|--[92m 'reduce-scatter-dist | Max Time: 2.150 ms | Avg Time: 1.918 ms | Load Imbalance: 1.121' [0m
			|--[91m 'GRAD_H = A.T * GRAD_AGG | Max Time: 25.778 ms | Avg Time: 24.137 ms | Load Imbalance: 1.068' [0m
			|--[91m 'allreduce grad_x | Max Time: 242.439 ms | Avg Time: 238.271 ms | Load Imbalance: 1.017' [0m
				|--[95m 'allreduce lowp comm dtype | Max Time: 11.924 ms | Avg Time: 11.888 ms | Load Imbalance: 1.003' [0m
				|--[95m 'allreduce lowp | Max Time: 215.563 ms | Avg Time: 211.369 ms | Load Imbalance: 1.020' [0m
				|--[95m 'allreduce copy back | Max Time: 14.430 ms | Avg Time: 14.414 ms | Load Imbalance: 1.001' [0m
			|--[91m 'gather | Max Time: 22.753 ms | Avg Time: 12.690 ms | Load Imbalance: 1.793' [0m
		|--[96m 'sync_norm_gradients | Max Time: 425.133 ms | Avg Time: 412.633 ms | Load Imbalance: 1.030' [0m
		|--[96m 'sync_data_parallel_gradients | Max Time: 0.082 ms | Avg Time: 0.059 ms | Load Imbalance: 1.404' [0m

|--[95m 'epoch 1 | Max Time: 1681.922 ms | Avg Time: 1681.907 ms | Load Imbalance: 1.000' [0m
	|--[92m 'minibatch prep | Max Time: 278.617 ms | Avg Time: 272.420 ms | Load Imbalance: 1.023' [0m
		|--[96m 'sample nodes | Max Time: 73.446 ms | Avg Time: 73.326 ms | Load Imbalance: 1.002' [0m
		|--[96m 'compact indices | Max Time: 14.106 ms | Avg Time: 12.759 ms | Load Imbalance: 1.106' [0m
		|--[96m 'compact adj shards | Max Time: 176.308 ms | Avg Time: 170.438 ms | Load Imbalance: 1.034' [0m
			|--[91m 'compact layout prep | Max Time: 34.551 ms | Avg Time: 30.893 ms | Load Imbalance: 1.118' [0m
			|--[91m 'compact csr: indices | Max Time: 1.378 ms | Avg Time: 1.333 ms | Load Imbalance: 1.034' [0m
			|--[91m 'compact csr: row ptrs | Max Time: 9.229 ms | Avg Time: 9.155 ms | Load Imbalance: 1.008' [0m
			|--[91m 'compact csr: nnz index | Max Time: 23.620 ms | Avg Time: 23.532 ms | Load Imbalance: 1.004' [0m
			|--[91m 'compact csr: select nnz | Max Time: 8.593 ms | Avg Time: 8.503 ms | Load Imbalance: 1.011' [0m
			|--[91m 'compact csr: col map | Max Time: 20.689 ms | Avg Time: 20.644 ms | Load Imbalance: 1.002' [0m
			|--[91m 'compact csr: edge scale | Max Time: 14.199 ms | Avg Time: 13.761 ms | Load Imbalance: 1.032' [0m
			|--[91m 'compact csr: crow | Max Time: 12.792 ms | Avg Time: 11.637 ms | Load Imbalance: 1.099' [0m
			|--[91m 'compact csr: adjt direct | Max Time: 25.259 ms | Avg Time: 24.810 ms | Load Imbalance: 1.018' [0m
		|--[96m 'compact feature slice | Max Time: 11.775 ms | Avg Time: 11.751 ms | Load Imbalance: 1.002' [0m
		|--[96m 'compact label slice | Max Time: 1.131 ms | Avg Time: 1.125 ms | Load Imbalance: 1.006' [0m
	|--[92m 'train step | Max Time: 1413.902 ms | Avg Time: 1408.533 ms | Load Imbalance: 1.004' [0m
		|--[96m 'input_linear | Max Time: 48.535 ms | Avg Time: 42.139 ms | Load Imbalance: 1.152' [0m
			|--[91m 'input_linear X * W | Max Time: 4.876 ms | Avg Time: 4.822 ms | Load Imbalance: 1.011' [0m
			|--[91m 'all-reduce | Max Time: 40.547 ms | Avg Time: 34.142 ms | Load Imbalance: 1.188' [0m
			|--[91m 'OUT + BIAS | Max Time: 2.983 ms | Avg Time: 2.974 ms | Load Imbalance: 1.003' [0m
		|--[96m 'gcn conv fwd | Max Time: 532.521 ms | Avg Time: 529.927 ms | Load Imbalance: 1.005' [0m
			|--[91m 'AGG = A * H | Max Time: 26.016 ms | Avg Time: 24.532 ms | Load Imbalance: 1.060' [0m
			|--[91m 'allreduce H | Max Time: 241.614 ms | Avg Time: 238.182 ms | Load Imbalance: 1.014' [0m
				|--[95m 'allreduce lowp comm dtype | Max Time: 11.968 ms | Avg Time: 11.917 ms | Load Imbalance: 1.004' [0m
				|--[95m 'allreduce lowp | Max Time: 214.745 ms | Avg Time: 211.255 ms | Load Imbalance: 1.017' [0m
				|--[95m 'allreduce copy back | Max Time: 14.437 ms | Avg Time: 14.417 ms | Load Imbalance: 1.001' [0m
			|--[91m 'Allgather W | Max Time: 6.609 ms | Avg Time: 5.353 ms | Load Imbalance: 1.235' [0m
				|--[95m 'gather | Max Time: 6.365 ms | Avg Time: 5.106 ms | Load Imbalance: 1.246' [0m
			|--[91m 'OUT = AGG * W | Max Time: 23.153 ms | Avg Time: 23.131 ms | Load Imbalance: 1.001' [0m
			|--[91m 'allreduce Q | Max Time: 241.066 ms | Avg Time: 237.838 ms | Load Imbalance: 1.014' [0m
				|--[95m 'allreduce lowp comm dtype | Max Time: 11.950 ms | Avg Time: 11.932 ms | Load Imbalance: 1.002' [0m
				|--[95m 'allreduce lowp | Max Time: 214.147 ms | Avg Time: 210.921 ms | Load Imbalance: 1.015' [0m
				|--[95m 'allreduce copy back | Max Time: 14.411 ms | Avg Time: 14.387 ms | Load Imbalance: 1.002' [0m
		|--[96m 'activation | Max Time: 40.663 ms | Avg Time: 39.604 ms | Load Imbalance: 1.027' [0m
			|--[91m 'all-reduce | Max Time: 10.329 ms | Avg Time: 9.260 ms | Load Imbalance: 1.115' [0m
		|--[96m 'output_linear | Max Time: 53.562 ms | Avg Time: 52.221 ms | Load Imbalance: 1.026' [0m
			|--[91m 'output_linear X * W | Max Time: 3.138 ms | Avg Time: 3.121 ms | Load Imbalance: 1.005' [0m
			|--[91m 'all-reduce | Max Time: 48.678 ms | Avg Time: 47.319 ms | Load Imbalance: 1.029' [0m
			|--[91m 'OUT + BIAS | Max Time: 1.593 ms | Avg Time: 1.579 ms | Load Imbalance: 1.009' [0m
		|--[96m 'cross entropy fwd | Max Time: 40.374 ms | Avg Time: 38.833 ms | Load Imbalance: 1.040' [0m
		|--[96m 'cross entropy bwd | Max Time: 5.208 ms | Avg Time: 4.781 ms | Load Imbalance: 1.089' [0m
		|--[96m 'linear_3d_bwd | Max Time: 45.498 ms | Avg Time: 44.831 ms | Load Imbalance: 1.015' [0m
			|--[91m 'output_linear GRAD_X | Max Time: 2.465 ms | Avg Time: 2.427 ms | Load Imbalance: 1.016' [0m
			|--[91m 'all-reduce | Max Time: 30.715 ms | Avg Time: 29.999 ms | Load Imbalance: 1.024' [0m
			|--[91m 'output_linear GRAD_W | Max Time: 3.295 ms | Avg Time: 3.281 ms | Load Imbalance: 1.004' [0m
			|--[91m 'input_linear GRAD_W | Max Time: 5.112 ms | Avg Time: 5.094 ms | Load Imbalance: 1.004' [0m
		|--[96m 'gcn conv bwd | Max Time: 561.438 ms | Avg Time: 560.282 ms | Load Imbalance: 1.002' [0m
			|--[91m 'GRAD_AGG = GRAD_OUT * W.T | Max Time: 23.264 ms | Avg Time: 23.242 ms | Load Imbalance: 1.001' [0m
			|--[91m 'allreduce lowp comm dtype | Max Time: 12.048 ms | Avg Time: 12.013 ms | Load Imbalance: 1.003' [0m
			|--[91m 'allreduce lowp | Max Time: 217.278 ms | Avg Time: 215.685 ms | Load Imbalance: 1.007' [0m
			|--[91m 'allreduce copy back | Max Time: 14.443 ms | Avg Time: 14.424 ms | Load Imbalance: 1.001' [0m
			|--[91m 'GRAD_W = AGG.T * GRAD_OUT | Max Time: 26.506 ms | Avg Time: 26.456 ms | Load Imbalance: 1.002' [0m
			|--[91m 'ReduceScatter grad_weight | Max Time: 2.185 ms | Avg Time: 2.004 ms | Load Imbalance: 1.090' [0m
				|--[95m 'reduce-scatter | Max Time: 1.937 ms | Avg Time: 1.757 ms | Load Imbalance: 1.102' [0m
					|--[92m 'reduce-scatter-dist | Max Time: 1.738 ms | Avg Time: 1.560 ms | Load Imbalance: 1.114' [0m
			|--[91m 'GRAD_H = A.T * GRAD_AGG | Max Time: 25.786 ms | Avg Time: 24.143 ms | Load Imbalance: 1.068' [0m
			|--[91m 'allreduce grad_x | Max Time: 235.032 ms | Avg Time: 231.978 ms | Load Imbalance: 1.013' [0m
				|--[95m 'allreduce lowp comm dtype | Max Time: 11.921 ms | Avg Time: 11.889 ms | Load Imbalance: 1.003' [0m
				|--[95m 'allreduce lowp | Max Time: 208.161 ms | Avg Time: 205.079 ms | Load Imbalance: 1.015' [0m
				|--[95m 'allreduce copy back | Max Time: 14.433 ms | Avg Time: 14.411 ms | Load Imbalance: 1.002' [0m
			|--[91m 'gather | Max Time: 10.754 ms | Avg Time: 8.896 ms | Load Imbalance: 1.209' [0m
		|--[96m 'sync_norm_gradients | Max Time: 4.698 ms | Avg Time: 3.652 ms | Load Imbalance: 1.287' [0m
		|--[96m 'sync_data_parallel_gradients | Max Time: 0.050 ms | Avg Time: 0.049 ms | Load Imbalance: 1.015' [0m

|--[95m 'epoch 2 | Max Time: 1691.260 ms | Avg Time: 1691.242 ms | Load Imbalance: 1.000' [0m
	|--[92m 'minibatch prep | Max Time: 276.983 ms | Avg Time: 271.026 ms | Load Imbalance: 1.022' [0m
		|--[96m 'sample nodes | Max Time: 73.456 ms | Avg Time: 73.316 ms | Load Imbalance: 1.002' [0m
		|--[96m 'compact indices | Max Time: 12.905 ms | Avg Time: 12.554 ms | Load Imbalance: 1.028' [0m
		|--[96m 'compact adj shards | Max Time: 174.873 ms | Avg Time: 169.348 ms | Load Imbalance: 1.033' [0m
			|--[91m 'compact layout prep | Max Time: 34.182 ms | Avg Time: 30.553 ms | Load Imbalance: 1.119' [0m
			|--[91m 'compact csr: indices | Max Time: 1.376 ms | Avg Time: 1.328 ms | Load Imbalance: 1.036' [0m
			|--[91m 'compact csr: row ptrs | Max Time: 9.221 ms | Avg Time: 9.115 ms | Load Imbalance: 1.012' [0m
			|--[91m 'compact csr: nnz index | Max Time: 23.588 ms | Avg Time: 23.498 ms | Load Imbalance: 1.004' [0m
			|--[91m 'compact csr: select nnz | Max Time: 8.596 ms | Avg Time: 8.503 ms | Load Imbalance: 1.011' [0m
			|--[91m 'compact csr: col map | Max Time: 20.706 ms | Avg Time: 20.653 ms | Load Imbalance: 1.003' [0m
			|--[91m 'compact csr: edge scale | Max Time: 14.053 ms | Avg Time: 13.660 ms | Load Imbalance: 1.029' [0m
			|--[91m 'compact csr: crow | Max Time: 11.839 ms | Avg Time: 11.513 ms | Load Imbalance: 1.028' [0m
			|--[91m 'compact csr: adjt direct | Max Time: 25.131 ms | Avg Time: 24.651 ms | Load Imbalance: 1.019' [0m
		|--[96m 'compact feature slice | Max Time: 11.758 ms | Avg Time: 11.739 ms | Load Imbalance: 1.002' [0m
		|--[96m 'compact label slice | Max Time: 1.130 ms | Avg Time: 1.123 ms | Load Imbalance: 1.006' [0m
	|--[92m 'train step | Max Time: 1424.456 ms | Avg Time: 1419.268 ms | Load Imbalance: 1.004' [0m
		|--[96m 'input_linear | Max Time: 47.786 ms | Avg Time: 41.851 ms | Load Imbalance: 1.142' [0m
			|--[91m 'input_linear X * W | Max Time: 4.847 ms | Avg Time: 4.818 ms | Load Imbalance: 1.006' [0m
			|--[91m 'all-reduce | Max Time: 39.804 ms | Avg Time: 33.863 ms | Load Imbalance: 1.175' [0m
			|--[91m 'OUT + BIAS | Max Time: 2.983 ms | Avg Time: 2.973 ms | Load Imbalance: 1.003' [0m
		|--[96m 'gcn conv fwd | Max Time: 535.918 ms | Avg Time: 534.042 ms | Load Imbalance: 1.004' [0m
			|--[91m 'AGG = A * H | Max Time: 26.045 ms | Avg Time: 24.522 ms | Load Imbalance: 1.062' [0m
			|--[91m 'allreduce H | Max Time: 245.126 ms | Avg Time: 241.103 ms | Load Imbalance: 1.017' [0m
				|--[95m 'allreduce lowp comm dtype | Max Time: 11.970 ms | Avg Time: 11.916 ms | Load Imbalance: 1.005' [0m
				|--[95m 'allreduce lowp | Max Time: 218.251 ms | Avg Time: 214.178 ms | Load Imbalance: 1.019' [0m
				|--[95m 'allreduce copy back | Max Time: 14.432 ms | Avg Time: 14.416 ms | Load Imbalance: 1.001' [0m
			|--[91m 'Allgather W | Max Time: 6.506 ms | Avg Time: 5.820 ms | Load Imbalance: 1.118' [0m
				|--[95m 'gather | Max Time: 6.261 ms | Avg Time: 5.573 ms | Load Imbalance: 1.123' [0m
			|--[91m 'OUT = AGG * W | Max Time: 23.159 ms | Avg Time: 23.134 ms | Load Imbalance: 1.001' [0m
			|--[91m 'allreduce Q | Max Time: 243.418 ms | Avg Time: 238.573 ms | Load Imbalance: 1.020' [0m
				|--[95m 'allreduce lowp comm dtype | Max Time: 11.953 ms | Avg Time: 11.937 ms | Load Imbalance: 1.001' [0m
				|--[95m 'allreduce lowp | Max Time: 216.498 ms | Avg Time: 211.651 ms | Load Imbalance: 1.023' [0m
				|--[95m 'allreduce copy back | Max Time: 14.409 ms | Avg Time: 14.387 ms | Load Imbalance: 1.002' [0m
		|--[96m 'activation | Max Time: 41.128 ms | Avg Time: 40.118 ms | Load Imbalance: 1.025' [0m
			|--[91m 'all-reduce | Max Time: 10.782 ms | Avg Time: 9.774 ms | Load Imbalance: 1.103' [0m
		|--[96m 'output_linear | Max Time: 53.852 ms | Avg Time: 52.785 ms | Load Imbalance: 1.020' [0m
			|--[91m 'output_linear X * W | Max Time: 3.139 ms | Avg Time: 3.124 ms | Load Imbalance: 1.005' [0m
			|--[91m 'all-reduce | Max Time: 48.953 ms | Avg Time: 47.879 ms | Load Imbalance: 1.022' [0m
			|--[91m 'OUT + BIAS | Max Time: 1.599 ms | Avg Time: 1.581 ms | Load Imbalance: 1.011' [0m
		|--[96m 'cross entropy fwd | Max Time: 39.899 ms | Avg Time: 38.837 ms | Load Imbalance: 1.027' [0m
		|--[96m 'cross entropy bwd | Max Time: 6.980 ms | Avg Time: 5.014 ms | Load Imbalance: 1.392' [0m
		|--[96m 'linear_3d_bwd | Max Time: 47.501 ms | Avg Time: 45.076 ms | Load Imbalance: 1.054' [0m
			|--[91m 'output_linear GRAD_X | Max Time: 2.469 ms | Avg Time: 2.429 ms | Load Imbalance: 1.017' [0m
			|--[91m 'all-reduce | Max Time: 32.651 ms | Avg Time: 30.240 ms | Load Imbalance: 1.080' [0m
			|--[91m 'output_linear GRAD_W | Max Time: 3.308 ms | Avg Time: 3.281 ms | Load Imbalance: 1.008' [0m
			|--[91m 'input_linear GRAD_W | Max Time: 5.123 ms | Avg Time: 5.095 ms | Load Imbalance: 1.005' [0m
		|--[96m 'gcn conv bwd | Max Time: 566.470 ms | Avg Time: 564.625 ms | Load Imbalance: 1.003' [0m
			|--[91m 'GRAD_AGG = GRAD_OUT * W.T | Max Time: 23.270 ms | Avg Time: 23.246 ms | Load Imbalance: 1.001' [0m
			|--[91m 'allreduce lowp comm dtype | Max Time: 12.044 ms | Avg Time: 12.012 ms | Load Imbalance: 1.003' [0m
			|--[91m 'allreduce lowp | Max Time: 217.016 ms | Avg Time: 214.326 ms | Load Imbalance: 1.013' [0m
			|--[91m 'allreduce copy back | Max Time: 14.444 ms | Avg Time: 14.423 ms | Load Imbalance: 1.001' [0m
			|--[91m 'GRAD_W = AGG.T * GRAD_OUT | Max Time: 26.519 ms | Avg Time: 26.453 ms | Load Imbalance: 1.003' [0m
			|--[91m 'ReduceScatter grad_weight | Max Time: 2.139 ms | Avg Time: 2.027 ms | Load Imbalance: 1.055' [0m
				|--[95m 'reduce-scatter | Max Time: 1.895 ms | Avg Time: 1.780 ms | Load Imbalance: 1.064' [0m
					|--[92m 'reduce-scatter-dist | Max Time: 1.700 ms | Avg Time: 1.583 ms | Load Imbalance: 1.074' [0m
			|--[91m 'GRAD_H = A.T * GRAD_AGG | Max Time: 25.736 ms | Avg Time: 24.140 ms | Load Imbalance: 1.066' [0m
			|--[91m 'allreduce grad_x | Max Time: 241.239 ms | Avg Time: 236.600 ms | Load Imbalance: 1.020' [0m
				|--[95m 'allreduce lowp comm dtype | Max Time: 11.919 ms | Avg Time: 11.889 ms | Load Imbalance: 1.003' [0m
				|--[95m 'allreduce lowp | Max Time: 214.347 ms | Avg Time: 209.701 ms | Load Imbalance: 1.022' [0m
				|--[95m 'allreduce copy back | Max Time: 14.434 ms | Avg Time: 14.413 ms | Load Imbalance: 1.002' [0m
			|--[91m 'gather | Max Time: 14.686 ms | Avg Time: 9.959 ms | Load Imbalance: 1.475' [0m
		|--[96m 'sync_norm_gradients | Max Time: 4.349 ms | Avg Time: 3.631 ms | Load Imbalance: 1.198' [0m
		|--[96m 'sync_data_parallel_gradients | Max Time: 0.050 ms | Avg Time: 0.049 ms | Load Imbalance: 1.010' [0m

|--[95m 'epoch 3 | Max Time: 1690.141 ms | Avg Time: 1690.131 ms | Load Imbalance: 1.000' [0m
	|--[92m 'minibatch prep | Max Time: 276.984 ms | Avg Time: 270.252 ms | Load Imbalance: 1.025' [0m
		|--[96m 'sample nodes | Max Time: 73.494 ms | Avg Time: 73.320 ms | Load Imbalance: 1.002' [0m
		|--[96m 'compact indices | Max Time: 12.706 ms | Avg Time: 12.450 ms | Load Imbalance: 1.021' [0m
		|--[96m 'compact adj shards | Max Time: 175.090 ms | Avg Time: 168.619 ms | Load Imbalance: 1.038' [0m
			|--[91m 'compact layout prep | Max Time: 34.128 ms | Avg Time: 30.422 ms | Load Imbalance: 1.122' [0m
			|--[91m 'compact csr: indices | Max Time: 1.354 ms | Avg Time: 1.311 ms | Load Imbalance: 1.033' [0m
			|--[91m 'compact csr: row ptrs | Max Time: 9.213 ms | Avg Time: 9.087 ms | Load Imbalance: 1.014' [0m
			|--[91m 'compact csr: nnz index | Max Time: 23.627 ms | Avg Time: 23.460 ms | Load Imbalance: 1.007' [0m
			|--[91m 'compact csr: select nnz | Max Time: 8.593 ms | Avg Time: 8.496 ms | Load Imbalance: 1.011' [0m
			|--[91m 'compact csr: col map | Max Time: 20.639 ms | Avg Time: 20.596 ms | Load Imbalance: 1.002' [0m
			|--[91m 'compact csr: edge scale | Max Time: 14.166 ms | Avg Time: 13.538 ms | Load Imbalance: 1.046' [0m
			|--[91m 'compact csr: crow | Max Time: 11.895 ms | Avg Time: 11.410 ms | Load Imbalance: 1.043' [0m
			|--[91m 'compact csr: adjt direct | Max Time: 25.062 ms | Avg Time: 24.571 ms | Load Imbalance: 1.020' [0m
		|--[96m 'compact feature slice | Max Time: 11.759 ms | Avg Time: 11.739 ms | Load Imbalance: 1.002' [0m
		|--[96m 'compact label slice | Max Time: 1.131 ms | Avg Time: 1.126 ms | Load Imbalance: 1.005' [0m
	|--[92m 'train step | Max Time: 1423.363 ms | Avg Time: 1418.923 ms | Load Imbalance: 1.003' [0m
		|--[96m 'input_linear | Max Time: 48.092 ms | Avg Time: 41.855 ms | Load Imbalance: 1.149' [0m
			|--[91m 'input_linear X * W | Max Time: 4.854 ms | Avg Time: 4.820 ms | Load Imbalance: 1.007' [0m
			|--[91m 'all-reduce | Max Time: 40.118 ms | Avg Time: 33.865 ms | Load Imbalance: 1.185' [0m
			|--[91m 'OUT + BIAS | Max Time: 2.984 ms | Avg Time: 2.973 ms | Load Imbalance: 1.004' [0m
		|--[96m 'gcn conv fwd | Max Time: 536.145 ms | Avg Time: 533.670 ms | Load Imbalance: 1.005' [0m
			|--[91m 'AGG = A * H | Max Time: 25.964 ms | Avg Time: 24.516 ms | Load Imbalance: 1.059' [0m
			|--[91m 'allreduce H | Max Time: 246.621 ms | Avg Time: 241.582 ms | Load Imbalance: 1.021' [0m
				|--[95m 'allreduce lowp comm dtype | Max Time: 11.962 ms | Avg Time: 11.916 ms | Load Imbalance: 1.004' [0m
				|--[95m 'allreduce lowp | Max Time: 219.733 ms | Avg Time: 214.658 ms | Load Imbalance: 1.024' [0m
				|--[95m 'allreduce copy back | Max Time: 14.450 ms | Avg Time: 14.415 ms | Load Imbalance: 1.002' [0m
			|--[91m 'Allgather W | Max Time: 6.359 ms | Avg Time: 5.633 ms | Load Imbalance: 1.129' [0m
				|--[95m 'gather | Max Time: 6.111 ms | Avg Time: 5.386 ms | Load Imbalance: 1.135' [0m
			|--[91m 'OUT = AGG * W | Max Time: 23.140 ms | Avg Time: 23.128 ms | Load Imbalance: 1.001' [0m
			|--[91m 'allreduce Q | Max Time: 242.766 ms | Avg Time: 237.921 ms | Load Imbalance: 1.020' [0m
				|--[95m 'allreduce lowp comm dtype | Max Time: 11.961 ms | Avg Time: 11.937 ms | Load Imbalance: 1.002' [0m
				|--[95m 'allreduce lowp | Max Time: 215.828 ms | Avg Time: 210.997 ms | Load Imbalance: 1.023' [0m
				|--[95m 'allreduce copy back | Max Time: 14.415 ms | Avg Time: 14.388 ms | Load Imbalance: 1.002' [0m
		|--[96m 'activation | Max Time: 40.186 ms | Avg Time: 39.596 ms | Load Imbalance: 1.015' [0m
			|--[91m 'all-reduce | Max Time: 9.861 ms | Avg Time: 9.254 ms | Load Imbalance: 1.066' [0m
		|--[96m 'output_linear | Max Time: 54.577 ms | Avg Time: 51.971 ms | Load Imbalance: 1.050' [0m
			|--[91m 'output_linear X * W | Max Time: 3.144 ms | Avg Time: 3.122 ms | Load Imbalance: 1.007' [0m
			|--[91m 'all-reduce | Max Time: 49.689 ms | Avg Time: 47.064 ms | Load Imbalance: 1.056' [0m
			|--[91m 'OUT + BIAS | Max Time: 1.601 ms | Avg Time: 1.586 ms | Load Imbalance: 1.009' [0m
		|--[96m 'cross entropy fwd | Max Time: 41.386 ms | Avg Time: 38.855 ms | Load Imbalance: 1.065' [0m
		|--[96m 'cross entropy bwd | Max Time: 5.293 ms | Avg Time: 4.903 ms | Load Imbalance: 1.080' [0m
		|--[96m 'linear_3d_bwd | Max Time: 46.374 ms | Avg Time: 45.180 ms | Load Imbalance: 1.026' [0m
			|--[91m 'output_linear GRAD_X | Max Time: 2.443 ms | Avg Time: 2.425 ms | Load Imbalance: 1.007' [0m
			|--[91m 'all-reduce | Max Time: 31.512 ms | Avg Time: 30.354 ms | Load Imbalance: 1.038' [0m
			|--[91m 'output_linear GRAD_W | Max Time: 3.299 ms | Avg Time: 3.279 ms | Load Imbalance: 1.006' [0m
			|--[91m 'input_linear GRAD_W | Max Time: 5.111 ms | Avg Time: 5.092 ms | Load Imbalance: 1.004' [0m
		|--[96m 'gcn conv bwd | Max Time: 567.438 ms | Avg Time: 565.068 ms | Load Imbalance: 1.004' [0m
			|--[91m 'GRAD_AGG = GRAD_OUT * W.T | Max Time: 23.269 ms | Avg Time: 23.242 ms | Load Imbalance: 1.001' [0m
			|--[91m 'allreduce lowp comm dtype | Max Time: 12.064 ms | Avg Time: 12.018 ms | Load Imbalance: 1.004' [0m
			|--[91m 'allreduce lowp | Max Time: 219.728 ms | Avg Time: 217.860 ms | Load Imbalance: 1.009' [0m
			|--[91m 'allreduce copy back | Max Time: 14.448 ms | Avg Time: 14.422 ms | Load Imbalance: 1.002' [0m
			|--[91m 'GRAD_W = AGG.T * GRAD_OUT | Max Time: 26.529 ms | Avg Time: 26.463 ms | Load Imbalance: 1.003' [0m
			|--[91m 'ReduceScatter grad_weight | Max Time: 2.132 ms | Avg Time: 1.992 ms | Load Imbalance: 1.070' [0m
				|--[95m 'reduce-scatter | Max Time: 1.886 ms | Avg Time: 1.746 ms | Load Imbalance: 1.080' [0m
					|--[92m 'reduce-scatter-dist | Max Time: 1.689 ms | Avg Time: 1.548 ms | Load Imbalance: 1.091' [0m
			|--[91m 'GRAD_H = A.T * GRAD_AGG | Max Time: 25.790 ms | Avg Time: 24.143 ms | Load Imbalance: 1.068' [0m
			|--[91m 'allreduce grad_x | Max Time: 239.596 ms | Avg Time: 233.835 ms | Load Imbalance: 1.025' [0m
				|--[95m 'allreduce lowp comm dtype | Max Time: 11.914 ms | Avg Time: 11.885 ms | Load Imbalance: 1.002' [0m
				|--[95m 'allreduce lowp | Max Time: 212.726 ms | Avg Time: 206.939 ms | Load Imbalance: 1.028' [0m
				|--[95m 'allreduce copy back | Max Time: 14.443 ms | Avg Time: 14.412 ms | Load Imbalance: 1.002' [0m
			|--[91m 'gather | Max Time: 14.423 ms | Avg Time: 9.654 ms | Load Imbalance: 1.494' [0m
		|--[96m 'sync_norm_gradients | Max Time: 5.521 ms | Avg Time: 4.193 ms | Load Imbalance: 1.317' [0m
		|--[96m 'sync_data_parallel_gradients | Max Time: 0.050 ms | Avg Time: 0.049 ms | Load Imbalance: 1.016' [0m

|--[95m 'epoch 4 | Max Time: 1698.398 ms | Avg Time: 1698.381 ms | Load Imbalance: 1.000' [0m
	|--[92m 'minibatch prep | Max Time: 277.093 ms | Avg Time: 270.477 ms | Load Imbalance: 1.024' [0m
		|--[96m 'sample nodes | Max Time: 73.468 ms | Avg Time: 73.321 ms | Load Imbalance: 1.002' [0m
		|--[96m 'compact indices | Max Time: 12.938 ms | Avg Time: 12.512 ms | Load Imbalance: 1.034' [0m
		|--[96m 'compact adj shards | Max Time: 175.010 ms | Avg Time: 168.826 ms | Load Imbalance: 1.037' [0m
			|--[91m 'compact layout prep | Max Time: 34.263 ms | Avg Time: 30.381 ms | Load Imbalance: 1.128' [0m
			|--[91m 'compact csr: indices | Max Time: 1.379 ms | Avg Time: 1.315 ms | Load Imbalance: 1.049' [0m
			|--[91m 'compact csr: row ptrs | Max Time: 9.223 ms | Avg Time: 9.074 ms | Load Imbalance: 1.016' [0m
			|--[91m 'compact csr: nnz index | Max Time: 23.565 ms | Avg Time: 23.456 ms | Load Imbalance: 1.005' [0m
			|--[91m 'compact csr: select nnz | Max Time: 8.582 ms | Avg Time: 8.497 ms | Load Imbalance: 1.010' [0m
			|--[91m 'compact csr: col map | Max Time: 20.709 ms | Avg Time: 20.629 ms | Load Imbalance: 1.004' [0m
			|--[91m 'compact csr: edge scale | Max Time: 14.119 ms | Avg Time: 13.568 ms | Load Imbalance: 1.041' [0m
			|--[91m 'compact csr: crow | Max Time: 11.781 ms | Avg Time: 11.467 ms | Load Imbalance: 1.027' [0m
			|--[91m 'compact csr: adjt direct | Max Time: 25.080 ms | Avg Time: 24.589 ms | Load Imbalance: 1.020' [0m
		|--[96m 'compact feature slice | Max Time: 11.779 ms | Avg Time: 11.742 ms | Load Imbalance: 1.003' [0m
		|--[96m 'compact label slice | Max Time: 1.131 ms | Avg Time: 1.125 ms | Load Imbalance: 1.005' [0m
	|--[92m 'train step | Max Time: 1432.701 ms | Avg Time: 1426.927 ms | Load Imbalance: 1.004' [0m
		|--[96m 'input_linear | Max Time: 47.867 ms | Avg Time: 41.918 ms | Load Imbalance: 1.142' [0m
			|--[91m 'input_linear X * W | Max Time: 4.913 ms | Avg Time: 4.822 ms | Load Imbalance: 1.019' [0m
			|--[91m 'all-reduce | Max Time: 39.888 ms | Avg Time: 33.923 ms | Load Imbalance: 1.176' [0m
			|--[91m 'OUT + BIAS | Max Time: 2.987 ms | Avg Time: 2.975 ms | Load Imbalance: 1.004' [0m
		|--[96m 'gcn conv fwd | Max Time: 543.064 ms | Avg Time: 540.575 ms | Load Imbalance: 1.005' [0m
			|--[91m 'AGG = A * H | Max Time: 25.992 ms | Avg Time: 24.512 ms | Load Imbalance: 1.060' [0m
			|--[91m 'allreduce H | Max Time: 248.220 ms | Avg Time: 244.738 ms | Load Imbalance: 1.014' [0m
				|--[95m 'allreduce lowp comm dtype | Max Time: 11.963 ms | Avg Time: 11.916 ms | Load Imbalance: 1.004' [0m
				|--[95m 'allreduce lowp | Max Time: 221.361 ms | Avg Time: 217.812 ms | Load Imbalance: 1.016' [0m
				|--[95m 'allreduce copy back | Max Time: 14.437 ms | Avg Time: 14.417 ms | Load Imbalance: 1.001' [0m
			|--[91m 'Allgather W | Max Time: 6.189 ms | Avg Time: 5.518 ms | Load Imbalance: 1.122' [0m
				|--[95m 'gather | Max Time: 5.944 ms | Avg Time: 5.272 ms | Load Imbalance: 1.128' [0m
			|--[91m 'OUT = AGG * W | Max Time: 23.167 ms | Avg Time: 23.130 ms | Load Imbalance: 1.002' [0m
			|--[91m 'allreduce Q | Max Time: 246.188 ms | Avg Time: 241.786 ms | Load Imbalance: 1.018' [0m
				|--[95m 'allreduce lowp comm dtype | Max Time: 11.968 ms | Avg Time: 11.942 ms | Load Imbalance: 1.002' [0m
				|--[95m 'allreduce lowp | Max Time: 219.280 ms | Avg Time: 214.858 ms | Load Imbalance: 1.021' [0m
				|--[95m 'allreduce copy back | Max Time: 14.401 ms | Avg Time: 14.387 ms | Load Imbalance: 1.001' [0m
		|--[96m 'activation | Max Time: 40.799 ms | Avg Time: 39.717 ms | Load Imbalance: 1.027' [0m
			|--[91m 'all-reduce | Max Time: 10.469 ms | Avg Time: 9.380 ms | Load Imbalance: 1.116' [0m
		|--[96m 'output_linear | Max Time: 54.492 ms | Avg Time: 52.764 ms | Load Imbalance: 1.033' [0m
			|--[91m 'output_linear X * W | Max Time: 3.133 ms | Avg Time: 3.121 ms | Load Imbalance: 1.004' [0m
			|--[91m 'all-reduce | Max Time: 49.601 ms | Avg Time: 47.861 ms | Load Imbalance: 1.036' [0m
			|--[91m 'OUT + BIAS | Max Time: 1.601 ms | Avg Time: 1.581 ms | Load Imbalance: 1.012' [0m
		|--[96m 'cross entropy fwd | Max Time: 41.226 ms | Avg Time: 38.898 ms | Load Imbalance: 1.060' [0m
		|--[96m 'cross entropy bwd | Max Time: 5.241 ms | Avg Time: 4.915 ms | Load Imbalance: 1.066' [0m
		|--[96m 'linear_3d_bwd | Max Time: 46.046 ms | Avg Time: 45.086 ms | Load Imbalance: 1.021' [0m
			|--[91m 'output_linear GRAD_X | Max Time: 2.439 ms | Avg Time: 2.426 ms | Load Imbalance: 1.005' [0m
			|--[91m 'all-reduce | Max Time: 31.209 ms | Avg Time: 30.265 ms | Load Imbalance: 1.031' [0m
			|--[91m 'output_linear GRAD_W | Max Time: 3.297 ms | Avg Time: 3.278 ms | Load Imbalance: 1.006' [0m
			|--[91m 'input_linear GRAD_W | Max Time: 5.104 ms | Avg Time: 5.088 ms | Load Imbalance: 1.003' [0m
		|--[96m 'gcn conv bwd | Max Time: 566.773 ms | Avg Time: 565.782 ms | Load Imbalance: 1.002' [0m
			|--[91m 'GRAD_AGG = GRAD_OUT * W.T | Max Time: 23.272 ms | Avg Time: 23.241 ms | Load Imbalance: 1.001' [0m
			|--[91m 'allreduce lowp comm dtype | Max Time: 12.049 ms | Avg Time: 12.020 ms | Load Imbalance: 1.002' [0m
			|--[91m 'allreduce lowp | Max Time: 219.797 ms | Avg Time: 218.363 ms | Load Imbalance: 1.007' [0m
			|--[91m 'allreduce copy back | Max Time: 14.447 ms | Avg Time: 14.423 ms | Load Imbalance: 1.002' [0m
			|--[91m 'GRAD_W = AGG.T * GRAD_OUT | Max Time: 26.556 ms | Avg Time: 26.455 ms | Load Imbalance: 1.004' [0m
			|--[91m 'ReduceScatter grad_weight | Max Time: 2.186 ms | Avg Time: 2.023 ms | Load Imbalance: 1.080' [0m
				|--[95m 'reduce-scatter | Max Time: 1.940 ms | Avg Time: 1.777 ms | Load Imbalance: 1.092' [0m
					|--[92m 'reduce-scatter-dist | Max Time: 1.742 ms | Avg Time: 1.580 ms | Load Imbalance: 1.103' [0m
			|--[91m 'GRAD_H = A.T * GRAD_AGG | Max Time: 25.763 ms | Avg Time: 24.140 ms | Load Imbalance: 1.067' [0m
			|--[91m 'allreduce grad_x | Max Time: 235.724 ms | Avg Time: 233.256 ms | Load Imbalance: 1.011' [0m
				|--[95m 'allreduce lowp comm dtype | Max Time: 11.932 ms | Avg Time: 11.889 ms | Load Imbalance: 1.004' [0m
				|--[95m 'allreduce lowp | Max Time: 208.843 ms | Avg Time: 206.358 ms | Load Imbalance: 1.012' [0m
				|--[95m 'allreduce copy back | Max Time: 14.428 ms | Avg Time: 14.411 ms | Load Imbalance: 1.001' [0m
			|--[91m 'gather | Max Time: 12.954 ms | Avg Time: 10.420 ms | Load Imbalance: 1.243' [0m
		|--[96m 'sync_norm_gradients | Max Time: 4.183 ms | Avg Time: 3.766 ms | Load Imbalance: 1.111' [0m
		|--[96m 'sync_data_parallel_gradients | Max Time: 0.050 ms | Avg Time: 0.049 ms | Load Imbalance: 1.019' [0m

|--[95m 'epoch 5 | Max Time: 1686.142 ms | Avg Time: 1686.125 ms | Load Imbalance: 1.000' [0m
	|--[92m 'minibatch prep | Max Time: 275.620 ms | Avg Time: 270.001 ms | Load Imbalance: 1.021' [0m
		|--[96m 'sample nodes | Max Time: 73.426 ms | Avg Time: 73.299 ms | Load Imbalance: 1.002' [0m
		|--[96m 'compact indices | Max Time: 12.710 ms | Avg Time: 12.481 ms | Load Imbalance: 1.018' [0m
		|--[96m 'compact adj shards | Max Time: 173.768 ms | Avg Time: 168.467 ms | Load Imbalance: 1.031' [0m
			|--[91m 'compact layout prep | Max Time: 33.950 ms | Avg Time: 30.198 ms | Load Imbalance: 1.124' [0m
			|--[91m 'compact csr: indices | Max Time: 1.362 ms | Avg Time: 1.311 ms | Load Imbalance: 1.039' [0m
			|--[91m 'compact csr: row ptrs | Max Time: 9.158 ms | Avg Time: 9.080 ms | Load Imbalance: 1.009' [0m
			|--[91m 'compact csr: nnz index | Max Time: 23.604 ms | Avg Time: 23.451 ms | Load Imbalance: 1.007' [0m
			|--[91m 'compact csr: select nnz | Max Time: 8.592 ms | Avg Time: 8.495 ms | Load Imbalance: 1.011' [0m
			|--[91m 'compact csr: col map | Max Time: 20.682 ms | Avg Time: 20.619 ms | Load Imbalance: 1.003' [0m
			|--[91m 'compact csr: edge scale | Max Time: 13.943 ms | Avg Time: 13.567 ms | Load Imbalance: 1.028' [0m
			|--[91m 'compact csr: crow | Max Time: 11.812 ms | Avg Time: 11.439 ms | Load Imbalance: 1.033' [0m
			|--[91m 'compact csr: adjt direct | Max Time: 25.060 ms | Avg Time: 24.580 ms | Load Imbalance: 1.020' [0m
		|--[96m 'compact feature slice | Max Time: 11.743 ms | Avg Time: 11.731 ms | Load Imbalance: 1.001' [0m
		|--[96m 'compact label slice | Max Time: 1.130 ms | Avg Time: 1.125 ms | Load Imbalance: 1.004' [0m
	|--[92m 'train step | Max Time: 1420.260 ms | Avg Time: 1415.168 ms | Load Imbalance: 1.004' [0m
		|--[96m 'input_linear | Max Time: 48.143 ms | Avg Time: 41.922 ms | Load Imbalance: 1.148' [0m
			|--[91m 'input_linear X * W | Max Time: 4.845 ms | Avg Time: 4.817 ms | Load Imbalance: 1.006' [0m
			|--[91m 'all-reduce | Max Time: 40.150 ms | Avg Time: 33.932 ms | Load Imbalance: 1.183' [0m
			|--[91m 'OUT + BIAS | Max Time: 2.987 ms | Avg Time: 2.975 ms | Load Imbalance: 1.004' [0m
		|--[96m 'gcn conv fwd | Max Time: 538.737 ms | Avg Time: 536.731 ms | Load Imbalance: 1.004' [0m
			|--[91m 'AGG = A * H | Max Time: 25.976 ms | Avg Time: 24.509 ms | Load Imbalance: 1.060' [0m
			|--[91m 'allreduce H | Max Time: 245.112 ms | Avg Time: 241.620 ms | Load Imbalance: 1.014' [0m
				|--[95m 'allreduce lowp comm dtype | Max Time: 11.964 ms | Avg Time: 11.917 ms | Load Imbalance: 1.004' [0m
				|--[95m 'allreduce lowp | Max Time: 218.243 ms | Avg Time: 214.694 ms | Load Imbalance: 1.017' [0m
				|--[95m 'allreduce copy back | Max Time: 14.440 ms | Avg Time: 14.416 ms | Load Imbalance: 1.002' [0m
			|--[91m 'Allgather W | Max Time: 6.129 ms | Avg Time: 5.157 ms | Load Imbalance: 1.189' [0m
				|--[95m 'gather | Max Time: 5.883 ms | Avg Time: 4.909 ms | Load Imbalance: 1.198' [0m
			|--[91m 'OUT = AGG * W | Max Time: 23.151 ms | Avg Time: 23.127 ms | Load Imbalance: 1.001' [0m
			|--[91m 'allreduce Q | Max Time: 244.963 ms | Avg Time: 241.427 ms | Load Imbalance: 1.015' [0m
				|--[95m 'allreduce lowp comm dtype | Max Time: 11.957 ms | Avg Time: 11.939 ms | Load Imbalance: 1.002' [0m
				|--[95m 'allreduce lowp | Max Time: 218.054 ms | Avg Time: 214.504 ms | Load Imbalance: 1.017' [0m
				|--[95m 'allreduce copy back | Max Time: 14.406 ms | Avg Time: 14.387 ms | Load Imbalance: 1.001' [0m
		|--[96m 'activation | Max Time: 40.288 ms | Avg Time: 39.947 ms | Load Imbalance: 1.009' [0m
			|--[91m 'all-reduce | Max Time: 9.948 ms | Avg Time: 9.610 ms | Load Imbalance: 1.035' [0m
		|--[96m 'output_linear | Max Time: 55.441 ms | Avg Time: 53.726 ms | Load Imbalance: 1.032' [0m
			|--[91m 'output_linear X * W | Max Time: 3.144 ms | Avg Time: 3.123 ms | Load Imbalance: 1.007' [0m
			|--[91m 'all-reduce | Max Time: 50.559 ms | Avg Time: 48.821 ms | Load Imbalance: 1.036' [0m
			|--[91m 'OUT + BIAS | Max Time: 1.601 ms | Avg Time: 1.582 ms | Load Imbalance: 1.012' [0m
		|--[96m 'cross entropy fwd | Max Time: 40.053 ms | Avg Time: 38.527 ms | Load Imbalance: 1.040' [0m
		|--[96m 'cross entropy bwd | Max Time: 5.224 ms | Avg Time: 4.887 ms | Load Imbalance: 1.069' [0m
		|--[96m 'linear_3d_bwd | Max Time: 45.588 ms | Avg Time: 45.077 ms | Load Imbalance: 1.011' [0m
			|--[91m 'output_linear GRAD_X | Max Time: 2.444 ms | Avg Time: 2.425 ms | Load Imbalance: 1.008' [0m
			|--[91m 'all-reduce | Max Time: 30.790 ms | Avg Time: 30.252 ms | Load Imbalance: 1.018' [0m
			|--[91m 'output_linear GRAD_W | Max Time: 3.310 ms | Avg Time: 3.280 ms | Load Imbalance: 1.009' [0m
			|--[91m 'input_linear GRAD_W | Max Time: 5.108 ms | Avg Time: 5.087 ms | Load Imbalance: 1.004' [0m
		|--[96m 'gcn conv bwd | Max Time: 557.597 ms | Avg Time: 556.985 ms | Load Imbalance: 1.001' [0m
			|--[91m 'GRAD_AGG = GRAD_OUT * W.T | Max Time: 23.263 ms | Avg Time: 23.239 ms | Load Imbalance: 1.001' [0m
			|--[91m 'allreduce lowp comm dtype | Max Time: 12.055 ms | Avg Time: 12.028 ms | Load Imbalance: 1.002' [0m
			|--[91m 'allreduce lowp | Max Time: 213.128 ms | Avg Time: 211.172 ms | Load Imbalance: 1.009' [0m
			|--[91m 'allreduce copy back | Max Time: 14.443 ms | Avg Time: 14.421 ms | Load Imbalance: 1.001' [0m
			|--[91m 'GRAD_W = AGG.T * GRAD_OUT | Max Time: 26.506 ms | Avg Time: 26.452 ms | Load Imbalance: 1.002' [0m
			|--[91m 'ReduceScatter grad_weight | Max Time: 2.122 ms | Avg Time: 1.995 ms | Load Imbalance: 1.064' [0m
				|--[95m 'reduce-scatter | Max Time: 1.878 ms | Avg Time: 1.749 ms | Load Imbalance: 1.074' [0m
					|--[92m 'reduce-scatter-dist | Max Time: 1.683 ms | Avg Time: 1.552 ms | Load Imbalance: 1.085' [0m
			|--[91m 'GRAD_H = A.T * GRAD_AGG | Max Time: 25.775 ms | Avg Time: 24.144 ms | Load Imbalance: 1.068' [0m
			|--[91m 'allreduce grad_x | Max Time: 236.230 ms | Avg Time: 231.905 ms | Load Imbalance: 1.019' [0m
				|--[95m 'allreduce lowp comm dtype | Max Time: 11.928 ms | Avg Time: 11.886 ms | Load Imbalance: 1.004' [0m
				|--[95m 'allreduce lowp | Max Time: 209.356 ms | Avg Time: 205.012 ms | Load Imbalance: 1.021' [0m
				|--[95m 'allreduce copy back | Max Time: 14.430 ms | Avg Time: 14.410 ms | Load Imbalance: 1.001' [0m
			|--[91m 'gather | Max Time: 13.511 ms | Avg Time: 10.189 ms | Load Imbalance: 1.326' [0m
		|--[96m 'sync_norm_gradients | Max Time: 4.189 ms | Avg Time: 3.581 ms | Load Imbalance: 1.170' [0m
		|--[96m 'sync_data_parallel_gradients | Max Time: 0.050 ms | Avg Time: 0.049 ms | Load Imbalance: 1.014' [0m

|--[95m 'epoch 6 | Max Time: 1690.350 ms | Avg Time: 1690.275 ms | Load Imbalance: 1.000' [0m
	|--[92m 'minibatch prep | Max Time: 276.136 ms | Avg Time: 270.226 ms | Load Imbalance: 1.022' [0m
		|--[96m 'sample nodes | Max Time: 73.459 ms | Avg Time: 73.327 ms | Load Imbalance: 1.002' [0m
		|--[96m 'compact indices | Max Time: 12.858 ms | Avg Time: 12.504 ms | Load Imbalance: 1.028' [0m
		|--[96m 'compact adj shards | Max Time: 174.010 ms | Avg Time: 168.596 ms | Load Imbalance: 1.032' [0m
			|--[91m 'compact layout prep | Max Time: 33.862 ms | Avg Time: 30.390 ms | Load Imbalance: 1.114' [0m
			|--[91m 'compact csr: indices | Max Time: 1.359 ms | Avg Time: 1.306 ms | Load Imbalance: 1.041' [0m
			|--[91m 'compact csr: row ptrs | Max Time: 9.195 ms | Avg Time: 9.079 ms | Load Imbalance: 1.013' [0m
			|--[91m 'compact csr: nnz index | Max Time: 23.528 ms | Avg Time: 23.448 ms | Load Imbalance: 1.003' [0m
			|--[91m 'compact csr: select nnz | Max Time: 8.569 ms | Avg Time: 8.482 ms | Load Imbalance: 1.010' [0m
			|--[91m 'compact csr: col map | Max Time: 20.677 ms | Avg Time: 20.619 ms | Load Imbalance: 1.003' [0m
			|--[91m 'compact csr: edge scale | Max Time: 14.086 ms | Avg Time: 13.522 ms | Load Imbalance: 1.042' [0m
			|--[91m 'compact csr: crow | Max Time: 11.810 ms | Avg Time: 11.469 ms | Load Imbalance: 1.030' [0m
			|--[91m 'compact csr: adjt direct | Max Time: 25.105 ms | Avg Time: 24.598 ms | Load Imbalance: 1.021' [0m
		|--[96m 'compact feature slice | Max Time: 11.762 ms | Avg Time: 11.740 ms | Load Imbalance: 1.002' [0m
		|--[96m 'compact label slice | Max Time: 1.135 ms | Avg Time: 1.126 ms | Load Imbalance: 1.008' [0m
	|--[92m 'train step | Max Time: 1424.332 ms | Avg Time: 1419.078 ms | Load Imbalance: 1.004' [0m
		|--[96m 'input_linear | Max Time: 48.058 ms | Avg Time: 41.825 ms | Load Imbalance: 1.149' [0m
			|--[91m 'input_linear X * W | Max Time: 4.836 ms | Avg Time: 4.813 ms | Load Imbalance: 1.005' [0m
			|--[91m 'all-reduce | Max Time: 40.066 ms | Avg Time: 33.840 ms | Load Imbalance: 1.184' [0m
			|--[91m 'OUT + BIAS | Max Time: 2.986 ms | Avg Time: 2.975 ms | Load Imbalance: 1.004' [0m
		|--[96m 'gcn conv fwd | Max Time: 534.144 ms | Avg Time: 532.424 ms | Load Imbalance: 1.003' [0m
			|--[91m 'AGG = A * H | Max Time: 25.975 ms | Avg Time: 24.512 ms | Load Imbalance: 1.060' [0m
			|--[91m 'allreduce H | Max Time: 242.311 ms | Avg Time: 239.650 ms | Load Imbalance: 1.011' [0m
				|--[95m 'allreduce lowp comm dtype | Max Time: 11.966 ms | Avg Time: 11.915 ms | Load Imbalance: 1.004' [0m
				|--[95m 'allreduce lowp | Max Time: 215.432 ms | Avg Time: 212.727 ms | Load Imbalance: 1.013' [0m
				|--[95m 'allreduce copy back | Max Time: 14.433 ms | Avg Time: 14.415 ms | Load Imbalance: 1.001' [0m
			|--[91m 'Allgather W | Max Time: 6.113 ms | Avg Time: 5.196 ms | Load Imbalance: 1.177' [0m
				|--[95m 'gather | Max Time: 5.868 ms | Avg Time: 4.949 ms | Load Imbalance: 1.186' [0m
			|--[91m 'OUT = AGG * W | Max Time: 23.145 ms | Avg Time: 23.127 ms | Load Imbalance: 1.001' [0m
			|--[91m 'allreduce Q | Max Time: 242.030 ms | Avg Time: 239.048 ms | Load Imbalance: 1.012' [0m
				|--[95m 'allreduce lowp comm dtype | Max Time: 11.963 ms | Avg Time: 11.943 ms | Load Imbalance: 1.002' [0m
				|--[95m 'allreduce lowp | Max Time: 215.098 ms | Avg Time: 212.123 ms | Load Imbalance: 1.014' [0m
				|--[95m 'allreduce copy back | Max Time: 14.404 ms | Avg Time: 14.385 ms | Load Imbalance: 1.001' [0m
		|--[96m 'activation | Max Time: 40.605 ms | Avg Time: 39.954 ms | Load Imbalance: 1.016' [0m
			|--[91m 'all-reduce | Max Time: 10.258 ms | Avg Time: 9.617 ms | Load Imbalance: 1.067' [0m
		|--[96m 'output_linear | Max Time: 56.954 ms | Avg Time: 54.567 ms | Load Imbalance: 1.044' [0m
			|--[91m 'output_linear X * W | Max Time: 3.137 ms | Avg Time: 3.122 ms | Load Imbalance: 1.005' [0m
			|--[91m 'all-reduce | Max Time: 52.052 ms | Avg Time: 49.666 ms | Load Imbalance: 1.048' [0m
			|--[91m 'OUT + BIAS | Max Time: 1.602 ms | Avg Time: 1.579 ms | Load Imbalance: 1.014' [0m
		|--[96m 'cross entropy fwd | Max Time: 41.064 ms | Avg Time: 38.417 ms | Load Imbalance: 1.069' [0m
		|--[96m 'cross entropy bwd | Max Time: 5.236 ms | Avg Time: 4.909 ms | Load Imbalance: 1.067' [0m
		|--[96m 'linear_3d_bwd | Max Time: 45.869 ms | Avg Time: 45.055 ms | Load Imbalance: 1.018' [0m
			|--[91m 'output_linear GRAD_X | Max Time: 2.473 ms | Avg Time: 2.429 ms | Load Imbalance: 1.018' [0m
			|--[91m 'all-reduce | Max Time: 31.061 ms | Avg Time: 30.231 ms | Load Imbalance: 1.027' [0m
			|--[91m 'output_linear GRAD_W | Max Time: 3.302 ms | Avg Time: 3.277 ms | Load Imbalance: 1.008' [0m
			|--[91m 'input_linear GRAD_W | Max Time: 5.115 ms | Avg Time: 5.088 ms | Load Imbalance: 1.005' [0m
		|--[96m 'gcn conv bwd | Max Time: 566.364 ms | Avg Time: 563.546 ms | Load Imbalance: 1.005' [0m
			|--[91m 'GRAD_AGG = GRAD_OUT * W.T | Max Time: 23.261 ms | Avg Time: 23.239 ms | Load Imbalance: 1.001' [0m
			|--[91m 'allreduce lowp comm dtype | Max Time: 12.060 ms | Avg Time: 12.028 ms | Load Imbalance: 1.003' [0m
			|--[91m 'allreduce lowp | Max Time: 216.128 ms | Avg Time: 213.287 ms | Load Imbalance: 1.013' [0m
			|--[91m 'allreduce copy back | Max Time: 14.451 ms | Avg Time: 14.421 ms | Load Imbalance: 1.002' [0m
			|--[91m 'GRAD_W = AGG.T * GRAD_OUT | Max Time: 26.593 ms | Avg Time: 26.459 ms | Load Imbalance: 1.005' [0m
			|--[91m 'ReduceScatter grad_weight | Max Time: 2.171 ms | Avg Time: 2.022 ms | Load Imbalance: 1.074' [0m
				|--[95m 'reduce-scatter | Max Time: 1.927 ms | Avg Time: 1.776 ms | Load Imbalance: 1.085' [0m
					|--[92m 'reduce-scatter-dist | Max Time: 1.731 ms | Avg Time: 1.579 ms | Load Imbalance: 1.096' [0m
			|--[91m 'GRAD_H = A.T * GRAD_AGG | Max Time: 25.757 ms | Avg Time: 24.136 ms | Load Imbalance: 1.067' [0m
			|--[91m 'allreduce grad_x | Max Time: 238.173 ms | Avg Time: 236.093 ms | Load Imbalance: 1.009' [0m
				|--[95m 'allreduce lowp comm dtype | Max Time: 11.927 ms | Avg Time: 11.886 ms | Load Imbalance: 1.003' [0m
				|--[95m 'allreduce lowp | Max Time: 211.296 ms | Avg Time: 209.199 ms | Load Imbalance: 1.010' [0m
				|--[95m 'allreduce copy back | Max Time: 14.435 ms | Avg Time: 14.410 ms | Load Imbalance: 1.002' [0m
			|--[91m 'gather | Max Time: 11.511 ms | Avg Time: 10.420 ms | Load Imbalance: 1.105' [0m
		|--[96m 'sync_norm_gradients | Max Time: 5.120 ms | Avg Time: 4.202 ms | Load Imbalance: 1.218' [0m
		|--[96m 'sync_data_parallel_gradients | Max Time: 0.050 ms | Avg Time: 0.049 ms | Load Imbalance: 1.016' [0m

|--[95m 'epoch 7 | Max Time: 1691.122 ms | Avg Time: 1691.098 ms | Load Imbalance: 1.000' [0m
	|--[92m 'minibatch prep | Max Time: 277.130 ms | Avg Time: 270.304 ms | Load Imbalance: 1.025' [0m
		|--[96m 'sample nodes | Max Time: 73.410 ms | Avg Time: 73.303 ms | Load Imbalance: 1.001' [0m
		|--[96m 'compact indices | Max Time: 12.855 ms | Avg Time: 12.572 ms | Load Imbalance: 1.023' [0m
		|--[96m 'compact adj shards | Max Time: 175.086 ms | Avg Time: 168.634 ms | Load Imbalance: 1.038' [0m
			|--[91m 'compact layout prep | Max Time: 34.326 ms | Avg Time: 30.336 ms | Load Imbalance: 1.132' [0m
			|--[91m 'compact csr: indices | Max Time: 1.393 ms | Avg Time: 1.315 ms | Load Imbalance: 1.059' [0m
			|--[91m 'compact csr: row ptrs | Max Time: 9.221 ms | Avg Time: 9.095 ms | Load Imbalance: 1.014' [0m
			|--[91m 'compact csr: nnz index | Max Time: 23.591 ms | Avg Time: 23.437 ms | Load Imbalance: 1.007' [0m
			|--[91m 'compact csr: select nnz | Max Time: 8.587 ms | Avg Time: 8.487 ms | Load Imbalance: 1.012' [0m
			|--[91m 'compact csr: col map | Max Time: 20.659 ms | Avg Time: 20.602 ms | Load Imbalance: 1.003' [0m
			|--[91m 'compact csr: edge scale | Max Time: 14.120 ms | Avg Time: 13.588 ms | Load Imbalance: 1.039' [0m
			|--[91m 'compact csr: crow | Max Time: 11.830 ms | Avg Time: 11.428 ms | Load Imbalance: 1.035' [0m
			|--[91m 'compact csr: adjt direct | Max Time: 25.063 ms | Avg Time: 24.576 ms | Load Imbalance: 1.020' [0m
		|--[96m 'compact feature slice | Max Time: 11.757 ms | Avg Time: 11.739 ms | Load Imbalance: 1.002' [0m
		|--[96m 'compact label slice | Max Time: 1.129 ms | Avg Time: 1.125 ms | Load Imbalance: 1.004' [0m
	|--[92m 'train step | Max Time: 1424.818 ms | Avg Time: 1419.826 ms | Load Imbalance: 1.004' [0m
		|--[96m 'input_linear | Max Time: 48.418 ms | Avg Time: 41.893 ms | Load Imbalance: 1.156' [0m
			|--[91m 'input_linear X * W | Max Time: 4.847 ms | Avg Time: 4.816 ms | Load Imbalance: 1.007' [0m
			|--[91m 'all-reduce | Max Time: 40.420 ms | Avg Time: 33.905 ms | Load Imbalance: 1.192' [0m
			|--[91m 'OUT + BIAS | Max Time: 2.988 ms | Avg Time: 2.976 ms | Load Imbalance: 1.004' [0m
		|--[96m 'gcn conv fwd | Max Time: 537.282 ms | Avg Time: 534.095 ms | Load Imbalance: 1.006' [0m
			|--[91m 'AGG = A * H | Max Time: 25.980 ms | Avg Time: 24.505 ms | Load Imbalance: 1.060' [0m
			|--[91m 'allreduce H | Max Time: 246.510 ms | Avg Time: 242.356 ms | Load Imbalance: 1.017' [0m
				|--[95m 'allreduce lowp comm dtype | Max Time: 11.963 ms | Avg Time: 11.917 ms | Load Imbalance: 1.004' [0m
				|--[95m 'allreduce lowp | Max Time: 219.616 ms | Avg Time: 215.431 ms | Load Imbalance: 1.019' [0m
				|--[95m 'allreduce copy back | Max Time: 14.433 ms | Avg Time: 14.415 ms | Load Imbalance: 1.001' [0m
			|--[91m 'Allgather W | Max Time: 6.581 ms | Avg Time: 5.392 ms | Load Imbalance: 1.220' [0m
				|--[95m 'gather | Max Time: 6.338 ms | Avg Time: 5.146 ms | Load Imbalance: 1.232' [0m
			|--[91m 'OUT = AGG * W | Max Time: 23.164 ms | Avg Time: 23.131 ms | Load Imbalance: 1.001' [0m
			|--[91m 'allreduce Q | Max Time: 241.705 ms | Avg Time: 237.820 ms | Load Imbalance: 1.016' [0m
				|--[95m 'allreduce lowp comm dtype | Max Time: 11.970 ms | Avg Time: 11.943 ms | Load Imbalance: 1.002' [0m
				|--[95m 'allreduce lowp | Max Time: 214.784 ms | Avg Time: 210.892 ms | Load Imbalance: 1.018' [0m
				|--[95m 'allreduce copy back | Max Time: 14.403 ms | Avg Time: 14.387 ms | Load Imbalance: 1.001' [0m
		|--[96m 'activation | Max Time: 40.830 ms | Avg Time: 40.064 ms | Load Imbalance: 1.019' [0m
			|--[91m 'all-reduce | Max Time: 10.545 ms | Avg Time: 9.725 ms | Load Imbalance: 1.084' [0m
		|--[96m 'output_linear | Max Time: 53.700 ms | Avg Time: 52.051 ms | Load Imbalance: 1.032' [0m
			|--[91m 'output_linear X * W | Max Time: 3.145 ms | Avg Time: 3.125 ms | Load Imbalance: 1.006' [0m
			|--[91m 'all-reduce | Max Time: 48.806 ms | Avg Time: 47.143 ms | Load Imbalance: 1.035' [0m
			|--[91m 'OUT + BIAS | Max Time: 1.596 ms | Avg Time: 1.581 ms | Load Imbalance: 1.009' [0m
		|--[96m 'cross entropy fwd | Max Time: 39.542 ms | Avg Time: 38.130 ms | Load Imbalance: 1.037' [0m
		|--[96m 'cross entropy bwd | Max Time: 5.259 ms | Avg Time: 4.913 ms | Load Imbalance: 1.070' [0m
		|--[96m 'linear_3d_bwd | Max Time: 45.828 ms | Avg Time: 45.081 ms | Load Imbalance: 1.017' [0m
			|--[91m 'output_linear GRAD_X | Max Time: 2.460 ms | Avg Time: 2.426 ms | Load Imbalance: 1.014' [0m
			|--[91m 'all-reduce | Max Time: 30.996 ms | Avg Time: 30.258 ms | Load Imbalance: 1.024' [0m
			|--[91m 'output_linear GRAD_W | Max Time: 3.297 ms | Avg Time: 3.275 ms | Load Imbalance: 1.006' [0m
			|--[91m 'input_linear GRAD_W | Max Time: 5.116 ms | Avg Time: 5.086 ms | Load Imbalance: 1.006' [0m
		|--[96m 'gcn conv bwd | Max Time: 567.819 ms | Avg Time: 566.246 ms | Load Imbalance: 1.003' [0m
			|--[91m 'GRAD_AGG = GRAD_OUT * W.T | Max Time: 23.268 ms | Avg Time: 23.241 ms | Load Imbalance: 1.001' [0m
			|--[91m 'allreduce lowp comm dtype | Max Time: 12.059 ms | Avg Time: 12.028 ms | Load Imbalance: 1.003' [0m
			|--[91m 'allreduce lowp | Max Time: 216.148 ms | Avg Time: 215.234 ms | Load Imbalance: 1.004' [0m
			|--[91m 'allreduce copy back | Max Time: 14.440 ms | Avg Time: 14.420 ms | Load Imbalance: 1.001' [0m
			|--[91m 'GRAD_W = AGG.T * GRAD_OUT | Max Time: 26.556 ms | Avg Time: 26.453 ms | Load Imbalance: 1.004' [0m
			|--[91m 'ReduceScatter grad_weight | Max Time: 2.124 ms | Avg Time: 1.998 ms | Load Imbalance: 1.063' [0m
				|--[95m 'reduce-scatter | Max Time: 1.877 ms | Avg Time: 1.751 ms | Load Imbalance: 1.072' [0m
					|--[92m 'reduce-scatter-dist | Max Time: 1.679 ms | Avg Time: 1.554 ms | Load Imbalance: 1.081' [0m
			|--[91m 'GRAD_H = A.T * GRAD_AGG | Max Time: 25.758 ms | Avg Time: 24.131 ms | Load Imbalance: 1.067' [0m
			|--[91m 'allreduce grad_x | Max Time: 240.243 ms | Avg Time: 237.275 ms | Load Imbalance: 1.013' [0m
				|--[95m 'allreduce lowp comm dtype | Max Time: 11.931 ms | Avg Time: 11.886 ms | Load Imbalance: 1.004' [0m
				|--[95m 'allreduce lowp | Max Time: 213.387 ms | Avg Time: 210.383 ms | Load Imbalance: 1.014' [0m
				|--[95m 'allreduce copy back | Max Time: 14.433 ms | Avg Time: 14.408 ms | Load Imbalance: 1.002' [0m
			|--[91m 'gather | Max Time: 12.121 ms | Avg Time: 10.026 ms | Load Imbalance: 1.209' [0m
		|--[96m 'sync_norm_gradients | Max Time: 4.083 ms | Avg Time: 3.380 ms | Load Imbalance: 1.208' [0m
		|--[96m 'sync_data_parallel_gradients | Max Time: 0.050 ms | Avg Time: 0.049 ms | Load Imbalance: 1.020' [0m

|--[95m 'epoch 8 | Max Time: 1685.888 ms | Avg Time: 1685.879 ms | Load Imbalance: 1.000' [0m
	|--[92m 'minibatch prep | Max Time: 277.015 ms | Avg Time: 270.395 ms | Load Imbalance: 1.024' [0m
		|--[96m 'sample nodes | Max Time: 73.492 ms | Avg Time: 73.311 ms | Load Imbalance: 1.002' [0m
		|--[96m 'compact indices | Max Time: 12.897 ms | Avg Time: 12.515 ms | Load Imbalance: 1.031' [0m
		|--[96m 'compact adj shards | Max Time: 174.896 ms | Avg Time: 168.790 ms | Load Imbalance: 1.036' [0m
			|--[91m 'compact layout prep | Max Time: 34.039 ms | Avg Time: 30.438 ms | Load Imbalance: 1.118' [0m
			|--[91m 'compact csr: indices | Max Time: 1.406 ms | Avg Time: 1.319 ms | Load Imbalance: 1.066' [0m
			|--[91m 'compact csr: row ptrs | Max Time: 9.300 ms | Avg Time: 9.162 ms | Load Imbalance: 1.015' [0m
			|--[91m 'compact csr: nnz index | Max Time: 23.582 ms | Avg Time: 23.452 ms | Load Imbalance: 1.006' [0m
			|--[91m 'compact csr: select nnz | Max Time: 8.580 ms | Avg Time: 8.492 ms | Load Imbalance: 1.010' [0m
			|--[91m 'compact csr: col map | Max Time: 20.674 ms | Avg Time: 20.607 ms | Load Imbalance: 1.003' [0m
			|--[91m 'compact csr: edge scale | Max Time: 14.089 ms | Avg Time: 13.548 ms | Load Imbalance: 1.040' [0m
			|--[91m 'compact csr: crow | Max Time: 11.875 ms | Avg Time: 11.449 ms | Load Imbalance: 1.037' [0m
			|--[91m 'compact csr: adjt direct | Max Time: 25.100 ms | Avg Time: 24.581 ms | Load Imbalance: 1.021' [0m
		|--[96m 'compact feature slice | Max Time: 11.760 ms | Avg Time: 11.734 ms | Load Imbalance: 1.002' [0m
		|--[96m 'compact label slice | Max Time: 1.131 ms | Avg Time: 1.125 ms | Load Imbalance: 1.005' [0m
	|--[92m 'train step | Max Time: 1419.698 ms | Avg Time: 1414.539 ms | Load Imbalance: 1.004' [0m
		|--[96m 'input_linear | Max Time: 48.244 ms | Avg Time: 41.824 ms | Load Imbalance: 1.154' [0m
			|--[91m 'input_linear X * W | Max Time: 4.848 ms | Avg Time: 4.815 ms | Load Imbalance: 1.007' [0m
			|--[91m 'all-reduce | Max Time: 40.257 ms | Avg Time: 33.836 ms | Load Imbalance: 1.190' [0m
			|--[91m 'OUT + BIAS | Max Time: 2.988 ms | Avg Time: 2.976 ms | Load Imbalance: 1.004' [0m
		|--[96m 'gcn conv fwd | Max Time: 532.872 ms | Avg Time: 531.639 ms | Load Imbalance: 1.002' [0m
			|--[91m 'AGG = A * H | Max Time: 26.011 ms | Avg Time: 24.513 ms | Load Imbalance: 1.061' [0m
			|--[91m 'allreduce H | Max Time: 247.514 ms | Avg Time: 239.165 ms | Load Imbalance: 1.035' [0m
				|--[95m 'allreduce lowp comm dtype | Max Time: 11.966 ms | Avg Time: 11.916 ms | Load Imbalance: 1.004' [0m
				|--[95m 'allreduce lowp | Max Time: 220.658 ms | Avg Time: 212.241 ms | Load Imbalance: 1.040' [0m
				|--[95m 'allreduce copy back | Max Time: 14.433 ms | Avg Time: 14.415 ms | Load Imbalance: 1.001' [0m
			|--[91m 'Allgather W | Max Time: 5.679 ms | Avg Time: 4.989 ms | Load Imbalance: 1.138' [0m
				|--[95m 'gather | Max Time: 5.430 ms | Avg Time: 4.743 ms | Load Imbalance: 1.145' [0m
			|--[91m 'OUT = AGG * W | Max Time: 23.152 ms | Avg Time: 23.129 ms | Load Imbalance: 1.001' [0m
			|--[91m 'allreduce Q | Max Time: 246.008 ms | Avg Time: 238.952 ms | Load Imbalance: 1.030' [0m
				|--[95m 'allreduce lowp comm dtype | Max Time: 11.960 ms | Avg Time: 11.940 ms | Load Imbalance: 1.002' [0m
				|--[95m 'allreduce lowp | Max Time: 219.085 ms | Avg Time: 212.027 ms | Load Imbalance: 1.033' [0m
				|--[95m 'allreduce copy back | Max Time: 14.405 ms | Avg Time: 14.387 ms | Load Imbalance: 1.001' [0m
		|--[96m 'activation | Max Time: 41.134 ms | Avg Time: 39.795 ms | Load Imbalance: 1.034' [0m
			|--[91m 'all-reduce | Max Time: 10.804 ms | Avg Time: 9.455 ms | Load Imbalance: 1.143' [0m
		|--[96m 'output_linear | Max Time: 54.830 ms | Avg Time: 53.680 ms | Load Imbalance: 1.021' [0m
			|--[91m 'output_linear X * W | Max Time: 3.137 ms | Avg Time: 3.124 ms | Load Imbalance: 1.004' [0m
			|--[91m 'all-reduce | Max Time: 49.953 ms | Avg Time: 48.770 ms | Load Imbalance: 1.024' [0m
			|--[91m 'OUT + BIAS | Max Time: 1.602 ms | Avg Time: 1.586 ms | Load Imbalance: 1.010' [0m
		|--[96m 'cross entropy fwd | Max Time: 39.894 ms | Avg Time: 38.476 ms | Load Imbalance: 1.037' [0m
		|--[96m 'cross entropy bwd | Max Time: 5.363 ms | Avg Time: 4.891 ms | Load Imbalance: 1.097' [0m
		|--[96m 'linear_3d_bwd | Max Time: 45.519 ms | Avg Time: 44.918 ms | Load Imbalance: 1.013' [0m
			|--[91m 'output_linear GRAD_X | Max Time: 2.439 ms | Avg Time: 2.426 ms | Load Imbalance: 1.005' [0m
			|--[91m 'all-reduce | Max Time: 30.703 ms | Avg Time: 30.099 ms | Load Imbalance: 1.020' [0m
			|--[91m 'output_linear GRAD_W | Max Time: 3.293 ms | Avg Time: 3.274 ms | Load Imbalance: 1.006' [0m
			|--[91m 'input_linear GRAD_W | Max Time: 5.117 ms | Avg Time: 5.089 ms | Load Imbalance: 1.006' [0m
		|--[96m 'gcn conv bwd | Max Time: 563.664 ms | Avg Time: 561.988 ms | Load Imbalance: 1.003' [0m
			|--[91m 'GRAD_AGG = GRAD_OUT * W.T | Max Time: 23.271 ms | Avg Time: 23.241 ms | Load Imbalance: 1.001' [0m
			|--[91m 'allreduce lowp comm dtype | Max Time: 12.070 ms | Avg Time: 12.029 ms | Load Imbalance: 1.003' [0m
			|--[91m 'allreduce lowp | Max Time: 214.826 ms | Avg Time: 213.410 ms | Load Imbalance: 1.007' [0m
			|--[91m 'allreduce copy back | Max Time: 14.442 ms | Avg Time: 14.420 ms | Load Imbalance: 1.002' [0m
			|--[91m 'GRAD_W = AGG.T * GRAD_OUT | Max Time: 26.525 ms | Avg Time: 26.447 ms | Load Imbalance: 1.003' [0m
			|--[91m 'ReduceScatter grad_weight | Max Time: 2.148 ms | Avg Time: 1.997 ms | Load Imbalance: 1.075' [0m
				|--[95m 'reduce-scatter | Max Time: 1.901 ms | Avg Time: 1.751 ms | Load Imbalance: 1.085' [0m
					|--[92m 'reduce-scatter-dist | Max Time: 1.702 ms | Avg Time: 1.554 ms | Load Imbalance: 1.096' [0m
			|--[91m 'GRAD_H = A.T * GRAD_AGG | Max Time: 25.790 ms | Avg Time: 24.142 ms | Load Imbalance: 1.068' [0m
			|--[91m 'allreduce grad_x | Max Time: 241.710 ms | Avg Time: 233.120 ms | Load Imbalance: 1.037' [0m
				|--[95m 'allreduce lowp comm dtype | Max Time: 11.933 ms | Avg Time: 11.887 ms | Load Imbalance: 1.004' [0m
				|--[95m 'allreduce lowp | Max Time: 214.830 ms | Avg Time: 206.227 ms | Load Imbalance: 1.042' [0m
				|--[95m 'allreduce copy back | Max Time: 14.429 ms | Avg Time: 14.409 ms | Load Imbalance: 1.001' [0m
			|--[91m 'gather | Max Time: 19.565 ms | Avg Time: 11.741 ms | Load Imbalance: 1.666' [0m
		|--[96m 'sync_norm_gradients | Max Time: 4.754 ms | Avg Time: 3.914 ms | Load Imbalance: 1.215' [0m
		|--[96m 'sync_data_parallel_gradients | Max Time: 0.050 ms | Avg Time: 0.049 ms | Load Imbalance: 1.012' [0m

|--[95m 'epoch 9 | Max Time: 1692.211 ms | Avg Time: 1692.195 ms | Load Imbalance: 1.000' [0m
	|--[92m 'minibatch prep | Max Time: 276.640 ms | Avg Time: 270.305 ms | Load Imbalance: 1.023' [0m
		|--[96m 'sample nodes | Max Time: 73.457 ms | Avg Time: 73.303 ms | Load Imbalance: 1.002' [0m
		|--[96m 'compact indices | Max Time: 15.044 ms | Avg Time: 12.648 ms | Load Imbalance: 1.189' [0m
		|--[96m 'compact adj shards | Max Time: 174.415 ms | Avg Time: 168.580 ms | Load Imbalance: 1.035' [0m
			|--[91m 'compact layout prep | Max Time: 33.827 ms | Avg Time: 30.438 ms | Load Imbalance: 1.111' [0m
			|--[91m 'compact csr: indices | Max Time: 1.377 ms | Avg Time: 1.312 ms | Load Imbalance: 1.050' [0m
			|--[91m 'compact csr: row ptrs | Max Time: 9.268 ms | Avg Time: 9.072 ms | Load Imbalance: 1.022' [0m
			|--[91m 'compact csr: nnz index | Max Time: 23.589 ms | Avg Time: 23.449 ms | Load Imbalance: 1.006' [0m
			|--[91m 'compact csr: select nnz | Max Time: 8.579 ms | Avg Time: 8.487 ms | Load Imbalance: 1.011' [0m
			|--[91m 'compact csr: col map | Max Time: 20.675 ms | Avg Time: 20.613 ms | Load Imbalance: 1.003' [0m
			|--[91m 'compact csr: edge scale | Max Time: 14.085 ms | Avg Time: 13.527 ms | Load Imbalance: 1.041' [0m
			|--[91m 'compact csr: crow | Max Time: 11.802 ms | Avg Time: 11.395 ms | Load Imbalance: 1.036' [0m
			|--[91m 'compact csr: adjt direct | Max Time: 25.142 ms | Avg Time: 24.579 ms | Load Imbalance: 1.023' [0m
		|--[96m 'compact feature slice | Max Time: 11.752 ms | Avg Time: 11.733 ms | Load Imbalance: 1.002' [0m
		|--[96m 'compact label slice | Max Time: 1.128 ms | Avg Time: 1.125 ms | Load Imbalance: 1.002' [0m
	|--[92m 'train step | Max Time: 1426.851 ms | Avg Time: 1420.932 ms | Load Imbalance: 1.004' [0m
		|--[96m 'input_linear | Max Time: 49.196 ms | Avg Time: 42.194 ms | Load Imbalance: 1.166' [0m
			|--[91m 'input_linear X * W | Max Time: 4.875 ms | Avg Time: 4.822 ms | Load Imbalance: 1.011' [0m
			|--[91m 'all-reduce | Max Time: 41.218 ms | Avg Time: 34.184 ms | Load Imbalance: 1.206' [0m
			|--[91m 'OUT + BIAS | Max Time: 2.990 ms | Avg Time: 2.977 ms | Load Imbalance: 1.005' [0m
		|--[96m 'gcn conv fwd | Max Time: 543.224 ms | Avg Time: 540.261 ms | Load Imbalance: 1.005' [0m
			|--[91m 'AGG = A * H | Max Time: 25.991 ms | Avg Time: 24.525 ms | Load Imbalance: 1.060' [0m
			|--[91m 'allreduce H | Max Time: 242.845 ms | Avg Time: 239.265 ms | Load Imbalance: 1.015' [0m
				|--[95m 'allreduce lowp comm dtype | Max Time: 11.966 ms | Avg Time: 11.916 ms | Load Imbalance: 1.004' [0m
				|--[95m 'allreduce lowp | Max Time: 215.944 ms | Avg Time: 212.341 ms | Load Imbalance: 1.017' [0m
				|--[95m 'allreduce copy back | Max Time: 14.435 ms | Avg Time: 14.414 ms | Load Imbalance: 1.001' [0m
			|--[91m 'Allgather W | Max Time: 6.497 ms | Avg Time: 5.640 ms | Load Imbalance: 1.152' [0m
				|--[95m 'gather | Max Time: 6.252 ms | Avg Time: 5.394 ms | Load Imbalance: 1.159' [0m
			|--[91m 'OUT = AGG * W | Max Time: 23.149 ms | Avg Time: 23.126 ms | Load Imbalance: 1.001' [0m
			|--[91m 'allreduce Q | Max Time: 250.889 ms | Avg Time: 246.814 ms | Load Imbalance: 1.017' [0m
				|--[95m 'allreduce lowp comm dtype | Max Time: 11.959 ms | Avg Time: 11.940 ms | Load Imbalance: 1.002' [0m
				|--[95m 'allreduce lowp | Max Time: 223.987 ms | Avg Time: 219.889 ms | Load Imbalance: 1.019' [0m
				|--[95m 'allreduce copy back | Max Time: 14.406 ms | Avg Time: 14.387 ms | Load Imbalance: 1.001' [0m
		|--[96m 'activation | Max Time: 40.534 ms | Avg Time: 39.867 ms | Load Imbalance: 1.017' [0m
			|--[91m 'all-reduce | Max Time: 10.176 ms | Avg Time: 9.528 ms | Load Imbalance: 1.068' [0m
		|--[96m 'output_linear | Max Time: 55.270 ms | Avg Time: 53.653 ms | Load Imbalance: 1.030' [0m
			|--[91m 'output_linear X * W | Max Time: 3.147 ms | Avg Time: 3.123 ms | Load Imbalance: 1.007' [0m
			|--[91m 'all-reduce | Max Time: 50.383 ms | Avg Time: 48.746 ms | Load Imbalance: 1.034' [0m
			|--[91m 'OUT + BIAS | Max Time: 1.605 ms | Avg Time: 1.584 ms | Load Imbalance: 1.013' [0m
		|--[96m 'cross entropy fwd | Max Time: 39.552 ms | Avg Time: 38.408 ms | Load Imbalance: 1.030' [0m
		|--[96m 'cross entropy bwd | Max Time: 5.291 ms | Avg Time: 4.938 ms | Load Imbalance: 1.072' [0m
		|--[96m 'linear_3d_bwd | Max Time: 45.928 ms | Avg Time: 44.960 ms | Load Imbalance: 1.022' [0m
			|--[91m 'output_linear GRAD_X | Max Time: 2.440 ms | Avg Time: 2.425 ms | Load Imbalance: 1.006' [0m
			|--[91m 'all-reduce | Max Time: 31.096 ms | Avg Time: 30.140 ms | Load Imbalance: 1.032' [0m
			|--[91m 'output_linear GRAD_W | Max Time: 3.303 ms | Avg Time: 3.277 ms | Load Imbalance: 1.008' [0m
			|--[91m 'input_linear GRAD_W | Max Time: 5.111 ms | Avg Time: 5.089 ms | Load Imbalance: 1.004' [0m
		|--[96m 'gcn conv bwd | Max Time: 560.401 ms | Avg Time: 558.867 ms | Load Imbalance: 1.003' [0m
			|--[91m 'GRAD_AGG = GRAD_OUT * W.T | Max Time: 23.278 ms | Avg Time: 23.238 ms | Load Imbalance: 1.002' [0m
			|--[91m 'allreduce lowp comm dtype | Max Time: 12.059 ms | Avg Time: 12.021 ms | Load Imbalance: 1.003' [0m
			|--[91m 'allreduce lowp | Max Time: 213.453 ms | Avg Time: 212.299 ms | Load Imbalance: 1.005' [0m
			|--[91m 'allreduce copy back | Max Time: 14.445 ms | Avg Time: 14.419 ms | Load Imbalance: 1.002' [0m
			|--[91m 'GRAD_W = AGG.T * GRAD_OUT | Max Time: 26.538 ms | Avg Time: 26.459 ms | Load Imbalance: 1.003' [0m
			|--[91m 'ReduceScatter grad_weight | Max Time: 2.236 ms | Avg Time: 2.044 ms | Load Imbalance: 1.094' [0m
				|--[95m 'reduce-scatter | Max Time: 1.989 ms | Avg Time: 1.798 ms | Load Imbalance: 1.107' [0m
					|--[92m 'reduce-scatter-dist | Max Time: 1.793 ms | Avg Time: 1.600 ms | Load Imbalance: 1.120' [0m
			|--[91m 'GRAD_H = A.T * GRAD_AGG | Max Time: 25.790 ms | Avg Time: 24.133 ms | Load Imbalance: 1.069' [0m
			|--[91m 'allreduce grad_x | Max Time: 238.262 ms | Avg Time: 234.066 ms | Load Imbalance: 1.018' [0m
				|--[95m 'allreduce lowp comm dtype | Max Time: 11.929 ms | Avg Time: 11.888 ms | Load Imbalance: 1.003' [0m
				|--[95m 'allreduce lowp | Max Time: 211.414 ms | Avg Time: 207.170 ms | Load Imbalance: 1.020' [0m
				|--[95m 'allreduce copy back | Max Time: 14.437 ms | Avg Time: 14.410 ms | Load Imbalance: 1.002' [0m
			|--[91m 'gather | Max Time: 11.738 ms | Avg Time: 8.750 ms | Load Imbalance: 1.342' [0m
		|--[96m 'sync_norm_gradients | Max Time: 4.519 ms | Avg Time: 3.834 ms | Load Imbalance: 1.179' [0m
		|--[96m 'sync_data_parallel_gradients | Max Time: 0.050 ms | Avg Time: 0.049 ms | Load Imbalance: 1.014' [0m

Epoch: 009, Train Loss: 3.1260
rank 0 Peak GPU memory: 10.98 GB
