/pscratch/sd/h/hmuki/plexus/plexus/utils/dataloader.py:412: UserWarning: Sparse invariant checks are implicitly disabled. Memory errors (e.g. SEGFAULT) will occur when operating on a sparse tensor which violates the invariants, but checks incur performance overhead. To silence this warning, explicitly opt in or out. See `torch.sparse.check_sparse_tensor_invariants.__doc__` for guidance.  (Triggered internally at /pytorch/aten/src/ATen/Context.cpp:760.)
  adj_local = torch.sparse_coo_tensor(
/pscratch/sd/h/hmuki/plexus/plexus/utils/dataloader.py:412: UserWarning: Sparse invariant checks are implicitly disabled. Memory errors (e.g. SEGFAULT) will occur when operating on a sparse tensor which violates the invariants, but checks incur performance overhead. To silence this warning, explicitly opt in or out. See `torch.sparse.check_sparse_tensor_invariants.__doc__` for guidance.  (Triggered internally at /pytorch/aten/src/ATen/Context.cpp:760.)
  adj_local = torch.sparse_coo_tensor(
/pscratch/sd/h/hmuki/plexus/plexus/utils/dataloader.py:412: UserWarning: Sparse invariant checks are implicitly disabled. Memory errors (e.g. SEGFAULT) will occur when operating on a sparse tensor which violates the invariants, but checks incur performance overhead. To silence this warning, explicitly opt in or out. See `torch.sparse.check_sparse_tensor_invariants.__doc__` for guidance.  (Triggered internally at /pytorch/aten/src/ATen/Context.cpp:760.)
  adj_local = torch.sparse_coo_tensor(
/pscratch/sd/h/hmuki/plexus/plexus/utils/dataloader.py:412: UserWarning: Sparse invariant checks are implicitly disabled. Memory errors (e.g. SEGFAULT) will occur when operating on a sparse tensor which violates the invariants, but checks incur performance overhead. To silence this warning, explicitly opt in or out. See `torch.sparse.check_sparse_tensor_invariants.__doc__` for guidance.  (Triggered internally at /pytorch/aten/src/ATen/Context.cpp:760.)
  adj_local = torch.sparse_coo_tensor(
/pscratch/sd/h/hmuki/plexus/plexus/utils/dataloader.py:412: UserWarning: Sparse invariant checks are implicitly disabled. Memory errors (e.g. SEGFAULT) will occur when operating on a sparse tensor which violates the invariants, but checks incur performance overhead. To silence this warning, explicitly opt in or out. See `torch.sparse.check_sparse_tensor_invariants.__doc__` for guidance.  (Triggered internally at /pytorch/aten/src/ATen/Context.cpp:760.)
  adj_local = torch.sparse_coo_tensor(
/pscratch/sd/h/hmuki/plexus/plexus/utils/dataloader.py:412: UserWarning: Sparse invariant checks are implicitly disabled. Memory errors (e.g. SEGFAULT) will occur when operating on a sparse tensor which violates the invariants, but checks incur performance overhead. To silence this warning, explicitly opt in or out. See `torch.sparse.check_sparse_tensor_invariants.__doc__` for guidance.  (Triggered internally at /pytorch/aten/src/ATen/Context.cpp:760.)
  adj_local = torch.sparse_coo_tensor(
/pscratch/sd/h/hmuki/plexus/plexus/utils/dataloader.py:425: UserWarning: Sparse CSR tensor support is in beta state. If you miss a functionality in the sparse tensor support, please submit a feature request to https://github.com/pytorch/pytorch/issues. (Triggered internally at /pytorch/aten/src/ATen/SparseCsrTensorImpl.cpp:49.)
  adj_local = adj_local.to_sparse_csr()
/pscratch/sd/h/hmuki/plexus/plexus/utils/dataloader.py:425: UserWarning: Sparse CSR tensor support is in beta state. If you miss a functionality in the sparse tensor support, please submit a feature request to https://github.com/pytorch/pytorch/issues. (Triggered internally at /pytorch/aten/src/ATen/SparseCsrTensorImpl.cpp:49.)
  adj_local = adj_local.to_sparse_csr()
/pscratch/sd/h/hmuki/plexus/plexus/utils/dataloader.py:425: UserWarning: Sparse CSR tensor support is in beta state. If you miss a functionality in the sparse tensor support, please submit a feature request to https://github.com/pytorch/pytorch/issues. (Triggered internally at /pytorch/aten/src/ATen/SparseCsrTensorImpl.cpp:49.)
  adj_local = adj_local.to_sparse_csr()
/pscratch/sd/h/hmuki/plexus/plexus/utils/dataloader.py:425: UserWarning: Sparse CSR tensor support is in beta state. If you miss a functionality in the sparse tensor support, please submit a feature request to https://github.com/pytorch/pytorch/issues. (Triggered internally at /pytorch/aten/src/ATen/SparseCsrTensorImpl.cpp:49.)
  adj_local = adj_local.to_sparse_csr()
/pscratch/sd/h/hmuki/plexus/plexus/utils/dataloader.py:425: UserWarning: Sparse CSR tensor support is in beta state. If you miss a functionality in the sparse tensor support, please submit a feature request to https://github.com/pytorch/pytorch/issues. (Triggered internally at /pytorch/aten/src/ATen/SparseCsrTensorImpl.cpp:49.)
  adj_local = adj_local.to_sparse_csr()
/pscratch/sd/h/hmuki/plexus/plexus/utils/dataloader.py:425: UserWarning: Sparse CSR tensor support is in beta state. If you miss a functionality in the sparse tensor support, please submit a feature request to https://github.com/pytorch/pytorch/issues. (Triggered internally at /pytorch/aten/src/ATen/SparseCsrTensorImpl.cpp:49.)
  adj_local = adj_local.to_sparse_csr()
/pscratch/sd/h/hmuki/plexus/plexus/utils/dataloader.py:412: UserWarning: Sparse invariant checks are implicitly disabled. Memory errors (e.g. SEGFAULT) will occur when operating on a sparse tensor which violates the invariants, but checks incur performance overhead. To silence this warning, explicitly opt in or out. See `torch.sparse.check_sparse_tensor_invariants.__doc__` for guidance.  (Triggered internally at /pytorch/aten/src/ATen/Context.cpp:760.)
  adj_local = torch.sparse_coo_tensor(
/pscratch/sd/h/hmuki/plexus/plexus/utils/dataloader.py:412: UserWarning: Sparse invariant checks are implicitly disabled. Memory errors (e.g. SEGFAULT) will occur when operating on a sparse tensor which violates the invariants, but checks incur performance overhead. To silence this warning, explicitly opt in or out. See `torch.sparse.check_sparse_tensor_invariants.__doc__` for guidance.  (Triggered internally at /pytorch/aten/src/ATen/Context.cpp:760.)
  adj_local = torch.sparse_coo_tensor(
/pscratch/sd/h/hmuki/plexus/plexus/utils/dataloader.py:425: UserWarning: Sparse CSR tensor support is in beta state. If you miss a functionality in the sparse tensor support, please submit a feature request to https://github.com/pytorch/pytorch/issues. (Triggered internally at /pytorch/aten/src/ATen/SparseCsrTensorImpl.cpp:49.)
  adj_local = adj_local.to_sparse_csr()
/pscratch/sd/h/hmuki/plexus/plexus/utils/dataloader.py:425: UserWarning: Sparse CSR tensor support is in beta state. If you miss a functionality in the sparse tensor support, please submit a feature request to https://github.com/pytorch/pytorch/issues. (Triggered internally at /pytorch/aten/src/ATen/SparseCsrTensorImpl.cpp:49.)
  adj_local = adj_local.to_sparse_csr()
[info] RMSNorm + ReLU + Dropout fused and compiled with torch.compile
steps_per_epoch:  21
steps_per_epoch:  21
steps_per_epoch:  21
steps_per_epoch:  21
steps_per_epoch:  21
steps_per_epoch:  21
steps_per_epoch:  21
steps_per_epoch:  21
Epoch: 000, Train Loss: 3.4602
Epoch: 001, Train Loss: 3.3535
Epoch: 002, Train Loss: 3.2756
Epoch: 003, Train Loss: 3.2255
Epoch: 004, Train Loss: 3.1980
Epoch: 005, Train Loss: 3.1677
Epoch: 006, Train Loss: 3.1457
Epoch: 007, Train Loss: 3.1254
Epoch: 008, Train Loss: 3.1156
rank 3 Peak GPU memory: 9.22 GB
rank 2 Peak GPU memory: 9.22 GB
rank 1 Peak GPU memory: 9.22 GB
rank 4 Peak GPU memory: 9.22 GB
rank 7 Peak GPU memory: 9.62 GB
rank 6 Peak GPU memory: 9.22 GB
rank 5 Peak GPU memory: 9.22 GB
|--[95m 'drop | Max Time: 0.225 ms | Avg Time: 0.211 ms | Load Imbalance: 1.066' [0m

|--[95m 'epoch 0 | Max Time: 8319.050 ms | Avg Time: 8318.548 ms | Load Imbalance: 1.000' [0m
	|--[92m 'minibatch prep | Max Time: 389.421 ms | Avg Time: 372.152 ms | Load Imbalance: 1.046' [0m
		|--[96m 'sample nodes | Max Time: 92.738 ms | Avg Time: 90.798 ms | Load Imbalance: 1.021' [0m
		|--[96m 'compact indices | Max Time: 22.428 ms | Avg Time: 22.055 ms | Load Imbalance: 1.017' [0m
		|--[96m 'compact adj shards | Max Time: 258.654 ms | Avg Time: 242.007 ms | Load Imbalance: 1.069' [0m
			|--[91m 'compact layout prep | Max Time: 77.314 ms | Avg Time: 66.777 ms | Load Imbalance: 1.158' [0m
			|--[91m 'compact csr: indices | Max Time: 1.428 ms | Avg Time: 1.348 ms | Load Imbalance: 1.060' [0m
			|--[91m 'compact csr: row ptrs | Max Time: 17.252 ms | Avg Time: 16.522 ms | Load Imbalance: 1.044' [0m
			|--[91m 'compact csr: nnz index | Max Time: 31.521 ms | Avg Time: 29.996 ms | Load Imbalance: 1.051' [0m
			|--[91m 'compact csr: select nnz | Max Time: 9.750 ms | Avg Time: 9.040 ms | Load Imbalance: 1.079' [0m
			|--[91m 'compact csr: col map | Max Time: 18.911 ms | Avg Time: 18.160 ms | Load Imbalance: 1.041' [0m
			|--[91m 'compact csr: edge scale | Max Time: 21.876 ms | Avg Time: 20.668 ms | Load Imbalance: 1.058' [0m
			|--[91m 'compact csr: crow | Max Time: 30.761 ms | Avg Time: 30.299 ms | Load Imbalance: 1.015' [0m
			|--[91m 'compact csr: adjt direct | Max Time: 27.047 ms | Avg Time: 24.700 ms | Load Imbalance: 1.095' [0m
		|--[96m 'compact feature slice | Max Time: 6.628 ms | Avg Time: 6.598 ms | Load Imbalance: 1.005' [0m
		|--[96m 'compact label slice | Max Time: 7.541 ms | Avg Time: 7.280 ms | Load Imbalance: 1.036' [0m
	|--[92m 'train step | Max Time: 7952.663 ms | Avg Time: 7945.372 ms | Load Imbalance: 1.001' [0m
		|--[96m 'input_linear | Max Time: 252.605 ms | Avg Time: 233.904 ms | Load Imbalance: 1.080' [0m
			|--[91m 'input_linear X * W | Max Time: 51.037 ms | Avg Time: 48.223 ms | Load Imbalance: 1.058' [0m
			|--[91m 'all-reduce | Max Time: 199.804 ms | Avg Time: 179.153 ms | Load Imbalance: 1.115' [0m
			|--[91m 'OUT + BIAS | Max Time: 6.555 ms | Avg Time: 5.978 ms | Load Imbalance: 1.097' [0m
		|--[96m 'gcn conv fwd | Max Time: 1162.283 ms | Avg Time: 1078.230 ms | Load Imbalance: 1.078' [0m
			|--[91m 'AGG = A * H | Max Time: 52.537 ms | Avg Time: 42.678 ms | Load Imbalance: 1.231' [0m
			|--[91m 'allreduce H | Max Time: 579.048 ms | Avg Time: 501.255 ms | Load Imbalance: 1.155' [0m
				|--[95m 'allreduce lowp comm dtype | Max Time: 13.199 ms | Avg Time: 13.108 ms | Load Imbalance: 1.007' [0m
				|--[95m 'allreduce lowp | Max Time: 549.463 ms | Avg Time: 471.799 ms | Load Imbalance: 1.165' [0m
				|--[95m 'allreduce copy back | Max Time: 15.753 ms | Avg Time: 15.736 ms | Load Imbalance: 1.001' [0m
			|--[91m 'Allgather W | Max Time: 151.933 ms | Avg Time: 82.910 ms | Load Imbalance: 1.833' [0m
				|--[95m 'gather | Max Time: 151.620 ms | Avg Time: 82.594 ms | Load Imbalance: 1.836' [0m
			|--[91m 'OUT = AGG * W | Max Time: 41.448 ms | Avg Time: 41.400 ms | Load Imbalance: 1.001' [0m
			|--[91m 'allreduce Q | Max Time: 444.384 ms | Avg Time: 409.038 ms | Load Imbalance: 1.086' [0m
				|--[95m 'allreduce lowp comm dtype | Max Time: 13.225 ms | Avg Time: 13.209 ms | Load Imbalance: 1.001' [0m
				|--[95m 'allreduce lowp | Max Time: 414.848 ms | Avg Time: 379.519 ms | Load Imbalance: 1.093' [0m
				|--[95m 'allreduce copy back | Max Time: 15.726 ms | Avg Time: 15.711 ms | Load Imbalance: 1.001' [0m
		|--[96m 'activation | Max Time: 3665.303 ms | Avg Time: 3590.813 ms | Load Imbalance: 1.021' [0m
			|--[91m 'all-reduce | Max Time: 204.384 ms | Avg Time: 77.558 ms | Load Imbalance: 2.635' [0m
		|--[96m 'output_linear | Max Time: 166.706 ms | Avg Time: 66.236 ms | Load Imbalance: 2.517' [0m
			|--[91m 'output_linear X * W | Max Time: 4.651 ms | Avg Time: 4.549 ms | Load Imbalance: 1.023' [0m
			|--[91m 'all-reduce | Max Time: 161.162 ms | Avg Time: 60.647 ms | Load Imbalance: 2.657' [0m
			|--[91m 'OUT + BIAS | Max Time: 0.848 ms | Avg Time: 0.842 ms | Load Imbalance: 1.007' [0m
		|--[96m 'cross entropy fwd | Max Time: 272.375 ms | Avg Time: 182.534 ms | Load Imbalance: 1.492' [0m
		|--[96m 'cross entropy bwd | Max Time: 7.021 ms | Avg Time: 4.178 ms | Load Imbalance: 1.680' [0m
		|--[96m 'linear_3d_bwd | Max Time: 102.250 ms | Avg Time: 97.148 ms | Load Imbalance: 1.053' [0m
			|--[91m 'output_linear GRAD_X | Max Time: 8.586 ms | Avg Time: 5.408 ms | Load Imbalance: 1.588' [0m
			|--[91m 'all-reduce | Max Time: 78.324 ms | Avg Time: 68.177 ms | Load Imbalance: 1.149' [0m
			|--[91m 'output_linear GRAD_W | Max Time: 12.286 ms | Avg Time: 8.226 ms | Load Imbalance: 1.494' [0m
			|--[91m 'input_linear GRAD_W | Max Time: 7.689 ms | Avg Time: 7.674 ms | Load Imbalance: 1.002' [0m
		|--[96m 'gcn conv bwd | Max Time: 2126.145 ms | Avg Time: 1941.808 ms | Load Imbalance: 1.095' [0m
			|--[91m 'gather | Max Time: 1433.721 ms | Avg Time: 611.183 ms | Load Imbalance: 2.346' [0m
			|--[91m 'GRAD_AGG = GRAD_OUT * W.T | Max Time: 41.134 ms | Avg Time: 41.061 ms | Load Imbalance: 1.002' [0m
			|--[91m 'allreduce lowp comm dtype | Max Time: 13.269 ms | Avg Time: 13.252 ms | Load Imbalance: 1.001' [0m
			|--[91m 'allreduce lowp | Max Time: 1642.376 ms | Avg Time: 978.078 ms | Load Imbalance: 1.679' [0m
			|--[91m 'allreduce copy back | Max Time: 15.744 ms | Avg Time: 15.733 ms | Load Imbalance: 1.001' [0m
			|--[91m 'GRAD_W = AGG.T * GRAD_OUT | Max Time: 43.582 ms | Avg Time: 43.539 ms | Load Imbalance: 1.001' [0m
			|--[91m 'ReduceScatter grad_weight | Max Time: 8.025 ms | Avg Time: 4.899 ms | Load Imbalance: 1.638' [0m
				|--[95m 'reduce-scatter | Max Time: 7.729 ms | Avg Time: 4.602 ms | Load Imbalance: 1.679' [0m
					|--[92m 'reduce-scatter-dist | Max Time: 7.430 ms | Avg Time: 4.306 ms | Load Imbalance: 1.725' [0m
			|--[91m 'GRAD_H = A.T * GRAD_AGG | Max Time: 37.450 ms | Avg Time: 29.605 ms | Load Imbalance: 1.265' [0m
			|--[91m 'allreduce grad_x | Max Time: 209.713 ms | Avg Time: 202.934 ms | Load Imbalance: 1.033' [0m
				|--[95m 'allreduce lowp comm dtype | Max Time: 13.085 ms | Avg Time: 13.006 ms | Load Imbalance: 1.006' [0m
				|--[95m 'allreduce lowp | Max Time: 180.458 ms | Avg Time: 173.606 ms | Load Imbalance: 1.039' [0m
				|--[95m 'allreduce copy back | Max Time: 15.756 ms | Avg Time: 15.728 ms | Load Imbalance: 1.002' [0m
		|--[96m 'sync_norm_gradients | Max Time: 10.931 ms | Avg Time: 6.167 ms | Load Imbalance: 1.773' [0m
		|--[96m 'sync_data_parallel_gradients | Max Time: 0.051 ms | Avg Time: 0.049 ms | Load Imbalance: 1.044' [0m

|--[95m 'epoch 1 | Max Time: 1651.946 ms | Avg Time: 1651.927 ms | Load Imbalance: 1.000' [0m
	|--[92m 'minibatch prep | Max Time: 272.446 ms | Avg Time: 256.306 ms | Load Imbalance: 1.063' [0m
		|--[96m 'sample nodes | Max Time: 73.516 ms | Avg Time: 73.243 ms | Load Imbalance: 1.004' [0m
		|--[96m 'compact indices | Max Time: 12.702 ms | Avg Time: 12.503 ms | Load Imbalance: 1.016' [0m
		|--[96m 'compact adj shards | Max Time: 176.888 ms | Avg Time: 160.695 ms | Load Imbalance: 1.101' [0m
			|--[91m 'compact layout prep | Max Time: 33.867 ms | Avg Time: 23.511 ms | Load Imbalance: 1.440' [0m
			|--[91m 'compact csr: indices | Max Time: 1.369 ms | Avg Time: 1.292 ms | Load Imbalance: 1.060' [0m
			|--[91m 'compact csr: row ptrs | Max Time: 8.477 ms | Avg Time: 8.374 ms | Load Imbalance: 1.012' [0m
			|--[91m 'compact csr: nnz index | Max Time: 27.462 ms | Avg Time: 26.098 ms | Load Imbalance: 1.052' [0m
			|--[91m 'compact csr: select nnz | Max Time: 9.776 ms | Avg Time: 9.046 ms | Load Imbalance: 1.081' [0m
			|--[91m 'compact csr: col map | Max Time: 18.951 ms | Avg Time: 18.164 ms | Load Imbalance: 1.043' [0m
			|--[91m 'compact csr: edge scale | Max Time: 13.986 ms | Avg Time: 13.837 ms | Load Imbalance: 1.011' [0m
			|--[91m 'compact csr: crow | Max Time: 11.479 ms | Avg Time: 11.362 ms | Load Imbalance: 1.010' [0m
			|--[91m 'compact csr: adjt direct | Max Time: 26.957 ms | Avg Time: 24.651 ms | Load Imbalance: 1.094' [0m
		|--[96m 'compact feature slice | Max Time: 6.207 ms | Avg Time: 6.193 ms | Load Imbalance: 1.002' [0m
		|--[96m 'compact label slice | Max Time: 0.762 ms | Avg Time: 0.757 ms | Load Imbalance: 1.007' [0m
	|--[92m 'train step | Max Time: 1401.262 ms | Avg Time: 1394.672 ms | Load Imbalance: 1.005' [0m
		|--[96m 'input_linear | Max Time: 94.204 ms | Avg Time: 77.883 ms | Load Imbalance: 1.210' [0m
			|--[91m 'input_linear X * W | Max Time: 8.125 ms | Avg Time: 8.008 ms | Load Imbalance: 1.015' [0m
			|--[91m 'all-reduce | Max Time: 80.141 ms | Avg Time: 63.734 ms | Load Imbalance: 1.257' [0m
			|--[91m 'OUT + BIAS | Max Time: 5.789 ms | Avg Time: 5.783 ms | Load Imbalance: 1.001' [0m
		|--[96m 'gcn conv fwd | Max Time: 506.996 ms | Avg Time: 494.276 ms | Load Imbalance: 1.026' [0m
			|--[91m 'AGG = A * H | Max Time: 37.753 ms | Avg Time: 29.865 ms | Load Imbalance: 1.264' [0m
			|--[91m 'allreduce H | Max Time: 226.441 ms | Avg Time: 211.473 ms | Load Imbalance: 1.071' [0m
				|--[95m 'allreduce lowp comm dtype | Max Time: 13.141 ms | Avg Time: 13.037 ms | Load Imbalance: 1.008' [0m
				|--[95m 'allreduce lowp | Max Time: 197.115 ms | Avg Time: 182.112 ms | Load Imbalance: 1.082' [0m
				|--[95m 'allreduce copy back | Max Time: 15.750 ms | Avg Time: 15.727 ms | Load Imbalance: 1.001' [0m
			|--[91m 'Allgather W | Max Time: 17.482 ms | Avg Time: 9.994 ms | Load Imbalance: 1.749' [0m
				|--[95m 'gather | Max Time: 17.192 ms | Avg Time: 9.696 ms | Load Imbalance: 1.773' [0m
			|--[91m 'OUT = AGG * W | Max Time: 41.306 ms | Avg Time: 41.247 ms | Load Imbalance: 1.001' [0m
			|--[91m 'allreduce Q | Max Time: 203.281 ms | Avg Time: 200.806 ms | Load Imbalance: 1.012' [0m
				|--[95m 'allreduce lowp comm dtype | Max Time: 13.223 ms | Avg Time: 13.211 ms | Load Imbalance: 1.001' [0m
				|--[95m 'allreduce lowp | Max Time: 173.790 ms | Avg Time: 171.288 ms | Load Imbalance: 1.015' [0m
				|--[95m 'allreduce copy back | Max Time: 15.732 ms | Avg Time: 15.712 ms | Load Imbalance: 1.001' [0m
		|--[96m 'activation | Max Time: 41.393 ms | Avg Time: 38.678 ms | Load Imbalance: 1.070' [0m
			|--[91m 'all-reduce | Max Time: 11.980 ms | Avg Time: 9.266 ms | Load Imbalance: 1.293' [0m
		|--[96m 'output_linear | Max Time: 35.066 ms | Avg Time: 34.077 ms | Load Imbalance: 1.029' [0m
			|--[91m 'output_linear X * W | Max Time: 4.519 ms | Avg Time: 4.512 ms | Load Imbalance: 1.001' [0m
			|--[91m 'all-reduce | Max Time: 29.525 ms | Avg Time: 28.526 ms | Load Imbalance: 1.035' [0m
			|--[91m 'OUT + BIAS | Max Time: 0.850 ms | Avg Time: 0.842 ms | Load Imbalance: 1.010' [0m
		|--[96m 'cross entropy fwd | Max Time: 25.690 ms | Avg Time: 24.529 ms | Load Imbalance: 1.047' [0m
		|--[96m 'cross entropy bwd | Max Time: 3.166 ms | Avg Time: 3.065 ms | Load Imbalance: 1.033' [0m
		|--[96m 'linear_3d_bwd | Max Time: 87.323 ms | Avg Time: 84.728 ms | Load Imbalance: 1.031' [0m
			|--[91m 'output_linear GRAD_X | Max Time: 4.424 ms | Avg Time: 4.197 ms | Load Imbalance: 1.054' [0m
			|--[91m 'all-reduce | Max Time: 63.586 ms | Avg Time: 60.866 ms | Load Imbalance: 1.045' [0m
			|--[91m 'output_linear GRAD_W | Max Time: 4.482 ms | Avg Time: 4.456 ms | Load Imbalance: 1.006' [0m
			|--[91m 'input_linear GRAD_W | Max Time: 7.681 ms | Avg Time: 7.669 ms | Load Imbalance: 1.002' [0m
		|--[96m 'gcn conv bwd | Max Time: 534.823 ms | Avg Time: 533.214 ms | Load Imbalance: 1.003' [0m
			|--[91m 'gather | Max Time: 8.236 ms | Avg Time: 4.854 ms | Load Imbalance: 1.697' [0m
			|--[91m 'GRAD_AGG = GRAD_OUT * W.T | Max Time: 41.031 ms | Avg Time: 40.967 ms | Load Imbalance: 1.002' [0m
			|--[91m 'allreduce lowp comm dtype | Max Time: 13.264 ms | Avg Time: 13.250 ms | Load Imbalance: 1.001' [0m
			|--[91m 'allreduce lowp | Max Time: 180.243 ms | Avg Time: 175.603 ms | Load Imbalance: 1.026' [0m
			|--[91m 'allreduce copy back | Max Time: 15.750 ms | Avg Time: 15.736 ms | Load Imbalance: 1.001' [0m
			|--[91m 'GRAD_W = AGG.T * GRAD_OUT | Max Time: 43.611 ms | Avg Time: 43.541 ms | Load Imbalance: 1.002' [0m
			|--[91m 'ReduceScatter grad_weight | Max Time: 8.858 ms | Avg Time: 5.207 ms | Load Imbalance: 1.701' [0m
				|--[95m 'reduce-scatter | Max Time: 8.561 ms | Avg Time: 4.908 ms | Load Imbalance: 1.744' [0m
					|--[92m 'reduce-scatter-dist | Max Time: 8.253 ms | Avg Time: 4.612 ms | Load Imbalance: 1.789' [0m
			|--[91m 'GRAD_H = A.T * GRAD_AGG | Max Time: 37.450 ms | Avg Time: 29.604 ms | Load Imbalance: 1.265' [0m
			|--[91m 'allreduce grad_x | Max Time: 209.360 ms | Avg Time: 202.964 ms | Load Imbalance: 1.032' [0m
				|--[95m 'allreduce lowp comm dtype | Max Time: 13.080 ms | Avg Time: 13.008 ms | Load Imbalance: 1.006' [0m
				|--[95m 'allreduce lowp | Max Time: 180.095 ms | Avg Time: 173.633 ms | Load Imbalance: 1.037' [0m
				|--[95m 'allreduce copy back | Max Time: 15.758 ms | Avg Time: 15.726 ms | Load Imbalance: 1.002' [0m
		|--[96m 'sync_norm_gradients | Max Time: 1.509 ms | Avg Time: 1.323 ms | Load Imbalance: 1.141' [0m
		|--[96m 'sync_data_parallel_gradients | Max Time: 0.050 ms | Avg Time: 0.049 ms | Load Imbalance: 1.032' [0m

|--[95m 'epoch 2 | Max Time: 1653.862 ms | Avg Time: 1653.842 ms | Load Imbalance: 1.000' [0m
	|--[92m 'minibatch prep | Max Time: 274.502 ms | Avg Time: 256.969 ms | Load Imbalance: 1.068' [0m
		|--[96m 'sample nodes | Max Time: 73.478 ms | Avg Time: 73.259 ms | Load Imbalance: 1.003' [0m
		|--[96m 'compact indices | Max Time: 12.849 ms | Avg Time: 12.491 ms | Load Imbalance: 1.029' [0m
		|--[96m 'compact adj shards | Max Time: 178.607 ms | Avg Time: 161.309 ms | Load Imbalance: 1.107' [0m
			|--[91m 'compact layout prep | Max Time: 33.936 ms | Avg Time: 23.579 ms | Load Imbalance: 1.439' [0m
			|--[91m 'compact csr: indices | Max Time: 1.360 ms | Avg Time: 1.295 ms | Load Imbalance: 1.050' [0m
			|--[91m 'compact csr: row ptrs | Max Time: 8.507 ms | Avg Time: 8.398 ms | Load Imbalance: 1.013' [0m
			|--[91m 'compact csr: nnz index | Max Time: 28.167 ms | Avg Time: 26.310 ms | Load Imbalance: 1.071' [0m
			|--[91m 'compact csr: select nnz | Max Time: 9.783 ms | Avg Time: 9.061 ms | Load Imbalance: 1.080' [0m
			|--[91m 'compact csr: col map | Max Time: 18.936 ms | Avg Time: 18.174 ms | Load Imbalance: 1.042' [0m
			|--[91m 'compact csr: edge scale | Max Time: 14.276 ms | Avg Time: 13.935 ms | Load Imbalance: 1.024' [0m
			|--[91m 'compact csr: crow | Max Time: 11.494 ms | Avg Time: 11.404 ms | Load Imbalance: 1.008' [0m
			|--[91m 'compact csr: adjt direct | Max Time: 26.871 ms | Avg Time: 24.629 ms | Load Imbalance: 1.091' [0m
		|--[96m 'compact feature slice | Max Time: 6.214 ms | Avg Time: 6.199 ms | Load Imbalance: 1.002' [0m
		|--[96m 'compact label slice | Max Time: 0.761 ms | Avg Time: 0.755 ms | Load Imbalance: 1.008' [0m
	|--[92m 'train step | Max Time: 1402.530 ms | Avg Time: 1395.907 ms | Load Imbalance: 1.005' [0m
		|--[96m 'input_linear | Max Time: 94.775 ms | Avg Time: 78.287 ms | Load Imbalance: 1.211' [0m
			|--[91m 'input_linear X * W | Max Time: 8.143 ms | Avg Time: 8.031 ms | Load Imbalance: 1.014' [0m
			|--[91m 'all-reduce | Max Time: 80.558 ms | Avg Time: 64.071 ms | Load Imbalance: 1.257' [0m
			|--[91m 'OUT + BIAS | Max Time: 5.789 ms | Avg Time: 5.783 ms | Load Imbalance: 1.001' [0m
		|--[96m 'gcn conv fwd | Max Time: 506.449 ms | Avg Time: 494.692 ms | Load Imbalance: 1.024' [0m
			|--[91m 'AGG = A * H | Max Time: 37.738 ms | Avg Time: 29.872 ms | Load Imbalance: 1.263' [0m
			|--[91m 'allreduce H | Max Time: 228.741 ms | Avg Time: 212.649 ms | Load Imbalance: 1.076' [0m
				|--[95m 'allreduce lowp comm dtype | Max Time: 13.144 ms | Avg Time: 13.039 ms | Load Imbalance: 1.008' [0m
				|--[95m 'allreduce lowp | Max Time: 199.436 ms | Avg Time: 183.284 ms | Load Imbalance: 1.088' [0m
				|--[95m 'allreduce copy back | Max Time: 15.749 ms | Avg Time: 15.729 ms | Load Imbalance: 1.001' [0m
			|--[91m 'Allgather W | Max Time: 15.106 ms | Avg Time: 9.401 ms | Load Imbalance: 1.607' [0m
				|--[95m 'gather | Max Time: 14.807 ms | Avg Time: 9.104 ms | Load Imbalance: 1.626' [0m
			|--[91m 'OUT = AGG * W | Max Time: 41.291 ms | Avg Time: 41.252 ms | Load Imbalance: 1.001' [0m
			|--[91m 'allreduce Q | Max Time: 202.783 ms | Avg Time: 200.631 ms | Load Imbalance: 1.011' [0m
				|--[95m 'allreduce lowp comm dtype | Max Time: 13.237 ms | Avg Time: 13.215 ms | Load Imbalance: 1.002' [0m
				|--[95m 'allreduce lowp | Max Time: 173.266 ms | Avg Time: 171.108 ms | Load Imbalance: 1.013' [0m
				|--[95m 'allreduce copy back | Max Time: 15.725 ms | Avg Time: 15.711 ms | Load Imbalance: 1.001' [0m
		|--[96m 'activation | Max Time: 41.227 ms | Avg Time: 39.087 ms | Load Imbalance: 1.055' [0m
			|--[91m 'all-reduce | Max Time: 11.829 ms | Avg Time: 9.672 ms | Load Imbalance: 1.223' [0m
		|--[96m 'output_linear | Max Time: 35.376 ms | Avg Time: 34.179 ms | Load Imbalance: 1.035' [0m
			|--[91m 'output_linear X * W | Max Time: 4.529 ms | Avg Time: 4.511 ms | Load Imbalance: 1.004' [0m
			|--[91m 'all-reduce | Max Time: 29.833 ms | Avg Time: 28.631 ms | Load Imbalance: 1.042' [0m
			|--[91m 'OUT + BIAS | Max Time: 0.853 ms | Avg Time: 0.841 ms | Load Imbalance: 1.015' [0m
		|--[96m 'cross entropy fwd | Max Time: 24.499 ms | Avg Time: 23.841 ms | Load Imbalance: 1.028' [0m
		|--[96m 'cross entropy bwd | Max Time: 3.173 ms | Avg Time: 3.100 ms | Load Imbalance: 1.024' [0m
		|--[96m 'linear_3d_bwd | Max Time: 85.320 ms | Avg Time: 84.688 ms | Load Imbalance: 1.007' [0m
			|--[91m 'output_linear GRAD_X | Max Time: 4.458 ms | Avg Time: 4.216 ms | Load Imbalance: 1.057' [0m
			|--[91m 'all-reduce | Max Time: 61.491 ms | Avg Time: 60.816 ms | Load Imbalance: 1.011' [0m
			|--[91m 'output_linear GRAD_W | Max Time: 4.480 ms | Avg Time: 4.463 ms | Load Imbalance: 1.004' [0m
			|--[91m 'input_linear GRAD_W | Max Time: 7.683 ms | Avg Time: 7.668 ms | Load Imbalance: 1.002' [0m
		|--[96m 'gcn conv bwd | Max Time: 535.531 ms | Avg Time: 534.265 ms | Load Imbalance: 1.002' [0m
			|--[91m 'gather | Max Time: 7.140 ms | Avg Time: 4.681 ms | Load Imbalance: 1.526' [0m
			|--[91m 'GRAD_AGG = GRAD_OUT * W.T | Max Time: 41.020 ms | Avg Time: 40.967 ms | Load Imbalance: 1.001' [0m
			|--[91m 'allreduce lowp comm dtype | Max Time: 13.273 ms | Avg Time: 13.250 ms | Load Imbalance: 1.002' [0m
			|--[91m 'allreduce lowp | Max Time: 179.419 ms | Avg Time: 176.418 ms | Load Imbalance: 1.017' [0m
			|--[91m 'allreduce copy back | Max Time: 15.753 ms | Avg Time: 15.735 ms | Load Imbalance: 1.001' [0m
			|--[91m 'GRAD_W = AGG.T * GRAD_OUT | Max Time: 43.594 ms | Avg Time: 43.536 ms | Load Imbalance: 1.001' [0m
			|--[91m 'ReduceScatter grad_weight | Max Time: 9.614 ms | Avg Time: 6.359 ms | Load Imbalance: 1.512' [0m
				|--[95m 'reduce-scatter | Max Time: 9.313 ms | Avg Time: 6.062 ms | Load Imbalance: 1.536' [0m
					|--[92m 'reduce-scatter-dist | Max Time: 9.010 ms | Avg Time: 5.767 ms | Load Imbalance: 1.562' [0m
			|--[91m 'GRAD_H = A.T * GRAD_AGG | Max Time: 37.440 ms | Avg Time: 29.606 ms | Load Imbalance: 1.265' [0m
			|--[91m 'allreduce grad_x | Max Time: 208.736 ms | Avg Time: 202.225 ms | Load Imbalance: 1.032' [0m
				|--[95m 'allreduce lowp comm dtype | Max Time: 13.091 ms | Avg Time: 13.007 ms | Load Imbalance: 1.006' [0m
				|--[95m 'allreduce lowp | Max Time: 179.480 ms | Avg Time: 172.893 ms | Load Imbalance: 1.038' [0m
				|--[95m 'allreduce copy back | Max Time: 15.761 ms | Avg Time: 15.729 ms | Load Imbalance: 1.002' [0m
		|--[96m 'sync_norm_gradients | Max Time: 1.404 ms | Avg Time: 1.221 ms | Load Imbalance: 1.150' [0m
		|--[96m 'sync_data_parallel_gradients | Max Time: 0.052 ms | Avg Time: 0.049 ms | Load Imbalance: 1.059' [0m

|--[95m 'epoch 3 | Max Time: 1650.977 ms | Avg Time: 1650.942 ms | Load Imbalance: 1.000' [0m
	|--[92m 'minibatch prep | Max Time: 272.247 ms | Avg Time: 255.801 ms | Load Imbalance: 1.064' [0m
		|--[96m 'sample nodes | Max Time: 73.389 ms | Avg Time: 73.233 ms | Load Imbalance: 1.002' [0m
		|--[96m 'compact indices | Max Time: 12.605 ms | Avg Time: 12.387 ms | Load Imbalance: 1.018' [0m
		|--[96m 'compact adj shards | Max Time: 176.701 ms | Avg Time: 160.353 ms | Load Imbalance: 1.102' [0m
			|--[91m 'compact layout prep | Max Time: 33.501 ms | Avg Time: 23.373 ms | Load Imbalance: 1.433' [0m
			|--[91m 'compact csr: indices | Max Time: 1.318 ms | Avg Time: 1.267 ms | Load Imbalance: 1.040' [0m
			|--[91m 'compact csr: row ptrs | Max Time: 8.429 ms | Avg Time: 8.358 ms | Load Imbalance: 1.008' [0m
			|--[91m 'compact csr: nnz index | Max Time: 27.425 ms | Avg Time: 26.088 ms | Load Imbalance: 1.051' [0m
			|--[91m 'compact csr: select nnz | Max Time: 9.747 ms | Avg Time: 9.241 ms | Load Imbalance: 1.055' [0m
			|--[91m 'compact csr: col map | Max Time: 18.903 ms | Avg Time: 18.134 ms | Load Imbalance: 1.042' [0m
			|--[91m 'compact csr: edge scale | Max Time: 14.009 ms | Avg Time: 13.731 ms | Load Imbalance: 1.020' [0m
			|--[91m 'compact csr: crow | Max Time: 11.465 ms | Avg Time: 11.318 ms | Load Imbalance: 1.013' [0m
			|--[91m 'compact csr: adjt direct | Max Time: 26.895 ms | Avg Time: 24.526 ms | Load Imbalance: 1.097' [0m
		|--[96m 'compact feature slice | Max Time: 6.210 ms | Avg Time: 6.187 ms | Load Imbalance: 1.004' [0m
		|--[96m 'compact label slice | Max Time: 0.763 ms | Avg Time: 0.756 ms | Load Imbalance: 1.009' [0m
	|--[92m 'train step | Max Time: 1400.754 ms | Avg Time: 1394.192 ms | Load Imbalance: 1.005' [0m
		|--[96m 'input_linear | Max Time: 93.329 ms | Avg Time: 77.753 ms | Load Imbalance: 1.200' [0m
			|--[91m 'input_linear X * W | Max Time: 8.122 ms | Avg Time: 7.941 ms | Load Imbalance: 1.023' [0m
			|--[91m 'all-reduce | Max Time: 79.090 ms | Avg Time: 63.657 ms | Load Imbalance: 1.242' [0m
			|--[91m 'OUT + BIAS | Max Time: 5.790 ms | Avg Time: 5.784 ms | Load Imbalance: 1.001' [0m
		|--[96m 'gcn conv fwd | Max Time: 505.099 ms | Avg Time: 494.108 ms | Load Imbalance: 1.022' [0m
			|--[91m 'AGG = A * H | Max Time: 37.740 ms | Avg Time: 29.853 ms | Load Imbalance: 1.264' [0m
			|--[91m 'allreduce H | Max Time: 226.855 ms | Avg Time: 211.730 ms | Load Imbalance: 1.071' [0m
				|--[95m 'allreduce lowp comm dtype | Max Time: 13.167 ms | Avg Time: 13.039 ms | Load Imbalance: 1.010' [0m
				|--[95m 'allreduce lowp | Max Time: 197.537 ms | Avg Time: 182.363 ms | Load Imbalance: 1.083' [0m
				|--[95m 'allreduce copy back | Max Time: 15.761 ms | Avg Time: 15.728 ms | Load Imbalance: 1.002' [0m
			|--[91m 'Allgather W | Max Time: 15.834 ms | Avg Time: 9.377 ms | Load Imbalance: 1.689' [0m
				|--[95m 'gather | Max Time: 15.540 ms | Avg Time: 9.082 ms | Load Imbalance: 1.711' [0m
			|--[91m 'OUT = AGG * W | Max Time: 41.350 ms | Avg Time: 41.248 ms | Load Imbalance: 1.002' [0m
			|--[91m 'allreduce Q | Max Time: 204.596 ms | Avg Time: 201.011 ms | Load Imbalance: 1.018' [0m
				|--[95m 'allreduce lowp comm dtype | Max Time: 13.246 ms | Avg Time: 13.219 ms | Load Imbalance: 1.002' [0m
				|--[95m 'allreduce lowp | Max Time: 175.100 ms | Avg Time: 171.483 ms | Load Imbalance: 1.021' [0m
				|--[95m 'allreduce copy back | Max Time: 15.733 ms | Avg Time: 15.712 ms | Load Imbalance: 1.001' [0m
		|--[96m 'activation | Max Time: 41.666 ms | Avg Time: 38.396 ms | Load Imbalance: 1.085' [0m
			|--[91m 'all-reduce | Max Time: 12.260 ms | Avg Time: 8.977 ms | Load Imbalance: 1.366' [0m
		|--[96m 'output_linear | Max Time: 35.287 ms | Avg Time: 34.648 ms | Load Imbalance: 1.018' [0m
			|--[91m 'output_linear X * W | Max Time: 4.522 ms | Avg Time: 4.511 ms | Load Imbalance: 1.002' [0m
			|--[91m 'all-reduce | Max Time: 29.744 ms | Avg Time: 29.097 ms | Load Imbalance: 1.022' [0m
			|--[91m 'OUT + BIAS | Max Time: 0.848 ms | Avg Time: 0.841 ms | Load Imbalance: 1.007' [0m
		|--[96m 'cross entropy fwd | Max Time: 24.438 ms | Avg Time: 23.863 ms | Load Imbalance: 1.024' [0m
		|--[96m 'cross entropy bwd | Max Time: 3.253 ms | Avg Time: 3.091 ms | Load Imbalance: 1.052' [0m
		|--[96m 'linear_3d_bwd | Max Time: 87.843 ms | Avg Time: 84.753 ms | Load Imbalance: 1.036' [0m
			|--[91m 'output_linear GRAD_X | Max Time: 4.606 ms | Avg Time: 4.168 ms | Load Imbalance: 1.105' [0m
			|--[91m 'all-reduce | Max Time: 64.211 ms | Avg Time: 60.923 ms | Load Imbalance: 1.054' [0m
			|--[91m 'output_linear GRAD_W | Max Time: 4.494 ms | Avg Time: 4.451 ms | Load Imbalance: 1.010' [0m
			|--[91m 'input_linear GRAD_W | Max Time: 7.696 ms | Avg Time: 7.668 ms | Load Imbalance: 1.004' [0m
		|--[96m 'gcn conv bwd | Max Time: 534.885 ms | Avg Time: 533.078 ms | Load Imbalance: 1.003' [0m
			|--[91m 'gather | Max Time: 7.922 ms | Avg Time: 5.282 ms | Load Imbalance: 1.500' [0m
			|--[91m 'GRAD_AGG = GRAD_OUT * W.T | Max Time: 41.022 ms | Avg Time: 40.968 ms | Load Imbalance: 1.001' [0m
			|--[91m 'allreduce lowp comm dtype | Max Time: 13.284 ms | Avg Time: 13.257 ms | Load Imbalance: 1.002' [0m
			|--[91m 'allreduce lowp | Max Time: 178.335 ms | Avg Time: 175.225 ms | Load Imbalance: 1.018' [0m
			|--[91m 'allreduce copy back | Max Time: 15.768 ms | Avg Time: 15.737 ms | Load Imbalance: 1.002' [0m
			|--[91m 'GRAD_W = AGG.T * GRAD_OUT | Max Time: 43.661 ms | Avg Time: 43.532 ms | Load Imbalance: 1.003' [0m
			|--[91m 'ReduceScatter grad_weight | Max Time: 8.687 ms | Avg Time: 5.332 ms | Load Imbalance: 1.629' [0m
				|--[95m 'reduce-scatter | Max Time: 8.397 ms | Avg Time: 5.036 ms | Load Imbalance: 1.667' [0m
					|--[92m 'reduce-scatter-dist | Max Time: 8.093 ms | Avg Time: 4.738 ms | Load Imbalance: 1.708' [0m
			|--[91m 'GRAD_H = A.T * GRAD_AGG | Max Time: 37.456 ms | Avg Time: 29.595 ms | Load Imbalance: 1.266' [0m
			|--[91m 'allreduce grad_x | Max Time: 209.319 ms | Avg Time: 202.660 ms | Load Imbalance: 1.033' [0m
				|--[95m 'allreduce lowp comm dtype | Max Time: 13.092 ms | Avg Time: 13.011 ms | Load Imbalance: 1.006' [0m
				|--[95m 'allreduce lowp | Max Time: 180.062 ms | Avg Time: 173.327 ms | Load Imbalance: 1.039' [0m
				|--[95m 'allreduce copy back | Max Time: 15.769 ms | Avg Time: 15.726 ms | Load Imbalance: 1.003' [0m
		|--[96m 'sync_norm_gradients | Max Time: 1.540 ms | Avg Time: 1.427 ms | Load Imbalance: 1.080' [0m
		|--[96m 'sync_data_parallel_gradients | Max Time: 0.052 ms | Avg Time: 0.049 ms | Load Imbalance: 1.061' [0m

|--[95m 'epoch 4 | Max Time: 1656.096 ms | Avg Time: 1656.077 ms | Load Imbalance: 1.000' [0m
	|--[92m 'minibatch prep | Max Time: 271.495 ms | Avg Time: 255.718 ms | Load Imbalance: 1.062' [0m
		|--[96m 'sample nodes | Max Time: 73.457 ms | Avg Time: 73.229 ms | Load Imbalance: 1.003' [0m
		|--[96m 'compact indices | Max Time: 12.575 ms | Avg Time: 12.324 ms | Load Imbalance: 1.020' [0m
		|--[96m 'compact adj shards | Max Time: 176.083 ms | Avg Time: 160.332 ms | Load Imbalance: 1.098' [0m
			|--[91m 'compact layout prep | Max Time: 33.517 ms | Avg Time: 23.398 ms | Load Imbalance: 1.432' [0m
			|--[91m 'compact csr: indices | Max Time: 1.352 ms | Avg Time: 1.285 ms | Load Imbalance: 1.052' [0m
			|--[91m 'compact csr: row ptrs | Max Time: 8.438 ms | Avg Time: 8.346 ms | Load Imbalance: 1.011' [0m
			|--[91m 'compact csr: nnz index | Max Time: 27.435 ms | Avg Time: 26.086 ms | Load Imbalance: 1.052' [0m
			|--[91m 'compact csr: select nnz | Max Time: 9.752 ms | Avg Time: 9.038 ms | Load Imbalance: 1.079' [0m
			|--[91m 'compact csr: col map | Max Time: 18.953 ms | Avg Time: 18.161 ms | Load Imbalance: 1.044' [0m
			|--[91m 'compact csr: edge scale | Max Time: 14.022 ms | Avg Time: 13.794 ms | Load Imbalance: 1.017' [0m
			|--[91m 'compact csr: crow | Max Time: 11.443 ms | Avg Time: 11.343 ms | Load Imbalance: 1.009' [0m
			|--[91m 'compact csr: adjt direct | Max Time: 26.751 ms | Avg Time: 24.525 ms | Load Imbalance: 1.091' [0m
		|--[96m 'compact feature slice | Max Time: 6.220 ms | Avg Time: 6.194 ms | Load Imbalance: 1.004' [0m
		|--[96m 'compact label slice | Max Time: 0.760 ms | Avg Time: 0.757 ms | Load Imbalance: 1.004' [0m
	|--[92m 'train step | Max Time: 1406.045 ms | Avg Time: 1399.407 ms | Load Imbalance: 1.005' [0m
		|--[96m 'input_linear | Max Time: 94.619 ms | Avg Time: 78.461 ms | Load Imbalance: 1.206' [0m
			|--[91m 'input_linear X * W | Max Time: 8.110 ms | Avg Time: 7.988 ms | Load Imbalance: 1.015' [0m
			|--[91m 'all-reduce | Max Time: 80.518 ms | Avg Time: 64.331 ms | Load Imbalance: 1.252' [0m
			|--[91m 'OUT + BIAS | Max Time: 5.788 ms | Avg Time: 5.782 ms | Load Imbalance: 1.001' [0m
		|--[96m 'gcn conv fwd | Max Time: 508.278 ms | Avg Time: 496.511 ms | Load Imbalance: 1.024' [0m
			|--[91m 'AGG = A * H | Max Time: 37.778 ms | Avg Time: 29.860 ms | Load Imbalance: 1.265' [0m
			|--[91m 'allreduce H | Max Time: 227.108 ms | Avg Time: 212.026 ms | Load Imbalance: 1.071' [0m
				|--[95m 'allreduce lowp comm dtype | Max Time: 13.143 ms | Avg Time: 13.039 ms | Load Imbalance: 1.008' [0m
				|--[95m 'allreduce lowp | Max Time: 197.792 ms | Avg Time: 182.662 ms | Load Imbalance: 1.083' [0m
				|--[95m 'allreduce copy back | Max Time: 15.746 ms | Avg Time: 15.730 ms | Load Imbalance: 1.001' [0m
			|--[91m 'Allgather W | Max Time: 19.592 ms | Avg Time: 10.742 ms | Load Imbalance: 1.824' [0m
				|--[95m 'gather | Max Time: 19.295 ms | Avg Time: 10.445 ms | Load Imbalance: 1.847' [0m
			|--[91m 'OUT = AGG * W | Max Time: 41.294 ms | Avg Time: 41.247 ms | Load Imbalance: 1.001' [0m
			|--[91m 'allreduce Q | Max Time: 205.720 ms | Avg Time: 201.744 ms | Load Imbalance: 1.020' [0m
				|--[95m 'allreduce lowp comm dtype | Max Time: 13.226 ms | Avg Time: 13.214 ms | Load Imbalance: 1.001' [0m
				|--[95m 'allreduce lowp | Max Time: 176.238 ms | Avg Time: 172.228 ms | Load Imbalance: 1.023' [0m
				|--[95m 'allreduce copy back | Max Time: 15.721 ms | Avg Time: 15.709 ms | Load Imbalance: 1.001' [0m
		|--[96m 'activation | Max Time: 42.522 ms | Avg Time: 38.643 ms | Load Imbalance: 1.100' [0m
			|--[91m 'all-reduce | Max Time: 13.121 ms | Avg Time: 9.233 ms | Load Imbalance: 1.421' [0m
		|--[96m 'output_linear | Max Time: 35.217 ms | Avg Time: 34.083 ms | Load Imbalance: 1.033' [0m
			|--[91m 'output_linear X * W | Max Time: 4.523 ms | Avg Time: 4.509 ms | Load Imbalance: 1.003' [0m
			|--[91m 'all-reduce | Max Time: 29.673 ms | Avg Time: 28.535 ms | Load Imbalance: 1.040' [0m
			|--[91m 'OUT + BIAS | Max Time: 0.844 ms | Avg Time: 0.841 ms | Load Imbalance: 1.003' [0m
		|--[96m 'cross entropy fwd | Max Time: 23.905 ms | Avg Time: 23.513 ms | Load Imbalance: 1.017' [0m
		|--[96m 'cross entropy bwd | Max Time: 3.152 ms | Avg Time: 3.081 ms | Load Imbalance: 1.023' [0m
		|--[96m 'linear_3d_bwd | Max Time: 86.619 ms | Avg Time: 84.489 ms | Load Imbalance: 1.025' [0m
			|--[91m 'output_linear GRAD_X | Max Time: 4.491 ms | Avg Time: 4.120 ms | Load Imbalance: 1.090' [0m
			|--[91m 'all-reduce | Max Time: 63.411 ms | Avg Time: 60.726 ms | Load Imbalance: 1.044' [0m
			|--[91m 'output_linear GRAD_W | Max Time: 4.487 ms | Avg Time: 4.460 ms | Load Imbalance: 1.006' [0m
			|--[91m 'input_linear GRAD_W | Max Time: 7.682 ms | Avg Time: 7.671 ms | Load Imbalance: 1.001' [0m
		|--[96m 'gcn conv bwd | Max Time: 536.632 ms | Avg Time: 535.718 ms | Load Imbalance: 1.002' [0m
			|--[91m 'gather | Max Time: 8.655 ms | Avg Time: 5.666 ms | Load Imbalance: 1.527' [0m
			|--[91m 'GRAD_AGG = GRAD_OUT * W.T | Max Time: 41.019 ms | Avg Time: 40.966 ms | Load Imbalance: 1.001' [0m
			|--[91m 'allreduce lowp comm dtype | Max Time: 13.264 ms | Avg Time: 13.253 ms | Load Imbalance: 1.001' [0m
			|--[91m 'allreduce lowp | Max Time: 180.231 ms | Avg Time: 176.124 ms | Load Imbalance: 1.023' [0m
			|--[91m 'allreduce copy back | Max Time: 15.756 ms | Avg Time: 15.735 ms | Load Imbalance: 1.001' [0m
			|--[91m 'GRAD_W = AGG.T * GRAD_OUT | Max Time: 43.596 ms | Avg Time: 43.535 ms | Load Imbalance: 1.001' [0m
			|--[91m 'ReduceScatter grad_weight | Max Time: 10.872 ms | Avg Time: 5.878 ms | Load Imbalance: 1.849' [0m
				|--[95m 'reduce-scatter | Max Time: 10.573 ms | Avg Time: 5.581 ms | Load Imbalance: 1.894' [0m
					|--[92m 'reduce-scatter-dist | Max Time: 10.278 ms | Avg Time: 5.286 ms | Load Imbalance: 1.945' [0m
			|--[91m 'GRAD_H = A.T * GRAD_AGG | Max Time: 37.448 ms | Avg Time: 29.596 ms | Load Imbalance: 1.265' [0m
			|--[91m 'allreduce grad_x | Max Time: 209.940 ms | Avg Time: 203.471 ms | Load Imbalance: 1.032' [0m
				|--[95m 'allreduce lowp comm dtype | Max Time: 13.089 ms | Avg Time: 13.006 ms | Load Imbalance: 1.006' [0m
				|--[95m 'allreduce lowp | Max Time: 180.676 ms | Avg Time: 174.146 ms | Load Imbalance: 1.037' [0m
				|--[95m 'allreduce copy back | Max Time: 15.749 ms | Avg Time: 15.723 ms | Load Imbalance: 1.002' [0m
		|--[96m 'sync_norm_gradients | Max Time: 3.019 ms | Avg Time: 2.233 ms | Load Imbalance: 1.352' [0m
		|--[96m 'sync_data_parallel_gradients | Max Time: 0.053 ms | Avg Time: 0.050 ms | Load Imbalance: 1.059' [0m

|--[95m 'epoch 5 | Max Time: 1658.871 ms | Avg Time: 1658.854 ms | Load Imbalance: 1.000' [0m
	|--[92m 'minibatch prep | Max Time: 273.086 ms | Avg Time: 256.458 ms | Load Imbalance: 1.065' [0m
		|--[96m 'sample nodes | Max Time: 73.496 ms | Avg Time: 73.230 ms | Load Imbalance: 1.004' [0m
		|--[96m 'compact indices | Max Time: 12.644 ms | Avg Time: 12.427 ms | Load Imbalance: 1.017' [0m
		|--[96m 'compact adj shards | Max Time: 177.459 ms | Avg Time: 160.941 ms | Load Imbalance: 1.103' [0m
			|--[91m 'compact layout prep | Max Time: 33.825 ms | Avg Time: 23.490 ms | Load Imbalance: 1.440' [0m
			|--[91m 'compact csr: indices | Max Time: 1.363 ms | Avg Time: 1.283 ms | Load Imbalance: 1.062' [0m
			|--[91m 'compact csr: row ptrs | Max Time: 8.464 ms | Avg Time: 8.386 ms | Load Imbalance: 1.009' [0m
			|--[91m 'compact csr: nnz index | Max Time: 27.422 ms | Avg Time: 26.095 ms | Load Imbalance: 1.051' [0m
			|--[91m 'compact csr: select nnz | Max Time: 9.761 ms | Avg Time: 9.039 ms | Load Imbalance: 1.080' [0m
			|--[91m 'compact csr: col map | Max Time: 18.919 ms | Avg Time: 18.148 ms | Load Imbalance: 1.043' [0m
			|--[91m 'compact csr: edge scale | Max Time: 14.145 ms | Avg Time: 13.934 ms | Load Imbalance: 1.015' [0m
			|--[91m 'compact csr: crow | Max Time: 11.582 ms | Avg Time: 11.468 ms | Load Imbalance: 1.010' [0m
			|--[91m 'compact csr: adjt direct | Max Time: 26.988 ms | Avg Time: 24.590 ms | Load Imbalance: 1.098' [0m
		|--[96m 'compact feature slice | Max Time: 6.217 ms | Avg Time: 6.204 ms | Load Imbalance: 1.002' [0m
		|--[96m 'compact label slice | Max Time: 0.762 ms | Avg Time: 0.755 ms | Load Imbalance: 1.009' [0m
	|--[92m 'train step | Max Time: 1408.013 ms | Avg Time: 1401.437 ms | Load Imbalance: 1.005' [0m
		|--[96m 'input_linear | Max Time: 94.530 ms | Avg Time: 78.000 ms | Load Imbalance: 1.212' [0m
			|--[91m 'input_linear X * W | Max Time: 8.167 ms | Avg Time: 8.067 ms | Load Imbalance: 1.012' [0m
			|--[91m 'all-reduce | Max Time: 80.124 ms | Avg Time: 63.741 ms | Load Imbalance: 1.257' [0m
			|--[91m 'OUT + BIAS | Max Time: 5.786 ms | Avg Time: 5.782 ms | Load Imbalance: 1.001' [0m
		|--[96m 'gcn conv fwd | Max Time: 510.794 ms | Avg Time: 497.842 ms | Load Imbalance: 1.026' [0m
			|--[91m 'AGG = A * H | Max Time: 37.755 ms | Avg Time: 29.866 ms | Load Imbalance: 1.264' [0m
			|--[91m 'allreduce H | Max Time: 227.806 ms | Avg Time: 213.294 ms | Load Imbalance: 1.068' [0m
				|--[95m 'allreduce lowp comm dtype | Max Time: 13.148 ms | Avg Time: 13.041 ms | Load Imbalance: 1.008' [0m
				|--[95m 'allreduce lowp | Max Time: 198.486 ms | Avg Time: 183.931 ms | Load Imbalance: 1.079' [0m
				|--[95m 'allreduce copy back | Max Time: 15.748 ms | Avg Time: 15.728 ms | Load Imbalance: 1.001' [0m
			|--[91m 'Allgather W | Max Time: 17.763 ms | Avg Time: 10.453 ms | Load Imbalance: 1.699' [0m
				|--[95m 'gather | Max Time: 17.464 ms | Avg Time: 10.156 ms | Load Imbalance: 1.720' [0m
			|--[91m 'OUT = AGG * W | Max Time: 41.279 ms | Avg Time: 41.243 ms | Load Imbalance: 1.001' [0m
			|--[91m 'allreduce Q | Max Time: 205.817 ms | Avg Time: 202.096 ms | Load Imbalance: 1.018' [0m
				|--[95m 'allreduce lowp comm dtype | Max Time: 13.228 ms | Avg Time: 13.215 ms | Load Imbalance: 1.001' [0m
				|--[95m 'allreduce lowp | Max Time: 176.323 ms | Avg Time: 172.580 ms | Load Imbalance: 1.022' [0m
				|--[95m 'allreduce copy back | Max Time: 15.727 ms | Avg Time: 15.710 ms | Load Imbalance: 1.001' [0m
		|--[96m 'activation | Max Time: 44.156 ms | Avg Time: 39.190 ms | Load Imbalance: 1.127' [0m
			|--[91m 'all-reduce | Max Time: 14.758 ms | Avg Time: 9.778 ms | Load Imbalance: 1.509' [0m
		|--[96m 'output_linear | Max Time: 35.257 ms | Avg Time: 34.219 ms | Load Imbalance: 1.030' [0m
			|--[91m 'output_linear X * W | Max Time: 4.521 ms | Avg Time: 4.512 ms | Load Imbalance: 1.002' [0m
			|--[91m 'all-reduce | Max Time: 29.708 ms | Avg Time: 28.670 ms | Load Imbalance: 1.036' [0m
			|--[91m 'OUT + BIAS | Max Time: 0.844 ms | Avg Time: 0.839 ms | Load Imbalance: 1.006' [0m
		|--[96m 'cross entropy fwd | Max Time: 24.563 ms | Avg Time: 24.023 ms | Load Imbalance: 1.022' [0m
		|--[96m 'cross entropy bwd | Max Time: 3.093 ms | Avg Time: 3.048 ms | Load Imbalance: 1.015' [0m
		|--[96m 'linear_3d_bwd | Max Time: 85.938 ms | Avg Time: 84.853 ms | Load Imbalance: 1.013' [0m
			|--[91m 'output_linear GRAD_X | Max Time: 4.347 ms | Avg Time: 4.108 ms | Load Imbalance: 1.058' [0m
			|--[91m 'all-reduce | Max Time: 62.290 ms | Avg Time: 61.097 ms | Load Imbalance: 1.020' [0m
			|--[91m 'output_linear GRAD_W | Max Time: 4.489 ms | Avg Time: 4.453 ms | Load Imbalance: 1.008' [0m
			|--[91m 'input_linear GRAD_W | Max Time: 7.678 ms | Avg Time: 7.665 ms | Load Imbalance: 1.002' [0m
		|--[96m 'gcn conv bwd | Max Time: 536.528 ms | Avg Time: 536.150 ms | Load Imbalance: 1.001' [0m
			|--[91m 'gather | Max Time: 9.897 ms | Avg Time: 6.129 ms | Load Imbalance: 1.615' [0m
			|--[91m 'GRAD_AGG = GRAD_OUT * W.T | Max Time: 41.019 ms | Avg Time: 40.967 ms | Load Imbalance: 1.001' [0m
			|--[91m 'allreduce lowp comm dtype | Max Time: 13.266 ms | Avg Time: 13.252 ms | Load Imbalance: 1.001' [0m
			|--[91m 'allreduce lowp | Max Time: 178.602 ms | Avg Time: 177.270 ms | Load Imbalance: 1.008' [0m
			|--[91m 'allreduce copy back | Max Time: 15.757 ms | Avg Time: 15.734 ms | Load Imbalance: 1.001' [0m
			|--[91m 'GRAD_W = AGG.T * GRAD_OUT | Max Time: 43.604 ms | Avg Time: 43.521 ms | Load Imbalance: 1.002' [0m
			|--[91m 'ReduceScatter grad_weight | Max Time: 9.113 ms | Avg Time: 5.501 ms | Load Imbalance: 1.657' [0m
				|--[95m 'reduce-scatter | Max Time: 8.825 ms | Avg Time: 5.204 ms | Load Imbalance: 1.696' [0m
					|--[92m 'reduce-scatter-dist | Max Time: 8.518 ms | Avg Time: 4.904 ms | Load Imbalance: 1.737' [0m
			|--[91m 'GRAD_H = A.T * GRAD_AGG | Max Time: 37.433 ms | Avg Time: 29.601 ms | Load Imbalance: 1.265' [0m
			|--[91m 'allreduce grad_x | Max Time: 210.304 ms | Avg Time: 202.693 ms | Load Imbalance: 1.038' [0m
				|--[95m 'allreduce lowp comm dtype | Max Time: 13.089 ms | Avg Time: 13.007 ms | Load Imbalance: 1.006' [0m
				|--[95m 'allreduce lowp | Max Time: 181.035 ms | Avg Time: 173.365 ms | Load Imbalance: 1.044' [0m
				|--[95m 'allreduce copy back | Max Time: 15.756 ms | Avg Time: 15.723 ms | Load Imbalance: 1.002' [0m
		|--[96m 'sync_norm_gradients | Max Time: 1.573 ms | Avg Time: 1.488 ms | Load Imbalance: 1.057' [0m
		|--[96m 'sync_data_parallel_gradients | Max Time: 0.052 ms | Avg Time: 0.049 ms | Load Imbalance: 1.060' [0m

|--[95m 'epoch 6 | Max Time: 1653.201 ms | Avg Time: 1653.189 ms | Load Imbalance: 1.000' [0m
	|--[92m 'minibatch prep | Max Time: 272.250 ms | Avg Time: 255.994 ms | Load Imbalance: 1.063' [0m
		|--[96m 'sample nodes | Max Time: 73.460 ms | Avg Time: 73.220 ms | Load Imbalance: 1.003' [0m
		|--[96m 'compact indices | Max Time: 12.656 ms | Avg Time: 12.457 ms | Load Imbalance: 1.016' [0m
		|--[96m 'compact adj shards | Max Time: 176.604 ms | Avg Time: 160.465 ms | Load Imbalance: 1.101' [0m
			|--[91m 'compact layout prep | Max Time: 33.627 ms | Avg Time: 23.450 ms | Load Imbalance: 1.434' [0m
			|--[91m 'compact csr: indices | Max Time: 1.340 ms | Avg Time: 1.274 ms | Load Imbalance: 1.052' [0m
			|--[91m 'compact csr: row ptrs | Max Time: 8.441 ms | Avg Time: 8.361 ms | Load Imbalance: 1.010' [0m
			|--[91m 'compact csr: nnz index | Max Time: 27.385 ms | Avg Time: 26.050 ms | Load Imbalance: 1.051' [0m
			|--[91m 'compact csr: select nnz | Max Time: 9.753 ms | Avg Time: 9.036 ms | Load Imbalance: 1.079' [0m
			|--[91m 'compact csr: col map | Max Time: 18.926 ms | Avg Time: 18.156 ms | Load Imbalance: 1.042' [0m
			|--[91m 'compact csr: edge scale | Max Time: 14.120 ms | Avg Time: 13.783 ms | Load Imbalance: 1.024' [0m
			|--[91m 'compact csr: crow | Max Time: 11.551 ms | Avg Time: 11.415 ms | Load Imbalance: 1.012' [0m
			|--[91m 'compact csr: adjt direct | Max Time: 26.878 ms | Avg Time: 24.543 ms | Load Imbalance: 1.095' [0m
		|--[96m 'compact feature slice | Max Time: 6.211 ms | Avg Time: 6.196 ms | Load Imbalance: 1.002' [0m
		|--[96m 'compact label slice | Max Time: 0.761 ms | Avg Time: 0.757 ms | Load Imbalance: 1.005' [0m
	|--[92m 'train step | Max Time: 1402.282 ms | Avg Time: 1396.233 ms | Load Imbalance: 1.004' [0m
		|--[96m 'input_linear | Max Time: 94.029 ms | Avg Time: 77.906 ms | Load Imbalance: 1.207' [0m
			|--[91m 'input_linear X * W | Max Time: 8.080 ms | Avg Time: 7.966 ms | Load Imbalance: 1.014' [0m
			|--[91m 'all-reduce | Max Time: 79.880 ms | Avg Time: 63.771 ms | Load Imbalance: 1.253' [0m
			|--[91m 'OUT + BIAS | Max Time: 5.788 ms | Avg Time: 5.783 ms | Load Imbalance: 1.001' [0m
		|--[96m 'gcn conv fwd | Max Time: 506.061 ms | Avg Time: 494.976 ms | Load Imbalance: 1.022' [0m
			|--[91m 'AGG = A * H | Max Time: 37.740 ms | Avg Time: 29.856 ms | Load Imbalance: 1.264' [0m
			|--[91m 'allreduce H | Max Time: 225.873 ms | Avg Time: 211.495 ms | Load Imbalance: 1.068' [0m
				|--[95m 'allreduce lowp comm dtype | Max Time: 13.158 ms | Avg Time: 13.037 ms | Load Imbalance: 1.009' [0m
				|--[95m 'allreduce lowp | Max Time: 196.556 ms | Avg Time: 182.132 ms | Load Imbalance: 1.079' [0m
				|--[95m 'allreduce copy back | Max Time: 15.747 ms | Avg Time: 15.730 ms | Load Imbalance: 1.001' [0m
			|--[91m 'Allgather W | Max Time: 15.485 ms | Avg Time: 9.795 ms | Load Imbalance: 1.581' [0m
				|--[95m 'gather | Max Time: 15.189 ms | Avg Time: 9.496 ms | Load Imbalance: 1.599' [0m
			|--[91m 'OUT = AGG * W | Max Time: 41.308 ms | Avg Time: 41.242 ms | Load Imbalance: 1.002' [0m
			|--[91m 'allreduce Q | Max Time: 204.290 ms | Avg Time: 201.703 ms | Load Imbalance: 1.013' [0m
				|--[95m 'allreduce lowp comm dtype | Max Time: 13.240 ms | Avg Time: 13.212 ms | Load Imbalance: 1.002' [0m
				|--[95m 'allreduce lowp | Max Time: 174.770 ms | Avg Time: 172.181 ms | Load Imbalance: 1.015' [0m
				|--[95m 'allreduce copy back | Max Time: 15.730 ms | Avg Time: 15.712 ms | Load Imbalance: 1.001' [0m
		|--[96m 'activation | Max Time: 40.462 ms | Avg Time: 38.097 ms | Load Imbalance: 1.062' [0m
			|--[91m 'all-reduce | Max Time: 11.043 ms | Avg Time: 8.680 ms | Load Imbalance: 1.272' [0m
		|--[96m 'output_linear | Max Time: 35.331 ms | Avg Time: 33.967 ms | Load Imbalance: 1.040' [0m
			|--[91m 'output_linear X * W | Max Time: 4.523 ms | Avg Time: 4.512 ms | Load Imbalance: 1.002' [0m
			|--[91m 'all-reduce | Max Time: 29.790 ms | Avg Time: 28.416 ms | Load Imbalance: 1.048' [0m
			|--[91m 'OUT + BIAS | Max Time: 0.849 ms | Avg Time: 0.842 ms | Load Imbalance: 1.008' [0m
		|--[96m 'cross entropy fwd | Max Time: 24.528 ms | Avg Time: 23.956 ms | Load Imbalance: 1.024' [0m
		|--[96m 'cross entropy bwd | Max Time: 3.132 ms | Avg Time: 3.068 ms | Load Imbalance: 1.021' [0m
		|--[96m 'linear_3d_bwd | Max Time: 87.008 ms | Avg Time: 84.744 ms | Load Imbalance: 1.027' [0m
			|--[91m 'output_linear GRAD_X | Max Time: 4.355 ms | Avg Time: 4.099 ms | Load Imbalance: 1.063' [0m
			|--[91m 'all-reduce | Max Time: 63.602 ms | Avg Time: 60.996 ms | Load Imbalance: 1.043' [0m
			|--[91m 'output_linear GRAD_W | Max Time: 4.461 ms | Avg Time: 4.452 ms | Load Imbalance: 1.002' [0m
			|--[91m 'input_linear GRAD_W | Max Time: 7.683 ms | Avg Time: 7.671 ms | Load Imbalance: 1.002' [0m
		|--[96m 'gcn conv bwd | Max Time: 535.894 ms | Avg Time: 535.255 ms | Load Imbalance: 1.001' [0m
			|--[91m 'gather | Max Time: 7.949 ms | Avg Time: 5.208 ms | Load Imbalance: 1.526' [0m
			|--[91m 'GRAD_AGG = GRAD_OUT * W.T | Max Time: 41.021 ms | Avg Time: 40.966 ms | Load Imbalance: 1.001' [0m
			|--[91m 'allreduce lowp comm dtype | Max Time: 13.264 ms | Avg Time: 13.250 ms | Load Imbalance: 1.001' [0m
			|--[91m 'allreduce lowp | Max Time: 179.394 ms | Avg Time: 176.780 ms | Load Imbalance: 1.015' [0m
			|--[91m 'allreduce copy back | Max Time: 15.755 ms | Avg Time: 15.734 ms | Load Imbalance: 1.001' [0m
			|--[91m 'GRAD_W = AGG.T * GRAD_OUT | Max Time: 43.618 ms | Avg Time: 43.533 ms | Load Imbalance: 1.002' [0m
			|--[91m 'ReduceScatter grad_weight | Max Time: 9.072 ms | Avg Time: 5.694 ms | Load Imbalance: 1.593' [0m
				|--[95m 'reduce-scatter | Max Time: 8.771 ms | Avg Time: 5.397 ms | Load Imbalance: 1.625' [0m
					|--[92m 'reduce-scatter-dist | Max Time: 8.478 ms | Avg Time: 5.101 ms | Load Imbalance: 1.662' [0m
			|--[91m 'GRAD_H = A.T * GRAD_AGG | Max Time: 37.443 ms | Avg Time: 29.593 ms | Load Imbalance: 1.265' [0m
			|--[91m 'allreduce grad_x | Max Time: 210.116 ms | Avg Time: 203.009 ms | Load Imbalance: 1.035' [0m
				|--[95m 'allreduce lowp comm dtype | Max Time: 13.093 ms | Avg Time: 13.005 ms | Load Imbalance: 1.007' [0m
				|--[95m 'allreduce lowp | Max Time: 180.858 ms | Avg Time: 173.683 ms | Load Imbalance: 1.041' [0m
				|--[95m 'allreduce copy back | Max Time: 15.770 ms | Avg Time: 15.726 ms | Load Imbalance: 1.003' [0m
		|--[96m 'sync_norm_gradients | Max Time: 1.533 ms | Avg Time: 1.361 ms | Load Imbalance: 1.127' [0m
		|--[96m 'sync_data_parallel_gradients | Max Time: 0.052 ms | Avg Time: 0.050 ms | Load Imbalance: 1.042' [0m

|--[95m 'epoch 7 | Max Time: 1651.624 ms | Avg Time: 1651.615 ms | Load Imbalance: 1.000' [0m
	|--[92m 'minibatch prep | Max Time: 271.936 ms | Avg Time: 255.782 ms | Load Imbalance: 1.063' [0m
		|--[96m 'sample nodes | Max Time: 73.381 ms | Avg Time: 73.211 ms | Load Imbalance: 1.002' [0m
		|--[96m 'compact indices | Max Time: 12.594 ms | Avg Time: 12.345 ms | Load Imbalance: 1.020' [0m
		|--[96m 'compact adj shards | Max Time: 176.407 ms | Avg Time: 160.393 ms | Load Imbalance: 1.100' [0m
			|--[91m 'compact layout prep | Max Time: 33.678 ms | Avg Time: 23.453 ms | Load Imbalance: 1.436' [0m
			|--[91m 'compact csr: indices | Max Time: 1.344 ms | Avg Time: 1.283 ms | Load Imbalance: 1.047' [0m
			|--[91m 'compact csr: row ptrs | Max Time: 8.425 ms | Avg Time: 8.331 ms | Load Imbalance: 1.011' [0m
			|--[91m 'compact csr: nnz index | Max Time: 27.353 ms | Avg Time: 26.022 ms | Load Imbalance: 1.051' [0m
			|--[91m 'compact csr: select nnz | Max Time: 9.738 ms | Avg Time: 9.033 ms | Load Imbalance: 1.078' [0m
			|--[91m 'compact csr: col map | Max Time: 18.891 ms | Avg Time: 18.138 ms | Load Imbalance: 1.042' [0m
			|--[91m 'compact csr: edge scale | Max Time: 13.947 ms | Avg Time: 13.783 ms | Load Imbalance: 1.012' [0m
			|--[91m 'compact csr: crow | Max Time: 11.504 ms | Avg Time: 11.353 ms | Load Imbalance: 1.013' [0m
			|--[91m 'compact csr: adjt direct | Max Time: 26.957 ms | Avg Time: 24.562 ms | Load Imbalance: 1.097' [0m
		|--[96m 'compact feature slice | Max Time: 6.205 ms | Avg Time: 6.194 ms | Load Imbalance: 1.002' [0m
		|--[96m 'compact label slice | Max Time: 0.760 ms | Avg Time: 0.755 ms | Load Imbalance: 1.007' [0m
	|--[92m 'train step | Max Time: 1400.742 ms | Avg Time: 1394.885 ms | Load Imbalance: 1.004' [0m
		|--[96m 'input_linear | Max Time: 93.891 ms | Avg Time: 77.725 ms | Load Imbalance: 1.208' [0m
			|--[91m 'input_linear X * W | Max Time: 8.134 ms | Avg Time: 8.000 ms | Load Imbalance: 1.017' [0m
			|--[91m 'all-reduce | Max Time: 79.661 ms | Avg Time: 63.539 ms | Load Imbalance: 1.254' [0m
			|--[91m 'OUT + BIAS | Max Time: 5.787 ms | Avg Time: 5.783 ms | Load Imbalance: 1.001' [0m
		|--[96m 'gcn conv fwd | Max Time: 506.196 ms | Avg Time: 494.516 ms | Load Imbalance: 1.024' [0m
			|--[91m 'AGG = A * H | Max Time: 37.746 ms | Avg Time: 29.853 ms | Load Imbalance: 1.264' [0m
			|--[91m 'allreduce H | Max Time: 226.013 ms | Avg Time: 210.892 ms | Load Imbalance: 1.072' [0m
				|--[95m 'allreduce lowp comm dtype | Max Time: 13.144 ms | Avg Time: 13.035 ms | Load Imbalance: 1.008' [0m
				|--[95m 'allreduce lowp | Max Time: 196.706 ms | Avg Time: 181.537 ms | Load Imbalance: 1.084' [0m
				|--[95m 'allreduce copy back | Max Time: 15.749 ms | Avg Time: 15.730 ms | Load Imbalance: 1.001' [0m
			|--[91m 'Allgather W | Max Time: 17.147 ms | Avg Time: 10.439 ms | Load Imbalance: 1.643' [0m
				|--[95m 'gather | Max Time: 16.851 ms | Avg Time: 10.143 ms | Load Imbalance: 1.661' [0m
			|--[91m 'OUT = AGG * W | Max Time: 41.286 ms | Avg Time: 41.251 ms | Load Imbalance: 1.001' [0m
			|--[91m 'allreduce Q | Max Time: 203.841 ms | Avg Time: 201.189 ms | Load Imbalance: 1.013' [0m
				|--[95m 'allreduce lowp comm dtype | Max Time: 13.241 ms | Avg Time: 13.214 ms | Load Imbalance: 1.002' [0m
				|--[95m 'allreduce lowp | Max Time: 174.321 ms | Avg Time: 171.667 ms | Load Imbalance: 1.015' [0m
				|--[95m 'allreduce copy back | Max Time: 15.719 ms | Avg Time: 15.710 ms | Load Imbalance: 1.001' [0m
		|--[96m 'activation | Max Time: 42.284 ms | Avg Time: 38.999 ms | Load Imbalance: 1.084' [0m
			|--[91m 'all-reduce | Max Time: 12.880 ms | Avg Time: 9.582 ms | Load Imbalance: 1.344' [0m
		|--[96m 'output_linear | Max Time: 35.669 ms | Avg Time: 34.409 ms | Load Imbalance: 1.037' [0m
			|--[91m 'output_linear X * W | Max Time: 4.524 ms | Avg Time: 4.510 ms | Load Imbalance: 1.003' [0m
			|--[91m 'all-reduce | Max Time: 30.121 ms | Avg Time: 28.862 ms | Load Imbalance: 1.044' [0m
			|--[91m 'OUT + BIAS | Max Time: 0.843 ms | Avg Time: 0.839 ms | Load Imbalance: 1.005' [0m
		|--[96m 'cross entropy fwd | Max Time: 24.616 ms | Avg Time: 23.892 ms | Load Imbalance: 1.030' [0m
		|--[96m 'cross entropy bwd | Max Time: 3.120 ms | Avg Time: 3.076 ms | Load Imbalance: 1.014' [0m
		|--[96m 'linear_3d_bwd | Max Time: 86.025 ms | Avg Time: 84.642 ms | Load Imbalance: 1.016' [0m
			|--[91m 'output_linear GRAD_X | Max Time: 4.412 ms | Avg Time: 4.135 ms | Load Imbalance: 1.067' [0m
			|--[91m 'all-reduce | Max Time: 62.549 ms | Avg Time: 60.842 ms | Load Imbalance: 1.028' [0m
			|--[91m 'output_linear GRAD_W | Max Time: 4.474 ms | Avg Time: 4.454 ms | Load Imbalance: 1.004' [0m
			|--[91m 'input_linear GRAD_W | Max Time: 7.684 ms | Avg Time: 7.671 ms | Load Imbalance: 1.002' [0m
		|--[96m 'gcn conv bwd | Max Time: 534.313 ms | Avg Time: 533.324 ms | Load Imbalance: 1.002' [0m
			|--[91m 'gather | Max Time: 8.502 ms | Avg Time: 5.016 ms | Load Imbalance: 1.695' [0m
			|--[91m 'GRAD_AGG = GRAD_OUT * W.T | Max Time: 41.028 ms | Avg Time: 40.967 ms | Load Imbalance: 1.001' [0m
			|--[91m 'allreduce lowp comm dtype | Max Time: 13.264 ms | Avg Time: 13.252 ms | Load Imbalance: 1.001' [0m
			|--[91m 'allreduce lowp | Max Time: 178.644 ms | Avg Time: 175.563 ms | Load Imbalance: 1.018' [0m
			|--[91m 'allreduce copy back | Max Time: 15.753 ms | Avg Time: 15.732 ms | Load Imbalance: 1.001' [0m
			|--[91m 'GRAD_W = AGG.T * GRAD_OUT | Max Time: 43.583 ms | Avg Time: 43.531 ms | Load Imbalance: 1.001' [0m
			|--[91m 'ReduceScatter grad_weight | Max Time: 8.771 ms | Avg Time: 5.464 ms | Load Imbalance: 1.605' [0m
				|--[95m 'reduce-scatter | Max Time: 8.468 ms | Avg Time: 5.167 ms | Load Imbalance: 1.639' [0m
					|--[92m 'reduce-scatter-dist | Max Time: 8.173 ms | Avg Time: 4.868 ms | Load Imbalance: 1.679' [0m
			|--[91m 'GRAD_H = A.T * GRAD_AGG | Max Time: 37.431 ms | Avg Time: 29.599 ms | Load Imbalance: 1.265' [0m
			|--[91m 'allreduce grad_x | Max Time: 210.257 ms | Avg Time: 202.710 ms | Load Imbalance: 1.037' [0m
				|--[95m 'allreduce lowp comm dtype | Max Time: 13.097 ms | Avg Time: 13.009 ms | Load Imbalance: 1.007' [0m
				|--[95m 'allreduce lowp | Max Time: 180.988 ms | Avg Time: 173.384 ms | Load Imbalance: 1.044' [0m
				|--[95m 'allreduce copy back | Max Time: 15.751 ms | Avg Time: 15.727 ms | Load Imbalance: 1.002' [0m
		|--[96m 'sync_norm_gradients | Max Time: 1.586 ms | Avg Time: 1.424 ms | Load Imbalance: 1.114' [0m
		|--[96m 'sync_data_parallel_gradients | Max Time: 0.052 ms | Avg Time: 0.050 ms | Load Imbalance: 1.054' [0m

|--[95m 'epoch 8 | Max Time: 1652.610 ms | Avg Time: 1652.598 ms | Load Imbalance: 1.000' [0m
	|--[92m 'minibatch prep | Max Time: 272.028 ms | Avg Time: 256.191 ms | Load Imbalance: 1.062' [0m
		|--[96m 'sample nodes | Max Time: 73.433 ms | Avg Time: 73.227 ms | Load Imbalance: 1.003' [0m
		|--[96m 'compact indices | Max Time: 12.642 ms | Avg Time: 12.377 ms | Load Imbalance: 1.021' [0m
		|--[96m 'compact adj shards | Max Time: 176.577 ms | Avg Time: 160.748 ms | Load Imbalance: 1.098' [0m
			|--[91m 'compact layout prep | Max Time: 33.558 ms | Avg Time: 23.410 ms | Load Imbalance: 1.434' [0m
			|--[91m 'compact csr: indices | Max Time: 1.331 ms | Avg Time: 1.279 ms | Load Imbalance: 1.041' [0m
			|--[91m 'compact csr: row ptrs | Max Time: 8.441 ms | Avg Time: 8.358 ms | Load Imbalance: 1.010' [0m
			|--[91m 'compact csr: nnz index | Max Time: 27.467 ms | Avg Time: 26.122 ms | Load Imbalance: 1.051' [0m
			|--[91m 'compact csr: select nnz | Max Time: 9.751 ms | Avg Time: 9.039 ms | Load Imbalance: 1.079' [0m
			|--[91m 'compact csr: col map | Max Time: 18.916 ms | Avg Time: 18.137 ms | Load Imbalance: 1.043' [0m
			|--[91m 'compact csr: edge scale | Max Time: 14.141 ms | Avg Time: 13.975 ms | Load Imbalance: 1.012' [0m
			|--[91m 'compact csr: crow | Max Time: 11.458 ms | Avg Time: 11.363 ms | Load Imbalance: 1.008' [0m
			|--[91m 'compact csr: adjt direct | Max Time: 26.895 ms | Avg Time: 24.573 ms | Load Imbalance: 1.094' [0m
		|--[96m 'compact feature slice | Max Time: 6.216 ms | Avg Time: 6.200 ms | Load Imbalance: 1.003' [0m
		|--[96m 'compact label slice | Max Time: 0.760 ms | Avg Time: 0.754 ms | Load Imbalance: 1.007' [0m
	|--[92m 'train step | Max Time: 1401.995 ms | Avg Time: 1395.460 ms | Load Imbalance: 1.005' [0m
		|--[96m 'input_linear | Max Time: 94.010 ms | Avg Time: 77.968 ms | Load Imbalance: 1.206' [0m
			|--[91m 'input_linear X * W | Max Time: 8.124 ms | Avg Time: 8.028 ms | Load Imbalance: 1.012' [0m
			|--[91m 'all-reduce | Max Time: 79.792 ms | Avg Time: 63.770 ms | Load Imbalance: 1.251' [0m
			|--[91m 'OUT + BIAS | Max Time: 5.788 ms | Avg Time: 5.783 ms | Load Imbalance: 1.001' [0m
		|--[96m 'gcn conv fwd | Max Time: 508.322 ms | Avg Time: 495.175 ms | Load Imbalance: 1.027' [0m
			|--[91m 'AGG = A * H | Max Time: 37.744 ms | Avg Time: 29.862 ms | Load Imbalance: 1.264' [0m
			|--[91m 'allreduce H | Max Time: 226.416 ms | Avg Time: 211.592 ms | Load Imbalance: 1.070' [0m
				|--[95m 'allreduce lowp comm dtype | Max Time: 13.153 ms | Avg Time: 13.038 ms | Load Imbalance: 1.009' [0m
				|--[95m 'allreduce lowp | Max Time: 197.110 ms | Avg Time: 182.231 ms | Load Imbalance: 1.082' [0m
				|--[95m 'allreduce copy back | Max Time: 15.750 ms | Avg Time: 15.730 ms | Load Imbalance: 1.001' [0m
			|--[91m 'Allgather W | Max Time: 18.116 ms | Avg Time: 10.207 ms | Load Imbalance: 1.775' [0m
				|--[95m 'gather | Max Time: 17.812 ms | Avg Time: 9.911 ms | Load Imbalance: 1.797' [0m
			|--[91m 'OUT = AGG * W | Max Time: 41.304 ms | Avg Time: 41.236 ms | Load Imbalance: 1.002' [0m
			|--[91m 'allreduce Q | Max Time: 205.001 ms | Avg Time: 201.386 ms | Load Imbalance: 1.018' [0m
				|--[95m 'allreduce lowp comm dtype | Max Time: 13.241 ms | Avg Time: 13.212 ms | Load Imbalance: 1.002' [0m
				|--[95m 'allreduce lowp | Max Time: 175.520 ms | Avg Time: 171.871 ms | Load Imbalance: 1.021' [0m
				|--[95m 'allreduce copy back | Max Time: 15.726 ms | Avg Time: 15.712 ms | Load Imbalance: 1.001' [0m
		|--[96m 'activation | Max Time: 42.741 ms | Avg Time: 38.741 ms | Load Imbalance: 1.103' [0m
			|--[91m 'all-reduce | Max Time: 13.338 ms | Avg Time: 9.325 ms | Load Imbalance: 1.430' [0m
		|--[96m 'output_linear | Max Time: 35.560 ms | Avg Time: 34.532 ms | Load Imbalance: 1.030' [0m
			|--[91m 'output_linear X * W | Max Time: 4.520 ms | Avg Time: 4.510 ms | Load Imbalance: 1.002' [0m
			|--[91m 'all-reduce | Max Time: 30.022 ms | Avg Time: 28.981 ms | Load Imbalance: 1.036' [0m
			|--[91m 'OUT + BIAS | Max Time: 0.846 ms | Avg Time: 0.841 ms | Load Imbalance: 1.006' [0m
		|--[96m 'cross entropy fwd | Max Time: 24.706 ms | Avg Time: 24.005 ms | Load Imbalance: 1.029' [0m
		|--[96m 'cross entropy bwd | Max Time: 3.168 ms | Avg Time: 3.065 ms | Load Imbalance: 1.034' [0m
		|--[96m 'linear_3d_bwd | Max Time: 85.175 ms | Avg Time: 84.277 ms | Load Imbalance: 1.011' [0m
			|--[91m 'output_linear GRAD_X | Max Time: 4.344 ms | Avg Time: 4.114 ms | Load Imbalance: 1.056' [0m
			|--[91m 'all-reduce | Max Time: 61.493 ms | Avg Time: 60.509 ms | Load Imbalance: 1.016' [0m
			|--[91m 'output_linear GRAD_W | Max Time: 4.482 ms | Avg Time: 4.456 ms | Load Imbalance: 1.006' [0m
			|--[91m 'input_linear GRAD_W | Max Time: 7.692 ms | Avg Time: 7.665 ms | Load Imbalance: 1.004' [0m
		|--[96m 'gcn conv bwd | Max Time: 534.348 ms | Avg Time: 533.700 ms | Load Imbalance: 1.001' [0m
			|--[91m 'gather | Max Time: 8.159 ms | Avg Time: 5.413 ms | Load Imbalance: 1.507' [0m
			|--[91m 'GRAD_AGG = GRAD_OUT * W.T | Max Time: 41.028 ms | Avg Time: 40.967 ms | Load Imbalance: 1.001' [0m
			|--[91m 'allreduce lowp comm dtype | Max Time: 13.270 ms | Avg Time: 13.247 ms | Load Imbalance: 1.002' [0m
			|--[91m 'allreduce lowp | Max Time: 177.690 ms | Avg Time: 174.579 ms | Load Imbalance: 1.018' [0m
			|--[91m 'allreduce copy back | Max Time: 15.751 ms | Avg Time: 15.735 ms | Load Imbalance: 1.001' [0m
			|--[91m 'GRAD_W = AGG.T * GRAD_OUT | Max Time: 43.656 ms | Avg Time: 43.540 ms | Load Imbalance: 1.003' [0m
			|--[91m 'ReduceScatter grad_weight | Max Time: 11.257 ms | Avg Time: 5.998 ms | Load Imbalance: 1.877' [0m
				|--[95m 'reduce-scatter | Max Time: 10.968 ms | Avg Time: 5.701 ms | Load Imbalance: 1.924' [0m
					|--[92m 'reduce-scatter-dist | Max Time: 10.667 ms | Avg Time: 5.402 ms | Load Imbalance: 1.974' [0m
			|--[91m 'GRAD_H = A.T * GRAD_AGG | Max Time: 37.427 ms | Avg Time: 29.593 ms | Load Imbalance: 1.265' [0m
			|--[91m 'allreduce grad_x | Max Time: 209.643 ms | Avg Time: 203.142 ms | Load Imbalance: 1.032' [0m
				|--[95m 'allreduce lowp comm dtype | Max Time: 13.082 ms | Avg Time: 13.004 ms | Load Imbalance: 1.006' [0m
				|--[95m 'allreduce lowp | Max Time: 180.376 ms | Avg Time: 173.819 ms | Load Imbalance: 1.038' [0m
				|--[95m 'allreduce copy back | Max Time: 15.755 ms | Avg Time: 15.724 ms | Load Imbalance: 1.002' [0m
		|--[96m 'sync_norm_gradients | Max Time: 1.537 ms | Avg Time: 1.340 ms | Load Imbalance: 1.147' [0m
		|--[96m 'sync_data_parallel_gradients | Max Time: 0.055 ms | Avg Time: 0.050 ms | Load Imbalance: 1.110' [0m

|--[95m 'epoch 9 | Max Time: 1649.454 ms | Avg Time: 1649.435 ms | Load Imbalance: 1.000' [0m
	|--[92m 'minibatch prep | Max Time: 273.200 ms | Avg Time: 257.230 ms | Load Imbalance: 1.062' [0m
		|--[96m 'sample nodes | Max Time: 73.382 ms | Avg Time: 73.235 ms | Load Imbalance: 1.002' [0m
		|--[96m 'compact indices | Max Time: 12.712 ms | Avg Time: 12.443 ms | Load Imbalance: 1.022' [0m
		|--[96m 'compact adj shards | Max Time: 177.669 ms | Avg Time: 161.649 ms | Load Imbalance: 1.099' [0m
			|--[91m 'compact layout prep | Max Time: 33.891 ms | Avg Time: 23.577 ms | Load Imbalance: 1.437' [0m
			|--[91m 'compact csr: indices | Max Time: 1.363 ms | Avg Time: 1.303 ms | Load Imbalance: 1.046' [0m
			|--[91m 'compact csr: row ptrs | Max Time: 8.532 ms | Avg Time: 8.436 ms | Load Imbalance: 1.011' [0m
			|--[91m 'compact csr: nnz index | Max Time: 27.415 ms | Avg Time: 26.107 ms | Load Imbalance: 1.050' [0m
			|--[91m 'compact csr: select nnz | Max Time: 9.743 ms | Avg Time: 9.039 ms | Load Imbalance: 1.078' [0m
			|--[91m 'compact csr: col map | Max Time: 18.908 ms | Avg Time: 18.154 ms | Load Imbalance: 1.042' [0m
			|--[91m 'compact csr: edge scale | Max Time: 14.313 ms | Avg Time: 14.128 ms | Load Imbalance: 1.013' [0m
			|--[91m 'compact csr: crow | Max Time: 11.631 ms | Avg Time: 11.526 ms | Load Imbalance: 1.009' [0m
			|--[91m 'compact csr: adjt direct | Max Time: 26.977 ms | Avg Time: 24.691 ms | Load Imbalance: 1.093' [0m
		|--[96m 'compact feature slice | Max Time: 6.299 ms | Avg Time: 6.224 ms | Load Imbalance: 1.012' [0m
		|--[96m 'compact label slice | Max Time: 0.762 ms | Avg Time: 0.756 ms | Load Imbalance: 1.007' [0m
	|--[92m 'train step | Max Time: 1397.784 ms | Avg Time: 1391.262 ms | Load Imbalance: 1.005' [0m
		|--[96m 'input_linear | Max Time: 94.526 ms | Avg Time: 78.101 ms | Load Imbalance: 1.210' [0m
			|--[91m 'input_linear X * W | Max Time: 8.156 ms | Avg Time: 8.101 ms | Load Imbalance: 1.007' [0m
			|--[91m 'all-reduce | Max Time: 80.313 ms | Avg Time: 63.806 ms | Load Imbalance: 1.259' [0m
			|--[91m 'OUT + BIAS | Max Time: 5.790 ms | Avg Time: 5.783 ms | Load Imbalance: 1.001' [0m
		|--[96m 'gcn conv fwd | Max Time: 509.593 ms | Avg Time: 496.304 ms | Load Imbalance: 1.027' [0m
			|--[91m 'AGG = A * H | Max Time: 37.764 ms | Avg Time: 29.888 ms | Load Imbalance: 1.264' [0m
			|--[91m 'allreduce H | Max Time: 227.835 ms | Avg Time: 212.363 ms | Load Imbalance: 1.073' [0m
				|--[95m 'allreduce lowp comm dtype | Max Time: 13.149 ms | Avg Time: 13.037 ms | Load Imbalance: 1.009' [0m
				|--[95m 'allreduce lowp | Max Time: 198.532 ms | Avg Time: 183.002 ms | Load Imbalance: 1.085' [0m
				|--[95m 'allreduce copy back | Max Time: 15.746 ms | Avg Time: 15.731 ms | Load Imbalance: 1.001' [0m
			|--[91m 'Allgather W | Max Time: 16.389 ms | Avg Time: 10.329 ms | Load Imbalance: 1.587' [0m
				|--[95m 'gather | Max Time: 16.094 ms | Avg Time: 10.033 ms | Load Imbalance: 1.604' [0m
			|--[91m 'OUT = AGG * W | Max Time: 41.306 ms | Avg Time: 41.240 ms | Load Imbalance: 1.002' [0m
			|--[91m 'allreduce Q | Max Time: 204.041 ms | Avg Time: 201.593 ms | Load Imbalance: 1.012' [0m
				|--[95m 'allreduce lowp comm dtype | Max Time: 13.241 ms | Avg Time: 13.209 ms | Load Imbalance: 1.002' [0m
				|--[95m 'allreduce lowp | Max Time: 174.558 ms | Avg Time: 172.076 ms | Load Imbalance: 1.014' [0m
				|--[95m 'allreduce copy back | Max Time: 15.728 ms | Avg Time: 15.713 ms | Load Imbalance: 1.001' [0m
		|--[96m 'activation | Max Time: 41.281 ms | Avg Time: 38.694 ms | Load Imbalance: 1.067' [0m
			|--[91m 'all-reduce | Max Time: 11.871 ms | Avg Time: 9.279 ms | Load Imbalance: 1.279' [0m
		|--[96m 'output_linear | Max Time: 35.266 ms | Avg Time: 34.097 ms | Load Imbalance: 1.034' [0m
			|--[91m 'output_linear X * W | Max Time: 4.521 ms | Avg Time: 4.512 ms | Load Imbalance: 1.002' [0m
			|--[91m 'all-reduce | Max Time: 29.728 ms | Avg Time: 28.547 ms | Load Imbalance: 1.041' [0m
			|--[91m 'OUT + BIAS | Max Time: 0.847 ms | Avg Time: 0.841 ms | Load Imbalance: 1.007' [0m
		|--[96m 'cross entropy fwd | Max Time: 24.735 ms | Avg Time: 24.015 ms | Load Imbalance: 1.030' [0m
		|--[96m 'cross entropy bwd | Max Time: 3.154 ms | Avg Time: 3.078 ms | Load Imbalance: 1.025' [0m
		|--[96m 'linear_3d_bwd | Max Time: 85.268 ms | Avg Time: 84.252 ms | Load Imbalance: 1.012' [0m
			|--[91m 'output_linear GRAD_X | Max Time: 4.374 ms | Avg Time: 4.190 ms | Load Imbalance: 1.044' [0m
			|--[91m 'all-reduce | Max Time: 61.556 ms | Avg Time: 60.427 ms | Load Imbalance: 1.019' [0m
			|--[91m 'output_linear GRAD_W | Max Time: 4.468 ms | Avg Time: 4.447 ms | Load Imbalance: 1.005' [0m
			|--[91m 'input_linear GRAD_W | Max Time: 7.677 ms | Avg Time: 7.667 ms | Load Imbalance: 1.001' [0m
		|--[96m 'gcn conv bwd | Max Time: 530.561 ms | Avg Time: 530.189 ms | Load Imbalance: 1.001' [0m
			|--[91m 'gather | Max Time: 7.822 ms | Avg Time: 4.877 ms | Load Imbalance: 1.604' [0m
			|--[91m 'GRAD_AGG = GRAD_OUT * W.T | Max Time: 41.023 ms | Avg Time: 40.969 ms | Load Imbalance: 1.001' [0m
			|--[91m 'allreduce lowp comm dtype | Max Time: 13.267 ms | Avg Time: 13.245 ms | Load Imbalance: 1.002' [0m
			|--[91m 'allreduce lowp | Max Time: 175.003 ms | Avg Time: 172.632 ms | Load Imbalance: 1.014' [0m
			|--[91m 'allreduce copy back | Max Time: 15.753 ms | Avg Time: 15.734 ms | Load Imbalance: 1.001' [0m
			|--[91m 'GRAD_W = AGG.T * GRAD_OUT | Max Time: 43.606 ms | Avg Time: 43.524 ms | Load Imbalance: 1.002' [0m
			|--[91m 'ReduceScatter grad_weight | Max Time: 10.483 ms | Avg Time: 5.118 ms | Load Imbalance: 2.048' [0m
				|--[95m 'reduce-scatter | Max Time: 10.194 ms | Avg Time: 4.822 ms | Load Imbalance: 2.114' [0m
					|--[92m 'reduce-scatter-dist | Max Time: 9.897 ms | Avg Time: 4.525 ms | Load Imbalance: 2.187' [0m
			|--[91m 'GRAD_H = A.T * GRAD_AGG | Max Time: 37.444 ms | Avg Time: 29.620 ms | Load Imbalance: 1.264' [0m
			|--[91m 'allreduce grad_x | Max Time: 208.492 ms | Avg Time: 202.982 ms | Load Imbalance: 1.027' [0m
				|--[95m 'allreduce lowp comm dtype | Max Time: 13.091 ms | Avg Time: 13.007 ms | Load Imbalance: 1.006' [0m
				|--[95m 'allreduce lowp | Max Time: 179.216 ms | Avg Time: 173.651 ms | Load Imbalance: 1.032' [0m
				|--[95m 'allreduce copy back | Max Time: 15.752 ms | Avg Time: 15.729 ms | Load Imbalance: 1.001' [0m
		|--[96m 'sync_norm_gradients | Max Time: 1.517 ms | Avg Time: 1.394 ms | Load Imbalance: 1.088' [0m
		|--[96m 'sync_data_parallel_gradients | Max Time: 0.051 ms | Avg Time: 0.049 ms | Load Imbalance: 1.041' [0m

Epoch: 009, Train Loss: 3.1357
rank 0 Peak GPU memory: 9.62 GB
