/pscratch/sd/h/hmuki/plexus/plexus/utils/dataloader.py:412: UserWarning: Sparse invariant checks are implicitly disabled. Memory errors (e.g. SEGFAULT) will occur when operating on a sparse tensor which violates the invariants, but checks incur performance overhead. To silence this warning, explicitly opt in or out. See `torch.sparse.check_sparse_tensor_invariants.__doc__` for guidance.  (Triggered internally at /pytorch/aten/src/ATen/Context.cpp:760.)
  adj_local = torch.sparse_coo_tensor(
/pscratch/sd/h/hmuki/plexus/plexus/utils/dataloader.py:412: UserWarning: Sparse invariant checks are implicitly disabled. Memory errors (e.g. SEGFAULT) will occur when operating on a sparse tensor which violates the invariants, but checks incur performance overhead. To silence this warning, explicitly opt in or out. See `torch.sparse.check_sparse_tensor_invariants.__doc__` for guidance.  (Triggered internally at /pytorch/aten/src/ATen/Context.cpp:760.)
  adj_local = torch.sparse_coo_tensor(
/pscratch/sd/h/hmuki/plexus/plexus/utils/dataloader.py:412: UserWarning: Sparse invariant checks are implicitly disabled. Memory errors (e.g. SEGFAULT) will occur when operating on a sparse tensor which violates the invariants, but checks incur performance overhead. To silence this warning, explicitly opt in or out. See `torch.sparse.check_sparse_tensor_invariants.__doc__` for guidance.  (Triggered internally at /pytorch/aten/src/ATen/Context.cpp:760.)
  adj_local = torch.sparse_coo_tensor(
/pscratch/sd/h/hmuki/plexus/plexus/utils/dataloader.py:412: UserWarning: Sparse invariant checks are implicitly disabled. Memory errors (e.g. SEGFAULT) will occur when operating on a sparse tensor which violates the invariants, but checks incur performance overhead. To silence this warning, explicitly opt in or out. See `torch.sparse.check_sparse_tensor_invariants.__doc__` for guidance.  (Triggered internally at /pytorch/aten/src/ATen/Context.cpp:760.)
  adj_local = torch.sparse_coo_tensor(
/pscratch/sd/h/hmuki/plexus/plexus/utils/dataloader.py:412: UserWarning: Sparse invariant checks are implicitly disabled. Memory errors (e.g. SEGFAULT) will occur when operating on a sparse tensor which violates the invariants, but checks incur performance overhead. To silence this warning, explicitly opt in or out. See `torch.sparse.check_sparse_tensor_invariants.__doc__` for guidance.  (Triggered internally at /pytorch/aten/src/ATen/Context.cpp:760.)
  adj_local = torch.sparse_coo_tensor(
/pscratch/sd/h/hmuki/plexus/plexus/utils/dataloader.py:412: UserWarning: Sparse invariant checks are implicitly disabled. Memory errors (e.g. SEGFAULT) will occur when operating on a sparse tensor which violates the invariants, but checks incur performance overhead. To silence this warning, explicitly opt in or out. See `torch.sparse.check_sparse_tensor_invariants.__doc__` for guidance.  (Triggered internally at /pytorch/aten/src/ATen/Context.cpp:760.)
  adj_local = torch.sparse_coo_tensor(
/pscratch/sd/h/hmuki/plexus/plexus/utils/dataloader.py:412: UserWarning: Sparse invariant checks are implicitly disabled. Memory errors (e.g. SEGFAULT) will occur when operating on a sparse tensor which violates the invariants, but checks incur performance overhead. To silence this warning, explicitly opt in or out. See `torch.sparse.check_sparse_tensor_invariants.__doc__` for guidance.  (Triggered internally at /pytorch/aten/src/ATen/Context.cpp:760.)
  adj_local = torch.sparse_coo_tensor(
/pscratch/sd/h/hmuki/plexus/plexus/utils/dataloader.py:412: UserWarning: Sparse invariant checks are implicitly disabled. Memory errors (e.g. SEGFAULT) will occur when operating on a sparse tensor which violates the invariants, but checks incur performance overhead. To silence this warning, explicitly opt in or out. See `torch.sparse.check_sparse_tensor_invariants.__doc__` for guidance.  (Triggered internally at /pytorch/aten/src/ATen/Context.cpp:760.)
  adj_local = torch.sparse_coo_tensor(
/pscratch/sd/h/hmuki/plexus/plexus/utils/dataloader.py:425: UserWarning: Sparse CSR tensor support is in beta state. If you miss a functionality in the sparse tensor support, please submit a feature request to https://github.com/pytorch/pytorch/issues. (Triggered internally at /pytorch/aten/src/ATen/SparseCsrTensorImpl.cpp:49.)
  adj_local = adj_local.to_sparse_csr()
/pscratch/sd/h/hmuki/plexus/plexus/utils/dataloader.py:425: UserWarning: Sparse CSR tensor support is in beta state. If you miss a functionality in the sparse tensor support, please submit a feature request to https://github.com/pytorch/pytorch/issues. (Triggered internally at /pytorch/aten/src/ATen/SparseCsrTensorImpl.cpp:49.)
  adj_local = adj_local.to_sparse_csr()
/pscratch/sd/h/hmuki/plexus/plexus/utils/dataloader.py:425: UserWarning: Sparse CSR tensor support is in beta state. If you miss a functionality in the sparse tensor support, please submit a feature request to https://github.com/pytorch/pytorch/issues. (Triggered internally at /pytorch/aten/src/ATen/SparseCsrTensorImpl.cpp:49.)
  adj_local = adj_local.to_sparse_csr()
/pscratch/sd/h/hmuki/plexus/plexus/utils/dataloader.py:425: UserWarning: Sparse CSR tensor support is in beta state. If you miss a functionality in the sparse tensor support, please submit a feature request to https://github.com/pytorch/pytorch/issues. (Triggered internally at /pytorch/aten/src/ATen/SparseCsrTensorImpl.cpp:49.)
  adj_local = adj_local.to_sparse_csr()
/pscratch/sd/h/hmuki/plexus/plexus/utils/dataloader.py:425: UserWarning: Sparse CSR tensor support is in beta state. If you miss a functionality in the sparse tensor support, please submit a feature request to https://github.com/pytorch/pytorch/issues. (Triggered internally at /pytorch/aten/src/ATen/SparseCsrTensorImpl.cpp:49.)
  adj_local = adj_local.to_sparse_csr()
/pscratch/sd/h/hmuki/plexus/plexus/utils/dataloader.py:425: UserWarning: Sparse CSR tensor support is in beta state. If you miss a functionality in the sparse tensor support, please submit a feature request to https://github.com/pytorch/pytorch/issues. (Triggered internally at /pytorch/aten/src/ATen/SparseCsrTensorImpl.cpp:49.)
  adj_local = adj_local.to_sparse_csr()
/pscratch/sd/h/hmuki/plexus/plexus/utils/dataloader.py:425: UserWarning: Sparse CSR tensor support is in beta state. If you miss a functionality in the sparse tensor support, please submit a feature request to https://github.com/pytorch/pytorch/issues. (Triggered internally at /pytorch/aten/src/ATen/SparseCsrTensorImpl.cpp:49.)
  adj_local = adj_local.to_sparse_csr()
/pscratch/sd/h/hmuki/plexus/plexus/utils/dataloader.py:425: UserWarning: Sparse CSR tensor support is in beta state. If you miss a functionality in the sparse tensor support, please submit a feature request to https://github.com/pytorch/pytorch/issues. (Triggered internally at /pytorch/aten/src/ATen/SparseCsrTensorImpl.cpp:49.)
  adj_local = adj_local.to_sparse_csr()
/pscratch/sd/h/hmuki/plexus/plexus/utils/dataloader.py:412: UserWarning: Sparse invariant checks are implicitly disabled. Memory errors (e.g. SEGFAULT) will occur when operating on a sparse tensor which violates the invariants, but checks incur performance overhead. To silence this warning, explicitly opt in or out. See `torch.sparse.check_sparse_tensor_invariants.__doc__` for guidance.  (Triggered internally at /pytorch/aten/src/ATen/Context.cpp:760.)
  adj_local = torch.sparse_coo_tensor(
/pscratch/sd/h/hmuki/plexus/plexus/utils/dataloader.py:412: UserWarning: Sparse invariant checks are implicitly disabled. Memory errors (e.g. SEGFAULT) will occur when operating on a sparse tensor which violates the invariants, but checks incur performance overhead. To silence this warning, explicitly opt in or out. See `torch.sparse.check_sparse_tensor_invariants.__doc__` for guidance.  (Triggered internally at /pytorch/aten/src/ATen/Context.cpp:760.)
  adj_local = torch.sparse_coo_tensor(
/pscratch/sd/h/hmuki/plexus/plexus/utils/dataloader.py:412: UserWarning: Sparse invariant checks are implicitly disabled. Memory errors (e.g. SEGFAULT) will occur when operating on a sparse tensor which violates the invariants, but checks incur performance overhead. To silence this warning, explicitly opt in or out. See `torch.sparse.check_sparse_tensor_invariants.__doc__` for guidance.  (Triggered internally at /pytorch/aten/src/ATen/Context.cpp:760.)
  adj_local = torch.sparse_coo_tensor(
/pscratch/sd/h/hmuki/plexus/plexus/utils/dataloader.py:412: UserWarning: Sparse invariant checks are implicitly disabled. Memory errors (e.g. SEGFAULT) will occur when operating on a sparse tensor which violates the invariants, but checks incur performance overhead. To silence this warning, explicitly opt in or out. See `torch.sparse.check_sparse_tensor_invariants.__doc__` for guidance.  (Triggered internally at /pytorch/aten/src/ATen/Context.cpp:760.)
  adj_local = torch.sparse_coo_tensor(
/pscratch/sd/h/hmuki/plexus/plexus/utils/dataloader.py:425: UserWarning: Sparse CSR tensor support is in beta state. If you miss a functionality in the sparse tensor support, please submit a feature request to https://github.com/pytorch/pytorch/issues. (Triggered internally at /pytorch/aten/src/ATen/SparseCsrTensorImpl.cpp:49.)
  adj_local = adj_local.to_sparse_csr()
/pscratch/sd/h/hmuki/plexus/plexus/utils/dataloader.py:425: UserWarning: Sparse CSR tensor support is in beta state. If you miss a functionality in the sparse tensor support, please submit a feature request to https://github.com/pytorch/pytorch/issues. (Triggered internally at /pytorch/aten/src/ATen/SparseCsrTensorImpl.cpp:49.)
  adj_local = adj_local.to_sparse_csr()
/pscratch/sd/h/hmuki/plexus/plexus/utils/dataloader.py:425: UserWarning: Sparse CSR tensor support is in beta state. If you miss a functionality in the sparse tensor support, please submit a feature request to https://github.com/pytorch/pytorch/issues. (Triggered internally at /pytorch/aten/src/ATen/SparseCsrTensorImpl.cpp:49.)
  adj_local = adj_local.to_sparse_csr()
/pscratch/sd/h/hmuki/plexus/plexus/utils/dataloader.py:425: UserWarning: Sparse CSR tensor support is in beta state. If you miss a functionality in the sparse tensor support, please submit a feature request to https://github.com/pytorch/pytorch/issues. (Triggered internally at /pytorch/aten/src/ATen/SparseCsrTensorImpl.cpp:49.)
  adj_local = adj_local.to_sparse_csr()
/pscratch/sd/h/hmuki/plexus/plexus/utils/dataloader.py:412: UserWarning: Sparse invariant checks are implicitly disabled. Memory errors (e.g. SEGFAULT) will occur when operating on a sparse tensor which violates the invariants, but checks incur performance overhead. To silence this warning, explicitly opt in or out. See `torch.sparse.check_sparse_tensor_invariants.__doc__` for guidance.  (Triggered internally at /pytorch/aten/src/ATen/Context.cpp:760.)
  adj_local = torch.sparse_coo_tensor(
/pscratch/sd/h/hmuki/plexus/plexus/utils/dataloader.py:412: UserWarning: Sparse invariant checks are implicitly disabled. Memory errors (e.g. SEGFAULT) will occur when operating on a sparse tensor which violates the invariants, but checks incur performance overhead. To silence this warning, explicitly opt in or out. See `torch.sparse.check_sparse_tensor_invariants.__doc__` for guidance.  (Triggered internally at /pytorch/aten/src/ATen/Context.cpp:760.)
  adj_local = torch.sparse_coo_tensor(
/pscratch/sd/h/hmuki/plexus/plexus/utils/dataloader.py:412: UserWarning: Sparse invariant checks are implicitly disabled. Memory errors (e.g. SEGFAULT) will occur when operating on a sparse tensor which violates the invariants, but checks incur performance overhead. To silence this warning, explicitly opt in or out. See `torch.sparse.check_sparse_tensor_invariants.__doc__` for guidance.  (Triggered internally at /pytorch/aten/src/ATen/Context.cpp:760.)
  adj_local = torch.sparse_coo_tensor(
/pscratch/sd/h/hmuki/plexus/plexus/utils/dataloader.py:412: UserWarning: Sparse invariant checks are implicitly disabled. Memory errors (e.g. SEGFAULT) will occur when operating on a sparse tensor which violates the invariants, but checks incur performance overhead. To silence this warning, explicitly opt in or out. See `torch.sparse.check_sparse_tensor_invariants.__doc__` for guidance.  (Triggered internally at /pytorch/aten/src/ATen/Context.cpp:760.)
  adj_local = torch.sparse_coo_tensor(
/pscratch/sd/h/hmuki/plexus/plexus/utils/dataloader.py:425: UserWarning: Sparse CSR tensor support is in beta state. If you miss a functionality in the sparse tensor support, please submit a feature request to https://github.com/pytorch/pytorch/issues. (Triggered internally at /pytorch/aten/src/ATen/SparseCsrTensorImpl.cpp:49.)
  adj_local = adj_local.to_sparse_csr()
/pscratch/sd/h/hmuki/plexus/plexus/utils/dataloader.py:425: UserWarning: Sparse CSR tensor support is in beta state. If you miss a functionality in the sparse tensor support, please submit a feature request to https://github.com/pytorch/pytorch/issues. (Triggered internally at /pytorch/aten/src/ATen/SparseCsrTensorImpl.cpp:49.)
  adj_local = adj_local.to_sparse_csr()
/pscratch/sd/h/hmuki/plexus/plexus/utils/dataloader.py:425: UserWarning: Sparse CSR tensor support is in beta state. If you miss a functionality in the sparse tensor support, please submit a feature request to https://github.com/pytorch/pytorch/issues. (Triggered internally at /pytorch/aten/src/ATen/SparseCsrTensorImpl.cpp:49.)
  adj_local = adj_local.to_sparse_csr()
/pscratch/sd/h/hmuki/plexus/plexus/utils/dataloader.py:425: UserWarning: Sparse CSR tensor support is in beta state. If you miss a functionality in the sparse tensor support, please submit a feature request to https://github.com/pytorch/pytorch/issues. (Triggered internally at /pytorch/aten/src/ATen/SparseCsrTensorImpl.cpp:49.)
  adj_local = adj_local.to_sparse_csr()
[info] RMSNorm + ReLU + Dropout fused and compiled with torch.compile
steps_per_epoch:  3
steps_per_epoch:  3
steps_per_epoch:  3
steps_per_epoch:  3
steps_per_epoch:  3
steps_per_epoch:  3
steps_per_epoch:  3
steps_per_epoch:  3
steps_per_epoch:  3
steps_per_epoch:  3
steps_per_epoch:  3
steps_per_epoch:  3
steps_per_epoch:  3
steps_per_epoch:  3
steps_per_epoch:  3
steps_per_epoch:  3
Epoch: 000, Train Loss: 3.5622
Epoch: 001, Train Loss: 3.4306
Epoch: 002, Train Loss: 3.4139
Epoch: 003, Train Loss: 3.3828
Epoch: 004, Train Loss: 3.2945
Epoch: 005, Train Loss: 3.2331
Epoch: 006, Train Loss: 3.3812
Epoch: 007, Train Loss: 3.2816
Epoch: 008, Train Loss: 3.1639
rank 3 Peak GPU memory: 20.43 GB
rank 2 Peak GPU memory: 20.30 GB
rank 1 Peak GPU memory: 20.31 GB
rank 4 Peak GPU memory: 20.70 GB
rank 7 Peak GPU memory: 20.43 GB
rank 6 Peak GPU memory: 20.30 GB
rank 5 Peak GPU memory: 20.31 GB
rank 8 Peak GPU memory: 20.43 GB
rank 11 Peak GPU memory: 20.70 GB
rank 10 Peak GPU memory: 20.31 GB
rank 9 Peak GPU memory: 20.31 GB
rank 14 Peak GPU memory: 20.31 GB
rank 15 Peak GPU memory: 20.70 GB
rank 12 Peak GPU memory: 20.43 GB
rank 13 Peak GPU memory: 20.31 GB
|--[95m 'drop | Max Time: 0.231 ms | Avg Time: 0.205 ms | Load Imbalance: 1.131' [0m

|--[95m 'epoch 0 | Max Time: 9186.684 ms | Avg Time: 9185.427 ms | Load Imbalance: 1.000' [0m
	|--[92m 'minibatch prep | Max Time: 277.531 ms | Avg Time: 260.325 ms | Load Imbalance: 1.066' [0m
		|--[96m 'sample nodes | Max Time: 35.194 ms | Avg Time: 32.646 ms | Load Imbalance: 1.078' [0m
		|--[96m 'compact indices | Max Time: 11.973 ms | Avg Time: 11.516 ms | Load Imbalance: 1.040' [0m
		|--[96m 'compact adj shards | Max Time: 219.135 ms | Avg Time: 201.548 ms | Load Imbalance: 1.087' [0m
			|--[91m 'compact layout prep | Max Time: 52.824 ms | Avg Time: 48.795 ms | Load Imbalance: 1.083' [0m
			|--[91m 'compact csr: indices | Max Time: 0.177 ms | Avg Time: 0.142 ms | Load Imbalance: 1.249' [0m
			|--[91m 'compact csr: row ptrs | Max Time: 12.003 ms | Avg Time: 11.293 ms | Load Imbalance: 1.063' [0m
			|--[91m 'compact csr: nnz index | Max Time: 28.680 ms | Avg Time: 27.274 ms | Load Imbalance: 1.052' [0m
			|--[91m 'compact csr: select nnz | Max Time: 6.840 ms | Avg Time: 6.426 ms | Load Imbalance: 1.064' [0m
			|--[91m 'compact csr: col map | Max Time: 14.174 ms | Avg Time: 13.706 ms | Load Imbalance: 1.034' [0m
			|--[91m 'compact csr: edge scale | Max Time: 14.888 ms | Avg Time: 13.890 ms | Load Imbalance: 1.072' [0m
			|--[91m 'compact csr: crow | Max Time: 25.297 ms | Avg Time: 24.013 ms | Load Imbalance: 1.053' [0m
			|--[91m 'compact csr: adjt direct | Max Time: 52.653 ms | Avg Time: 43.903 ms | Load Imbalance: 1.199' [0m
		|--[96m 'compact feature slice | Max Time: 10.966 ms | Avg Time: 9.124 ms | Load Imbalance: 1.202' [0m
		|--[96m 'compact label slice | Max Time: 4.842 ms | Avg Time: 4.623 ms | Load Imbalance: 1.047' [0m
	|--[92m 'train step | Max Time: 8933.880 ms | Avg Time: 8924.851 ms | Load Imbalance: 1.001' [0m
		|--[96m 'input_linear | Max Time: 273.905 ms | Avg Time: 232.970 ms | Load Imbalance: 1.176' [0m
			|--[91m 'input_linear X * W | Max Time: 55.176 ms | Avg Time: 44.959 ms | Load Imbalance: 1.227' [0m
			|--[91m 'all-reduce | Max Time: 226.536 ms | Avg Time: 183.805 ms | Load Imbalance: 1.232' [0m
			|--[91m 'OUT + BIAS | Max Time: 4.029 ms | Avg Time: 4.024 ms | Load Imbalance: 1.001' [0m
		|--[96m 'gcn conv fwd | Max Time: 1374.620 ms | Avg Time: 1193.319 ms | Load Imbalance: 1.152' [0m
			|--[91m 'AGG = A * H | Max Time: 68.570 ms | Avg Time: 63.143 ms | Load Imbalance: 1.086' [0m
			|--[91m 'allreduce H | Max Time: 689.486 ms | Avg Time: 517.089 ms | Load Imbalance: 1.333' [0m
				|--[95m 'allreduce lowp comm dtype | Max Time: 12.170 ms | Avg Time: 12.155 ms | Load Imbalance: 1.001' [0m
				|--[95m 'allreduce lowp | Max Time: 662.740 ms | Avg Time: 490.328 ms | Load Imbalance: 1.352' [0m
				|--[95m 'allreduce copy back | Max Time: 14.538 ms | Avg Time: 14.520 ms | Load Imbalance: 1.001' [0m
			|--[91m 'Allgather W | Max Time: 161.253 ms | Avg Time: 54.054 ms | Load Imbalance: 2.983' [0m
				|--[95m 'gather | Max Time: 161.193 ms | Avg Time: 53.993 ms | Load Imbalance: 2.985' [0m
			|--[91m 'OUT = AGG * W | Max Time: 30.964 ms | Avg Time: 30.876 ms | Load Imbalance: 1.003' [0m
			|--[91m 'allreduce Q | Max Time: 567.069 ms | Avg Time: 527.975 ms | Load Imbalance: 1.074' [0m
				|--[95m 'allreduce lowp comm dtype | Max Time: 12.252 ms | Avg Time: 12.239 ms | Load Imbalance: 1.001' [0m
				|--[95m 'allreduce lowp | Max Time: 540.234 ms | Avg Time: 501.140 ms | Load Imbalance: 1.078' [0m
				|--[95m 'allreduce copy back | Max Time: 14.533 ms | Avg Time: 14.511 ms | Load Imbalance: 1.001' [0m
		|--[96m 'activation | Max Time: 5606.347 ms | Avg Time: 5497.766 ms | Load Imbalance: 1.020' [0m
			|--[91m 'all-reduce | Max Time: 168.637 ms | Avg Time: 62.508 ms | Load Imbalance: 2.698' [0m
		|--[96m 'output_linear | Max Time: 80.832 ms | Avg Time: 70.650 ms | Load Imbalance: 1.144' [0m
			|--[91m 'output_linear X * W | Max Time: 3.278 ms | Avg Time: 3.260 ms | Load Imbalance: 1.005' [0m
			|--[91m 'all-reduce | Max Time: 76.522 ms | Avg Time: 66.336 ms | Load Imbalance: 1.154' [0m
			|--[91m 'OUT + BIAS | Max Time: 1.027 ms | Avg Time: 1.026 ms | Load Imbalance: 1.002' [0m
		|--[96m 'cross entropy fwd | Max Time: 78.566 ms | Avg Time: 69.440 ms | Load Imbalance: 1.131' [0m
		|--[96m 'cross entropy bwd | Max Time: 3.347 ms | Avg Time: 3.161 ms | Load Imbalance: 1.059' [0m
		|--[96m 'linear_3d_bwd | Max Time: 54.145 ms | Avg Time: 53.636 ms | Load Imbalance: 1.009' [0m
			|--[91m 'output_linear GRAD_X | Max Time: 2.851 ms | Avg Time: 2.841 ms | Load Imbalance: 1.004' [0m
			|--[91m 'all-reduce | Max Time: 39.978 ms | Avg Time: 39.382 ms | Load Imbalance: 1.015' [0m
			|--[91m 'output_linear GRAD_W | Max Time: 2.913 ms | Avg Time: 2.906 ms | Load Imbalance: 1.003' [0m
			|--[91m 'input_linear GRAD_W | Max Time: 5.639 ms | Avg Time: 5.616 ms | Load Imbalance: 1.004' [0m
		|--[96m 'gcn conv bwd | Max Time: 765.272 ms | Avg Time: 744.520 ms | Load Imbalance: 1.028' [0m
			|--[91m 'gather | Max Time: 25.346 ms | Avg Time: 6.853 ms | Load Imbalance: 3.699' [0m
			|--[91m 'GRAD_AGG = GRAD_OUT * W.T | Max Time: 29.585 ms | Avg Time: 29.565 ms | Load Imbalance: 1.001' [0m
			|--[91m 'allreduce lowp comm dtype | Max Time: 12.246 ms | Avg Time: 12.236 ms | Load Imbalance: 1.001' [0m
			|--[91m 'allreduce lowp | Max Time: 307.937 ms | Avg Time: 288.548 ms | Load Imbalance: 1.067' [0m
			|--[91m 'allreduce copy back | Max Time: 14.533 ms | Avg Time: 14.513 ms | Load Imbalance: 1.001' [0m
			|--[91m 'GRAD_W = AGG.T * GRAD_OUT | Max Time: 28.911 ms | Avg Time: 28.883 ms | Load Imbalance: 1.001' [0m
			|--[91m 'ReduceScatter grad_weight | Max Time: 14.640 ms | Avg Time: 6.019 ms | Load Imbalance: 2.432' [0m
				|--[95m 'reduce-scatter | Max Time: 14.598 ms | Avg Time: 5.976 ms | Load Imbalance: 2.443' [0m
					|--[92m 'reduce-scatter-dist | Max Time: 14.556 ms | Avg Time: 5.934 ms | Load Imbalance: 2.453' [0m
			|--[91m 'GRAD_H = A.T * GRAD_AGG | Max Time: 55.418 ms | Avg Time: 50.117 ms | Load Imbalance: 1.106' [0m
			|--[91m 'allreduce grad_x | Max Time: 315.942 ms | Avg Time: 307.572 ms | Load Imbalance: 1.027' [0m
				|--[95m 'allreduce lowp comm dtype | Max Time: 12.174 ms | Avg Time: 12.153 ms | Load Imbalance: 1.002' [0m
				|--[95m 'allreduce lowp | Max Time: 289.213 ms | Avg Time: 280.820 ms | Load Imbalance: 1.030' [0m
				|--[95m 'allreduce copy back | Max Time: 14.534 ms | Avg Time: 14.513 ms | Load Imbalance: 1.001' [0m
		|--[96m 'sync_norm_gradients | Max Time: 17.103 ms | Avg Time: 11.111 ms | Load Imbalance: 1.539' [0m
		|--[96m 'sync_data_parallel_gradients | Max Time: 0.007 ms | Avg Time: 0.007 ms | Load Imbalance: 1.044' [0m

|--[95m 'epoch 1 | Max Time: 1918.442 ms | Avg Time: 1918.411 ms | Load Imbalance: 1.000' [0m
	|--[92m 'minibatch prep | Max Time: 155.771 ms | Avg Time: 145.747 ms | Load Imbalance: 1.069' [0m
		|--[96m 'sample nodes | Max Time: 14.971 ms | Avg Time: 14.887 ms | Load Imbalance: 1.006' [0m
		|--[96m 'compact indices | Max Time: 2.117 ms | Avg Time: 2.069 ms | Load Imbalance: 1.023' [0m
		|--[96m 'compact adj shards | Max Time: 130.227 ms | Avg Time: 120.163 ms | Load Imbalance: 1.084' [0m
			|--[91m 'compact layout prep | Max Time: 8.417 ms | Avg Time: 5.914 ms | Load Imbalance: 1.423' [0m
			|--[91m 'compact csr: indices | Max Time: 0.097 ms | Avg Time: 0.076 ms | Load Imbalance: 1.264' [0m
			|--[91m 'compact csr: row ptrs | Max Time: 2.830 ms | Avg Time: 2.804 ms | Load Imbalance: 1.009' [0m
			|--[91m 'compact csr: nnz index | Max Time: 24.244 ms | Avg Time: 22.952 ms | Load Imbalance: 1.056' [0m
			|--[91m 'compact csr: select nnz | Max Time: 6.828 ms | Avg Time: 6.405 ms | Load Imbalance: 1.066' [0m
			|--[91m 'compact csr: col map | Max Time: 14.202 ms | Avg Time: 13.720 ms | Load Imbalance: 1.035' [0m
			|--[91m 'compact csr: edge scale | Max Time: 9.254 ms | Avg Time: 8.391 ms | Load Imbalance: 1.103' [0m
			|--[91m 'compact csr: crow | Max Time: 5.495 ms | Avg Time: 5.143 ms | Load Imbalance: 1.069' [0m
			|--[91m 'compact csr: adjt direct | Max Time: 46.669 ms | Avg Time: 42.811 ms | Load Imbalance: 1.090' [0m
		|--[96m 'compact feature slice | Max Time: 7.941 ms | Avg Time: 7.937 ms | Load Imbalance: 1.001' [0m
		|--[96m 'compact label slice | Max Time: 0.299 ms | Avg Time: 0.297 ms | Load Imbalance: 1.005' [0m
	|--[92m 'train step | Max Time: 1777.427 ms | Avg Time: 1772.482 ms | Load Imbalance: 1.003' [0m
		|--[96m 'input_linear | Max Time: 63.333 ms | Avg Time: 52.923 ms | Load Imbalance: 1.197' [0m
			|--[91m 'input_linear X * W | Max Time: 5.332 ms | Avg Time: 5.326 ms | Load Imbalance: 1.001' [0m
			|--[91m 'all-reduce | Max Time: 53.963 ms | Avg Time: 43.554 ms | Load Imbalance: 1.239' [0m
			|--[91m 'OUT + BIAS | Max Time: 4.017 ms | Avg Time: 4.015 ms | Load Imbalance: 1.001' [0m
		|--[96m 'gcn conv fwd | Max Time: 718.250 ms | Avg Time: 707.102 ms | Load Imbalance: 1.016' [0m
			|--[91m 'AGG = A * H | Max Time: 55.504 ms | Avg Time: 50.163 ms | Load Imbalance: 1.106' [0m
			|--[91m 'allreduce H | Max Time: 329.522 ms | Avg Time: 313.664 ms | Load Imbalance: 1.051' [0m
				|--[95m 'allreduce lowp comm dtype | Max Time: 12.168 ms | Avg Time: 12.154 ms | Load Imbalance: 1.001' [0m
				|--[95m 'allreduce lowp | Max Time: 302.780 ms | Avg Time: 286.913 ms | Load Imbalance: 1.055' [0m
				|--[95m 'allreduce copy back | Max Time: 14.529 ms | Avg Time: 14.513 ms | Load Imbalance: 1.001' [0m
			|--[91m 'Allgather W | Max Time: 20.927 ms | Avg Time: 10.768 ms | Load Imbalance: 1.944' [0m
				|--[95m 'gather | Max Time: 20.884 ms | Avg Time: 10.725 ms | Load Imbalance: 1.947' [0m
			|--[91m 'OUT = AGG * W | Max Time: 29.452 ms | Avg Time: 29.432 ms | Load Imbalance: 1.001' [0m
			|--[91m 'allreduce Q | Max Time: 311.699 ms | Avg Time: 302.947 ms | Load Imbalance: 1.029' [0m
				|--[95m 'allreduce lowp comm dtype | Max Time: 12.255 ms | Avg Time: 12.242 ms | Load Imbalance: 1.001' [0m
				|--[95m 'allreduce lowp | Max Time: 284.862 ms | Avg Time: 276.108 ms | Load Imbalance: 1.032' [0m
				|--[95m 'allreduce copy back | Max Time: 14.530 ms | Avg Time: 14.511 ms | Load Imbalance: 1.001' [0m
		|--[96m 'activation | Max Time: 48.565 ms | Avg Time: 39.667 ms | Load Imbalance: 1.224' [0m
			|--[91m 'all-reduce | Max Time: 19.996 ms | Avg Time: 11.078 ms | Load Imbalance: 1.805' [0m
		|--[96m 'output_linear | Max Time: 66.665 ms | Avg Time: 63.957 ms | Load Imbalance: 1.042' [0m
			|--[91m 'output_linear X * W | Max Time: 3.269 ms | Avg Time: 3.250 ms | Load Imbalance: 1.006' [0m
			|--[91m 'all-reduce | Max Time: 62.362 ms | Avg Time: 59.653 ms | Load Imbalance: 1.045' [0m
			|--[91m 'OUT + BIAS | Max Time: 1.026 ms | Avg Time: 1.025 ms | Load Imbalance: 1.001' [0m
		|--[96m 'cross entropy fwd | Max Time: 28.907 ms | Avg Time: 25.315 ms | Load Imbalance: 1.142' [0m
		|--[96m 'cross entropy bwd | Max Time: 3.121 ms | Avg Time: 3.115 ms | Load Imbalance: 1.002' [0m
		|--[96m 'linear_3d_bwd | Max Time: 53.962 ms | Avg Time: 53.449 ms | Load Imbalance: 1.010' [0m
			|--[91m 'output_linear GRAD_X | Max Time: 2.851 ms | Avg Time: 2.840 ms | Load Imbalance: 1.004' [0m
			|--[91m 'all-reduce | Max Time: 39.894 ms | Avg Time: 39.392 ms | Load Imbalance: 1.013' [0m
			|--[91m 'output_linear GRAD_W | Max Time: 2.848 ms | Avg Time: 2.834 ms | Load Imbalance: 1.005' [0m
			|--[91m 'input_linear GRAD_W | Max Time: 5.625 ms | Avg Time: 5.610 ms | Load Imbalance: 1.003' [0m
		|--[96m 'gcn conv bwd | Max Time: 736.418 ms | Avg Time: 735.690 ms | Load Imbalance: 1.001' [0m
			|--[91m 'gather | Max Time: 5.611 ms | Avg Time: 2.618 ms | Load Imbalance: 2.143' [0m
			|--[91m 'GRAD_AGG = GRAD_OUT * W.T | Max Time: 29.578 ms | Avg Time: 29.556 ms | Load Imbalance: 1.001' [0m
			|--[91m 'allreduce lowp comm dtype | Max Time: 12.250 ms | Avg Time: 12.239 ms | Load Imbalance: 1.001' [0m
			|--[91m 'allreduce lowp | Max Time: 293.497 ms | Avg Time: 287.199 ms | Load Imbalance: 1.022' [0m
			|--[91m 'allreduce copy back | Max Time: 14.531 ms | Avg Time: 14.513 ms | Load Imbalance: 1.001' [0m
			|--[91m 'GRAD_W = AGG.T * GRAD_OUT | Max Time: 28.910 ms | Avg Time: 28.878 ms | Load Imbalance: 1.001' [0m
			|--[91m 'ReduceScatter grad_weight | Max Time: 10.282 ms | Avg Time: 4.151 ms | Load Imbalance: 2.477' [0m
				|--[95m 'reduce-scatter | Max Time: 10.239 ms | Avg Time: 4.108 ms | Load Imbalance: 2.492' [0m
					|--[92m 'reduce-scatter-dist | Max Time: 10.197 ms | Avg Time: 4.066 ms | Load Imbalance: 2.508' [0m
			|--[91m 'GRAD_H = A.T * GRAD_AGG | Max Time: 55.457 ms | Avg Time: 50.129 ms | Load Imbalance: 1.106' [0m
			|--[91m 'allreduce grad_x | Max Time: 317.105 ms | Avg Time: 306.195 ms | Load Imbalance: 1.036' [0m
				|--[95m 'allreduce lowp comm dtype | Max Time: 12.173 ms | Avg Time: 12.153 ms | Load Imbalance: 1.002' [0m
				|--[95m 'allreduce lowp | Max Time: 290.362 ms | Avg Time: 279.443 ms | Load Imbalance: 1.039' [0m
				|--[95m 'allreduce copy back | Max Time: 14.531 ms | Avg Time: 14.513 ms | Load Imbalance: 1.001' [0m
		|--[96m 'sync_norm_gradients | Max Time: 0.798 ms | Avg Time: 0.692 ms | Load Imbalance: 1.153' [0m
		|--[96m 'sync_data_parallel_gradients | Max Time: 0.007 ms | Avg Time: 0.007 ms | Load Imbalance: 1.056' [0m

|--[95m 'epoch 2 | Max Time: 1919.179 ms | Avg Time: 1919.125 ms | Load Imbalance: 1.000' [0m
	|--[92m 'minibatch prep | Max Time: 155.732 ms | Avg Time: 145.520 ms | Load Imbalance: 1.070' [0m
		|--[96m 'sample nodes | Max Time: 14.964 ms | Avg Time: 14.883 ms | Load Imbalance: 1.005' [0m
		|--[96m 'compact indices | Max Time: 2.093 ms | Avg Time: 2.047 ms | Load Imbalance: 1.022' [0m
		|--[96m 'compact adj shards | Max Time: 129.863 ms | Avg Time: 119.894 ms | Load Imbalance: 1.083' [0m
			|--[91m 'compact layout prep | Max Time: 8.385 ms | Avg Time: 5.885 ms | Load Imbalance: 1.425' [0m
			|--[91m 'compact csr: indices | Max Time: 0.084 ms | Avg Time: 0.071 ms | Load Imbalance: 1.186' [0m
			|--[91m 'compact csr: row ptrs | Max Time: 2.824 ms | Avg Time: 2.801 ms | Load Imbalance: 1.008' [0m
			|--[91m 'compact csr: nnz index | Max Time: 24.211 ms | Avg Time: 22.945 ms | Load Imbalance: 1.055' [0m
			|--[91m 'compact csr: select nnz | Max Time: 6.825 ms | Avg Time: 6.406 ms | Load Imbalance: 1.065' [0m
			|--[91m 'compact csr: col map | Max Time: 14.168 ms | Avg Time: 13.706 ms | Load Imbalance: 1.034' [0m
			|--[91m 'compact csr: edge scale | Max Time: 8.880 ms | Avg Time: 8.326 ms | Load Imbalance: 1.067' [0m
			|--[91m 'compact csr: crow | Max Time: 5.482 ms | Avg Time: 5.127 ms | Load Imbalance: 1.069' [0m
			|--[91m 'compact csr: adjt direct | Max Time: 46.528 ms | Avg Time: 42.725 ms | Load Imbalance: 1.089' [0m
		|--[96m 'compact feature slice | Max Time: 7.940 ms | Avg Time: 7.936 ms | Load Imbalance: 1.000' [0m
		|--[96m 'compact label slice | Max Time: 0.305 ms | Avg Time: 0.297 ms | Load Imbalance: 1.025' [0m
	|--[92m 'train step | Max Time: 1778.413 ms | Avg Time: 1773.427 ms | Load Imbalance: 1.003' [0m
		|--[96m 'input_linear | Max Time: 63.203 ms | Avg Time: 52.748 ms | Load Imbalance: 1.198' [0m
			|--[91m 'input_linear X * W | Max Time: 5.330 ms | Avg Time: 5.324 ms | Load Imbalance: 1.001' [0m
			|--[91m 'all-reduce | Max Time: 53.841 ms | Avg Time: 43.381 ms | Load Imbalance: 1.241' [0m
			|--[91m 'OUT + BIAS | Max Time: 4.019 ms | Avg Time: 4.015 ms | Load Imbalance: 1.001' [0m
		|--[96m 'gcn conv fwd | Max Time: 719.245 ms | Avg Time: 708.402 ms | Load Imbalance: 1.015' [0m
			|--[91m 'AGG = A * H | Max Time: 55.416 ms | Avg Time: 50.129 ms | Load Imbalance: 1.105' [0m
			|--[91m 'allreduce H | Max Time: 328.145 ms | Avg Time: 313.365 ms | Load Imbalance: 1.047' [0m
				|--[95m 'allreduce lowp comm dtype | Max Time: 12.169 ms | Avg Time: 12.153 ms | Load Imbalance: 1.001' [0m
				|--[95m 'allreduce lowp | Max Time: 301.379 ms | Avg Time: 286.614 ms | Load Imbalance: 1.052' [0m
				|--[95m 'allreduce copy back | Max Time: 14.531 ms | Avg Time: 14.513 ms | Load Imbalance: 1.001' [0m
			|--[91m 'Allgather W | Max Time: 16.599 ms | Avg Time: 8.320 ms | Load Imbalance: 1.995' [0m
				|--[95m 'gather | Max Time: 16.557 ms | Avg Time: 8.278 ms | Load Imbalance: 2.000' [0m
			|--[91m 'OUT = AGG * W | Max Time: 29.457 ms | Avg Time: 29.432 ms | Load Imbalance: 1.001' [0m
			|--[91m 'allreduce Q | Max Time: 314.995 ms | Avg Time: 307.029 ms | Load Imbalance: 1.026' [0m
				|--[95m 'allreduce lowp comm dtype | Max Time: 12.247 ms | Avg Time: 12.237 ms | Load Imbalance: 1.001' [0m
				|--[95m 'allreduce lowp | Max Time: 288.167 ms | Avg Time: 280.197 ms | Load Imbalance: 1.028' [0m
				|--[95m 'allreduce copy back | Max Time: 14.528 ms | Avg Time: 14.510 ms | Load Imbalance: 1.001' [0m
		|--[96m 'activation | Max Time: 46.532 ms | Avg Time: 39.500 ms | Load Imbalance: 1.178' [0m
			|--[91m 'all-reduce | Max Time: 17.956 ms | Avg Time: 10.921 ms | Load Imbalance: 1.644' [0m
		|--[96m 'output_linear | Max Time: 65.344 ms | Avg Time: 63.935 ms | Load Imbalance: 1.022' [0m
			|--[91m 'output_linear X * W | Max Time: 3.277 ms | Avg Time: 3.251 ms | Load Imbalance: 1.008' [0m
			|--[91m 'all-reduce | Max Time: 61.040 ms | Avg Time: 59.630 ms | Load Imbalance: 1.024' [0m
			|--[91m 'OUT + BIAS | Max Time: 1.027 ms | Avg Time: 1.025 ms | Load Imbalance: 1.002' [0m
		|--[96m 'cross entropy fwd | Max Time: 25.784 ms | Avg Time: 24.173 ms | Load Imbalance: 1.067' [0m
		|--[96m 'cross entropy bwd | Max Time: 3.120 ms | Avg Time: 3.115 ms | Load Imbalance: 1.001' [0m
		|--[96m 'linear_3d_bwd | Max Time: 53.788 ms | Avg Time: 53.334 ms | Load Imbalance: 1.009' [0m
			|--[91m 'output_linear GRAD_X | Max Time: 2.855 ms | Avg Time: 2.840 ms | Load Imbalance: 1.005' [0m
			|--[91m 'all-reduce | Max Time: 39.737 ms | Avg Time: 39.274 ms | Load Imbalance: 1.012' [0m
			|--[91m 'output_linear GRAD_W | Max Time: 2.844 ms | Avg Time: 2.836 ms | Load Imbalance: 1.003' [0m
			|--[91m 'input_linear GRAD_W | Max Time: 5.631 ms | Avg Time: 5.610 ms | Load Imbalance: 1.004' [0m
		|--[96m 'gcn conv bwd | Max Time: 737.344 ms | Avg Time: 737.002 ms | Load Imbalance: 1.000' [0m
			|--[91m 'gather | Max Time: 4.301 ms | Avg Time: 2.577 ms | Load Imbalance: 1.669' [0m
			|--[91m 'GRAD_AGG = GRAD_OUT * W.T | Max Time: 29.578 ms | Avg Time: 29.552 ms | Load Imbalance: 1.001' [0m
			|--[91m 'allreduce lowp comm dtype | Max Time: 12.248 ms | Avg Time: 12.237 ms | Load Imbalance: 1.001' [0m
			|--[91m 'allreduce lowp | Max Time: 286.129 ms | Avg Time: 284.574 ms | Load Imbalance: 1.005' [0m
			|--[91m 'allreduce copy back | Max Time: 14.534 ms | Avg Time: 14.513 ms | Load Imbalance: 1.001' [0m
			|--[91m 'GRAD_W = AGG.T * GRAD_OUT | Max Time: 28.913 ms | Avg Time: 28.885 ms | Load Imbalance: 1.001' [0m
			|--[91m 'ReduceScatter grad_weight | Max Time: 13.390 ms | Avg Time: 6.277 ms | Load Imbalance: 2.133' [0m
				|--[95m 'reduce-scatter | Max Time: 13.347 ms | Avg Time: 6.235 ms | Load Imbalance: 2.141' [0m
					|--[92m 'reduce-scatter-dist | Max Time: 13.305 ms | Avg Time: 6.193 ms | Load Imbalance: 2.149' [0m
			|--[91m 'GRAD_H = A.T * GRAD_AGG | Max Time: 55.390 ms | Avg Time: 50.101 ms | Load Imbalance: 1.106' [0m
			|--[91m 'allreduce grad_x | Max Time: 315.414 ms | Avg Time: 308.074 ms | Load Imbalance: 1.024' [0m
				|--[95m 'allreduce lowp comm dtype | Max Time: 12.175 ms | Avg Time: 12.155 ms | Load Imbalance: 1.002' [0m
				|--[95m 'allreduce lowp | Max Time: 288.666 ms | Avg Time: 281.321 ms | Load Imbalance: 1.026' [0m
				|--[95m 'allreduce copy back | Max Time: 14.532 ms | Avg Time: 14.513 ms | Load Imbalance: 1.001' [0m
		|--[96m 'sync_norm_gradients | Max Time: 0.877 ms | Avg Time: 0.642 ms | Load Imbalance: 1.366' [0m
		|--[96m 'sync_data_parallel_gradients | Max Time: 0.007 ms | Avg Time: 0.007 ms | Load Imbalance: 1.017' [0m

|--[95m 'epoch 3 | Max Time: 1912.861 ms | Avg Time: 1912.837 ms | Load Imbalance: 1.000' [0m
	|--[92m 'minibatch prep | Max Time: 155.654 ms | Avg Time: 145.606 ms | Load Imbalance: 1.069' [0m
		|--[96m 'sample nodes | Max Time: 14.922 ms | Avg Time: 14.888 ms | Load Imbalance: 1.002' [0m
		|--[96m 'compact indices | Max Time: 2.104 ms | Avg Time: 2.048 ms | Load Imbalance: 1.027' [0m
		|--[96m 'compact adj shards | Max Time: 130.130 ms | Avg Time: 120.044 ms | Load Imbalance: 1.084' [0m
			|--[91m 'compact layout prep | Max Time: 8.432 ms | Avg Time: 5.910 ms | Load Imbalance: 1.427' [0m
			|--[91m 'compact csr: indices | Max Time: 0.082 ms | Avg Time: 0.075 ms | Load Imbalance: 1.099' [0m
			|--[91m 'compact csr: row ptrs | Max Time: 2.829 ms | Avg Time: 2.806 ms | Load Imbalance: 1.008' [0m
			|--[91m 'compact csr: nnz index | Max Time: 24.238 ms | Avg Time: 22.947 ms | Load Imbalance: 1.056' [0m
			|--[91m 'compact csr: select nnz | Max Time: 6.821 ms | Avg Time: 6.405 ms | Load Imbalance: 1.065' [0m
			|--[91m 'compact csr: col map | Max Time: 14.194 ms | Avg Time: 13.713 ms | Load Imbalance: 1.035' [0m
			|--[91m 'compact csr: edge scale | Max Time: 8.924 ms | Avg Time: 8.333 ms | Load Imbalance: 1.071' [0m
			|--[91m 'compact csr: crow | Max Time: 5.465 ms | Avg Time: 5.126 ms | Load Imbalance: 1.066' [0m
			|--[91m 'compact csr: adjt direct | Max Time: 46.678 ms | Avg Time: 42.811 ms | Load Imbalance: 1.090' [0m
		|--[96m 'compact feature slice | Max Time: 7.941 ms | Avg Time: 7.937 ms | Load Imbalance: 1.000' [0m
		|--[96m 'compact label slice | Max Time: 0.300 ms | Avg Time: 0.298 ms | Load Imbalance: 1.008' [0m
	|--[92m 'train step | Max Time: 1771.979 ms | Avg Time: 1767.057 ms | Load Imbalance: 1.003' [0m
		|--[96m 'input_linear | Max Time: 63.313 ms | Avg Time: 52.899 ms | Load Imbalance: 1.197' [0m
			|--[91m 'input_linear X * W | Max Time: 5.331 ms | Avg Time: 5.326 ms | Load Imbalance: 1.001' [0m
			|--[91m 'all-reduce | Max Time: 53.945 ms | Avg Time: 43.529 ms | Load Imbalance: 1.239' [0m
			|--[91m 'OUT + BIAS | Max Time: 4.022 ms | Avg Time: 4.016 ms | Load Imbalance: 1.002' [0m
		|--[96m 'gcn conv fwd | Max Time: 715.858 ms | Avg Time: 706.384 ms | Load Imbalance: 1.013' [0m
			|--[91m 'AGG = A * H | Max Time: 55.512 ms | Avg Time: 50.160 ms | Load Imbalance: 1.107' [0m
			|--[91m 'allreduce H | Max Time: 325.470 ms | Avg Time: 311.869 ms | Load Imbalance: 1.044' [0m
				|--[95m 'allreduce lowp comm dtype | Max Time: 12.175 ms | Avg Time: 12.153 ms | Load Imbalance: 1.002' [0m
				|--[95m 'allreduce lowp | Max Time: 298.732 ms | Avg Time: 285.118 ms | Load Imbalance: 1.048' [0m
				|--[95m 'allreduce copy back | Max Time: 14.532 ms | Avg Time: 14.512 ms | Load Imbalance: 1.001' [0m
			|--[91m 'Allgather W | Max Time: 20.615 ms | Avg Time: 10.162 ms | Load Imbalance: 2.029' [0m
				|--[95m 'gather | Max Time: 20.573 ms | Avg Time: 10.120 ms | Load Imbalance: 2.033' [0m
			|--[91m 'OUT = AGG * W | Max Time: 29.465 ms | Avg Time: 29.431 ms | Load Imbalance: 1.001' [0m
			|--[91m 'allreduce Q | Max Time: 311.197 ms | Avg Time: 304.635 ms | Load Imbalance: 1.022' [0m
				|--[95m 'allreduce lowp comm dtype | Max Time: 12.258 ms | Avg Time: 12.242 ms | Load Imbalance: 1.001' [0m
				|--[95m 'allreduce lowp | Max Time: 284.349 ms | Avg Time: 277.797 ms | Load Imbalance: 1.024' [0m
				|--[95m 'allreduce copy back | Max Time: 14.525 ms | Avg Time: 14.510 ms | Load Imbalance: 1.001' [0m
		|--[96m 'activation | Max Time: 44.855 ms | Avg Time: 38.788 ms | Load Imbalance: 1.156' [0m
			|--[91m 'all-reduce | Max Time: 16.259 ms | Avg Time: 10.203 ms | Load Imbalance: 1.594' [0m
		|--[96m 'output_linear | Max Time: 66.394 ms | Avg Time: 64.071 ms | Load Imbalance: 1.036' [0m
			|--[91m 'output_linear X * W | Max Time: 3.255 ms | Avg Time: 3.248 ms | Load Imbalance: 1.002' [0m
			|--[91m 'all-reduce | Max Time: 62.093 ms | Avg Time: 59.769 ms | Load Imbalance: 1.039' [0m
			|--[91m 'OUT + BIAS | Max Time: 1.026 ms | Avg Time: 1.025 ms | Load Imbalance: 1.001' [0m
		|--[96m 'cross entropy fwd | Max Time: 26.764 ms | Avg Time: 24.649 ms | Load Imbalance: 1.086' [0m
		|--[96m 'cross entropy bwd | Max Time: 3.120 ms | Avg Time: 3.116 ms | Load Imbalance: 1.001' [0m
		|--[96m 'linear_3d_bwd | Max Time: 54.156 ms | Avg Time: 53.530 ms | Load Imbalance: 1.012' [0m
			|--[91m 'output_linear GRAD_X | Max Time: 2.850 ms | Avg Time: 2.841 ms | Load Imbalance: 1.003' [0m
			|--[91m 'all-reduce | Max Time: 40.105 ms | Avg Time: 39.467 ms | Load Imbalance: 1.016' [0m
			|--[91m 'output_linear GRAD_W | Max Time: 2.850 ms | Avg Time: 2.838 ms | Load Imbalance: 1.004' [0m
			|--[91m 'input_linear GRAD_W | Max Time: 5.632 ms | Avg Time: 5.609 ms | Load Imbalance: 1.004' [0m
		|--[96m 'gcn conv bwd | Max Time: 733.058 ms | Avg Time: 732.477 ms | Load Imbalance: 1.001' [0m
			|--[91m 'gather | Max Time: 3.596 ms | Avg Time: 2.291 ms | Load Imbalance: 1.569' [0m
			|--[91m 'GRAD_AGG = GRAD_OUT * W.T | Max Time: 29.574 ms | Avg Time: 29.553 ms | Load Imbalance: 1.001' [0m
			|--[91m 'allreduce lowp comm dtype | Max Time: 12.255 ms | Avg Time: 12.243 ms | Load Imbalance: 1.001' [0m
			|--[91m 'allreduce lowp | Max Time: 284.424 ms | Avg Time: 281.851 ms | Load Imbalance: 1.009' [0m
			|--[91m 'allreduce copy back | Max Time: 14.533 ms | Avg Time: 14.513 ms | Load Imbalance: 1.001' [0m
			|--[91m 'GRAD_W = AGG.T * GRAD_OUT | Max Time: 28.896 ms | Avg Time: 28.872 ms | Load Imbalance: 1.001' [0m
			|--[91m 'ReduceScatter grad_weight | Max Time: 8.037 ms | Avg Time: 4.031 ms | Load Imbalance: 1.994' [0m
				|--[95m 'reduce-scatter | Max Time: 7.995 ms | Avg Time: 3.988 ms | Load Imbalance: 2.004' [0m
					|--[92m 'reduce-scatter-dist | Max Time: 7.952 ms | Avg Time: 3.946 ms | Load Imbalance: 2.015' [0m
			|--[91m 'GRAD_H = A.T * GRAD_AGG | Max Time: 55.474 ms | Avg Time: 50.122 ms | Load Imbalance: 1.107' [0m
			|--[91m 'allreduce grad_x | Max Time: 317.757 ms | Avg Time: 308.789 ms | Load Imbalance: 1.029' [0m
				|--[95m 'allreduce lowp comm dtype | Max Time: 12.171 ms | Avg Time: 12.156 ms | Load Imbalance: 1.001' [0m
				|--[95m 'allreduce lowp | Max Time: 290.994 ms | Avg Time: 282.035 ms | Load Imbalance: 1.032' [0m
				|--[95m 'allreduce copy back | Max Time: 14.530 ms | Avg Time: 14.514 ms | Load Imbalance: 1.001' [0m
		|--[96m 'sync_norm_gradients | Max Time: 0.778 ms | Avg Time: 0.565 ms | Load Imbalance: 1.377' [0m
		|--[96m 'sync_data_parallel_gradients | Max Time: 0.007 ms | Avg Time: 0.007 ms | Load Imbalance: 1.034' [0m

|--[95m 'epoch 4 | Max Time: 1912.263 ms | Avg Time: 1912.173 ms | Load Imbalance: 1.000' [0m
	|--[92m 'minibatch prep | Max Time: 155.637 ms | Avg Time: 145.607 ms | Load Imbalance: 1.069' [0m
		|--[96m 'sample nodes | Max Time: 14.927 ms | Avg Time: 14.881 ms | Load Imbalance: 1.003' [0m
		|--[96m 'compact indices | Max Time: 2.114 ms | Avg Time: 2.069 ms | Load Imbalance: 1.022' [0m
		|--[96m 'compact adj shards | Max Time: 130.032 ms | Avg Time: 120.031 ms | Load Imbalance: 1.083' [0m
			|--[91m 'compact layout prep | Max Time: 8.432 ms | Avg Time: 5.904 ms | Load Imbalance: 1.428' [0m
			|--[91m 'compact csr: indices | Max Time: 0.084 ms | Avg Time: 0.074 ms | Load Imbalance: 1.129' [0m
			|--[91m 'compact csr: row ptrs | Max Time: 2.838 ms | Avg Time: 2.805 ms | Load Imbalance: 1.012' [0m
			|--[91m 'compact csr: nnz index | Max Time: 24.225 ms | Avg Time: 22.946 ms | Load Imbalance: 1.056' [0m
			|--[91m 'compact csr: select nnz | Max Time: 6.822 ms | Avg Time: 6.406 ms | Load Imbalance: 1.065' [0m
			|--[91m 'compact csr: col map | Max Time: 14.172 ms | Avg Time: 13.712 ms | Load Imbalance: 1.034' [0m
			|--[91m 'compact csr: edge scale | Max Time: 8.908 ms | Avg Time: 8.329 ms | Load Imbalance: 1.069' [0m
			|--[91m 'compact csr: crow | Max Time: 5.443 ms | Avg Time: 5.126 ms | Load Imbalance: 1.062' [0m
			|--[91m 'compact csr: adjt direct | Max Time: 46.577 ms | Avg Time: 42.812 ms | Load Imbalance: 1.088' [0m
		|--[96m 'compact feature slice | Max Time: 7.943 ms | Avg Time: 7.936 ms | Load Imbalance: 1.001' [0m
		|--[96m 'compact label slice | Max Time: 0.299 ms | Avg Time: 0.297 ms | Load Imbalance: 1.006' [0m
	|--[92m 'train step | Max Time: 1771.471 ms | Avg Time: 1766.378 ms | Load Imbalance: 1.003' [0m
		|--[96m 'input_linear | Max Time: 63.105 ms | Avg Time: 52.844 ms | Load Imbalance: 1.194' [0m
			|--[91m 'input_linear X * W | Max Time: 5.331 ms | Avg Time: 5.323 ms | Load Imbalance: 1.002' [0m
			|--[91m 'all-reduce | Max Time: 53.736 ms | Avg Time: 43.479 ms | Load Imbalance: 1.236' [0m
			|--[91m 'OUT + BIAS | Max Time: 4.017 ms | Avg Time: 4.014 ms | Load Imbalance: 1.001' [0m
		|--[96m 'gcn conv fwd | Max Time: 712.349 ms | Avg Time: 704.226 ms | Load Imbalance: 1.012' [0m
			|--[91m 'AGG = A * H | Max Time: 55.462 ms | Avg Time: 50.168 ms | Load Imbalance: 1.106' [0m
			|--[91m 'allreduce H | Max Time: 324.303 ms | Avg Time: 311.254 ms | Load Imbalance: 1.042' [0m
				|--[95m 'allreduce lowp comm dtype | Max Time: 12.170 ms | Avg Time: 12.154 ms | Load Imbalance: 1.001' [0m
				|--[95m 'allreduce lowp | Max Time: 297.536 ms | Avg Time: 284.504 ms | Load Imbalance: 1.046' [0m
				|--[95m 'allreduce copy back | Max Time: 14.532 ms | Avg Time: 14.512 ms | Load Imbalance: 1.001' [0m
			|--[91m 'Allgather W | Max Time: 16.699 ms | Avg Time: 7.972 ms | Load Imbalance: 2.095' [0m
				|--[95m 'gather | Max Time: 16.657 ms | Avg Time: 7.930 ms | Load Imbalance: 2.101' [0m
			|--[91m 'OUT = AGG * W | Max Time: 29.467 ms | Avg Time: 29.435 ms | Load Imbalance: 1.001' [0m
			|--[91m 'allreduce Q | Max Time: 311.165 ms | Avg Time: 305.270 ms | Load Imbalance: 1.019' [0m
				|--[95m 'allreduce lowp comm dtype | Max Time: 12.255 ms | Avg Time: 12.243 ms | Load Imbalance: 1.001' [0m
				|--[95m 'allreduce lowp | Max Time: 284.325 ms | Avg Time: 278.432 ms | Load Imbalance: 1.021' [0m
				|--[95m 'allreduce copy back | Max Time: 14.528 ms | Avg Time: 14.510 ms | Load Imbalance: 1.001' [0m
		|--[96m 'activation | Max Time: 43.727 ms | Avg Time: 37.224 ms | Load Imbalance: 1.175' [0m
			|--[91m 'all-reduce | Max Time: 15.120 ms | Avg Time: 8.642 ms | Load Imbalance: 1.749' [0m
		|--[96m 'output_linear | Max Time: 64.632 ms | Avg Time: 63.159 ms | Load Imbalance: 1.023' [0m
			|--[91m 'output_linear X * W | Max Time: 3.262 ms | Avg Time: 3.248 ms | Load Imbalance: 1.004' [0m
			|--[91m 'all-reduce | Max Time: 60.330 ms | Avg Time: 58.857 ms | Load Imbalance: 1.025' [0m
			|--[91m 'OUT + BIAS | Max Time: 1.026 ms | Avg Time: 1.025 ms | Load Imbalance: 1.001' [0m
		|--[96m 'cross entropy fwd | Max Time: 25.461 ms | Avg Time: 24.111 ms | Load Imbalance: 1.056' [0m
		|--[96m 'cross entropy bwd | Max Time: 3.119 ms | Avg Time: 3.115 ms | Load Imbalance: 1.001' [0m
		|--[96m 'linear_3d_bwd | Max Time: 53.467 ms | Avg Time: 53.184 ms | Load Imbalance: 1.005' [0m
			|--[91m 'output_linear GRAD_X | Max Time: 2.850 ms | Avg Time: 2.840 ms | Load Imbalance: 1.003' [0m
			|--[91m 'all-reduce | Max Time: 39.437 ms | Avg Time: 39.126 ms | Load Imbalance: 1.008' [0m
			|--[91m 'output_linear GRAD_W | Max Time: 2.853 ms | Avg Time: 2.836 ms | Load Imbalance: 1.006' [0m
			|--[91m 'input_linear GRAD_W | Max Time: 5.630 ms | Avg Time: 5.613 ms | Load Imbalance: 1.003' [0m
		|--[96m 'gcn conv bwd | Max Time: 738.087 ms | Avg Time: 737.417 ms | Load Imbalance: 1.001' [0m
			|--[91m 'gather | Max Time: 6.017 ms | Avg Time: 2.608 ms | Load Imbalance: 2.307' [0m
			|--[91m 'GRAD_AGG = GRAD_OUT * W.T | Max Time: 29.587 ms | Avg Time: 29.555 ms | Load Imbalance: 1.001' [0m
			|--[91m 'allreduce lowp comm dtype | Max Time: 12.250 ms | Avg Time: 12.242 ms | Load Imbalance: 1.001' [0m
			|--[91m 'allreduce lowp | Max Time: 286.596 ms | Avg Time: 284.801 ms | Load Imbalance: 1.006' [0m
			|--[91m 'allreduce copy back | Max Time: 14.533 ms | Avg Time: 14.514 ms | Load Imbalance: 1.001' [0m
			|--[91m 'GRAD_W = AGG.T * GRAD_OUT | Max Time: 28.907 ms | Avg Time: 28.880 ms | Load Imbalance: 1.001' [0m
			|--[91m 'ReduceScatter grad_weight | Max Time: 13.344 ms | Avg Time: 6.198 ms | Load Imbalance: 2.153' [0m
				|--[95m 'reduce-scatter | Max Time: 13.301 ms | Avg Time: 6.156 ms | Load Imbalance: 2.161' [0m
					|--[92m 'reduce-scatter-dist | Max Time: 13.258 ms | Avg Time: 6.113 ms | Load Imbalance: 2.169' [0m
			|--[91m 'GRAD_H = A.T * GRAD_AGG | Max Time: 55.419 ms | Avg Time: 50.128 ms | Load Imbalance: 1.106' [0m
			|--[91m 'allreduce grad_x | Max Time: 318.031 ms | Avg Time: 308.280 ms | Load Imbalance: 1.032' [0m
				|--[95m 'allreduce lowp comm dtype | Max Time: 12.175 ms | Avg Time: 12.155 ms | Load Imbalance: 1.002' [0m
				|--[95m 'allreduce lowp | Max Time: 291.259 ms | Avg Time: 281.527 ms | Load Imbalance: 1.035' [0m
				|--[95m 'allreduce copy back | Max Time: 14.532 ms | Avg Time: 14.513 ms | Load Imbalance: 1.001' [0m
		|--[96m 'sync_norm_gradients | Max Time: 0.856 ms | Avg Time: 0.522 ms | Load Imbalance: 1.640' [0m
		|--[96m 'sync_data_parallel_gradients | Max Time: 0.010 ms | Avg Time: 0.007 ms | Load Imbalance: 1.369' [0m

|--[95m 'epoch 5 | Max Time: 1908.581 ms | Avg Time: 1908.553 ms | Load Imbalance: 1.000' [0m
	|--[92m 'minibatch prep | Max Time: 155.893 ms | Avg Time: 145.811 ms | Load Imbalance: 1.069' [0m
		|--[96m 'sample nodes | Max Time: 14.986 ms | Avg Time: 14.899 ms | Load Imbalance: 1.006' [0m
		|--[96m 'compact indices | Max Time: 2.199 ms | Avg Time: 2.110 ms | Load Imbalance: 1.042' [0m
		|--[96m 'compact adj shards | Max Time: 130.092 ms | Avg Time: 120.153 ms | Load Imbalance: 1.083' [0m
			|--[91m 'compact layout prep | Max Time: 8.454 ms | Avg Time: 5.943 ms | Load Imbalance: 1.422' [0m
			|--[91m 'compact csr: indices | Max Time: 0.087 ms | Avg Time: 0.080 ms | Load Imbalance: 1.092' [0m
			|--[91m 'compact csr: row ptrs | Max Time: 2.838 ms | Avg Time: 2.818 ms | Load Imbalance: 1.007' [0m
			|--[91m 'compact csr: nnz index | Max Time: 24.198 ms | Avg Time: 22.960 ms | Load Imbalance: 1.054' [0m
			|--[91m 'compact csr: select nnz | Max Time: 6.820 ms | Avg Time: 6.414 ms | Load Imbalance: 1.063' [0m
			|--[91m 'compact csr: col map | Max Time: 14.186 ms | Avg Time: 13.713 ms | Load Imbalance: 1.035' [0m
			|--[91m 'compact csr: edge scale | Max Time: 8.909 ms | Avg Time: 8.353 ms | Load Imbalance: 1.067' [0m
			|--[91m 'compact csr: crow | Max Time: 5.459 ms | Avg Time: 5.134 ms | Load Imbalance: 1.063' [0m
			|--[91m 'compact csr: adjt direct | Max Time: 46.572 ms | Avg Time: 42.797 ms | Load Imbalance: 1.088' [0m
		|--[96m 'compact feature slice | Max Time: 7.941 ms | Avg Time: 7.936 ms | Load Imbalance: 1.001' [0m
		|--[96m 'compact label slice | Max Time: 0.298 ms | Avg Time: 0.297 ms | Load Imbalance: 1.004' [0m
	|--[92m 'train step | Max Time: 1767.550 ms | Avg Time: 1762.557 ms | Load Imbalance: 1.003' [0m
		|--[96m 'input_linear | Max Time: 63.348 ms | Avg Time: 52.985 ms | Load Imbalance: 1.196' [0m
			|--[91m 'input_linear X * W | Max Time: 5.330 ms | Avg Time: 5.323 ms | Load Imbalance: 1.001' [0m
			|--[91m 'all-reduce | Max Time: 53.982 ms | Avg Time: 43.620 ms | Load Imbalance: 1.238' [0m
			|--[91m 'OUT + BIAS | Max Time: 4.018 ms | Avg Time: 4.014 ms | Load Imbalance: 1.001' [0m
		|--[96m 'gcn conv fwd | Max Time: 712.322 ms | Avg Time: 702.102 ms | Load Imbalance: 1.015' [0m
			|--[91m 'AGG = A * H | Max Time: 55.434 ms | Avg Time: 50.156 ms | Load Imbalance: 1.105' [0m
			|--[91m 'allreduce H | Max Time: 326.240 ms | Avg Time: 311.495 ms | Load Imbalance: 1.047' [0m
				|--[95m 'allreduce lowp comm dtype | Max Time: 12.171 ms | Avg Time: 12.156 ms | Load Imbalance: 1.001' [0m
				|--[95m 'allreduce lowp | Max Time: 299.507 ms | Avg Time: 284.741 ms | Load Imbalance: 1.052' [0m
				|--[95m 'allreduce copy back | Max Time: 14.534 ms | Avg Time: 14.513 ms | Load Imbalance: 1.001' [0m
			|--[91m 'Allgather W | Max Time: 17.664 ms | Avg Time: 9.357 ms | Load Imbalance: 1.888' [0m
				|--[95m 'gather | Max Time: 17.622 ms | Avg Time: 9.314 ms | Load Imbalance: 1.892' [0m
			|--[91m 'OUT = AGG * W | Max Time: 29.454 ms | Avg Time: 29.431 ms | Load Imbalance: 1.001' [0m
			|--[91m 'allreduce Q | Max Time: 308.125 ms | Avg Time: 301.537 ms | Load Imbalance: 1.022' [0m
				|--[95m 'allreduce lowp comm dtype | Max Time: 12.250 ms | Avg Time: 12.242 ms | Load Imbalance: 1.001' [0m
				|--[95m 'allreduce lowp | Max Time: 281.263 ms | Avg Time: 274.699 ms | Load Imbalance: 1.024' [0m
				|--[95m 'allreduce copy back | Max Time: 14.532 ms | Avg Time: 14.511 ms | Load Imbalance: 1.001' [0m
		|--[96m 'activation | Max Time: 44.478 ms | Avg Time: 38.929 ms | Load Imbalance: 1.143' [0m
			|--[91m 'all-reduce | Max Time: 15.897 ms | Avg Time: 10.350 ms | Load Imbalance: 1.536' [0m
		|--[96m 'output_linear | Max Time: 65.012 ms | Avg Time: 64.019 ms | Load Imbalance: 1.016' [0m
			|--[91m 'output_linear X * W | Max Time: 3.254 ms | Avg Time: 3.248 ms | Load Imbalance: 1.002' [0m
			|--[91m 'all-reduce | Max Time: 60.714 ms | Avg Time: 59.718 ms | Load Imbalance: 1.017' [0m
			|--[91m 'OUT + BIAS | Max Time: 1.025 ms | Avg Time: 1.025 ms | Load Imbalance: 1.001' [0m
		|--[96m 'cross entropy fwd | Max Time: 28.006 ms | Avg Time: 25.977 ms | Load Imbalance: 1.078' [0m
		|--[96m 'cross entropy bwd | Max Time: 3.119 ms | Avg Time: 3.115 ms | Load Imbalance: 1.001' [0m
		|--[96m 'linear_3d_bwd | Max Time: 53.758 ms | Avg Time: 53.209 ms | Load Imbalance: 1.010' [0m
			|--[91m 'output_linear GRAD_X | Max Time: 2.847 ms | Avg Time: 2.838 ms | Load Imbalance: 1.003' [0m
			|--[91m 'all-reduce | Max Time: 39.677 ms | Avg Time: 39.153 ms | Load Imbalance: 1.013' [0m
			|--[91m 'output_linear GRAD_W | Max Time: 2.852 ms | Avg Time: 2.835 ms | Load Imbalance: 1.006' [0m
			|--[91m 'input_linear GRAD_W | Max Time: 5.625 ms | Avg Time: 5.611 ms | Load Imbalance: 1.003' [0m
		|--[96m 'gcn conv bwd | Max Time: 731.789 ms | Avg Time: 731.247 ms | Load Imbalance: 1.001' [0m
			|--[91m 'gather | Max Time: 4.778 ms | Avg Time: 2.125 ms | Load Imbalance: 2.249' [0m
			|--[91m 'GRAD_AGG = GRAD_OUT * W.T | Max Time: 29.574 ms | Avg Time: 29.552 ms | Load Imbalance: 1.001' [0m
			|--[91m 'allreduce lowp comm dtype | Max Time: 12.250 ms | Avg Time: 12.239 ms | Load Imbalance: 1.001' [0m
			|--[91m 'allreduce lowp | Max Time: 282.866 ms | Avg Time: 281.707 ms | Load Imbalance: 1.004' [0m
			|--[91m 'allreduce copy back | Max Time: 14.533 ms | Avg Time: 14.514 ms | Load Imbalance: 1.001' [0m
			|--[91m 'GRAD_W = AGG.T * GRAD_OUT | Max Time: 28.911 ms | Avg Time: 28.875 ms | Load Imbalance: 1.001' [0m
			|--[91m 'ReduceScatter grad_weight | Max Time: 11.734 ms | Avg Time: 5.498 ms | Load Imbalance: 2.134' [0m
				|--[95m 'reduce-scatter | Max Time: 11.692 ms | Avg Time: 5.455 ms | Load Imbalance: 2.143' [0m
					|--[92m 'reduce-scatter-dist | Max Time: 11.649 ms | Avg Time: 5.413 ms | Load Imbalance: 2.152' [0m
			|--[91m 'GRAD_H = A.T * GRAD_AGG | Max Time: 55.401 ms | Avg Time: 50.123 ms | Load Imbalance: 1.105' [0m
			|--[91m 'allreduce grad_x | Max Time: 313.972 ms | Avg Time: 306.402 ms | Load Imbalance: 1.025' [0m
				|--[95m 'allreduce lowp comm dtype | Max Time: 12.172 ms | Avg Time: 12.154 ms | Load Imbalance: 1.001' [0m
				|--[95m 'allreduce lowp | Max Time: 287.225 ms | Avg Time: 279.649 ms | Load Imbalance: 1.027' [0m
				|--[95m 'allreduce copy back | Max Time: 14.535 ms | Avg Time: 14.514 ms | Load Imbalance: 1.001' [0m
		|--[96m 'sync_norm_gradients | Max Time: 0.509 ms | Avg Time: 0.398 ms | Load Imbalance: 1.279' [0m
		|--[96m 'sync_data_parallel_gradients | Max Time: 0.007 ms | Avg Time: 0.007 ms | Load Imbalance: 1.045' [0m

|--[95m 'epoch 6 | Max Time: 1908.405 ms | Avg Time: 1908.379 ms | Load Imbalance: 1.000' [0m
	|--[92m 'minibatch prep | Max Time: 155.830 ms | Avg Time: 145.750 ms | Load Imbalance: 1.069' [0m
		|--[96m 'sample nodes | Max Time: 14.940 ms | Avg Time: 14.888 ms | Load Imbalance: 1.003' [0m
		|--[96m 'compact indices | Max Time: 2.101 ms | Avg Time: 2.074 ms | Load Imbalance: 1.013' [0m
		|--[96m 'compact adj shards | Max Time: 130.280 ms | Avg Time: 120.156 ms | Load Imbalance: 1.084' [0m
			|--[91m 'compact layout prep | Max Time: 8.406 ms | Avg Time: 5.895 ms | Load Imbalance: 1.426' [0m
			|--[91m 'compact csr: indices | Max Time: 0.090 ms | Avg Time: 0.079 ms | Load Imbalance: 1.132' [0m
			|--[91m 'compact csr: row ptrs | Max Time: 2.832 ms | Avg Time: 2.811 ms | Load Imbalance: 1.007' [0m
			|--[91m 'compact csr: nnz index | Max Time: 24.247 ms | Avg Time: 22.969 ms | Load Imbalance: 1.056' [0m
			|--[91m 'compact csr: select nnz | Max Time: 6.820 ms | Avg Time: 6.401 ms | Load Imbalance: 1.065' [0m
			|--[91m 'compact csr: col map | Max Time: 14.185 ms | Avg Time: 13.725 ms | Load Imbalance: 1.033' [0m
			|--[91m 'compact csr: edge scale | Max Time: 8.909 ms | Avg Time: 8.349 ms | Load Imbalance: 1.067' [0m
			|--[91m 'compact csr: crow | Max Time: 5.473 ms | Avg Time: 5.136 ms | Load Imbalance: 1.066' [0m
			|--[91m 'compact csr: adjt direct | Max Time: 46.727 ms | Avg Time: 42.841 ms | Load Imbalance: 1.091' [0m
		|--[96m 'compact feature slice | Max Time: 7.940 ms | Avg Time: 7.936 ms | Load Imbalance: 1.000' [0m
		|--[96m 'compact label slice | Max Time: 0.299 ms | Avg Time: 0.298 ms | Load Imbalance: 1.005' [0m
	|--[92m 'train step | Max Time: 1767.477 ms | Avg Time: 1762.444 ms | Load Imbalance: 1.003' [0m
		|--[96m 'input_linear | Max Time: 63.021 ms | Avg Time: 52.842 ms | Load Imbalance: 1.193' [0m
			|--[91m 'input_linear X * W | Max Time: 5.331 ms | Avg Time: 5.324 ms | Load Imbalance: 1.001' [0m
			|--[91m 'all-reduce | Max Time: 53.660 ms | Avg Time: 43.476 ms | Load Imbalance: 1.234' [0m
			|--[91m 'OUT + BIAS | Max Time: 4.017 ms | Avg Time: 4.014 ms | Load Imbalance: 1.001' [0m
		|--[96m 'gcn conv fwd | Max Time: 713.587 ms | Avg Time: 703.880 ms | Load Imbalance: 1.014' [0m
			|--[91m 'AGG = A * H | Max Time: 55.505 ms | Avg Time: 50.179 ms | Load Imbalance: 1.106' [0m
			|--[91m 'allreduce H | Max Time: 324.710 ms | Avg Time: 311.863 ms | Load Imbalance: 1.041' [0m
				|--[95m 'allreduce lowp comm dtype | Max Time: 12.166 ms | Avg Time: 12.153 ms | Load Imbalance: 1.001' [0m
				|--[95m 'allreduce lowp | Max Time: 297.952 ms | Avg Time: 285.112 ms | Load Imbalance: 1.045' [0m
				|--[95m 'allreduce copy back | Max Time: 14.529 ms | Avg Time: 14.513 ms | Load Imbalance: 1.001' [0m
			|--[91m 'Allgather W | Max Time: 15.372 ms | Avg Time: 7.583 ms | Load Imbalance: 2.027' [0m
				|--[95m 'gather | Max Time: 15.329 ms | Avg Time: 7.541 ms | Load Imbalance: 2.033' [0m
			|--[91m 'OUT = AGG * W | Max Time: 29.458 ms | Avg Time: 29.433 ms | Load Imbalance: 1.001' [0m
			|--[91m 'allreduce Q | Max Time: 311.165 ms | Avg Time: 304.695 ms | Load Imbalance: 1.021' [0m
				|--[95m 'allreduce lowp comm dtype | Max Time: 12.248 ms | Avg Time: 12.238 ms | Load Imbalance: 1.001' [0m
				|--[95m 'allreduce lowp | Max Time: 284.327 ms | Avg Time: 277.863 ms | Load Imbalance: 1.023' [0m
				|--[95m 'allreduce copy back | Max Time: 14.528 ms | Avg Time: 14.510 ms | Load Imbalance: 1.001' [0m
		|--[96m 'activation | Max Time: 43.838 ms | Avg Time: 38.516 ms | Load Imbalance: 1.138' [0m
			|--[91m 'all-reduce | Max Time: 15.264 ms | Avg Time: 9.934 ms | Load Imbalance: 1.537' [0m
		|--[96m 'output_linear | Max Time: 65.248 ms | Avg Time: 63.284 ms | Load Imbalance: 1.031' [0m
			|--[91m 'output_linear X * W | Max Time: 3.272 ms | Avg Time: 3.251 ms | Load Imbalance: 1.006' [0m
			|--[91m 'all-reduce | Max Time: 60.947 ms | Avg Time: 58.979 ms | Load Imbalance: 1.033' [0m
			|--[91m 'OUT + BIAS | Max Time: 1.027 ms | Avg Time: 1.025 ms | Load Imbalance: 1.002' [0m
		|--[96m 'cross entropy fwd | Max Time: 26.244 ms | Avg Time: 24.401 ms | Load Imbalance: 1.076' [0m
		|--[96m 'cross entropy bwd | Max Time: 3.117 ms | Avg Time: 3.113 ms | Load Imbalance: 1.001' [0m
		|--[96m 'linear_3d_bwd | Max Time: 53.869 ms | Avg Time: 53.369 ms | Load Imbalance: 1.009' [0m
			|--[91m 'output_linear GRAD_X | Max Time: 2.843 ms | Avg Time: 2.838 ms | Load Imbalance: 1.002' [0m
			|--[91m 'all-reduce | Max Time: 39.812 ms | Avg Time: 39.309 ms | Load Imbalance: 1.013' [0m
			|--[91m 'output_linear GRAD_W | Max Time: 2.845 ms | Avg Time: 2.836 ms | Load Imbalance: 1.003' [0m
			|--[91m 'input_linear GRAD_W | Max Time: 5.635 ms | Avg Time: 5.613 ms | Load Imbalance: 1.004' [0m
		|--[96m 'gcn conv bwd | Max Time: 732.407 ms | Avg Time: 731.960 ms | Load Imbalance: 1.001' [0m
			|--[91m 'gather | Max Time: 4.589 ms | Avg Time: 1.847 ms | Load Imbalance: 2.485' [0m
			|--[91m 'GRAD_AGG = GRAD_OUT * W.T | Max Time: 29.576 ms | Avg Time: 29.552 ms | Load Imbalance: 1.001' [0m
			|--[91m 'allreduce lowp comm dtype | Max Time: 12.252 ms | Avg Time: 12.239 ms | Load Imbalance: 1.001' [0m
			|--[91m 'allreduce lowp | Max Time: 285.925 ms | Avg Time: 282.293 ms | Load Imbalance: 1.013' [0m
			|--[91m 'allreduce copy back | Max Time: 14.530 ms | Avg Time: 14.513 ms | Load Imbalance: 1.001' [0m
			|--[91m 'GRAD_W = AGG.T * GRAD_OUT | Max Time: 28.895 ms | Avg Time: 28.870 ms | Load Imbalance: 1.001' [0m
			|--[91m 'ReduceScatter grad_weight | Max Time: 11.705 ms | Avg Time: 4.838 ms | Load Imbalance: 2.419' [0m
				|--[95m 'reduce-scatter | Max Time: 11.662 ms | Avg Time: 4.796 ms | Load Imbalance: 2.432' [0m
					|--[92m 'reduce-scatter-dist | Max Time: 11.620 ms | Avg Time: 4.754 ms | Load Imbalance: 2.445' [0m
			|--[91m 'GRAD_H = A.T * GRAD_AGG | Max Time: 55.474 ms | Avg Time: 50.155 ms | Load Imbalance: 1.106' [0m
			|--[91m 'allreduce grad_x | Max Time: 316.101 ms | Avg Time: 307.440 ms | Load Imbalance: 1.028' [0m
				|--[95m 'allreduce lowp comm dtype | Max Time: 12.172 ms | Avg Time: 12.156 ms | Load Imbalance: 1.001' [0m
				|--[95m 'allreduce lowp | Max Time: 289.352 ms | Avg Time: 280.686 ms | Load Imbalance: 1.031' [0m
				|--[95m 'allreduce copy back | Max Time: 14.530 ms | Avg Time: 14.513 ms | Load Imbalance: 1.001' [0m
		|--[96m 'sync_norm_gradients | Max Time: 0.624 ms | Avg Time: 0.501 ms | Load Imbalance: 1.245' [0m
		|--[96m 'sync_data_parallel_gradients | Max Time: 0.007 ms | Avg Time: 0.007 ms | Load Imbalance: 1.037' [0m

|--[95m 'epoch 7 | Max Time: 1906.819 ms | Avg Time: 1906.763 ms | Load Imbalance: 1.000' [0m
	|--[92m 'minibatch prep | Max Time: 155.563 ms | Avg Time: 145.740 ms | Load Imbalance: 1.067' [0m
		|--[96m 'sample nodes | Max Time: 14.960 ms | Avg Time: 14.887 ms | Load Imbalance: 1.005' [0m
		|--[96m 'compact indices | Max Time: 2.121 ms | Avg Time: 2.045 ms | Load Imbalance: 1.037' [0m
		|--[96m 'compact adj shards | Max Time: 130.091 ms | Avg Time: 120.167 ms | Load Imbalance: 1.083' [0m
			|--[91m 'compact layout prep | Max Time: 8.365 ms | Avg Time: 5.908 ms | Load Imbalance: 1.416' [0m
			|--[91m 'compact csr: indices | Max Time: 0.096 ms | Avg Time: 0.075 ms | Load Imbalance: 1.284' [0m
			|--[91m 'compact csr: row ptrs | Max Time: 2.841 ms | Avg Time: 2.809 ms | Load Imbalance: 1.011' [0m
			|--[91m 'compact csr: nnz index | Max Time: 24.210 ms | Avg Time: 22.961 ms | Load Imbalance: 1.054' [0m
			|--[91m 'compact csr: select nnz | Max Time: 6.837 ms | Avg Time: 6.415 ms | Load Imbalance: 1.066' [0m
			|--[91m 'compact csr: col map | Max Time: 14.213 ms | Avg Time: 13.723 ms | Load Imbalance: 1.036' [0m
			|--[91m 'compact csr: edge scale | Max Time: 8.906 ms | Avg Time: 8.343 ms | Load Imbalance: 1.067' [0m
			|--[91m 'compact csr: crow | Max Time: 5.446 ms | Avg Time: 5.131 ms | Load Imbalance: 1.061' [0m
			|--[91m 'compact csr: adjt direct | Max Time: 46.698 ms | Avg Time: 42.858 ms | Load Imbalance: 1.090' [0m
		|--[96m 'compact feature slice | Max Time: 7.965 ms | Avg Time: 7.940 ms | Load Imbalance: 1.003' [0m
		|--[96m 'compact label slice | Max Time: 0.298 ms | Avg Time: 0.297 ms | Load Imbalance: 1.003' [0m
	|--[92m 'train step | Max Time: 1765.886 ms | Avg Time: 1760.823 ms | Load Imbalance: 1.003' [0m
		|--[96m 'input_linear | Max Time: 62.997 ms | Avg Time: 52.803 ms | Load Imbalance: 1.193' [0m
			|--[91m 'input_linear X * W | Max Time: 5.328 ms | Avg Time: 5.322 ms | Load Imbalance: 1.001' [0m
			|--[91m 'all-reduce | Max Time: 53.628 ms | Avg Time: 43.439 ms | Load Imbalance: 1.235' [0m
			|--[91m 'OUT + BIAS | Max Time: 4.019 ms | Avg Time: 4.014 ms | Load Imbalance: 1.001' [0m
		|--[96m 'gcn conv fwd | Max Time: 712.612 ms | Avg Time: 701.495 ms | Load Imbalance: 1.016' [0m
			|--[91m 'AGG = A * H | Max Time: 55.471 ms | Avg Time: 50.184 ms | Load Imbalance: 1.105' [0m
			|--[91m 'allreduce H | Max Time: 323.157 ms | Avg Time: 309.354 ms | Load Imbalance: 1.045' [0m
				|--[95m 'allreduce lowp comm dtype | Max Time: 12.170 ms | Avg Time: 12.156 ms | Load Imbalance: 1.001' [0m
				|--[95m 'allreduce lowp | Max Time: 296.411 ms | Avg Time: 282.601 ms | Load Imbalance: 1.049' [0m
				|--[95m 'allreduce copy back | Max Time: 14.531 ms | Avg Time: 14.513 ms | Load Imbalance: 1.001' [0m
			|--[91m 'Allgather W | Max Time: 15.320 ms | Avg Time: 8.162 ms | Load Imbalance: 1.877' [0m
				|--[95m 'gather | Max Time: 15.277 ms | Avg Time: 8.120 ms | Load Imbalance: 1.882' [0m
			|--[91m 'OUT = AGG * W | Max Time: 29.456 ms | Avg Time: 29.436 ms | Load Imbalance: 1.001' [0m
			|--[91m 'allreduce Q | Max Time: 311.301 ms | Avg Time: 304.232 ms | Load Imbalance: 1.023' [0m
				|--[95m 'allreduce lowp comm dtype | Max Time: 12.252 ms | Avg Time: 12.240 ms | Load Imbalance: 1.001' [0m
				|--[95m 'allreduce lowp | Max Time: 284.475 ms | Avg Time: 277.397 ms | Load Imbalance: 1.026' [0m
				|--[95m 'allreduce copy back | Max Time: 14.528 ms | Avg Time: 14.511 ms | Load Imbalance: 1.001' [0m
		|--[96m 'activation | Max Time: 47.405 ms | Avg Time: 39.802 ms | Load Imbalance: 1.191' [0m
			|--[91m 'all-reduce | Max Time: 18.830 ms | Avg Time: 11.223 ms | Load Imbalance: 1.678' [0m
		|--[96m 'output_linear | Max Time: 65.044 ms | Avg Time: 63.828 ms | Load Imbalance: 1.019' [0m
			|--[91m 'output_linear X * W | Max Time: 3.267 ms | Avg Time: 3.252 ms | Load Imbalance: 1.005' [0m
			|--[91m 'all-reduce | Max Time: 60.744 ms | Avg Time: 59.522 ms | Load Imbalance: 1.021' [0m
			|--[91m 'OUT + BIAS | Max Time: 1.026 ms | Avg Time: 1.025 ms | Load Imbalance: 1.002' [0m
		|--[96m 'cross entropy fwd | Max Time: 24.685 ms | Avg Time: 24.139 ms | Load Imbalance: 1.023' [0m
		|--[96m 'cross entropy bwd | Max Time: 3.120 ms | Avg Time: 3.115 ms | Load Imbalance: 1.002' [0m
		|--[96m 'linear_3d_bwd | Max Time: 53.550 ms | Avg Time: 53.237 ms | Load Imbalance: 1.006' [0m
			|--[91m 'output_linear GRAD_X | Max Time: 2.846 ms | Avg Time: 2.839 ms | Load Imbalance: 1.003' [0m
			|--[91m 'all-reduce | Max Time: 39.494 ms | Avg Time: 39.175 ms | Load Imbalance: 1.008' [0m
			|--[91m 'output_linear GRAD_W | Max Time: 2.851 ms | Avg Time: 2.839 ms | Load Imbalance: 1.004' [0m
			|--[91m 'input_linear GRAD_W | Max Time: 5.627 ms | Avg Time: 5.611 ms | Load Imbalance: 1.003' [0m
		|--[96m 'gcn conv bwd | Max Time: 731.774 ms | Avg Time: 731.426 ms | Load Imbalance: 1.000' [0m
			|--[91m 'gather | Max Time: 7.746 ms | Avg Time: 3.135 ms | Load Imbalance: 2.471' [0m
			|--[91m 'GRAD_AGG = GRAD_OUT * W.T | Max Time: 29.575 ms | Avg Time: 29.554 ms | Load Imbalance: 1.001' [0m
			|--[91m 'allreduce lowp comm dtype | Max Time: 12.247 ms | Avg Time: 12.240 ms | Load Imbalance: 1.001' [0m
			|--[91m 'allreduce lowp | Max Time: 282.708 ms | Avg Time: 279.613 ms | Load Imbalance: 1.011' [0m
			|--[91m 'allreduce copy back | Max Time: 14.533 ms | Avg Time: 14.513 ms | Load Imbalance: 1.001' [0m
			|--[91m 'GRAD_W = AGG.T * GRAD_OUT | Max Time: 28.912 ms | Avg Time: 28.878 ms | Load Imbalance: 1.001' [0m
			|--[91m 'ReduceScatter grad_weight | Max Time: 12.020 ms | Avg Time: 6.187 ms | Load Imbalance: 1.943' [0m
				|--[95m 'reduce-scatter | Max Time: 11.977 ms | Avg Time: 6.145 ms | Load Imbalance: 1.949' [0m
					|--[92m 'reduce-scatter-dist | Max Time: 11.935 ms | Avg Time: 6.103 ms | Load Imbalance: 1.956' [0m
			|--[91m 'GRAD_H = A.T * GRAD_AGG | Max Time: 55.453 ms | Avg Time: 50.149 ms | Load Imbalance: 1.106' [0m
			|--[91m 'allreduce grad_x | Max Time: 314.351 ms | Avg Time: 306.945 ms | Load Imbalance: 1.024' [0m
				|--[95m 'allreduce lowp comm dtype | Max Time: 12.169 ms | Avg Time: 12.154 ms | Load Imbalance: 1.001' [0m
				|--[95m 'allreduce lowp | Max Time: 287.581 ms | Avg Time: 280.193 ms | Load Imbalance: 1.026' [0m
				|--[95m 'allreduce copy back | Max Time: 14.530 ms | Avg Time: 14.513 ms | Load Imbalance: 1.001' [0m
		|--[96m 'sync_norm_gradients | Max Time: 0.512 ms | Avg Time: 0.397 ms | Load Imbalance: 1.290' [0m
		|--[96m 'sync_data_parallel_gradients | Max Time: 0.007 ms | Avg Time: 0.007 ms | Load Imbalance: 1.039' [0m

|--[95m 'epoch 8 | Max Time: 1913.985 ms | Avg Time: 1913.964 ms | Load Imbalance: 1.000' [0m
	|--[92m 'minibatch prep | Max Time: 155.487 ms | Avg Time: 145.579 ms | Load Imbalance: 1.068' [0m
		|--[96m 'sample nodes | Max Time: 14.911 ms | Avg Time: 14.878 ms | Load Imbalance: 1.002' [0m
		|--[96m 'compact indices | Max Time: 2.179 ms | Avg Time: 2.085 ms | Load Imbalance: 1.045' [0m
		|--[96m 'compact adj shards | Max Time: 129.912 ms | Avg Time: 119.986 ms | Load Imbalance: 1.083' [0m
			|--[91m 'compact layout prep | Max Time: 8.406 ms | Avg Time: 5.898 ms | Load Imbalance: 1.425' [0m
			|--[91m 'compact csr: indices | Max Time: 0.084 ms | Avg Time: 0.076 ms | Load Imbalance: 1.107' [0m
			|--[91m 'compact csr: row ptrs | Max Time: 2.834 ms | Avg Time: 2.810 ms | Load Imbalance: 1.008' [0m
			|--[91m 'compact csr: nnz index | Max Time: 24.202 ms | Avg Time: 22.938 ms | Load Imbalance: 1.055' [0m
			|--[91m 'compact csr: select nnz | Max Time: 6.830 ms | Avg Time: 6.405 ms | Load Imbalance: 1.066' [0m
			|--[91m 'compact csr: col map | Max Time: 14.158 ms | Avg Time: 13.705 ms | Load Imbalance: 1.033' [0m
			|--[91m 'compact csr: edge scale | Max Time: 8.878 ms | Avg Time: 8.325 ms | Load Imbalance: 1.066' [0m
			|--[91m 'compact csr: crow | Max Time: 5.440 ms | Avg Time: 5.120 ms | Load Imbalance: 1.063' [0m
			|--[91m 'compact csr: adjt direct | Max Time: 46.571 ms | Avg Time: 42.777 ms | Load Imbalance: 1.089' [0m
		|--[96m 'compact feature slice | Max Time: 7.939 ms | Avg Time: 7.936 ms | Load Imbalance: 1.000' [0m
		|--[96m 'compact label slice | Max Time: 0.299 ms | Avg Time: 0.297 ms | Load Imbalance: 1.006' [0m
	|--[92m 'train step | Max Time: 1773.311 ms | Avg Time: 1768.214 ms | Load Imbalance: 1.003' [0m
		|--[96m 'input_linear | Max Time: 63.747 ms | Avg Time: 52.856 ms | Load Imbalance: 1.206' [0m
			|--[91m 'input_linear X * W | Max Time: 5.332 ms | Avg Time: 5.322 ms | Load Imbalance: 1.002' [0m
			|--[91m 'all-reduce | Max Time: 54.383 ms | Avg Time: 43.491 ms | Load Imbalance: 1.250' [0m
			|--[91m 'OUT + BIAS | Max Time: 4.017 ms | Avg Time: 4.015 ms | Load Imbalance: 1.001' [0m
		|--[96m 'gcn conv fwd | Max Time: 716.082 ms | Avg Time: 706.426 ms | Load Imbalance: 1.014' [0m
			|--[91m 'AGG = A * H | Max Time: 55.427 ms | Avg Time: 50.137 ms | Load Imbalance: 1.106' [0m
			|--[91m 'allreduce H | Max Time: 329.684 ms | Avg Time: 315.565 ms | Load Imbalance: 1.045' [0m
				|--[95m 'allreduce lowp comm dtype | Max Time: 12.170 ms | Avg Time: 12.154 ms | Load Imbalance: 1.001' [0m
				|--[95m 'allreduce lowp | Max Time: 302.938 ms | Avg Time: 288.814 ms | Load Imbalance: 1.049' [0m
				|--[95m 'allreduce copy back | Max Time: 14.531 ms | Avg Time: 14.513 ms | Load Imbalance: 1.001' [0m
			|--[91m 'Allgather W | Max Time: 14.726 ms | Avg Time: 7.136 ms | Load Imbalance: 2.064' [0m
				|--[95m 'gather | Max Time: 14.684 ms | Avg Time: 7.094 ms | Load Imbalance: 2.070' [0m
			|--[91m 'OUT = AGG * W | Max Time: 29.464 ms | Avg Time: 29.435 ms | Load Imbalance: 1.001' [0m
			|--[91m 'allreduce Q | Max Time: 313.137 ms | Avg Time: 304.026 ms | Load Imbalance: 1.030' [0m
				|--[95m 'allreduce lowp comm dtype | Max Time: 12.253 ms | Avg Time: 12.240 ms | Load Imbalance: 1.001' [0m
				|--[95m 'allreduce lowp | Max Time: 286.283 ms | Avg Time: 277.191 ms | Load Imbalance: 1.033' [0m
				|--[95m 'allreduce copy back | Max Time: 14.526 ms | Avg Time: 14.510 ms | Load Imbalance: 1.001' [0m
		|--[96m 'activation | Max Time: 44.451 ms | Avg Time: 38.152 ms | Load Imbalance: 1.165' [0m
			|--[91m 'all-reduce | Max Time: 15.891 ms | Avg Time: 9.577 ms | Load Imbalance: 1.659' [0m
		|--[96m 'output_linear | Max Time: 65.993 ms | Avg Time: 63.868 ms | Load Imbalance: 1.033' [0m
			|--[91m 'output_linear X * W | Max Time: 3.262 ms | Avg Time: 3.249 ms | Load Imbalance: 1.004' [0m
			|--[91m 'all-reduce | Max Time: 61.690 ms | Avg Time: 59.566 ms | Load Imbalance: 1.036' [0m
			|--[91m 'OUT + BIAS | Max Time: 1.026 ms | Avg Time: 1.025 ms | Load Imbalance: 1.001' [0m
		|--[96m 'cross entropy fwd | Max Time: 27.204 ms | Avg Time: 24.609 ms | Load Imbalance: 1.105' [0m
		|--[96m 'cross entropy bwd | Max Time: 3.120 ms | Avg Time: 3.114 ms | Load Imbalance: 1.002' [0m
		|--[96m 'linear_3d_bwd | Max Time: 53.870 ms | Avg Time: 53.492 ms | Load Imbalance: 1.007' [0m
			|--[91m 'output_linear GRAD_X | Max Time: 2.847 ms | Avg Time: 2.841 ms | Load Imbalance: 1.002' [0m
			|--[91m 'all-reduce | Max Time: 39.796 ms | Avg Time: 39.429 ms | Load Imbalance: 1.009' [0m
			|--[91m 'output_linear GRAD_W | Max Time: 2.844 ms | Avg Time: 2.837 ms | Load Imbalance: 1.002' [0m
			|--[91m 'input_linear GRAD_W | Max Time: 5.638 ms | Avg Time: 5.613 ms | Load Imbalance: 1.004' [0m
		|--[96m 'gcn conv bwd | Max Time: 735.172 ms | Avg Time: 734.700 ms | Load Imbalance: 1.001' [0m
			|--[91m 'gather | Max Time: 7.226 ms | Avg Time: 3.291 ms | Load Imbalance: 2.196' [0m
			|--[91m 'GRAD_AGG = GRAD_OUT * W.T | Max Time: 29.584 ms | Avg Time: 29.555 ms | Load Imbalance: 1.001' [0m
			|--[91m 'allreduce lowp comm dtype | Max Time: 12.248 ms | Avg Time: 12.239 ms | Load Imbalance: 1.001' [0m
			|--[91m 'allreduce lowp | Max Time: 285.493 ms | Avg Time: 283.414 ms | Load Imbalance: 1.007' [0m
			|--[91m 'allreduce copy back | Max Time: 14.533 ms | Avg Time: 14.514 ms | Load Imbalance: 1.001' [0m
			|--[91m 'GRAD_W = AGG.T * GRAD_OUT | Max Time: 28.894 ms | Avg Time: 28.875 ms | Load Imbalance: 1.001' [0m
			|--[91m 'ReduceScatter grad_weight | Max Time: 9.092 ms | Avg Time: 4.607 ms | Load Imbalance: 1.973' [0m
				|--[95m 'reduce-scatter | Max Time: 9.049 ms | Avg Time: 4.565 ms | Load Imbalance: 1.982' [0m
					|--[92m 'reduce-scatter-dist | Max Time: 9.007 ms | Avg Time: 4.523 ms | Load Imbalance: 1.991' [0m
			|--[91m 'GRAD_H = A.T * GRAD_AGG | Max Time: 55.392 ms | Avg Time: 50.106 ms | Load Imbalance: 1.105' [0m
			|--[91m 'allreduce grad_x | Max Time: 318.577 ms | Avg Time: 307.886 ms | Load Imbalance: 1.035' [0m
				|--[95m 'allreduce lowp comm dtype | Max Time: 12.170 ms | Avg Time: 12.153 ms | Load Imbalance: 1.001' [0m
				|--[95m 'allreduce lowp | Max Time: 291.817 ms | Avg Time: 281.134 ms | Load Imbalance: 1.038' [0m
				|--[95m 'allreduce copy back | Max Time: 14.531 ms | Avg Time: 14.513 ms | Load Imbalance: 1.001' [0m
		|--[96m 'sync_norm_gradients | Max Time: 0.566 ms | Avg Time: 0.419 ms | Load Imbalance: 1.352' [0m
		|--[96m 'sync_data_parallel_gradients | Max Time: 0.007 ms | Avg Time: 0.007 ms | Load Imbalance: 1.053' [0m

|--[95m 'epoch 9 | Max Time: 1912.248 ms | Avg Time: 1912.218 ms | Load Imbalance: 1.000' [0m
	|--[92m 'minibatch prep | Max Time: 155.583 ms | Avg Time: 145.828 ms | Load Imbalance: 1.067' [0m
		|--[96m 'sample nodes | Max Time: 14.921 ms | Avg Time: 14.884 ms | Load Imbalance: 1.002' [0m
		|--[96m 'compact indices | Max Time: 2.156 ms | Avg Time: 2.080 ms | Load Imbalance: 1.037' [0m
		|--[96m 'compact adj shards | Max Time: 129.975 ms | Avg Time: 120.234 ms | Load Imbalance: 1.081' [0m
			|--[91m 'compact layout prep | Max Time: 8.388 ms | Avg Time: 5.923 ms | Load Imbalance: 1.416' [0m
			|--[91m 'compact csr: indices | Max Time: 0.101 ms | Avg Time: 0.080 ms | Load Imbalance: 1.268' [0m
			|--[91m 'compact csr: row ptrs | Max Time: 2.834 ms | Avg Time: 2.812 ms | Load Imbalance: 1.008' [0m
			|--[91m 'compact csr: nnz index | Max Time: 24.213 ms | Avg Time: 23.013 ms | Load Imbalance: 1.052' [0m
			|--[91m 'compact csr: select nnz | Max Time: 6.824 ms | Avg Time: 6.408 ms | Load Imbalance: 1.065' [0m
			|--[91m 'compact csr: col map | Max Time: 14.173 ms | Avg Time: 13.714 ms | Load Imbalance: 1.033' [0m
			|--[91m 'compact csr: edge scale | Max Time: 8.882 ms | Avg Time: 8.322 ms | Load Imbalance: 1.067' [0m
			|--[91m 'compact csr: crow | Max Time: 7.519 ms | Avg Time: 5.289 ms | Load Imbalance: 1.421' [0m
			|--[91m 'compact csr: adjt direct | Max Time: 46.582 ms | Avg Time: 42.762 ms | Load Imbalance: 1.089' [0m
		|--[96m 'compact feature slice | Max Time: 7.941 ms | Avg Time: 7.937 ms | Load Imbalance: 1.001' [0m
		|--[96m 'compact label slice | Max Time: 0.299 ms | Avg Time: 0.298 ms | Load Imbalance: 1.005' [0m
	|--[92m 'train step | Max Time: 1771.350 ms | Avg Time: 1766.203 ms | Load Imbalance: 1.003' [0m
		|--[96m 'input_linear | Max Time: 63.030 ms | Avg Time: 52.890 ms | Load Imbalance: 1.192' [0m
			|--[91m 'input_linear X * W | Max Time: 5.328 ms | Avg Time: 5.322 ms | Load Imbalance: 1.001' [0m
			|--[91m 'all-reduce | Max Time: 53.661 ms | Avg Time: 43.527 ms | Load Imbalance: 1.233' [0m
			|--[91m 'OUT + BIAS | Max Time: 4.018 ms | Avg Time: 4.014 ms | Load Imbalance: 1.001' [0m
		|--[96m 'gcn conv fwd | Max Time: 713.459 ms | Avg Time: 705.085 ms | Load Imbalance: 1.012' [0m
			|--[91m 'AGG = A * H | Max Time: 55.434 ms | Avg Time: 50.144 ms | Load Imbalance: 1.105' [0m
			|--[91m 'allreduce H | Max Time: 327.432 ms | Avg Time: 309.914 ms | Load Imbalance: 1.057' [0m
				|--[95m 'allreduce lowp comm dtype | Max Time: 12.169 ms | Avg Time: 12.152 ms | Load Imbalance: 1.001' [0m
				|--[95m 'allreduce lowp | Max Time: 300.672 ms | Avg Time: 283.165 ms | Load Imbalance: 1.062' [0m
				|--[95m 'allreduce copy back | Max Time: 14.529 ms | Avg Time: 14.512 ms | Load Imbalance: 1.001' [0m
			|--[91m 'Allgather W | Max Time: 20.534 ms | Avg Time: 9.353 ms | Load Imbalance: 2.196' [0m
				|--[95m 'gather | Max Time: 20.491 ms | Avg Time: 9.310 ms | Load Imbalance: 2.201' [0m
			|--[91m 'OUT = AGG * W | Max Time: 29.462 ms | Avg Time: 29.434 ms | Load Imbalance: 1.001' [0m
			|--[91m 'allreduce Q | Max Time: 311.512 ms | Avg Time: 306.113 ms | Load Imbalance: 1.018' [0m
				|--[95m 'allreduce lowp comm dtype | Max Time: 12.252 ms | Avg Time: 12.239 ms | Load Imbalance: 1.001' [0m
				|--[95m 'allreduce lowp | Max Time: 284.675 ms | Avg Time: 279.279 ms | Load Imbalance: 1.019' [0m
				|--[95m 'allreduce copy back | Max Time: 14.528 ms | Avg Time: 14.510 ms | Load Imbalance: 1.001' [0m
		|--[96m 'activation | Max Time: 42.281 ms | Avg Time: 36.818 ms | Load Imbalance: 1.148' [0m
			|--[91m 'all-reduce | Max Time: 13.700 ms | Avg Time: 8.236 ms | Load Imbalance: 1.664' [0m
		|--[96m 'output_linear | Max Time: 64.418 ms | Avg Time: 63.735 ms | Load Imbalance: 1.011' [0m
			|--[91m 'output_linear X * W | Max Time: 3.271 ms | Avg Time: 3.250 ms | Load Imbalance: 1.006' [0m
			|--[91m 'all-reduce | Max Time: 60.118 ms | Avg Time: 59.431 ms | Load Imbalance: 1.012' [0m
			|--[91m 'OUT + BIAS | Max Time: 1.028 ms | Avg Time: 1.025 ms | Load Imbalance: 1.003' [0m
		|--[96m 'cross entropy fwd | Max Time: 25.150 ms | Avg Time: 24.423 ms | Load Imbalance: 1.030' [0m
		|--[96m 'cross entropy bwd | Max Time: 3.120 ms | Avg Time: 3.116 ms | Load Imbalance: 1.001' [0m
		|--[96m 'linear_3d_bwd | Max Time: 53.746 ms | Avg Time: 53.304 ms | Load Imbalance: 1.008' [0m
			|--[91m 'output_linear GRAD_X | Max Time: 2.847 ms | Avg Time: 2.839 ms | Load Imbalance: 1.003' [0m
			|--[91m 'all-reduce | Max Time: 39.672 ms | Avg Time: 39.243 ms | Load Imbalance: 1.011' [0m
			|--[91m 'output_linear GRAD_W | Max Time: 2.851 ms | Avg Time: 2.836 ms | Load Imbalance: 1.005' [0m
			|--[91m 'input_linear GRAD_W | Max Time: 5.635 ms | Avg Time: 5.612 ms | Load Imbalance: 1.004' [0m
		|--[96m 'gcn conv bwd | Max Time: 736.231 ms | Avg Time: 735.814 ms | Load Imbalance: 1.001' [0m
			|--[91m 'gather | Max Time: 3.652 ms | Avg Time: 1.895 ms | Load Imbalance: 1.927' [0m
			|--[91m 'GRAD_AGG = GRAD_OUT * W.T | Max Time: 29.578 ms | Avg Time: 29.553 ms | Load Imbalance: 1.001' [0m
			|--[91m 'allreduce lowp comm dtype | Max Time: 12.252 ms | Avg Time: 12.238 ms | Load Imbalance: 1.001' [0m
			|--[91m 'allreduce lowp | Max Time: 286.733 ms | Avg Time: 284.862 ms | Load Imbalance: 1.007' [0m
			|--[91m 'allreduce copy back | Max Time: 14.535 ms | Avg Time: 14.514 ms | Load Imbalance: 1.001' [0m
			|--[91m 'GRAD_W = AGG.T * GRAD_OUT | Max Time: 28.904 ms | Avg Time: 28.875 ms | Load Imbalance: 1.001' [0m
			|--[91m 'ReduceScatter grad_weight | Max Time: 12.444 ms | Avg Time: 6.052 ms | Load Imbalance: 2.056' [0m
				|--[95m 'reduce-scatter | Max Time: 12.402 ms | Avg Time: 6.010 ms | Load Imbalance: 2.064' [0m
					|--[92m 'reduce-scatter-dist | Max Time: 12.358 ms | Avg Time: 5.967 ms | Load Imbalance: 2.071' [0m
			|--[91m 'GRAD_H = A.T * GRAD_AGG | Max Time: 55.412 ms | Avg Time: 50.121 ms | Load Imbalance: 1.106' [0m
			|--[91m 'allreduce grad_x | Max Time: 314.339 ms | Avg Time: 307.492 ms | Load Imbalance: 1.022' [0m
				|--[95m 'allreduce lowp comm dtype | Max Time: 12.173 ms | Avg Time: 12.156 ms | Load Imbalance: 1.001' [0m
				|--[95m 'allreduce lowp | Max Time: 287.584 ms | Avg Time: 280.738 ms | Load Imbalance: 1.024' [0m
				|--[95m 'allreduce copy back | Max Time: 14.533 ms | Avg Time: 14.513 ms | Load Imbalance: 1.001' [0m
		|--[96m 'sync_norm_gradients | Max Time: 0.618 ms | Avg Time: 0.440 ms | Load Imbalance: 1.404' [0m
		|--[96m 'sync_data_parallel_gradients | Max Time: 0.008 ms | Avg Time: 0.007 ms | Load Imbalance: 1.108' [0m

Epoch: 009, Train Loss: 3.1218
rank 0 Peak GPU memory: 20.69 GB
