/pscratch/sd/h/hmuki/plexus/plexus/utils/dataloader.py:412: UserWarning: Sparse invariant checks are implicitly disabled. Memory errors (e.g. SEGFAULT) will occur when operating on a sparse tensor which violates the invariants, but checks incur performance overhead. To silence this warning, explicitly opt in or out. See `torch.sparse.check_sparse_tensor_invariants.__doc__` for guidance.  (Triggered internally at /pytorch/aten/src/ATen/Context.cpp:760.)
  adj_local = torch.sparse_coo_tensor(
/pscratch/sd/h/hmuki/plexus/plexus/utils/dataloader.py:412: UserWarning: Sparse invariant checks are implicitly disabled. Memory errors (e.g. SEGFAULT) will occur when operating on a sparse tensor which violates the invariants, but checks incur performance overhead. To silence this warning, explicitly opt in or out. See `torch.sparse.check_sparse_tensor_invariants.__doc__` for guidance.  (Triggered internally at /pytorch/aten/src/ATen/Context.cpp:760.)
  adj_local = torch.sparse_coo_tensor(
/pscratch/sd/h/hmuki/plexus/plexus/utils/dataloader.py:412: UserWarning: Sparse invariant checks are implicitly disabled. Memory errors (e.g. SEGFAULT) will occur when operating on a sparse tensor which violates the invariants, but checks incur performance overhead. To silence this warning, explicitly opt in or out. See `torch.sparse.check_sparse_tensor_invariants.__doc__` for guidance.  (Triggered internally at /pytorch/aten/src/ATen/Context.cpp:760.)
  adj_local = torch.sparse_coo_tensor(
/pscratch/sd/h/hmuki/plexus/plexus/utils/dataloader.py:412: UserWarning: Sparse invariant checks are implicitly disabled. Memory errors (e.g. SEGFAULT) will occur when operating on a sparse tensor which violates the invariants, but checks incur performance overhead. To silence this warning, explicitly opt in or out. See `torch.sparse.check_sparse_tensor_invariants.__doc__` for guidance.  (Triggered internally at /pytorch/aten/src/ATen/Context.cpp:760.)
  adj_local = torch.sparse_coo_tensor(
/pscratch/sd/h/hmuki/plexus/plexus/utils/dataloader.py:412: UserWarning: Sparse invariant checks are implicitly disabled. Memory errors (e.g. SEGFAULT) will occur when operating on a sparse tensor which violates the invariants, but checks incur performance overhead. To silence this warning, explicitly opt in or out. See `torch.sparse.check_sparse_tensor_invariants.__doc__` for guidance.  (Triggered internally at /pytorch/aten/src/ATen/Context.cpp:760.)
  adj_local = torch.sparse_coo_tensor(
/pscratch/sd/h/hmuki/plexus/plexus/utils/dataloader.py:412: UserWarning: Sparse invariant checks are implicitly disabled. Memory errors (e.g. SEGFAULT) will occur when operating on a sparse tensor which violates the invariants, but checks incur performance overhead. To silence this warning, explicitly opt in or out. See `torch.sparse.check_sparse_tensor_invariants.__doc__` for guidance.  (Triggered internally at /pytorch/aten/src/ATen/Context.cpp:760.)
  adj_local = torch.sparse_coo_tensor(
/pscratch/sd/h/hmuki/plexus/plexus/utils/dataloader.py:412: UserWarning: Sparse invariant checks are implicitly disabled. Memory errors (e.g. SEGFAULT) will occur when operating on a sparse tensor which violates the invariants, but checks incur performance overhead. To silence this warning, explicitly opt in or out. See `torch.sparse.check_sparse_tensor_invariants.__doc__` for guidance.  (Triggered internally at /pytorch/aten/src/ATen/Context.cpp:760.)
  adj_local = torch.sparse_coo_tensor(
/pscratch/sd/h/hmuki/plexus/plexus/utils/dataloader.py:412: UserWarning: Sparse invariant checks are implicitly disabled. Memory errors (e.g. SEGFAULT) will occur when operating on a sparse tensor which violates the invariants, but checks incur performance overhead. To silence this warning, explicitly opt in or out. See `torch.sparse.check_sparse_tensor_invariants.__doc__` for guidance.  (Triggered internally at /pytorch/aten/src/ATen/Context.cpp:760.)
  adj_local = torch.sparse_coo_tensor(
/pscratch/sd/h/hmuki/plexus/plexus/utils/dataloader.py:412: UserWarning: Sparse invariant checks are implicitly disabled. Memory errors (e.g. SEGFAULT) will occur when operating on a sparse tensor which violates the invariants, but checks incur performance overhead. To silence this warning, explicitly opt in or out. See `torch.sparse.check_sparse_tensor_invariants.__doc__` for guidance.  (Triggered internally at /pytorch/aten/src/ATen/Context.cpp:760.)
  adj_local = torch.sparse_coo_tensor(
/pscratch/sd/h/hmuki/plexus/plexus/utils/dataloader.py:412: UserWarning: Sparse invariant checks are implicitly disabled. Memory errors (e.g. SEGFAULT) will occur when operating on a sparse tensor which violates the invariants, but checks incur performance overhead. To silence this warning, explicitly opt in or out. See `torch.sparse.check_sparse_tensor_invariants.__doc__` for guidance.  (Triggered internally at /pytorch/aten/src/ATen/Context.cpp:760.)
  adj_local = torch.sparse_coo_tensor(
/pscratch/sd/h/hmuki/plexus/plexus/utils/dataloader.py:412: UserWarning: Sparse invariant checks are implicitly disabled. Memory errors (e.g. SEGFAULT) will occur when operating on a sparse tensor which violates the invariants, but checks incur performance overhead. To silence this warning, explicitly opt in or out. See `torch.sparse.check_sparse_tensor_invariants.__doc__` for guidance.  (Triggered internally at /pytorch/aten/src/ATen/Context.cpp:760.)
  adj_local = torch.sparse_coo_tensor(
/pscratch/sd/h/hmuki/plexus/plexus/utils/dataloader.py:412: UserWarning: Sparse invariant checks are implicitly disabled. Memory errors (e.g. SEGFAULT) will occur when operating on a sparse tensor which violates the invariants, but checks incur performance overhead. To silence this warning, explicitly opt in or out. See `torch.sparse.check_sparse_tensor_invariants.__doc__` for guidance.  (Triggered internally at /pytorch/aten/src/ATen/Context.cpp:760.)
  adj_local = torch.sparse_coo_tensor(
/pscratch/sd/h/hmuki/plexus/plexus/utils/dataloader.py:412: UserWarning: Sparse invariant checks are implicitly disabled. Memory errors (e.g. SEGFAULT) will occur when operating on a sparse tensor which violates the invariants, but checks incur performance overhead. To silence this warning, explicitly opt in or out. See `torch.sparse.check_sparse_tensor_invariants.__doc__` for guidance.  (Triggered internally at /pytorch/aten/src/ATen/Context.cpp:760.)
  adj_local = torch.sparse_coo_tensor(
/pscratch/sd/h/hmuki/plexus/plexus/utils/dataloader.py:412: UserWarning: Sparse invariant checks are implicitly disabled. Memory errors (e.g. SEGFAULT) will occur when operating on a sparse tensor which violates the invariants, but checks incur performance overhead. To silence this warning, explicitly opt in or out. See `torch.sparse.check_sparse_tensor_invariants.__doc__` for guidance.  (Triggered internally at /pytorch/aten/src/ATen/Context.cpp:760.)
  adj_local = torch.sparse_coo_tensor(
/pscratch/sd/h/hmuki/plexus/plexus/utils/dataloader.py:412: UserWarning: Sparse invariant checks are implicitly disabled. Memory errors (e.g. SEGFAULT) will occur when operating on a sparse tensor which violates the invariants, but checks incur performance overhead. To silence this warning, explicitly opt in or out. See `torch.sparse.check_sparse_tensor_invariants.__doc__` for guidance.  (Triggered internally at /pytorch/aten/src/ATen/Context.cpp:760.)
  adj_local = torch.sparse_coo_tensor(
/pscratch/sd/h/hmuki/plexus/plexus/utils/dataloader.py:412: UserWarning: Sparse invariant checks are implicitly disabled. Memory errors (e.g. SEGFAULT) will occur when operating on a sparse tensor which violates the invariants, but checks incur performance overhead. To silence this warning, explicitly opt in or out. See `torch.sparse.check_sparse_tensor_invariants.__doc__` for guidance.  (Triggered internally at /pytorch/aten/src/ATen/Context.cpp:760.)
  adj_local = torch.sparse_coo_tensor(
/pscratch/sd/h/hmuki/plexus/plexus/utils/dataloader.py:425: UserWarning: Sparse CSR tensor support is in beta state. If you miss a functionality in the sparse tensor support, please submit a feature request to https://github.com/pytorch/pytorch/issues. (Triggered internally at /pytorch/aten/src/ATen/SparseCsrTensorImpl.cpp:49.)
  adj_local = adj_local.to_sparse_csr()
/pscratch/sd/h/hmuki/plexus/plexus/utils/dataloader.py:425: UserWarning: Sparse CSR tensor support is in beta state. If you miss a functionality in the sparse tensor support, please submit a feature request to https://github.com/pytorch/pytorch/issues. (Triggered internally at /pytorch/aten/src/ATen/SparseCsrTensorImpl.cpp:49.)
  adj_local = adj_local.to_sparse_csr()
/pscratch/sd/h/hmuki/plexus/plexus/utils/dataloader.py:425: UserWarning: Sparse CSR tensor support is in beta state. If you miss a functionality in the sparse tensor support, please submit a feature request to https://github.com/pytorch/pytorch/issues. (Triggered internally at /pytorch/aten/src/ATen/SparseCsrTensorImpl.cpp:49.)
  adj_local = adj_local.to_sparse_csr()
/pscratch/sd/h/hmuki/plexus/plexus/utils/dataloader.py:425: UserWarning: Sparse CSR tensor support is in beta state. If you miss a functionality in the sparse tensor support, please submit a feature request to https://github.com/pytorch/pytorch/issues. (Triggered internally at /pytorch/aten/src/ATen/SparseCsrTensorImpl.cpp:49.)
  adj_local = adj_local.to_sparse_csr()
/pscratch/sd/h/hmuki/plexus/plexus/utils/dataloader.py:425: UserWarning: Sparse CSR tensor support is in beta state. If you miss a functionality in the sparse tensor support, please submit a feature request to https://github.com/pytorch/pytorch/issues. (Triggered internally at /pytorch/aten/src/ATen/SparseCsrTensorImpl.cpp:49.)
  adj_local = adj_local.to_sparse_csr()
/pscratch/sd/h/hmuki/plexus/plexus/utils/dataloader.py:425: UserWarning: Sparse CSR tensor support is in beta state. If you miss a functionality in the sparse tensor support, please submit a feature request to https://github.com/pytorch/pytorch/issues. (Triggered internally at /pytorch/aten/src/ATen/SparseCsrTensorImpl.cpp:49.)
  adj_local = adj_local.to_sparse_csr()
/pscratch/sd/h/hmuki/plexus/plexus/utils/dataloader.py:425: UserWarning: Sparse CSR tensor support is in beta state. If you miss a functionality in the sparse tensor support, please submit a feature request to https://github.com/pytorch/pytorch/issues. (Triggered internally at /pytorch/aten/src/ATen/SparseCsrTensorImpl.cpp:49.)
  adj_local = adj_local.to_sparse_csr()
/pscratch/sd/h/hmuki/plexus/plexus/utils/dataloader.py:425: UserWarning: Sparse CSR tensor support is in beta state. If you miss a functionality in the sparse tensor support, please submit a feature request to https://github.com/pytorch/pytorch/issues. (Triggered internally at /pytorch/aten/src/ATen/SparseCsrTensorImpl.cpp:49.)
  adj_local = adj_local.to_sparse_csr()
/pscratch/sd/h/hmuki/plexus/plexus/utils/dataloader.py:425: UserWarning: Sparse CSR tensor support is in beta state. If you miss a functionality in the sparse tensor support, please submit a feature request to https://github.com/pytorch/pytorch/issues. (Triggered internally at /pytorch/aten/src/ATen/SparseCsrTensorImpl.cpp:49.)
  adj_local = adj_local.to_sparse_csr()
/pscratch/sd/h/hmuki/plexus/plexus/utils/dataloader.py:425: UserWarning: Sparse CSR tensor support is in beta state. If you miss a functionality in the sparse tensor support, please submit a feature request to https://github.com/pytorch/pytorch/issues. (Triggered internally at /pytorch/aten/src/ATen/SparseCsrTensorImpl.cpp:49.)
  adj_local = adj_local.to_sparse_csr()
/pscratch/sd/h/hmuki/plexus/plexus/utils/dataloader.py:425: UserWarning: Sparse CSR tensor support is in beta state. If you miss a functionality in the sparse tensor support, please submit a feature request to https://github.com/pytorch/pytorch/issues. (Triggered internally at /pytorch/aten/src/ATen/SparseCsrTensorImpl.cpp:49.)
  adj_local = adj_local.to_sparse_csr()
/pscratch/sd/h/hmuki/plexus/plexus/utils/dataloader.py:425: UserWarning: Sparse CSR tensor support is in beta state. If you miss a functionality in the sparse tensor support, please submit a feature request to https://github.com/pytorch/pytorch/issues. (Triggered internally at /pytorch/aten/src/ATen/SparseCsrTensorImpl.cpp:49.)
  adj_local = adj_local.to_sparse_csr()
/pscratch/sd/h/hmuki/plexus/plexus/utils/dataloader.py:425: UserWarning: Sparse CSR tensor support is in beta state. If you miss a functionality in the sparse tensor support, please submit a feature request to https://github.com/pytorch/pytorch/issues. (Triggered internally at /pytorch/aten/src/ATen/SparseCsrTensorImpl.cpp:49.)
  adj_local = adj_local.to_sparse_csr()
/pscratch/sd/h/hmuki/plexus/plexus/utils/dataloader.py:425: UserWarning: Sparse CSR tensor support is in beta state. If you miss a functionality in the sparse tensor support, please submit a feature request to https://github.com/pytorch/pytorch/issues. (Triggered internally at /pytorch/aten/src/ATen/SparseCsrTensorImpl.cpp:49.)
  adj_local = adj_local.to_sparse_csr()
/pscratch/sd/h/hmuki/plexus/plexus/utils/dataloader.py:425: UserWarning: Sparse CSR tensor support is in beta state. If you miss a functionality in the sparse tensor support, please submit a feature request to https://github.com/pytorch/pytorch/issues. (Triggered internally at /pytorch/aten/src/ATen/SparseCsrTensorImpl.cpp:49.)
  adj_local = adj_local.to_sparse_csr()
/pscratch/sd/h/hmuki/plexus/plexus/utils/dataloader.py:425: UserWarning: Sparse CSR tensor support is in beta state. If you miss a functionality in the sparse tensor support, please submit a feature request to https://github.com/pytorch/pytorch/issues. (Triggered internally at /pytorch/aten/src/ATen/SparseCsrTensorImpl.cpp:49.)
  adj_local = adj_local.to_sparse_csr()
[info] RMSNorm + ReLU + Dropout fused and compiled with torch.compile
steps_per_epoch:  41
steps_per_epoch:  41
steps_per_epoch:  41
steps_per_epoch:  41
steps_per_epoch:  41
steps_per_epoch:  41
steps_per_epoch:  41
steps_per_epoch:  41
steps_per_epoch:  41
steps_per_epoch:  41
steps_per_epoch:  41
steps_per_epoch:  41
steps_per_epoch:  41
steps_per_epoch:  41
steps_per_epoch:  41
steps_per_epoch:  41
Epoch: 000, Train Loss: 3.4486
Epoch: 001, Train Loss: 3.3895
Epoch: 002, Train Loss: 3.3253
Epoch: 003, Train Loss: 3.2865
Epoch: 004, Train Loss: 3.2723
Epoch: 005, Train Loss: 3.2563
Epoch: 006, Train Loss: 3.2568
Epoch: 007, Train Loss: 3.2351
Epoch: 008, Train Loss: 3.4380
rank 3 Peak GPU memory: 9.90 GB
rank 2 Peak GPU memory: 9.94 GB
rank 1 Peak GPU memory: 9.90 GB
rank 5 Peak GPU memory: 9.90 GB
rank 7 Peak GPU memory: 9.90 GB
rank 8 Peak GPU memory: 9.90 GB
rank 4 Peak GPU memory: 9.94 GB
rank 10 Peak GPU memory: 9.90 GB
rank 11 Peak GPU memory: 9.95 GB
rank 6 Peak GPU memory: 9.94 GB
rank 9 Peak GPU memory: 9.95 GB
rank 12 Peak GPU memory: 9.90 GB
rank 15 Peak GPU memory: 9.95 GB
rank 14 Peak GPU memory: 9.91 GB
rank 13 Peak GPU memory: 9.95 GB
|--[95m 'drop | Max Time: 0.167 ms | Avg Time: 0.150 ms | Load Imbalance: 1.113' [0m

|--[95m 'epoch 0 | Max Time: 7687.093 ms | Avg Time: 7685.326 ms | Load Imbalance: 1.000' [0m
	|--[92m 'minibatch prep | Max Time: 593.007 ms | Avg Time: 575.089 ms | Load Imbalance: 1.031' [0m
		|--[96m 'sample nodes | Max Time: 159.456 ms | Avg Time: 157.196 ms | Load Imbalance: 1.014' [0m
		|--[96m 'compact indices | Max Time: 36.425 ms | Avg Time: 34.389 ms | Load Imbalance: 1.059' [0m
		|--[96m 'compact adj shards | Max Time: 372.951 ms | Avg Time: 356.569 ms | Load Imbalance: 1.046' [0m
			|--[91m 'compact layout prep | Max Time: 108.664 ms | Avg Time: 99.379 ms | Load Imbalance: 1.093' [0m
			|--[91m 'compact csr: indices | Max Time: 2.779 ms | Avg Time: 2.652 ms | Load Imbalance: 1.048' [0m
			|--[91m 'compact csr: row ptrs | Max Time: 25.446 ms | Avg Time: 23.801 ms | Load Imbalance: 1.069' [0m
			|--[91m 'compact csr: nnz index | Max Time: 32.686 ms | Avg Time: 31.330 ms | Load Imbalance: 1.043' [0m
			|--[91m 'compact csr: select nnz | Max Time: 10.522 ms | Avg Time: 10.429 ms | Load Imbalance: 1.009' [0m
			|--[91m 'compact csr: col map | Max Time: 22.676 ms | Avg Time: 22.570 ms | Load Imbalance: 1.005' [0m
			|--[91m 'compact csr: edge scale | Max Time: 34.674 ms | Avg Time: 33.561 ms | Load Imbalance: 1.033' [0m
			|--[91m 'compact csr: crow | Max Time: 42.954 ms | Avg Time: 41.415 ms | Load Imbalance: 1.037' [0m
			|--[91m 'compact csr: adjt direct | Max Time: 45.428 ms | Avg Time: 43.602 ms | Load Imbalance: 1.042' [0m
		|--[96m 'compact feature slice | Max Time: 12.584 ms | Avg Time: 12.529 ms | Load Imbalance: 1.004' [0m
		|--[96m 'compact label slice | Max Time: 8.604 ms | Avg Time: 8.173 ms | Load Imbalance: 1.053' [0m
	|--[92m 'train step | Max Time: 7123.292 ms | Avg Time: 7108.318 ms | Load Imbalance: 1.002' [0m
		|--[96m 'input_linear | Max Time: 268.788 ms | Avg Time: 237.083 ms | Load Imbalance: 1.134' [0m
			|--[91m 'input_linear X * W | Max Time: 48.031 ms | Avg Time: 45.185 ms | Load Imbalance: 1.063' [0m
			|--[91m 'all-reduce | Max Time: 220.071 ms | Avg Time: 187.820 ms | Load Imbalance: 1.172' [0m
			|--[91m 'OUT + BIAS | Max Time: 3.083 ms | Avg Time: 3.074 ms | Load Imbalance: 1.003' [0m
		|--[96m 'gcn conv fwd | Max Time: 1168.926 ms | Avg Time: 1111.671 ms | Load Imbalance: 1.052' [0m
			|--[91m 'AGG = A * H | Max Time: 41.283 ms | Avg Time: 39.921 ms | Load Imbalance: 1.034' [0m
			|--[91m 'allreduce H | Max Time: 423.904 ms | Avg Time: 363.084 ms | Load Imbalance: 1.168' [0m
				|--[95m 'allreduce lowp comm dtype | Max Time: 11.898 ms | Avg Time: 11.795 ms | Load Imbalance: 1.009' [0m
				|--[95m 'allreduce lowp | Max Time: 396.515 ms | Avg Time: 335.720 ms | Load Imbalance: 1.181' [0m
				|--[95m 'allreduce copy back | Max Time: 14.355 ms | Avg Time: 14.316 ms | Load Imbalance: 1.003' [0m
			|--[91m 'Allgather W | Max Time: 110.133 ms | Avg Time: 69.982 ms | Load Imbalance: 1.574' [0m
				|--[95m 'gather | Max Time: 109.614 ms | Avg Time: 69.455 ms | Load Imbalance: 1.578' [0m
			|--[91m 'OUT = AGG * W | Max Time: 25.418 ms | Avg Time: 24.184 ms | Load Imbalance: 1.051' [0m
			|--[91m 'allreduce Q | Max Time: 692.406 ms | Avg Time: 612.648 ms | Load Imbalance: 1.130' [0m
				|--[95m 'allreduce lowp comm dtype | Max Time: 11.779 ms | Avg Time: 11.731 ms | Load Imbalance: 1.004' [0m
				|--[95m 'allreduce lowp | Max Time: 665.340 ms | Avg Time: 585.555 ms | Load Imbalance: 1.136' [0m
				|--[95m 'allreduce copy back | Max Time: 14.233 ms | Avg Time: 14.194 ms | Load Imbalance: 1.003' [0m
		|--[96m 'activation | Max Time: 3677.521 ms | Avg Time: 3522.624 ms | Load Imbalance: 1.044' [0m
			|--[91m 'all-reduce | Max Time: 59.725 ms | Avg Time: 25.530 ms | Load Imbalance: 2.339' [0m
		|--[96m 'output_linear | Max Time: 125.730 ms | Avg Time: 91.328 ms | Load Imbalance: 1.377' [0m
			|--[91m 'output_linear X * W | Max Time: 3.574 ms | Avg Time: 3.546 ms | Load Imbalance: 1.008' [0m
			|--[91m 'all-reduce | Max Time: 120.180 ms | Avg Time: 85.741 ms | Load Imbalance: 1.402' [0m
			|--[91m 'OUT + BIAS | Max Time: 1.605 ms | Avg Time: 1.581 ms | Load Imbalance: 1.015' [0m
		|--[96m 'cross entropy fwd | Max Time: 136.349 ms | Avg Time: 104.103 ms | Load Imbalance: 1.310' [0m
		|--[96m 'cross entropy bwd | Max Time: 7.762 ms | Avg Time: 6.825 ms | Load Imbalance: 1.137' [0m
		|--[96m 'linear_3d_bwd | Max Time: 67.531 ms | Avg Time: 63.844 ms | Load Imbalance: 1.058' [0m
			|--[91m 'output_linear GRAD_X | Max Time: 5.676 ms | Avg Time: 4.041 ms | Load Imbalance: 1.405' [0m
			|--[91m 'all-reduce | Max Time: 38.587 ms | Avg Time: 34.913 ms | Load Imbalance: 1.105' [0m
			|--[91m 'output_linear GRAD_W | Max Time: 18.398 ms | Avg Time: 13.935 ms | Load Imbalance: 1.320' [0m
			|--[91m 'input_linear GRAD_W | Max Time: 5.713 ms | Avg Time: 5.692 ms | Load Imbalance: 1.004' [0m
		|--[96m 'gcn conv bwd | Max Time: 635.615 ms | Avg Time: 606.857 ms | Load Imbalance: 1.047' [0m
			|--[91m 'GRAD_AGG = GRAD_OUT * W.T | Max Time: 25.505 ms | Avg Time: 24.523 ms | Load Imbalance: 1.040' [0m
			|--[91m 'allreduce lowp comm dtype | Max Time: 12.118 ms | Avg Time: 12.086 ms | Load Imbalance: 1.003' [0m
			|--[91m 'allreduce lowp | Max Time: 254.272 ms | Avg Time: 240.472 ms | Load Imbalance: 1.057' [0m
			|--[91m 'allreduce copy back | Max Time: 14.422 ms | Avg Time: 14.384 ms | Load Imbalance: 1.003' [0m
			|--[91m 'GRAD_W = AGG.T * GRAD_OUT | Max Time: 29.250 ms | Avg Time: 28.940 ms | Load Imbalance: 1.011' [0m
			|--[91m 'ReduceScatter grad_weight | Max Time: 5.068 ms | Avg Time: 4.601 ms | Load Imbalance: 1.101' [0m
				|--[95m 'reduce-scatter | Max Time: 4.591 ms | Avg Time: 4.114 ms | Load Imbalance: 1.116' [0m
					|--[92m 'reduce-scatter-dist | Max Time: 4.206 ms | Avg Time: 3.724 ms | Load Imbalance: 1.130' [0m
			|--[91m 'GRAD_H = A.T * GRAD_AGG | Max Time: 29.118 ms | Avg Time: 27.257 ms | Load Imbalance: 1.068' [0m
			|--[91m 'allreduce grad_x | Max Time: 238.859 ms | Avg Time: 234.858 ms | Load Imbalance: 1.017' [0m
				|--[95m 'allreduce lowp comm dtype | Max Time: 11.629 ms | Avg Time: 11.461 ms | Load Imbalance: 1.015' [0m
				|--[95m 'allreduce lowp | Max Time: 211.830 ms | Avg Time: 207.948 ms | Load Imbalance: 1.019' [0m
				|--[95m 'allreduce copy back | Max Time: 14.309 ms | Avg Time: 14.255 ms | Load Imbalance: 1.004' [0m
			|--[91m 'gather | Max Time: 35.607 ms | Avg Time: 16.841 ms | Load Imbalance: 2.114' [0m
		|--[96m 'sync_norm_gradients | Max Time: 439.926 ms | Avg Time: 431.528 ms | Load Imbalance: 1.019' [0m
		|--[96m 'sync_data_parallel_gradients | Max Time: 0.124 ms | Avg Time: 0.104 ms | Load Imbalance: 1.195' [0m

|--[95m 'epoch 1 | Max Time: 1947.931 ms | Avg Time: 1947.918 ms | Load Imbalance: 1.000' [0m
	|--[92m 'minibatch prep | Max Time: 473.434 ms | Avg Time: 460.041 ms | Load Imbalance: 1.029' [0m
		|--[96m 'sample nodes | Max Time: 140.795 ms | Avg Time: 140.382 ms | Load Imbalance: 1.003' [0m
		|--[96m 'compact indices | Max Time: 25.499 ms | Avg Time: 24.724 ms | Load Imbalance: 1.031' [0m
		|--[96m 'compact adj shards | Max Time: 287.963 ms | Avg Time: 275.391 ms | Load Imbalance: 1.046' [0m
			|--[91m 'compact layout prep | Max Time: 64.399 ms | Avg Time: 56.737 ms | Load Imbalance: 1.135' [0m
			|--[91m 'compact csr: indices | Max Time: 2.701 ms | Avg Time: 2.594 ms | Load Imbalance: 1.041' [0m
			|--[91m 'compact csr: row ptrs | Max Time: 15.421 ms | Avg Time: 15.217 ms | Load Imbalance: 1.013' [0m
			|--[91m 'compact csr: nnz index | Max Time: 29.598 ms | Avg Time: 27.504 ms | Load Imbalance: 1.076' [0m
			|--[91m 'compact csr: select nnz | Max Time: 10.560 ms | Avg Time: 10.465 ms | Load Imbalance: 1.009' [0m
			|--[91m 'compact csr: col map | Max Time: 22.669 ms | Avg Time: 22.577 ms | Load Imbalance: 1.004' [0m
			|--[91m 'compact csr: edge scale | Max Time: 28.778 ms | Avg Time: 27.758 ms | Load Imbalance: 1.037' [0m
			|--[91m 'compact csr: crow | Max Time: 22.609 ms | Avg Time: 21.783 ms | Load Imbalance: 1.038' [0m
			|--[91m 'compact csr: adjt direct | Max Time: 45.477 ms | Avg Time: 42.945 ms | Load Imbalance: 1.059' [0m
		|--[96m 'compact feature slice | Max Time: 12.150 ms | Avg Time: 12.124 ms | Load Imbalance: 1.002' [0m
		|--[96m 'compact label slice | Max Time: 1.636 ms | Avg Time: 1.629 ms | Load Imbalance: 1.004' [0m
	|--[92m 'train step | Max Time: 1496.321 ms | Avg Time: 1486.048 ms | Load Imbalance: 1.007' [0m
		|--[96m 'input_linear | Max Time: 61.115 ms | Avg Time: 48.811 ms | Load Imbalance: 1.252' [0m
			|--[91m 'input_linear X * W | Max Time: 6.556 ms | Avg Time: 6.427 ms | Load Imbalance: 1.020' [0m
			|--[91m 'all-reduce | Max Time: 50.851 ms | Avg Time: 38.622 ms | Load Imbalance: 1.317' [0m
			|--[91m 'OUT + BIAS | Max Time: 3.084 ms | Avg Time: 3.070 ms | Load Imbalance: 1.005' [0m
		|--[96m 'gcn conv fwd | Max Time: 553.248 ms | Avg Time: 548.881 ms | Load Imbalance: 1.008' [0m
			|--[91m 'AGG = A * H | Max Time: 28.306 ms | Avg Time: 27.204 ms | Load Imbalance: 1.040' [0m
			|--[91m 'allreduce H | Max Time: 246.022 ms | Avg Time: 241.319 ms | Load Imbalance: 1.019' [0m
				|--[95m 'allreduce lowp comm dtype | Max Time: 11.612 ms | Avg Time: 11.576 ms | Load Imbalance: 1.003' [0m
				|--[95m 'allreduce lowp | Max Time: 219.239 ms | Avg Time: 214.323 ms | Load Imbalance: 1.023' [0m
				|--[95m 'allreduce copy back | Max Time: 14.318 ms | Avg Time: 14.261 ms | Load Imbalance: 1.004' [0m
			|--[91m 'Allgather W | Max Time: 7.603 ms | Avg Time: 7.022 ms | Load Imbalance: 1.083' [0m
				|--[95m 'gather | Max Time: 7.127 ms | Avg Time: 6.540 ms | Load Imbalance: 1.090' [0m
			|--[91m 'OUT = AGG * W | Max Time: 23.691 ms | Avg Time: 23.668 ms | Load Imbalance: 1.001' [0m
			|--[91m 'allreduce Q | Max Time: 255.499 ms | Avg Time: 247.930 ms | Load Imbalance: 1.031' [0m
				|--[95m 'allreduce lowp comm dtype | Max Time: 11.783 ms | Avg Time: 11.726 ms | Load Imbalance: 1.005' [0m
				|--[95m 'allreduce lowp | Max Time: 228.380 ms | Avg Time: 220.849 ms | Load Imbalance: 1.034' [0m
				|--[95m 'allreduce copy back | Max Time: 14.226 ms | Avg Time: 14.190 ms | Load Imbalance: 1.003' [0m
		|--[96m 'activation | Max Time: 46.951 ms | Avg Time: 46.636 ms | Load Imbalance: 1.007' [0m
			|--[91m 'all-reduce | Max Time: 16.280 ms | Avg Time: 15.951 ms | Load Imbalance: 1.021' [0m
		|--[96m 'output_linear | Max Time: 56.369 ms | Avg Time: 55.254 ms | Load Imbalance: 1.020' [0m
			|--[91m 'output_linear X * W | Max Time: 3.461 ms | Avg Time: 3.438 ms | Load Imbalance: 1.007' [0m
			|--[91m 'all-reduce | Max Time: 50.979 ms | Avg Time: 49.848 ms | Load Imbalance: 1.023' [0m
			|--[91m 'OUT + BIAS | Max Time: 1.600 ms | Avg Time: 1.579 ms | Load Imbalance: 1.013' [0m
		|--[96m 'cross entropy fwd | Max Time: 45.138 ms | Avg Time: 44.300 ms | Load Imbalance: 1.019' [0m
		|--[96m 'cross entropy bwd | Max Time: 6.417 ms | Avg Time: 5.977 ms | Load Imbalance: 1.074' [0m
		|--[96m 'linear_3d_bwd | Max Time: 54.410 ms | Avg Time: 51.649 ms | Load Imbalance: 1.053' [0m
			|--[91m 'output_linear GRAD_X | Max Time: 3.908 ms | Avg Time: 3.101 ms | Load Imbalance: 1.260' [0m
			|--[91m 'all-reduce | Max Time: 37.235 ms | Avg Time: 33.945 ms | Load Imbalance: 1.097' [0m
			|--[91m 'output_linear GRAD_W | Max Time: 4.107 ms | Avg Time: 4.064 ms | Load Imbalance: 1.011' [0m
			|--[91m 'input_linear GRAD_W | Max Time: 5.716 ms | Avg Time: 5.691 ms | Load Imbalance: 1.004' [0m
		|--[96m 'gcn conv bwd | Max Time: 580.031 ms | Avg Time: 577.977 ms | Load Imbalance: 1.004' [0m
			|--[91m 'GRAD_AGG = GRAD_OUT * W.T | Max Time: 23.804 ms | Avg Time: 23.779 ms | Load Imbalance: 1.001' [0m
			|--[91m 'allreduce lowp comm dtype | Max Time: 14.047 ms | Avg Time: 12.210 ms | Load Imbalance: 1.151' [0m
			|--[91m 'allreduce lowp | Max Time: 220.330 ms | Avg Time: 217.527 ms | Load Imbalance: 1.013' [0m
			|--[91m 'allreduce copy back | Max Time: 14.432 ms | Avg Time: 14.382 ms | Load Imbalance: 1.003' [0m
			|--[91m 'GRAD_W = AGG.T * GRAD_OUT | Max Time: 29.109 ms | Avg Time: 28.827 ms | Load Imbalance: 1.010' [0m
			|--[91m 'ReduceScatter grad_weight | Max Time: 4.652 ms | Avg Time: 4.152 ms | Load Imbalance: 1.120' [0m
				|--[95m 'reduce-scatter | Max Time: 4.176 ms | Avg Time: 3.671 ms | Load Imbalance: 1.138' [0m
					|--[92m 'reduce-scatter-dist | Max Time: 3.795 ms | Avg Time: 3.286 ms | Load Imbalance: 1.155' [0m
			|--[91m 'GRAD_H = A.T * GRAD_AGG | Max Time: 29.132 ms | Avg Time: 27.224 ms | Load Imbalance: 1.070' [0m
			|--[91m 'allreduce grad_x | Max Time: 237.289 ms | Avg Time: 234.956 ms | Load Imbalance: 1.010' [0m
				|--[95m 'allreduce lowp comm dtype | Max Time: 11.593 ms | Avg Time: 11.443 ms | Load Imbalance: 1.013' [0m
				|--[95m 'allreduce lowp | Max Time: 210.326 ms | Avg Time: 208.110 ms | Load Imbalance: 1.011' [0m
				|--[95m 'allreduce copy back | Max Time: 14.290 ms | Avg Time: 14.239 ms | Load Imbalance: 1.004' [0m
			|--[91m 'gather | Max Time: 13.556 ms | Avg Time: 12.110 ms | Load Imbalance: 1.119' [0m
		|--[96m 'sync_norm_gradients | Max Time: 4.683 ms | Avg Time: 3.926 ms | Load Imbalance: 1.193' [0m
		|--[96m 'sync_data_parallel_gradients | Max Time: 0.098 ms | Avg Time: 0.096 ms | Load Imbalance: 1.013' [0m

|--[95m 'epoch 2 | Max Time: 1942.534 ms | Avg Time: 1942.514 ms | Load Imbalance: 1.000' [0m
	|--[92m 'minibatch prep | Max Time: 474.345 ms | Avg Time: 460.133 ms | Load Imbalance: 1.031' [0m
		|--[96m 'sample nodes | Max Time: 140.814 ms | Avg Time: 140.380 ms | Load Imbalance: 1.003' [0m
		|--[96m 'compact indices | Max Time: 26.518 ms | Avg Time: 24.841 ms | Load Imbalance: 1.068' [0m
		|--[96m 'compact adj shards | Max Time: 288.689 ms | Avg Time: 275.379 ms | Load Imbalance: 1.048' [0m
			|--[91m 'compact layout prep | Max Time: 64.405 ms | Avg Time: 56.711 ms | Load Imbalance: 1.136' [0m
			|--[91m 'compact csr: indices | Max Time: 2.803 ms | Avg Time: 2.599 ms | Load Imbalance: 1.078' [0m
			|--[91m 'compact csr: row ptrs | Max Time: 17.167 ms | Avg Time: 15.347 ms | Load Imbalance: 1.119' [0m
			|--[91m 'compact csr: nnz index | Max Time: 27.613 ms | Avg Time: 27.325 ms | Load Imbalance: 1.011' [0m
			|--[91m 'compact csr: select nnz | Max Time: 10.572 ms | Avg Time: 10.479 ms | Load Imbalance: 1.009' [0m
			|--[91m 'compact csr: col map | Max Time: 22.724 ms | Avg Time: 22.589 ms | Load Imbalance: 1.006' [0m
			|--[91m 'compact csr: edge scale | Max Time: 28.848 ms | Avg Time: 27.765 ms | Load Imbalance: 1.039' [0m
			|--[91m 'compact csr: crow | Max Time: 22.608 ms | Avg Time: 21.825 ms | Load Imbalance: 1.036' [0m
			|--[91m 'compact csr: adjt direct | Max Time: 43.957 ms | Avg Time: 42.846 ms | Load Imbalance: 1.026' [0m
		|--[96m 'compact feature slice | Max Time: 12.155 ms | Avg Time: 12.126 ms | Load Imbalance: 1.002' [0m
		|--[96m 'compact label slice | Max Time: 1.641 ms | Avg Time: 1.636 ms | Load Imbalance: 1.003' [0m
	|--[92m 'train step | Max Time: 1491.335 ms | Avg Time: 1480.468 ms | Load Imbalance: 1.007' [0m
		|--[96m 'input_linear | Max Time: 62.181 ms | Avg Time: 48.644 ms | Load Imbalance: 1.278' [0m
			|--[91m 'input_linear X * W | Max Time: 6.560 ms | Avg Time: 6.426 ms | Load Imbalance: 1.021' [0m
			|--[91m 'all-reduce | Max Time: 51.819 ms | Avg Time: 38.440 ms | Load Imbalance: 1.348' [0m
			|--[91m 'OUT + BIAS | Max Time: 3.085 ms | Avg Time: 3.070 ms | Load Imbalance: 1.005' [0m
		|--[96m 'gcn conv fwd | Max Time: 552.811 ms | Avg Time: 547.092 ms | Load Imbalance: 1.010' [0m
			|--[91m 'AGG = A * H | Max Time: 28.331 ms | Avg Time: 27.205 ms | Load Imbalance: 1.041' [0m
			|--[91m 'allreduce H | Max Time: 242.959 ms | Avg Time: 241.144 ms | Load Imbalance: 1.008' [0m
				|--[95m 'allreduce lowp comm dtype | Max Time: 11.618 ms | Avg Time: 11.576 ms | Load Imbalance: 1.004' [0m
				|--[95m 'allreduce lowp | Max Time: 215.987 ms | Avg Time: 214.150 ms | Load Imbalance: 1.009' [0m
				|--[95m 'allreduce copy back | Max Time: 14.318 ms | Avg Time: 14.260 ms | Load Imbalance: 1.004' [0m
			|--[91m 'Allgather W | Max Time: 8.007 ms | Avg Time: 7.471 ms | Load Imbalance: 1.072' [0m
				|--[95m 'gather | Max Time: 7.528 ms | Avg Time: 6.840 ms | Load Imbalance: 1.101' [0m
			|--[91m 'OUT = AGG * W | Max Time: 23.723 ms | Avg Time: 23.683 ms | Load Imbalance: 1.002' [0m
			|--[91m 'allreduce Q | Max Time: 251.868 ms | Avg Time: 245.835 ms | Load Imbalance: 1.025' [0m
				|--[95m 'allreduce lowp comm dtype | Max Time: 11.808 ms | Avg Time: 11.732 ms | Load Imbalance: 1.006' [0m
				|--[95m 'allreduce lowp | Max Time: 224.787 ms | Avg Time: 218.747 ms | Load Imbalance: 1.028' [0m
				|--[95m 'allreduce copy back | Max Time: 14.240 ms | Avg Time: 14.189 ms | Load Imbalance: 1.004' [0m
		|--[96m 'activation | Max Time: 47.500 ms | Avg Time: 46.757 ms | Load Imbalance: 1.016' [0m
			|--[91m 'all-reduce | Max Time: 16.798 ms | Avg Time: 16.071 ms | Load Imbalance: 1.045' [0m
		|--[96m 'output_linear | Max Time: 55.635 ms | Avg Time: 54.736 ms | Load Imbalance: 1.016' [0m
			|--[91m 'output_linear X * W | Max Time: 3.461 ms | Avg Time: 3.439 ms | Load Imbalance: 1.007' [0m
			|--[91m 'all-reduce | Max Time: 50.200 ms | Avg Time: 49.329 ms | Load Imbalance: 1.018' [0m
			|--[91m 'OUT + BIAS | Max Time: 1.601 ms | Avg Time: 1.579 ms | Load Imbalance: 1.013' [0m
		|--[96m 'cross entropy fwd | Max Time: 45.583 ms | Avg Time: 44.189 ms | Load Imbalance: 1.032' [0m
		|--[96m 'cross entropy bwd | Max Time: 6.239 ms | Avg Time: 5.959 ms | Load Imbalance: 1.047' [0m
		|--[96m 'linear_3d_bwd | Max Time: 56.098 ms | Avg Time: 51.634 ms | Load Imbalance: 1.086' [0m
			|--[91m 'output_linear GRAD_X | Max Time: 3.808 ms | Avg Time: 3.118 ms | Load Imbalance: 1.221' [0m
			|--[91m 'all-reduce | Max Time: 38.954 ms | Avg Time: 33.923 ms | Load Imbalance: 1.148' [0m
			|--[91m 'output_linear GRAD_W | Max Time: 4.107 ms | Avg Time: 4.065 ms | Load Imbalance: 1.010' [0m
			|--[91m 'input_linear GRAD_W | Max Time: 5.711 ms | Avg Time: 5.689 ms | Load Imbalance: 1.004' [0m
		|--[96m 'gcn conv bwd | Max Time: 576.819 ms | Avg Time: 574.099 ms | Load Imbalance: 1.005' [0m
			|--[91m 'GRAD_AGG = GRAD_OUT * W.T | Max Time: 23.791 ms | Avg Time: 23.773 ms | Load Imbalance: 1.001' [0m
			|--[91m 'allreduce lowp comm dtype | Max Time: 12.132 ms | Avg Time: 12.088 ms | Load Imbalance: 1.004' [0m
			|--[91m 'allreduce lowp | Max Time: 216.239 ms | Avg Time: 212.909 ms | Load Imbalance: 1.016' [0m
			|--[91m 'allreduce copy back | Max Time: 14.420 ms | Avg Time: 14.381 ms | Load Imbalance: 1.003' [0m
			|--[91m 'GRAD_W = AGG.T * GRAD_OUT | Max Time: 29.114 ms | Avg Time: 28.829 ms | Load Imbalance: 1.010' [0m
			|--[91m 'ReduceScatter grad_weight | Max Time: 4.648 ms | Avg Time: 4.173 ms | Load Imbalance: 1.114' [0m
				|--[95m 'reduce-scatter | Max Time: 4.172 ms | Avg Time: 3.691 ms | Load Imbalance: 1.130' [0m
					|--[92m 'reduce-scatter-dist | Max Time: 3.791 ms | Avg Time: 3.306 ms | Load Imbalance: 1.147' [0m
			|--[91m 'GRAD_H = A.T * GRAD_AGG | Max Time: 29.156 ms | Avg Time: 27.223 ms | Load Imbalance: 1.071' [0m
			|--[91m 'allreduce grad_x | Max Time: 239.652 ms | Avg Time: 234.416 ms | Load Imbalance: 1.022' [0m
				|--[95m 'allreduce lowp comm dtype | Max Time: 11.592 ms | Avg Time: 11.443 ms | Load Imbalance: 1.013' [0m
				|--[95m 'allreduce lowp | Max Time: 212.711 ms | Avg Time: 207.568 ms | Load Imbalance: 1.025' [0m
				|--[95m 'allreduce copy back | Max Time: 14.305 ms | Avg Time: 14.241 ms | Load Imbalance: 1.005' [0m
			|--[91m 'gather | Max Time: 18.675 ms | Avg Time: 13.494 ms | Load Imbalance: 1.384' [0m
		|--[96m 'sync_norm_gradients | Max Time: 5.040 ms | Avg Time: 4.423 ms | Load Imbalance: 1.140' [0m
		|--[96m 'sync_data_parallel_gradients | Max Time: 0.098 ms | Avg Time: 0.096 ms | Load Imbalance: 1.019' [0m

|--[95m 'epoch 3 | Max Time: 1937.854 ms | Avg Time: 1937.836 ms | Load Imbalance: 1.000' [0m
	|--[92m 'minibatch prep | Max Time: 473.384 ms | Avg Time: 460.102 ms | Load Imbalance: 1.029' [0m
		|--[96m 'sample nodes | Max Time: 140.796 ms | Avg Time: 140.365 ms | Load Imbalance: 1.003' [0m
		|--[96m 'compact indices | Max Time: 25.563 ms | Avg Time: 24.799 ms | Load Imbalance: 1.031' [0m
		|--[96m 'compact adj shards | Max Time: 288.042 ms | Avg Time: 275.421 ms | Load Imbalance: 1.046' [0m
			|--[91m 'compact layout prep | Max Time: 64.391 ms | Avg Time: 56.729 ms | Load Imbalance: 1.135' [0m
			|--[91m 'compact csr: indices | Max Time: 2.724 ms | Avg Time: 2.610 ms | Load Imbalance: 1.044' [0m
			|--[91m 'compact csr: row ptrs | Max Time: 15.439 ms | Avg Time: 15.207 ms | Load Imbalance: 1.015' [0m
			|--[91m 'compact csr: nnz index | Max Time: 27.691 ms | Avg Time: 27.368 ms | Load Imbalance: 1.012' [0m
			|--[91m 'compact csr: select nnz | Max Time: 10.545 ms | Avg Time: 10.489 ms | Load Imbalance: 1.005' [0m
			|--[91m 'compact csr: col map | Max Time: 22.680 ms | Avg Time: 22.582 ms | Load Imbalance: 1.004' [0m
			|--[91m 'compact csr: edge scale | Max Time: 28.673 ms | Avg Time: 27.748 ms | Load Imbalance: 1.033' [0m
			|--[91m 'compact csr: crow | Max Time: 22.655 ms | Avg Time: 21.797 ms | Load Imbalance: 1.039' [0m
			|--[91m 'compact csr: adjt direct | Max Time: 44.053 ms | Avg Time: 42.926 ms | Load Imbalance: 1.026' [0m
		|--[96m 'compact feature slice | Max Time: 12.153 ms | Avg Time: 12.129 ms | Load Imbalance: 1.002' [0m
		|--[96m 'compact label slice | Max Time: 1.645 ms | Avg Time: 1.638 ms | Load Imbalance: 1.005' [0m
	|--[92m 'train step | Max Time: 1485.756 ms | Avg Time: 1475.915 ms | Load Imbalance: 1.007' [0m
		|--[96m 'input_linear | Max Time: 60.866 ms | Avg Time: 48.338 ms | Load Imbalance: 1.259' [0m
			|--[91m 'input_linear X * W | Max Time: 6.513 ms | Avg Time: 6.410 ms | Load Imbalance: 1.016' [0m
			|--[91m 'all-reduce | Max Time: 50.577 ms | Avg Time: 38.202 ms | Load Imbalance: 1.324' [0m
			|--[91m 'OUT + BIAS | Max Time: 3.084 ms | Avg Time: 3.071 ms | Load Imbalance: 1.004' [0m
		|--[96m 'gcn conv fwd | Max Time: 546.672 ms | Avg Time: 541.730 ms | Load Imbalance: 1.009' [0m
			|--[91m 'AGG = A * H | Max Time: 28.361 ms | Avg Time: 27.222 ms | Load Imbalance: 1.042' [0m
			|--[91m 'allreduce H | Max Time: 245.478 ms | Avg Time: 241.317 ms | Load Imbalance: 1.017' [0m
				|--[95m 'allreduce lowp comm dtype | Max Time: 11.615 ms | Avg Time: 11.575 ms | Load Imbalance: 1.003' [0m
				|--[95m 'allreduce lowp | Max Time: 218.697 ms | Avg Time: 214.327 ms | Load Imbalance: 1.020' [0m
				|--[95m 'allreduce copy back | Max Time: 14.320 ms | Avg Time: 14.257 ms | Load Imbalance: 1.004' [0m
			|--[91m 'Allgather W | Max Time: 7.748 ms | Avg Time: 7.163 ms | Load Imbalance: 1.082' [0m
				|--[95m 'gather | Max Time: 7.266 ms | Avg Time: 6.681 ms | Load Imbalance: 1.088' [0m
			|--[91m 'OUT = AGG * W | Max Time: 23.702 ms | Avg Time: 23.667 ms | Load Imbalance: 1.001' [0m
			|--[91m 'allreduce Q | Max Time: 248.969 ms | Avg Time: 240.621 ms | Load Imbalance: 1.035' [0m
				|--[95m 'allreduce lowp comm dtype | Max Time: 11.801 ms | Avg Time: 11.729 ms | Load Imbalance: 1.006' [0m
				|--[95m 'allreduce lowp | Max Time: 221.888 ms | Avg Time: 213.535 ms | Load Imbalance: 1.039' [0m
				|--[95m 'allreduce copy back | Max Time: 14.234 ms | Avg Time: 14.190 ms | Load Imbalance: 1.003' [0m
		|--[96m 'activation | Max Time: 47.026 ms | Avg Time: 46.688 ms | Load Imbalance: 1.007' [0m
			|--[91m 'all-reduce | Max Time: 16.315 ms | Avg Time: 16.002 ms | Load Imbalance: 1.020' [0m
		|--[96m 'output_linear | Max Time: 55.250 ms | Avg Time: 54.341 ms | Load Imbalance: 1.017' [0m
			|--[91m 'output_linear X * W | Max Time: 3.457 ms | Avg Time: 3.437 ms | Load Imbalance: 1.006' [0m
			|--[91m 'all-reduce | Max Time: 49.847 ms | Avg Time: 48.934 ms | Load Imbalance: 1.019' [0m
			|--[91m 'OUT + BIAS | Max Time: 1.606 ms | Avg Time: 1.582 ms | Load Imbalance: 1.015' [0m
		|--[96m 'cross entropy fwd | Max Time: 44.924 ms | Avg Time: 43.889 ms | Load Imbalance: 1.024' [0m
		|--[96m 'cross entropy bwd | Max Time: 6.117 ms | Avg Time: 5.955 ms | Load Imbalance: 1.027' [0m
		|--[96m 'linear_3d_bwd | Max Time: 55.204 ms | Avg Time: 51.320 ms | Load Imbalance: 1.076' [0m
			|--[91m 'output_linear GRAD_X | Max Time: 3.552 ms | Avg Time: 3.128 ms | Load Imbalance: 1.135' [0m
			|--[91m 'all-reduce | Max Time: 38.074 ms | Avg Time: 33.592 ms | Load Imbalance: 1.133' [0m
			|--[91m 'output_linear GRAD_W | Max Time: 4.105 ms | Avg Time: 4.063 ms | Load Imbalance: 1.010' [0m
			|--[91m 'input_linear GRAD_W | Max Time: 5.711 ms | Avg Time: 5.691 ms | Load Imbalance: 1.004' [0m
		|--[96m 'gcn conv bwd | Max Time: 581.244 ms | Avg Time: 575.972 ms | Load Imbalance: 1.009' [0m
			|--[91m 'GRAD_AGG = GRAD_OUT * W.T | Max Time: 23.796 ms | Avg Time: 23.779 ms | Load Imbalance: 1.001' [0m
			|--[91m 'allreduce lowp comm dtype | Max Time: 12.134 ms | Avg Time: 12.090 ms | Load Imbalance: 1.004' [0m
			|--[91m 'allreduce lowp | Max Time: 220.564 ms | Avg Time: 215.200 ms | Load Imbalance: 1.025' [0m
			|--[91m 'allreduce copy back | Max Time: 14.443 ms | Avg Time: 14.383 ms | Load Imbalance: 1.004' [0m
			|--[91m 'GRAD_W = AGG.T * GRAD_OUT | Max Time: 29.121 ms | Avg Time: 28.805 ms | Load Imbalance: 1.011' [0m
			|--[91m 'ReduceScatter grad_weight | Max Time: 4.401 ms | Avg Time: 4.060 ms | Load Imbalance: 1.084' [0m
				|--[95m 'reduce-scatter | Max Time: 3.924 ms | Avg Time: 3.579 ms | Load Imbalance: 1.097' [0m
					|--[92m 'reduce-scatter-dist | Max Time: 3.544 ms | Avg Time: 3.194 ms | Load Imbalance: 1.110' [0m
			|--[91m 'GRAD_H = A.T * GRAD_AGG | Max Time: 29.230 ms | Avg Time: 27.225 ms | Load Imbalance: 1.074' [0m
			|--[91m 'allreduce grad_x | Max Time: 239.117 ms | Avg Time: 235.302 ms | Load Imbalance: 1.016' [0m
				|--[95m 'allreduce lowp comm dtype | Max Time: 11.595 ms | Avg Time: 11.445 ms | Load Imbalance: 1.013' [0m
				|--[95m 'allreduce lowp | Max Time: 212.174 ms | Avg Time: 208.453 ms | Load Imbalance: 1.018' [0m
				|--[95m 'allreduce copy back | Max Time: 14.290 ms | Avg Time: 14.240 ms | Load Imbalance: 1.004' [0m
			|--[91m 'gather | Max Time: 14.975 ms | Avg Time: 12.317 ms | Load Imbalance: 1.216' [0m
		|--[96m 'sync_norm_gradients | Max Time: 5.191 ms | Avg Time: 4.210 ms | Load Imbalance: 1.233' [0m
		|--[96m 'sync_data_parallel_gradients | Max Time: 0.098 ms | Avg Time: 0.096 ms | Load Imbalance: 1.021' [0m

|--[95m 'epoch 4 | Max Time: 1943.058 ms | Avg Time: 1943.039 ms | Load Imbalance: 1.000' [0m
	|--[92m 'minibatch prep | Max Time: 474.035 ms | Avg Time: 460.412 ms | Load Imbalance: 1.030' [0m
		|--[96m 'sample nodes | Max Time: 140.811 ms | Avg Time: 140.372 ms | Load Imbalance: 1.003' [0m
		|--[96m 'compact indices | Max Time: 25.555 ms | Avg Time: 24.796 ms | Load Imbalance: 1.031' [0m
		|--[96m 'compact adj shards | Max Time: 288.650 ms | Avg Time: 275.719 ms | Load Imbalance: 1.047' [0m
			|--[91m 'compact layout prep | Max Time: 64.581 ms | Avg Time: 56.741 ms | Load Imbalance: 1.138' [0m
			|--[91m 'compact csr: indices | Max Time: 2.745 ms | Avg Time: 2.609 ms | Load Imbalance: 1.052' [0m
			|--[91m 'compact csr: row ptrs | Max Time: 15.496 ms | Avg Time: 15.221 ms | Load Imbalance: 1.018' [0m
			|--[91m 'compact csr: nnz index | Max Time: 27.614 ms | Avg Time: 27.274 ms | Load Imbalance: 1.012' [0m
			|--[91m 'compact csr: select nnz | Max Time: 10.634 ms | Avg Time: 10.478 ms | Load Imbalance: 1.015' [0m
			|--[91m 'compact csr: col map | Max Time: 22.693 ms | Avg Time: 22.560 ms | Load Imbalance: 1.006' [0m
			|--[91m 'compact csr: edge scale | Max Time: 28.864 ms | Avg Time: 27.842 ms | Load Imbalance: 1.037' [0m
			|--[91m 'compact csr: crow | Max Time: 22.623 ms | Avg Time: 21.815 ms | Load Imbalance: 1.037' [0m
			|--[91m 'compact csr: adjt direct | Max Time: 48.034 ms | Avg Time: 43.214 ms | Load Imbalance: 1.112' [0m
		|--[96m 'compact feature slice | Max Time: 12.156 ms | Avg Time: 12.129 ms | Load Imbalance: 1.002' [0m
		|--[96m 'compact label slice | Max Time: 1.646 ms | Avg Time: 1.639 ms | Load Imbalance: 1.004' [0m
	|--[92m 'train step | Max Time: 1491.399 ms | Avg Time: 1480.814 ms | Load Imbalance: 1.007' [0m
		|--[96m 'input_linear | Max Time: 60.706 ms | Avg Time: 48.872 ms | Load Imbalance: 1.242' [0m
			|--[91m 'input_linear X * W | Max Time: 6.570 ms | Avg Time: 6.428 ms | Load Imbalance: 1.022' [0m
			|--[91m 'all-reduce | Max Time: 50.348 ms | Avg Time: 38.630 ms | Load Imbalance: 1.303' [0m
			|--[91m 'OUT + BIAS | Max Time: 3.084 ms | Avg Time: 3.070 ms | Load Imbalance: 1.005' [0m
		|--[96m 'gcn conv fwd | Max Time: 552.885 ms | Avg Time: 547.990 ms | Load Imbalance: 1.009' [0m
			|--[91m 'AGG = A * H | Max Time: 28.335 ms | Avg Time: 27.276 ms | Load Imbalance: 1.039' [0m
			|--[91m 'allreduce H | Max Time: 244.690 ms | Avg Time: 241.386 ms | Load Imbalance: 1.014' [0m
				|--[95m 'allreduce lowp comm dtype | Max Time: 11.616 ms | Avg Time: 11.577 ms | Load Imbalance: 1.003' [0m
				|--[95m 'allreduce lowp | Max Time: 216.990 ms | Avg Time: 214.343 ms | Load Imbalance: 1.012' [0m
				|--[95m 'allreduce copy back | Max Time: 14.954 ms | Avg Time: 14.305 ms | Load Imbalance: 1.045' [0m
			|--[91m 'Allgather W | Max Time: 7.960 ms | Avg Time: 7.327 ms | Load Imbalance: 1.086' [0m
				|--[95m 'gather | Max Time: 7.481 ms | Avg Time: 6.839 ms | Load Imbalance: 1.094' [0m
			|--[91m 'OUT = AGG * W | Max Time: 23.753 ms | Avg Time: 23.671 ms | Load Imbalance: 1.003' [0m
			|--[91m 'allreduce Q | Max Time: 253.199 ms | Avg Time: 246.582 ms | Load Imbalance: 1.027' [0m
				|--[95m 'allreduce lowp comm dtype | Max Time: 11.809 ms | Avg Time: 11.733 ms | Load Imbalance: 1.006' [0m
				|--[95m 'allreduce lowp | Max Time: 226.191 ms | Avg Time: 219.493 ms | Load Imbalance: 1.031' [0m
				|--[95m 'allreduce copy back | Max Time: 14.237 ms | Avg Time: 14.190 ms | Load Imbalance: 1.003' [0m
		|--[96m 'activation | Max Time: 47.454 ms | Avg Time: 46.941 ms | Load Imbalance: 1.011' [0m
			|--[91m 'all-reduce | Max Time: 16.731 ms | Avg Time: 16.255 ms | Load Imbalance: 1.029' [0m
		|--[96m 'output_linear | Max Time: 57.044 ms | Avg Time: 55.631 ms | Load Imbalance: 1.025' [0m
			|--[91m 'output_linear X * W | Max Time: 3.462 ms | Avg Time: 3.437 ms | Load Imbalance: 1.008' [0m
			|--[91m 'all-reduce | Max Time: 51.642 ms | Avg Time: 50.224 ms | Load Imbalance: 1.028' [0m
			|--[91m 'OUT + BIAS | Max Time: 1.610 ms | Avg Time: 1.581 ms | Load Imbalance: 1.018' [0m
		|--[96m 'cross entropy fwd | Max Time: 47.457 ms | Avg Time: 45.100 ms | Load Imbalance: 1.052' [0m
		|--[96m 'cross entropy bwd | Max Time: 6.118 ms | Avg Time: 5.974 ms | Load Imbalance: 1.024' [0m
		|--[96m 'linear_3d_bwd | Max Time: 53.451 ms | Avg Time: 51.204 ms | Load Imbalance: 1.044' [0m
			|--[91m 'output_linear GRAD_X | Max Time: 3.561 ms | Avg Time: 3.179 ms | Load Imbalance: 1.120' [0m
			|--[91m 'all-reduce | Max Time: 35.572 ms | Avg Time: 33.429 ms | Load Imbalance: 1.064' [0m
			|--[91m 'output_linear GRAD_W | Max Time: 4.114 ms | Avg Time: 4.064 ms | Load Imbalance: 1.012' [0m
			|--[91m 'input_linear GRAD_W | Max Time: 5.726 ms | Avg Time: 5.689 ms | Load Imbalance: 1.007' [0m
		|--[96m 'gcn conv bwd | Max Time: 577.838 ms | Avg Time: 572.317 ms | Load Imbalance: 1.010' [0m
			|--[91m 'GRAD_AGG = GRAD_OUT * W.T | Max Time: 23.808 ms | Avg Time: 23.769 ms | Load Imbalance: 1.002' [0m
			|--[91m 'allreduce lowp comm dtype | Max Time: 12.139 ms | Avg Time: 12.090 ms | Load Imbalance: 1.004' [0m
			|--[91m 'allreduce lowp | Max Time: 218.495 ms | Avg Time: 212.549 ms | Load Imbalance: 1.028' [0m
			|--[91m 'allreduce copy back | Max Time: 14.430 ms | Avg Time: 14.385 ms | Load Imbalance: 1.003' [0m
			|--[91m 'GRAD_W = AGG.T * GRAD_OUT | Max Time: 29.093 ms | Avg Time: 28.815 ms | Load Imbalance: 1.010' [0m
			|--[91m 'ReduceScatter grad_weight | Max Time: 4.660 ms | Avg Time: 4.159 ms | Load Imbalance: 1.120' [0m
				|--[95m 'reduce-scatter | Max Time: 4.184 ms | Avg Time: 3.678 ms | Load Imbalance: 1.138' [0m
					|--[92m 'reduce-scatter-dist | Max Time: 3.804 ms | Avg Time: 3.293 ms | Load Imbalance: 1.155' [0m
			|--[91m 'GRAD_H = A.T * GRAD_AGG | Max Time: 29.161 ms | Avg Time: 27.210 ms | Load Imbalance: 1.072' [0m
			|--[91m 'allreduce grad_x | Max Time: 237.779 ms | Avg Time: 234.567 ms | Load Imbalance: 1.014' [0m
				|--[95m 'allreduce lowp comm dtype | Max Time: 11.588 ms | Avg Time: 11.444 ms | Load Imbalance: 1.013' [0m
				|--[95m 'allreduce lowp | Max Time: 210.824 ms | Avg Time: 207.717 ms | Load Imbalance: 1.015' [0m
				|--[95m 'allreduce copy back | Max Time: 14.304 ms | Avg Time: 14.241 ms | Load Imbalance: 1.004' [0m
			|--[91m 'gather | Max Time: 14.158 ms | Avg Time: 11.961 ms | Load Imbalance: 1.184' [0m
		|--[96m 'sync_norm_gradients | Max Time: 4.462 ms | Avg Time: 3.871 ms | Load Imbalance: 1.153' [0m
		|--[96m 'sync_data_parallel_gradients | Max Time: 0.098 ms | Avg Time: 0.096 ms | Load Imbalance: 1.016' [0m

|--[95m 'epoch 5 | Max Time: 1937.303 ms | Avg Time: 1937.283 ms | Load Imbalance: 1.000' [0m
	|--[92m 'minibatch prep | Max Time: 473.695 ms | Avg Time: 460.281 ms | Load Imbalance: 1.029' [0m
		|--[96m 'sample nodes | Max Time: 140.783 ms | Avg Time: 140.366 ms | Load Imbalance: 1.003' [0m
		|--[96m 'compact indices | Max Time: 25.545 ms | Avg Time: 24.805 ms | Load Imbalance: 1.030' [0m
		|--[96m 'compact adj shards | Max Time: 288.328 ms | Avg Time: 275.585 ms | Load Imbalance: 1.046' [0m
			|--[91m 'compact layout prep | Max Time: 64.440 ms | Avg Time: 56.786 ms | Load Imbalance: 1.135' [0m
			|--[91m 'compact csr: indices | Max Time: 2.746 ms | Avg Time: 2.607 ms | Load Imbalance: 1.053' [0m
			|--[91m 'compact csr: row ptrs | Max Time: 15.484 ms | Avg Time: 15.241 ms | Load Imbalance: 1.016' [0m
			|--[91m 'compact csr: nnz index | Max Time: 27.722 ms | Avg Time: 27.426 ms | Load Imbalance: 1.011' [0m
			|--[91m 'compact csr: select nnz | Max Time: 10.588 ms | Avg Time: 10.485 ms | Load Imbalance: 1.010' [0m
			|--[91m 'compact csr: col map | Max Time: 22.735 ms | Avg Time: 22.631 ms | Load Imbalance: 1.005' [0m
			|--[91m 'compact csr: edge scale | Max Time: 28.784 ms | Avg Time: 27.789 ms | Load Imbalance: 1.036' [0m
			|--[91m 'compact csr: crow | Max Time: 22.538 ms | Avg Time: 21.799 ms | Load Imbalance: 1.034' [0m
			|--[91m 'compact csr: adjt direct | Max Time: 43.921 ms | Avg Time: 42.867 ms | Load Imbalance: 1.025' [0m
		|--[96m 'compact feature slice | Max Time: 12.160 ms | Avg Time: 12.129 ms | Load Imbalance: 1.003' [0m
		|--[96m 'compact label slice | Max Time: 1.639 ms | Avg Time: 1.633 ms | Load Imbalance: 1.004' [0m
	|--[92m 'train step | Max Time: 1485.548 ms | Avg Time: 1475.188 ms | Load Imbalance: 1.007' [0m
		|--[96m 'input_linear | Max Time: 59.893 ms | Avg Time: 48.342 ms | Load Imbalance: 1.239' [0m
			|--[91m 'input_linear X * W | Max Time: 6.537 ms | Avg Time: 6.409 ms | Load Imbalance: 1.020' [0m
			|--[91m 'all-reduce | Max Time: 49.724 ms | Avg Time: 38.177 ms | Load Imbalance: 1.302' [0m
			|--[91m 'OUT + BIAS | Max Time: 3.082 ms | Avg Time: 3.070 ms | Load Imbalance: 1.004' [0m
		|--[96m 'gcn conv fwd | Max Time: 548.513 ms | Avg Time: 544.146 ms | Load Imbalance: 1.008' [0m
			|--[91m 'AGG = A * H | Max Time: 28.378 ms | Avg Time: 27.199 ms | Load Imbalance: 1.043' [0m
			|--[91m 'allreduce H | Max Time: 244.889 ms | Avg Time: 243.032 ms | Load Imbalance: 1.008' [0m
				|--[95m 'allreduce lowp comm dtype | Max Time: 11.619 ms | Avg Time: 11.578 ms | Load Imbalance: 1.004' [0m
				|--[95m 'allreduce lowp | Max Time: 217.908 ms | Avg Time: 216.036 ms | Load Imbalance: 1.009' [0m
				|--[95m 'allreduce copy back | Max Time: 14.310 ms | Avg Time: 14.260 ms | Load Imbalance: 1.003' [0m
			|--[91m 'Allgather W | Max Time: 7.800 ms | Avg Time: 7.186 ms | Load Imbalance: 1.085' [0m
				|--[95m 'gather | Max Time: 7.324 ms | Avg Time: 6.704 ms | Load Imbalance: 1.092' [0m
			|--[91m 'OUT = AGG * W | Max Time: 23.697 ms | Avg Time: 23.665 ms | Load Imbalance: 1.001' [0m
			|--[91m 'allreduce Q | Max Time: 246.347 ms | Avg Time: 241.324 ms | Load Imbalance: 1.021' [0m
				|--[95m 'allreduce lowp comm dtype | Max Time: 11.803 ms | Avg Time: 11.728 ms | Load Imbalance: 1.006' [0m
				|--[95m 'allreduce lowp | Max Time: 219.263 ms | Avg Time: 214.241 ms | Load Imbalance: 1.023' [0m
				|--[95m 'allreduce copy back | Max Time: 14.237 ms | Avg Time: 14.189 ms | Load Imbalance: 1.003' [0m
		|--[96m 'activation | Max Time: 47.245 ms | Avg Time: 46.592 ms | Load Imbalance: 1.014' [0m
			|--[91m 'all-reduce | Max Time: 16.541 ms | Avg Time: 15.907 ms | Load Imbalance: 1.040' [0m
		|--[96m 'output_linear | Max Time: 55.695 ms | Avg Time: 54.417 ms | Load Imbalance: 1.023' [0m
			|--[91m 'output_linear X * W | Max Time: 3.463 ms | Avg Time: 3.438 ms | Load Imbalance: 1.007' [0m
			|--[91m 'all-reduce | Max Time: 50.298 ms | Avg Time: 49.009 ms | Load Imbalance: 1.026' [0m
			|--[91m 'OUT + BIAS | Max Time: 1.605 ms | Avg Time: 1.580 ms | Load Imbalance: 1.016' [0m
		|--[96m 'cross entropy fwd | Max Time: 45.742 ms | Avg Time: 44.089 ms | Load Imbalance: 1.037' [0m
		|--[96m 'cross entropy bwd | Max Time: 6.065 ms | Avg Time: 5.965 ms | Load Imbalance: 1.017' [0m
		|--[96m 'linear_3d_bwd | Max Time: 53.474 ms | Avg Time: 50.849 ms | Load Imbalance: 1.052' [0m
			|--[91m 'output_linear GRAD_X | Max Time: 3.423 ms | Avg Time: 3.142 ms | Load Imbalance: 1.089' [0m
			|--[91m 'all-reduce | Max Time: 36.005 ms | Avg Time: 33.117 ms | Load Imbalance: 1.087' [0m
			|--[91m 'output_linear GRAD_W | Max Time: 4.106 ms | Avg Time: 4.062 ms | Load Imbalance: 1.011' [0m
			|--[91m 'input_linear GRAD_W | Max Time: 5.717 ms | Avg Time: 5.693 ms | Load Imbalance: 1.004' [0m
		|--[96m 'gcn conv bwd | Max Time: 577.781 ms | Avg Time: 574.605 ms | Load Imbalance: 1.006' [0m
			|--[91m 'GRAD_AGG = GRAD_OUT * W.T | Max Time: 23.793 ms | Avg Time: 23.771 ms | Load Imbalance: 1.001' [0m
			|--[91m 'allreduce lowp comm dtype | Max Time: 12.134 ms | Avg Time: 12.087 ms | Load Imbalance: 1.004' [0m
			|--[91m 'allreduce lowp | Max Time: 216.779 ms | Avg Time: 213.394 ms | Load Imbalance: 1.016' [0m
			|--[91m 'allreduce copy back | Max Time: 14.417 ms | Avg Time: 14.382 ms | Load Imbalance: 1.002' [0m
			|--[91m 'GRAD_W = AGG.T * GRAD_OUT | Max Time: 29.158 ms | Avg Time: 28.806 ms | Load Imbalance: 1.012' [0m
			|--[91m 'ReduceScatter grad_weight | Max Time: 4.631 ms | Avg Time: 4.159 ms | Load Imbalance: 1.114' [0m
				|--[95m 'reduce-scatter | Max Time: 4.152 ms | Avg Time: 3.677 ms | Load Imbalance: 1.129' [0m
					|--[92m 'reduce-scatter-dist | Max Time: 3.769 ms | Avg Time: 3.292 ms | Load Imbalance: 1.145' [0m
			|--[91m 'GRAD_H = A.T * GRAD_AGG | Max Time: 29.072 ms | Avg Time: 27.191 ms | Load Imbalance: 1.069' [0m
			|--[91m 'allreduce grad_x | Max Time: 239.264 ms | Avg Time: 235.422 ms | Load Imbalance: 1.016' [0m
				|--[95m 'allreduce lowp comm dtype | Max Time: 11.593 ms | Avg Time: 11.443 ms | Load Imbalance: 1.013' [0m
				|--[95m 'allreduce lowp | Max Time: 212.319 ms | Avg Time: 208.575 ms | Load Imbalance: 1.018' [0m
				|--[95m 'allreduce copy back | Max Time: 14.309 ms | Avg Time: 14.240 ms | Load Imbalance: 1.005' [0m
			|--[91m 'gather | Max Time: 15.346 ms | Avg Time: 12.584 ms | Load Imbalance: 1.219' [0m
		|--[96m 'sync_norm_gradients | Max Time: 5.113 ms | Avg Time: 4.336 ms | Load Imbalance: 1.179' [0m
		|--[96m 'sync_data_parallel_gradients | Max Time: 0.097 ms | Avg Time: 0.096 ms | Load Imbalance: 1.012' [0m

|--[95m 'epoch 6 | Max Time: 1936.621 ms | Avg Time: 1936.603 ms | Load Imbalance: 1.000' [0m
	|--[92m 'minibatch prep | Max Time: 473.685 ms | Avg Time: 460.604 ms | Load Imbalance: 1.028' [0m
		|--[96m 'sample nodes | Max Time: 140.798 ms | Avg Time: 140.369 ms | Load Imbalance: 1.003' [0m
		|--[96m 'compact indices | Max Time: 25.537 ms | Avg Time: 24.787 ms | Load Imbalance: 1.030' [0m
		|--[96m 'compact adj shards | Max Time: 288.336 ms | Avg Time: 275.927 ms | Load Imbalance: 1.045' [0m
			|--[91m 'compact layout prep | Max Time: 64.497 ms | Avg Time: 56.907 ms | Load Imbalance: 1.133' [0m
			|--[91m 'compact csr: indices | Max Time: 2.731 ms | Avg Time: 2.607 ms | Load Imbalance: 1.048' [0m
			|--[91m 'compact csr: row ptrs | Max Time: 15.521 ms | Avg Time: 15.241 ms | Load Imbalance: 1.018' [0m
			|--[91m 'compact csr: nnz index | Max Time: 27.582 ms | Avg Time: 27.340 ms | Load Imbalance: 1.009' [0m
			|--[91m 'compact csr: select nnz | Max Time: 11.016 ms | Avg Time: 10.520 ms | Load Imbalance: 1.047' [0m
			|--[91m 'compact csr: col map | Max Time: 22.715 ms | Avg Time: 22.611 ms | Load Imbalance: 1.005' [0m
			|--[91m 'compact csr: edge scale | Max Time: 28.762 ms | Avg Time: 27.829 ms | Load Imbalance: 1.034' [0m
			|--[91m 'compact csr: crow | Max Time: 22.767 ms | Avg Time: 21.880 ms | Load Imbalance: 1.041' [0m
			|--[91m 'compact csr: adjt direct | Max Time: 44.286 ms | Avg Time: 42.924 ms | Load Imbalance: 1.032' [0m
		|--[96m 'compact feature slice | Max Time: 12.149 ms | Avg Time: 12.130 ms | Load Imbalance: 1.002' [0m
		|--[96m 'compact label slice | Max Time: 1.648 ms | Avg Time: 1.640 ms | Load Imbalance: 1.005' [0m
	|--[92m 'train step | Max Time: 1484.646 ms | Avg Time: 1474.179 ms | Load Imbalance: 1.007' [0m
		|--[96m 'input_linear | Max Time: 60.059 ms | Avg Time: 48.601 ms | Load Imbalance: 1.236' [0m
			|--[91m 'input_linear X * W | Max Time: 6.563 ms | Avg Time: 6.413 ms | Load Imbalance: 1.023' [0m
			|--[91m 'all-reduce | Max Time: 49.858 ms | Avg Time: 38.410 ms | Load Imbalance: 1.298' [0m
			|--[91m 'OUT + BIAS | Max Time: 3.080 ms | Avg Time: 3.069 ms | Load Imbalance: 1.003' [0m
		|--[96m 'gcn conv fwd | Max Time: 549.129 ms | Avg Time: 544.144 ms | Load Imbalance: 1.009' [0m
			|--[91m 'AGG = A * H | Max Time: 28.371 ms | Avg Time: 27.212 ms | Load Imbalance: 1.043' [0m
			|--[91m 'allreduce H | Max Time: 242.281 ms | Avg Time: 239.768 ms | Load Imbalance: 1.010' [0m
				|--[95m 'allreduce lowp comm dtype | Max Time: 11.620 ms | Avg Time: 11.576 ms | Load Imbalance: 1.004' [0m
				|--[95m 'allreduce lowp | Max Time: 215.442 ms | Avg Time: 212.776 ms | Load Imbalance: 1.013' [0m
				|--[95m 'allreduce copy back | Max Time: 14.314 ms | Avg Time: 14.259 ms | Load Imbalance: 1.004' [0m
			|--[91m 'Allgather W | Max Time: 9.852 ms | Avg Time: 7.839 ms | Load Imbalance: 1.257' [0m
				|--[95m 'gather | Max Time: 9.376 ms | Avg Time: 7.204 ms | Load Imbalance: 1.302' [0m
			|--[91m 'OUT = AGG * W | Max Time: 23.758 ms | Avg Time: 23.688 ms | Load Imbalance: 1.003' [0m
			|--[91m 'allreduce Q | Max Time: 249.779 ms | Avg Time: 243.882 ms | Load Imbalance: 1.024' [0m
				|--[95m 'allreduce lowp comm dtype | Max Time: 11.805 ms | Avg Time: 11.729 ms | Load Imbalance: 1.007' [0m
				|--[95m 'allreduce lowp | Max Time: 222.697 ms | Avg Time: 216.796 ms | Load Imbalance: 1.027' [0m
				|--[95m 'allreduce copy back | Max Time: 14.222 ms | Avg Time: 14.191 ms | Load Imbalance: 1.002' [0m
		|--[96m 'activation | Max Time: 47.102 ms | Avg Time: 46.617 ms | Load Imbalance: 1.010' [0m
			|--[91m 'all-reduce | Max Time: 16.396 ms | Avg Time: 15.933 ms | Load Imbalance: 1.029' [0m
		|--[96m 'output_linear | Max Time: 56.125 ms | Avg Time: 55.224 ms | Load Imbalance: 1.016' [0m
			|--[91m 'output_linear X * W | Max Time: 3.463 ms | Avg Time: 3.438 ms | Load Imbalance: 1.007' [0m
			|--[91m 'all-reduce | Max Time: 50.725 ms | Avg Time: 49.815 ms | Load Imbalance: 1.018' [0m
			|--[91m 'OUT + BIAS | Max Time: 1.610 ms | Avg Time: 1.581 ms | Load Imbalance: 1.018' [0m
		|--[96m 'cross entropy fwd | Max Time: 45.145 ms | Avg Time: 44.357 ms | Load Imbalance: 1.018' [0m
		|--[96m 'cross entropy bwd | Max Time: 6.126 ms | Avg Time: 5.964 ms | Load Imbalance: 1.027' [0m
		|--[96m 'linear_3d_bwd | Max Time: 54.382 ms | Avg Time: 50.777 ms | Load Imbalance: 1.071' [0m
			|--[91m 'output_linear GRAD_X | Max Time: 3.628 ms | Avg Time: 3.158 ms | Load Imbalance: 1.149' [0m
			|--[91m 'all-reduce | Max Time: 36.988 ms | Avg Time: 33.034 ms | Load Imbalance: 1.120' [0m
			|--[91m 'output_linear GRAD_W | Max Time: 4.100 ms | Avg Time: 4.064 ms | Load Imbalance: 1.009' [0m
			|--[91m 'input_linear GRAD_W | Max Time: 5.715 ms | Avg Time: 5.693 ms | Load Imbalance: 1.004' [0m
		|--[96m 'gcn conv bwd | Max Time: 576.312 ms | Avg Time: 573.561 ms | Load Imbalance: 1.005' [0m
			|--[91m 'GRAD_AGG = GRAD_OUT * W.T | Max Time: 23.830 ms | Avg Time: 23.778 ms | Load Imbalance: 1.002' [0m
			|--[91m 'allreduce lowp comm dtype | Max Time: 12.125 ms | Avg Time: 12.078 ms | Load Imbalance: 1.004' [0m
			|--[91m 'allreduce lowp | Max Time: 215.150 ms | Avg Time: 212.080 ms | Load Imbalance: 1.014' [0m
			|--[91m 'allreduce copy back | Max Time: 14.421 ms | Avg Time: 14.380 ms | Load Imbalance: 1.003' [0m
			|--[91m 'GRAD_W = AGG.T * GRAD_OUT | Max Time: 29.135 ms | Avg Time: 28.826 ms | Load Imbalance: 1.011' [0m
			|--[91m 'ReduceScatter grad_weight | Max Time: 4.479 ms | Avg Time: 4.168 ms | Load Imbalance: 1.075' [0m
				|--[95m 'reduce-scatter | Max Time: 3.995 ms | Avg Time: 3.686 ms | Load Imbalance: 1.084' [0m
					|--[92m 'reduce-scatter-dist | Max Time: 3.609 ms | Avg Time: 3.302 ms | Load Imbalance: 1.093' [0m
			|--[91m 'GRAD_H = A.T * GRAD_AGG | Max Time: 29.109 ms | Avg Time: 27.204 ms | Load Imbalance: 1.070' [0m
			|--[91m 'allreduce grad_x | Max Time: 238.381 ms | Avg Time: 236.276 ms | Load Imbalance: 1.009' [0m
				|--[95m 'allreduce lowp comm dtype | Max Time: 11.596 ms | Avg Time: 11.443 ms | Load Imbalance: 1.013' [0m
				|--[95m 'allreduce lowp | Max Time: 211.434 ms | Avg Time: 209.427 ms | Load Imbalance: 1.010' [0m
				|--[95m 'allreduce copy back | Max Time: 14.306 ms | Avg Time: 14.241 ms | Load Imbalance: 1.005' [0m
			|--[91m 'gather | Max Time: 12.972 ms | Avg Time: 11.961 ms | Load Imbalance: 1.084' [0m
		|--[96m 'sync_norm_gradients | Max Time: 4.999 ms | Avg Time: 4.173 ms | Load Imbalance: 1.198' [0m
		|--[96m 'sync_data_parallel_gradients | Max Time: 0.098 ms | Avg Time: 0.096 ms | Load Imbalance: 1.018' [0m

|--[95m 'epoch 7 | Max Time: 1930.895 ms | Avg Time: 1930.885 ms | Load Imbalance: 1.000' [0m
	|--[92m 'minibatch prep | Max Time: 473.786 ms | Avg Time: 460.322 ms | Load Imbalance: 1.029' [0m
		|--[96m 'sample nodes | Max Time: 140.851 ms | Avg Time: 140.416 ms | Load Imbalance: 1.003' [0m
		|--[96m 'compact indices | Max Time: 25.545 ms | Avg Time: 24.772 ms | Load Imbalance: 1.031' [0m
		|--[96m 'compact adj shards | Max Time: 288.383 ms | Avg Time: 275.608 ms | Load Imbalance: 1.046' [0m
			|--[91m 'compact layout prep | Max Time: 64.509 ms | Avg Time: 56.786 ms | Load Imbalance: 1.136' [0m
			|--[91m 'compact csr: indices | Max Time: 2.790 ms | Avg Time: 2.606 ms | Load Imbalance: 1.071' [0m
			|--[91m 'compact csr: row ptrs | Max Time: 15.523 ms | Avg Time: 15.212 ms | Load Imbalance: 1.020' [0m
			|--[91m 'compact csr: nnz index | Max Time: 27.742 ms | Avg Time: 27.398 ms | Load Imbalance: 1.013' [0m
			|--[91m 'compact csr: select nnz | Max Time: 10.567 ms | Avg Time: 10.461 ms | Load Imbalance: 1.010' [0m
			|--[91m 'compact csr: col map | Max Time: 22.732 ms | Avg Time: 22.601 ms | Load Imbalance: 1.006' [0m
			|--[91m 'compact csr: edge scale | Max Time: 28.918 ms | Avg Time: 27.871 ms | Load Imbalance: 1.038' [0m
			|--[91m 'compact csr: crow | Max Time: 22.651 ms | Avg Time: 21.821 ms | Load Imbalance: 1.038' [0m
			|--[91m 'compact csr: adjt direct | Max Time: 43.980 ms | Avg Time: 42.861 ms | Load Imbalance: 1.026' [0m
		|--[96m 'compact feature slice | Max Time: 12.175 ms | Avg Time: 12.132 ms | Load Imbalance: 1.004' [0m
		|--[96m 'compact label slice | Max Time: 1.641 ms | Avg Time: 1.631 ms | Load Imbalance: 1.006' [0m
	|--[92m 'train step | Max Time: 1478.830 ms | Avg Time: 1468.719 ms | Load Imbalance: 1.007' [0m
		|--[96m 'input_linear | Max Time: 61.159 ms | Avg Time: 48.486 ms | Load Imbalance: 1.261' [0m
			|--[91m 'input_linear X * W | Max Time: 6.570 ms | Avg Time: 6.445 ms | Load Imbalance: 1.019' [0m
			|--[91m 'all-reduce | Max Time: 50.709 ms | Avg Time: 38.238 ms | Load Imbalance: 1.326' [0m
			|--[91m 'OUT + BIAS | Max Time: 3.084 ms | Avg Time: 3.071 ms | Load Imbalance: 1.004' [0m
		|--[96m 'gcn conv fwd | Max Time: 547.097 ms | Avg Time: 541.692 ms | Load Imbalance: 1.010' [0m
			|--[91m 'AGG = A * H | Max Time: 28.313 ms | Avg Time: 27.218 ms | Load Imbalance: 1.040' [0m
			|--[91m 'allreduce H | Max Time: 242.550 ms | Avg Time: 240.742 ms | Load Imbalance: 1.008' [0m
				|--[95m 'allreduce lowp comm dtype | Max Time: 11.618 ms | Avg Time: 11.578 ms | Load Imbalance: 1.003' [0m
				|--[95m 'allreduce lowp | Max Time: 215.747 ms | Avg Time: 213.748 ms | Load Imbalance: 1.009' [0m
				|--[95m 'allreduce copy back | Max Time: 14.311 ms | Avg Time: 14.258 ms | Load Imbalance: 1.004' [0m
			|--[91m 'Allgather W | Max Time: 7.913 ms | Avg Time: 7.139 ms | Load Imbalance: 1.108' [0m
				|--[95m 'gather | Max Time: 7.436 ms | Avg Time: 6.658 ms | Load Imbalance: 1.117' [0m
			|--[91m 'OUT = AGG * W | Max Time: 23.684 ms | Avg Time: 23.668 ms | Load Imbalance: 1.001' [0m
			|--[91m 'allreduce Q | Max Time: 246.952 ms | Avg Time: 241.186 ms | Load Imbalance: 1.024' [0m
				|--[95m 'allreduce lowp comm dtype | Max Time: 11.814 ms | Avg Time: 11.731 ms | Load Imbalance: 1.007' [0m
				|--[95m 'allreduce lowp | Max Time: 219.879 ms | Avg Time: 214.101 ms | Load Imbalance: 1.027' [0m
				|--[95m 'allreduce copy back | Max Time: 14.228 ms | Avg Time: 14.189 ms | Load Imbalance: 1.003' [0m
		|--[96m 'activation | Max Time: 46.989 ms | Avg Time: 46.681 ms | Load Imbalance: 1.007' [0m
			|--[91m 'all-reduce | Max Time: 16.314 ms | Avg Time: 15.997 ms | Load Imbalance: 1.020' [0m
		|--[96m 'output_linear | Max Time: 55.873 ms | Avg Time: 54.193 ms | Load Imbalance: 1.031' [0m
			|--[91m 'output_linear X * W | Max Time: 3.459 ms | Avg Time: 3.436 ms | Load Imbalance: 1.007' [0m
			|--[91m 'all-reduce | Max Time: 50.449 ms | Avg Time: 48.786 ms | Load Imbalance: 1.034' [0m
			|--[91m 'OUT + BIAS | Max Time: 1.607 ms | Avg Time: 1.581 ms | Load Imbalance: 1.017' [0m
		|--[96m 'cross entropy fwd | Max Time: 47.302 ms | Avg Time: 45.121 ms | Load Imbalance: 1.048' [0m
		|--[96m 'cross entropy bwd | Max Time: 6.152 ms | Avg Time: 5.975 ms | Load Imbalance: 1.030' [0m
		|--[96m 'linear_3d_bwd | Max Time: 53.323 ms | Avg Time: 50.915 ms | Load Imbalance: 1.047' [0m
			|--[91m 'output_linear GRAD_X | Max Time: 3.599 ms | Avg Time: 3.171 ms | Load Imbalance: 1.135' [0m
			|--[91m 'all-reduce | Max Time: 36.102 ms | Avg Time: 33.148 ms | Load Imbalance: 1.089' [0m
			|--[91m 'output_linear GRAD_W | Max Time: 4.112 ms | Avg Time: 4.064 ms | Load Imbalance: 1.012' [0m
			|--[91m 'input_linear GRAD_W | Max Time: 5.715 ms | Avg Time: 5.694 ms | Load Imbalance: 1.004' [0m
		|--[96m 'gcn conv bwd | Max Time: 574.060 ms | Avg Time: 569.718 ms | Load Imbalance: 1.008' [0m
			|--[91m 'GRAD_AGG = GRAD_OUT * W.T | Max Time: 23.803 ms | Avg Time: 23.775 ms | Load Imbalance: 1.001' [0m
			|--[91m 'allreduce lowp comm dtype | Max Time: 12.135 ms | Avg Time: 12.097 ms | Load Imbalance: 1.003' [0m
			|--[91m 'allreduce lowp | Max Time: 215.956 ms | Avg Time: 211.363 ms | Load Imbalance: 1.022' [0m
			|--[91m 'allreduce copy back | Max Time: 14.440 ms | Avg Time: 14.385 ms | Load Imbalance: 1.004' [0m
			|--[91m 'GRAD_W = AGG.T * GRAD_OUT | Max Time: 29.110 ms | Avg Time: 28.810 ms | Load Imbalance: 1.010' [0m
			|--[91m 'ReduceScatter grad_weight | Max Time: 4.439 ms | Avg Time: 4.017 ms | Load Imbalance: 1.105' [0m
				|--[95m 'reduce-scatter | Max Time: 3.964 ms | Avg Time: 3.536 ms | Load Imbalance: 1.121' [0m
					|--[92m 'reduce-scatter-dist | Max Time: 3.585 ms | Avg Time: 3.151 ms | Load Imbalance: 1.138' [0m
			|--[91m 'GRAD_H = A.T * GRAD_AGG | Max Time: 29.041 ms | Avg Time: 27.210 ms | Load Imbalance: 1.067' [0m
			|--[91m 'allreduce grad_x | Max Time: 237.092 ms | Avg Time: 233.347 ms | Load Imbalance: 1.016' [0m
				|--[95m 'allreduce lowp comm dtype | Max Time: 11.591 ms | Avg Time: 11.442 ms | Load Imbalance: 1.013' [0m
				|--[95m 'allreduce lowp | Max Time: 210.149 ms | Avg Time: 206.504 ms | Load Imbalance: 1.018' [0m
				|--[95m 'allreduce copy back | Max Time: 14.294 ms | Avg Time: 14.237 ms | Load Imbalance: 1.004' [0m
			|--[91m 'gather | Max Time: 14.540 ms | Avg Time: 11.902 ms | Load Imbalance: 1.222' [0m
		|--[96m 'sync_norm_gradients | Max Time: 4.937 ms | Avg Time: 4.256 ms | Load Imbalance: 1.160' [0m
		|--[96m 'sync_data_parallel_gradients | Max Time: 0.097 ms | Avg Time: 0.096 ms | Load Imbalance: 1.010' [0m

|--[95m 'epoch 8 | Max Time: 1938.726 ms | Avg Time: 1938.702 ms | Load Imbalance: 1.000' [0m
	|--[92m 'minibatch prep | Max Time: 473.668 ms | Avg Time: 460.324 ms | Load Imbalance: 1.029' [0m
		|--[96m 'sample nodes | Max Time: 140.808 ms | Avg Time: 140.441 ms | Load Imbalance: 1.003' [0m
		|--[96m 'compact indices | Max Time: 26.591 ms | Avg Time: 24.893 ms | Load Imbalance: 1.068' [0m
		|--[96m 'compact adj shards | Max Time: 288.251 ms | Avg Time: 275.475 ms | Load Imbalance: 1.046' [0m
			|--[91m 'compact layout prep | Max Time: 64.520 ms | Avg Time: 56.763 ms | Load Imbalance: 1.137' [0m
			|--[91m 'compact csr: indices | Max Time: 2.724 ms | Avg Time: 2.602 ms | Load Imbalance: 1.047' [0m
			|--[91m 'compact csr: row ptrs | Max Time: 15.489 ms | Avg Time: 15.242 ms | Load Imbalance: 1.016' [0m
			|--[91m 'compact csr: nnz index | Max Time: 27.819 ms | Avg Time: 27.382 ms | Load Imbalance: 1.016' [0m
			|--[91m 'compact csr: select nnz | Max Time: 10.607 ms | Avg Time: 10.520 ms | Load Imbalance: 1.008' [0m
			|--[91m 'compact csr: col map | Max Time: 22.672 ms | Avg Time: 22.586 ms | Load Imbalance: 1.004' [0m
			|--[91m 'compact csr: edge scale | Max Time: 28.851 ms | Avg Time: 27.831 ms | Load Imbalance: 1.037' [0m
			|--[91m 'compact csr: crow | Max Time: 22.633 ms | Avg Time: 21.804 ms | Load Imbalance: 1.038' [0m
			|--[91m 'compact csr: adjt direct | Max Time: 43.993 ms | Avg Time: 42.822 ms | Load Imbalance: 1.027' [0m
		|--[96m 'compact feature slice | Max Time: 12.172 ms | Avg Time: 12.131 ms | Load Imbalance: 1.003' [0m
		|--[96m 'compact label slice | Max Time: 1.631 ms | Avg Time: 1.627 ms | Load Imbalance: 1.003' [0m
	|--[92m 'train step | Max Time: 1486.516 ms | Avg Time: 1476.551 ms | Load Imbalance: 1.007' [0m
		|--[96m 'input_linear | Max Time: 60.892 ms | Avg Time: 48.694 ms | Load Imbalance: 1.251' [0m
			|--[91m 'input_linear X * W | Max Time: 6.593 ms | Avg Time: 6.437 ms | Load Imbalance: 1.024' [0m
			|--[91m 'all-reduce | Max Time: 50.795 ms | Avg Time: 38.464 ms | Load Imbalance: 1.321' [0m
			|--[91m 'OUT + BIAS | Max Time: 3.083 ms | Avg Time: 3.071 ms | Load Imbalance: 1.004' [0m
		|--[96m 'gcn conv fwd | Max Time: 547.846 ms | Avg Time: 542.096 ms | Load Imbalance: 1.011' [0m
			|--[91m 'AGG = A * H | Max Time: 28.373 ms | Avg Time: 27.219 ms | Load Imbalance: 1.042' [0m
			|--[91m 'allreduce H | Max Time: 243.733 ms | Avg Time: 240.564 ms | Load Imbalance: 1.013' [0m
				|--[95m 'allreduce lowp comm dtype | Max Time: 11.616 ms | Avg Time: 11.578 ms | Load Imbalance: 1.003' [0m
				|--[95m 'allreduce lowp | Max Time: 216.925 ms | Avg Time: 213.568 ms | Load Imbalance: 1.016' [0m
				|--[95m 'allreduce copy back | Max Time: 14.302 ms | Avg Time: 14.260 ms | Load Imbalance: 1.003' [0m
			|--[91m 'Allgather W | Max Time: 7.549 ms | Avg Time: 6.800 ms | Load Imbalance: 1.110' [0m
				|--[95m 'gather | Max Time: 7.069 ms | Avg Time: 6.317 ms | Load Imbalance: 1.119' [0m
			|--[91m 'OUT = AGG * W | Max Time: 23.729 ms | Avg Time: 23.674 ms | Load Imbalance: 1.002' [0m
			|--[91m 'allreduce Q | Max Time: 249.772 ms | Avg Time: 242.099 ms | Load Imbalance: 1.032' [0m
				|--[95m 'allreduce lowp comm dtype | Max Time: 11.807 ms | Avg Time: 11.729 ms | Load Imbalance: 1.007' [0m
				|--[95m 'allreduce lowp | Max Time: 222.685 ms | Avg Time: 215.014 ms | Load Imbalance: 1.036' [0m
				|--[95m 'allreduce copy back | Max Time: 14.232 ms | Avg Time: 14.191 ms | Load Imbalance: 1.003' [0m
		|--[96m 'activation | Max Time: 47.254 ms | Avg Time: 46.968 ms | Load Imbalance: 1.006' [0m
			|--[91m 'all-reduce | Max Time: 16.560 ms | Avg Time: 16.282 ms | Load Imbalance: 1.017' [0m
		|--[96m 'output_linear | Max Time: 56.453 ms | Avg Time: 55.340 ms | Load Imbalance: 1.020' [0m
			|--[91m 'output_linear X * W | Max Time: 3.455 ms | Avg Time: 3.440 ms | Load Imbalance: 1.004' [0m
			|--[91m 'all-reduce | Max Time: 51.052 ms | Avg Time: 49.930 ms | Load Imbalance: 1.022' [0m
			|--[91m 'OUT + BIAS | Max Time: 1.608 ms | Avg Time: 1.580 ms | Load Imbalance: 1.018' [0m
		|--[96m 'cross entropy fwd | Max Time: 45.934 ms | Avg Time: 44.288 ms | Load Imbalance: 1.037' [0m
		|--[96m 'cross entropy bwd | Max Time: 6.152 ms | Avg Time: 5.991 ms | Load Imbalance: 1.027' [0m
		|--[96m 'linear_3d_bwd | Max Time: 53.127 ms | Avg Time: 50.913 ms | Load Imbalance: 1.043' [0m
			|--[91m 'output_linear GRAD_X | Max Time: 3.558 ms | Avg Time: 3.159 ms | Load Imbalance: 1.126' [0m
			|--[91m 'all-reduce | Max Time: 35.605 ms | Avg Time: 33.164 ms | Load Imbalance: 1.074' [0m
			|--[91m 'output_linear GRAD_W | Max Time: 4.103 ms | Avg Time: 4.064 ms | Load Imbalance: 1.009' [0m
			|--[91m 'input_linear GRAD_W | Max Time: 5.716 ms | Avg Time: 5.693 ms | Load Imbalance: 1.004' [0m
		|--[96m 'gcn conv bwd | Max Time: 579.129 ms | Avg Time: 575.207 ms | Load Imbalance: 1.007' [0m
			|--[91m 'GRAD_AGG = GRAD_OUT * W.T | Max Time: 23.814 ms | Avg Time: 23.780 ms | Load Imbalance: 1.001' [0m
			|--[91m 'allreduce lowp comm dtype | Max Time: 12.122 ms | Avg Time: 12.081 ms | Load Imbalance: 1.003' [0m
			|--[91m 'allreduce lowp | Max Time: 217.410 ms | Avg Time: 213.687 ms | Load Imbalance: 1.017' [0m
			|--[91m 'allreduce copy back | Max Time: 14.419 ms | Avg Time: 14.381 ms | Load Imbalance: 1.003' [0m
			|--[91m 'GRAD_W = AGG.T * GRAD_OUT | Max Time: 29.067 ms | Avg Time: 28.808 ms | Load Imbalance: 1.009' [0m
			|--[91m 'ReduceScatter grad_weight | Max Time: 4.666 ms | Avg Time: 4.139 ms | Load Imbalance: 1.127' [0m
				|--[95m 'reduce-scatter | Max Time: 4.186 ms | Avg Time: 3.657 ms | Load Imbalance: 1.145' [0m
					|--[92m 'reduce-scatter-dist | Max Time: 3.803 ms | Avg Time: 3.272 ms | Load Imbalance: 1.162' [0m
			|--[91m 'GRAD_H = A.T * GRAD_AGG | Max Time: 29.234 ms | Avg Time: 27.217 ms | Load Imbalance: 1.074' [0m
			|--[91m 'allreduce grad_x | Max Time: 240.201 ms | Avg Time: 236.544 ms | Load Imbalance: 1.015' [0m
				|--[95m 'allreduce lowp comm dtype | Max Time: 11.589 ms | Avg Time: 11.444 ms | Load Imbalance: 1.013' [0m
				|--[95m 'allreduce lowp | Max Time: 213.234 ms | Avg Time: 209.694 ms | Load Imbalance: 1.017' [0m
				|--[95m 'allreduce copy back | Max Time: 14.283 ms | Avg Time: 14.242 ms | Load Imbalance: 1.003' [0m
			|--[91m 'gather | Max Time: 14.455 ms | Avg Time: 11.759 ms | Load Imbalance: 1.229' [0m
		|--[96m 'sync_norm_gradients | Max Time: 5.121 ms | Avg Time: 4.136 ms | Load Imbalance: 1.238' [0m
		|--[96m 'sync_data_parallel_gradients | Max Time: 0.097 ms | Avg Time: 0.096 ms | Load Imbalance: 1.014' [0m

|--[95m 'epoch 9 | Max Time: 2127.126 ms | Avg Time: 2127.113 ms | Load Imbalance: 1.000' [0m
	|--[92m 'minibatch prep | Max Time: 473.460 ms | Avg Time: 460.258 ms | Load Imbalance: 1.029' [0m
		|--[96m 'sample nodes | Max Time: 140.811 ms | Avg Time: 140.447 ms | Load Imbalance: 1.003' [0m
		|--[96m 'compact indices | Max Time: 27.063 ms | Avg Time: 24.891 ms | Load Imbalance: 1.087' [0m
		|--[96m 'compact adj shards | Max Time: 287.800 ms | Avg Time: 275.404 ms | Load Imbalance: 1.045' [0m
			|--[91m 'compact layout prep | Max Time: 64.359 ms | Avg Time: 56.666 ms | Load Imbalance: 1.136' [0m
			|--[91m 'compact csr: indices | Max Time: 2.799 ms | Avg Time: 2.624 ms | Load Imbalance: 1.067' [0m
			|--[91m 'compact csr: row ptrs | Max Time: 15.476 ms | Avg Time: 15.239 ms | Load Imbalance: 1.016' [0m
			|--[91m 'compact csr: nnz index | Max Time: 27.691 ms | Avg Time: 27.337 ms | Load Imbalance: 1.013' [0m
			|--[91m 'compact csr: select nnz | Max Time: 10.568 ms | Avg Time: 10.465 ms | Load Imbalance: 1.010' [0m
			|--[91m 'compact csr: col map | Max Time: 22.722 ms | Avg Time: 22.619 ms | Load Imbalance: 1.005' [0m
			|--[91m 'compact csr: edge scale | Max Time: 28.719 ms | Avg Time: 27.760 ms | Load Imbalance: 1.035' [0m
			|--[91m 'compact csr: crow | Max Time: 22.577 ms | Avg Time: 21.780 ms | Load Imbalance: 1.037' [0m
			|--[91m 'compact csr: adjt direct | Max Time: 43.849 ms | Avg Time: 42.799 ms | Load Imbalance: 1.025' [0m
		|--[96m 'compact feature slice | Max Time: 12.223 ms | Avg Time: 12.137 ms | Load Imbalance: 1.007' [0m
		|--[96m 'compact label slice | Max Time: 1.638 ms | Avg Time: 1.632 ms | Load Imbalance: 1.004' [0m
	|--[92m 'train step | Max Time: 1675.241 ms | Avg Time: 1665.030 ms | Load Imbalance: 1.006' [0m
		|--[96m 'input_linear | Max Time: 60.270 ms | Avg Time: 48.719 ms | Load Imbalance: 1.237' [0m
			|--[91m 'input_linear X * W | Max Time: 6.516 ms | Avg Time: 6.417 ms | Load Imbalance: 1.015' [0m
			|--[91m 'all-reduce | Max Time: 50.020 ms | Avg Time: 38.515 ms | Load Imbalance: 1.299' [0m
			|--[91m 'OUT + BIAS | Max Time: 3.080 ms | Avg Time: 3.072 ms | Load Imbalance: 1.003' [0m
		|--[96m 'gcn conv fwd | Max Time: 585.047 ms | Avg Time: 567.663 ms | Load Imbalance: 1.031' [0m
			|--[91m 'AGG = A * H | Max Time: 28.354 ms | Avg Time: 27.278 ms | Load Imbalance: 1.039' [0m
			|--[91m 'allreduce H | Max Time: 271.521 ms | Avg Time: 258.573 ms | Load Imbalance: 1.050' [0m
				|--[95m 'allreduce lowp comm dtype | Max Time: 11.617 ms | Avg Time: 11.578 ms | Load Imbalance: 1.003' [0m
				|--[95m 'allreduce lowp | Max Time: 244.525 ms | Avg Time: 231.576 ms | Load Imbalance: 1.056' [0m
				|--[95m 'allreduce copy back | Max Time: 14.303 ms | Avg Time: 14.261 ms | Load Imbalance: 1.003' [0m
			|--[91m 'Allgather W | Max Time: 7.644 ms | Avg Time: 6.931 ms | Load Imbalance: 1.103' [0m
				|--[95m 'gather | Max Time: 7.165 ms | Avg Time: 6.449 ms | Load Imbalance: 1.111' [0m
			|--[91m 'OUT = AGG * W | Max Time: 23.691 ms | Avg Time: 23.664 ms | Load Imbalance: 1.001' [0m
			|--[91m 'allreduce Q | Max Time: 256.073 ms | Avg Time: 249.463 ms | Load Imbalance: 1.026' [0m
				|--[95m 'allreduce lowp comm dtype | Max Time: 11.792 ms | Avg Time: 11.731 ms | Load Imbalance: 1.005' [0m
				|--[95m 'allreduce lowp | Max Time: 229.000 ms | Avg Time: 222.377 ms | Load Imbalance: 1.030' [0m
				|--[95m 'allreduce copy back | Max Time: 14.231 ms | Avg Time: 14.190 ms | Load Imbalance: 1.003' [0m
		|--[96m 'activation | Max Time: 231.202 ms | Avg Time: 208.461 ms | Load Imbalance: 1.109' [0m
			|--[91m 'all-reduce | Max Time: 16.335 ms | Avg Time: 15.863 ms | Load Imbalance: 1.030' [0m
		|--[96m 'output_linear | Max Time: 55.301 ms | Avg Time: 54.500 ms | Load Imbalance: 1.015' [0m
			|--[91m 'output_linear X * W | Max Time: 3.463 ms | Avg Time: 3.441 ms | Load Imbalance: 1.006' [0m
			|--[91m 'all-reduce | Max Time: 49.862 ms | Avg Time: 49.089 ms | Load Imbalance: 1.016' [0m
			|--[91m 'OUT + BIAS | Max Time: 1.605 ms | Avg Time: 1.581 ms | Load Imbalance: 1.016' [0m
		|--[96m 'cross entropy fwd | Max Time: 45.222 ms | Avg Time: 44.156 ms | Load Imbalance: 1.024' [0m
		|--[96m 'cross entropy bwd | Max Time: 6.146 ms | Avg Time: 6.014 ms | Load Imbalance: 1.022' [0m
		|--[96m 'linear_3d_bwd | Max Time: 53.099 ms | Avg Time: 51.113 ms | Load Imbalance: 1.039' [0m
			|--[91m 'output_linear GRAD_X | Max Time: 3.652 ms | Avg Time: 3.256 ms | Load Imbalance: 1.122' [0m
			|--[91m 'all-reduce | Max Time: 35.423 ms | Avg Time: 33.270 ms | Load Imbalance: 1.065' [0m
			|--[91m 'output_linear GRAD_W | Max Time: 4.109 ms | Avg Time: 4.065 ms | Load Imbalance: 1.011' [0m
			|--[91m 'input_linear GRAD_W | Max Time: 5.715 ms | Avg Time: 5.689 ms | Load Imbalance: 1.005' [0m
		|--[96m 'gcn conv bwd | Max Time: 579.855 ms | Avg Time: 575.538 ms | Load Imbalance: 1.008' [0m
			|--[91m 'GRAD_AGG = GRAD_OUT * W.T | Max Time: 23.799 ms | Avg Time: 23.769 ms | Load Imbalance: 1.001' [0m
			|--[91m 'allreduce lowp comm dtype | Max Time: 12.101 ms | Avg Time: 12.060 ms | Load Imbalance: 1.003' [0m
			|--[91m 'allreduce lowp | Max Time: 218.739 ms | Avg Time: 214.560 ms | Load Imbalance: 1.019' [0m
			|--[91m 'allreduce copy back | Max Time: 14.420 ms | Avg Time: 14.374 ms | Load Imbalance: 1.003' [0m
			|--[91m 'GRAD_W = AGG.T * GRAD_OUT | Max Time: 29.108 ms | Avg Time: 28.811 ms | Load Imbalance: 1.010' [0m
			|--[91m 'ReduceScatter grad_weight | Max Time: 4.714 ms | Avg Time: 4.150 ms | Load Imbalance: 1.136' [0m
				|--[95m 'reduce-scatter | Max Time: 4.239 ms | Avg Time: 3.668 ms | Load Imbalance: 1.156' [0m
					|--[92m 'reduce-scatter-dist | Max Time: 3.859 ms | Avg Time: 3.283 ms | Load Imbalance: 1.175' [0m
			|--[91m 'GRAD_H = A.T * GRAD_AGG | Max Time: 29.133 ms | Avg Time: 27.209 ms | Load Imbalance: 1.071' [0m
			|--[91m 'allreduce grad_x | Max Time: 238.834 ms | Avg Time: 235.666 ms | Load Imbalance: 1.013' [0m
				|--[95m 'allreduce lowp comm dtype | Max Time: 11.600 ms | Avg Time: 11.450 ms | Load Imbalance: 1.013' [0m
				|--[95m 'allreduce lowp | Max Time: 211.851 ms | Avg Time: 208.801 ms | Load Imbalance: 1.015' [0m
				|--[95m 'allreduce copy back | Max Time: 14.296 ms | Avg Time: 14.251 ms | Load Imbalance: 1.003' [0m
			|--[91m 'gather | Max Time: 14.499 ms | Avg Time: 12.129 ms | Load Imbalance: 1.195' [0m
		|--[96m 'sync_norm_gradients | Max Time: 4.839 ms | Avg Time: 4.154 ms | Load Imbalance: 1.165' [0m
		|--[96m 'sync_data_parallel_gradients | Max Time: 0.105 ms | Avg Time: 0.097 ms | Load Imbalance: 1.084' [0m

Epoch: 009, Train Loss: 3.4332
rank 0 Peak GPU memory: 9.94 GB
