/pscratch/sd/h/hmuki/plexus/plexus/utils/dataloader.py:412: UserWarning: Sparse invariant checks are implicitly disabled. Memory errors (e.g. SEGFAULT) will occur when operating on a sparse tensor which violates the invariants, but checks incur performance overhead. To silence this warning, explicitly opt in or out. See `torch.sparse.check_sparse_tensor_invariants.__doc__` for guidance.  (Triggered internally at /pytorch/aten/src/ATen/Context.cpp:760.)
  adj_local = torch.sparse_coo_tensor(
/pscratch/sd/h/hmuki/plexus/plexus/utils/dataloader.py:412: UserWarning: Sparse invariant checks are implicitly disabled. Memory errors (e.g. SEGFAULT) will occur when operating on a sparse tensor which violates the invariants, but checks incur performance overhead. To silence this warning, explicitly opt in or out. See `torch.sparse.check_sparse_tensor_invariants.__doc__` for guidance.  (Triggered internally at /pytorch/aten/src/ATen/Context.cpp:760.)
  adj_local = torch.sparse_coo_tensor(
/pscratch/sd/h/hmuki/plexus/plexus/utils/dataloader.py:412: UserWarning: Sparse invariant checks are implicitly disabled. Memory errors (e.g. SEGFAULT) will occur when operating on a sparse tensor which violates the invariants, but checks incur performance overhead. To silence this warning, explicitly opt in or out. See `torch.sparse.check_sparse_tensor_invariants.__doc__` for guidance.  (Triggered internally at /pytorch/aten/src/ATen/Context.cpp:760.)
  adj_local = torch.sparse_coo_tensor(
/pscratch/sd/h/hmuki/plexus/plexus/utils/dataloader.py:412: UserWarning: Sparse invariant checks are implicitly disabled. Memory errors (e.g. SEGFAULT) will occur when operating on a sparse tensor which violates the invariants, but checks incur performance overhead. To silence this warning, explicitly opt in or out. See `torch.sparse.check_sparse_tensor_invariants.__doc__` for guidance.  (Triggered internally at /pytorch/aten/src/ATen/Context.cpp:760.)
  adj_local = torch.sparse_coo_tensor(
/pscratch/sd/h/hmuki/plexus/plexus/utils/dataloader.py:412: UserWarning: Sparse invariant checks are implicitly disabled. Memory errors (e.g. SEGFAULT) will occur when operating on a sparse tensor which violates the invariants, but checks incur performance overhead. To silence this warning, explicitly opt in or out. See `torch.sparse.check_sparse_tensor_invariants.__doc__` for guidance.  (Triggered internally at /pytorch/aten/src/ATen/Context.cpp:760.)
  adj_local = torch.sparse_coo_tensor(
/pscratch/sd/h/hmuki/plexus/plexus/utils/dataloader.py:412: UserWarning: Sparse invariant checks are implicitly disabled. Memory errors (e.g. SEGFAULT) will occur when operating on a sparse tensor which violates the invariants, but checks incur performance overhead. To silence this warning, explicitly opt in or out. See `torch.sparse.check_sparse_tensor_invariants.__doc__` for guidance.  (Triggered internally at /pytorch/aten/src/ATen/Context.cpp:760.)
  adj_local = torch.sparse_coo_tensor(
/pscratch/sd/h/hmuki/plexus/plexus/utils/dataloader.py:412: UserWarning: Sparse invariant checks are implicitly disabled. Memory errors (e.g. SEGFAULT) will occur when operating on a sparse tensor which violates the invariants, but checks incur performance overhead. To silence this warning, explicitly opt in or out. See `torch.sparse.check_sparse_tensor_invariants.__doc__` for guidance.  (Triggered internally at /pytorch/aten/src/ATen/Context.cpp:760.)
  adj_local = torch.sparse_coo_tensor(
/pscratch/sd/h/hmuki/plexus/plexus/utils/dataloader.py:412: UserWarning: Sparse invariant checks are implicitly disabled. Memory errors (e.g. SEGFAULT) will occur when operating on a sparse tensor which violates the invariants, but checks incur performance overhead. To silence this warning, explicitly opt in or out. See `torch.sparse.check_sparse_tensor_invariants.__doc__` for guidance.  (Triggered internally at /pytorch/aten/src/ATen/Context.cpp:760.)
  adj_local = torch.sparse_coo_tensor(
/pscratch/sd/h/hmuki/plexus/plexus/utils/dataloader.py:412: UserWarning: Sparse invariant checks are implicitly disabled. Memory errors (e.g. SEGFAULT) will occur when operating on a sparse tensor which violates the invariants, but checks incur performance overhead. To silence this warning, explicitly opt in or out. See `torch.sparse.check_sparse_tensor_invariants.__doc__` for guidance.  (Triggered internally at /pytorch/aten/src/ATen/Context.cpp:760.)
  adj_local = torch.sparse_coo_tensor(
/pscratch/sd/h/hmuki/plexus/plexus/utils/dataloader.py:412: UserWarning: Sparse invariant checks are implicitly disabled. Memory errors (e.g. SEGFAULT) will occur when operating on a sparse tensor which violates the invariants, but checks incur performance overhead. To silence this warning, explicitly opt in or out. See `torch.sparse.check_sparse_tensor_invariants.__doc__` for guidance.  (Triggered internally at /pytorch/aten/src/ATen/Context.cpp:760.)
  adj_local = torch.sparse_coo_tensor(
/pscratch/sd/h/hmuki/plexus/plexus/utils/dataloader.py:412: UserWarning: Sparse invariant checks are implicitly disabled. Memory errors (e.g. SEGFAULT) will occur when operating on a sparse tensor which violates the invariants, but checks incur performance overhead. To silence this warning, explicitly opt in or out. See `torch.sparse.check_sparse_tensor_invariants.__doc__` for guidance.  (Triggered internally at /pytorch/aten/src/ATen/Context.cpp:760.)
  adj_local = torch.sparse_coo_tensor(
/pscratch/sd/h/hmuki/plexus/plexus/utils/dataloader.py:412: UserWarning: Sparse invariant checks are implicitly disabled. Memory errors (e.g. SEGFAULT) will occur when operating on a sparse tensor which violates the invariants, but checks incur performance overhead. To silence this warning, explicitly opt in or out. See `torch.sparse.check_sparse_tensor_invariants.__doc__` for guidance.  (Triggered internally at /pytorch/aten/src/ATen/Context.cpp:760.)
  adj_local = torch.sparse_coo_tensor(
/pscratch/sd/h/hmuki/plexus/plexus/utils/dataloader.py:425: UserWarning: Sparse CSR tensor support is in beta state. If you miss a functionality in the sparse tensor support, please submit a feature request to https://github.com/pytorch/pytorch/issues. (Triggered internally at /pytorch/aten/src/ATen/SparseCsrTensorImpl.cpp:49.)
  adj_local = adj_local.to_sparse_csr()
/pscratch/sd/h/hmuki/plexus/plexus/utils/dataloader.py:425: UserWarning: Sparse CSR tensor support is in beta state. If you miss a functionality in the sparse tensor support, please submit a feature request to https://github.com/pytorch/pytorch/issues. (Triggered internally at /pytorch/aten/src/ATen/SparseCsrTensorImpl.cpp:49.)
  adj_local = adj_local.to_sparse_csr()
/pscratch/sd/h/hmuki/plexus/plexus/utils/dataloader.py:425: UserWarning: Sparse CSR tensor support is in beta state. If you miss a functionality in the sparse tensor support, please submit a feature request to https://github.com/pytorch/pytorch/issues. (Triggered internally at /pytorch/aten/src/ATen/SparseCsrTensorImpl.cpp:49.)
  adj_local = adj_local.to_sparse_csr()
/pscratch/sd/h/hmuki/plexus/plexus/utils/dataloader.py:425: UserWarning: Sparse CSR tensor support is in beta state. If you miss a functionality in the sparse tensor support, please submit a feature request to https://github.com/pytorch/pytorch/issues. (Triggered internally at /pytorch/aten/src/ATen/SparseCsrTensorImpl.cpp:49.)
  adj_local = adj_local.to_sparse_csr()
/pscratch/sd/h/hmuki/plexus/plexus/utils/dataloader.py:425: UserWarning: Sparse CSR tensor support is in beta state. If you miss a functionality in the sparse tensor support, please submit a feature request to https://github.com/pytorch/pytorch/issues. (Triggered internally at /pytorch/aten/src/ATen/SparseCsrTensorImpl.cpp:49.)
  adj_local = adj_local.to_sparse_csr()
/pscratch/sd/h/hmuki/plexus/plexus/utils/dataloader.py:425: UserWarning: Sparse CSR tensor support is in beta state. If you miss a functionality in the sparse tensor support, please submit a feature request to https://github.com/pytorch/pytorch/issues. (Triggered internally at /pytorch/aten/src/ATen/SparseCsrTensorImpl.cpp:49.)
  adj_local = adj_local.to_sparse_csr()
/pscratch/sd/h/hmuki/plexus/plexus/utils/dataloader.py:425: UserWarning: Sparse CSR tensor support is in beta state. If you miss a functionality in the sparse tensor support, please submit a feature request to https://github.com/pytorch/pytorch/issues. (Triggered internally at /pytorch/aten/src/ATen/SparseCsrTensorImpl.cpp:49.)
  adj_local = adj_local.to_sparse_csr()
/pscratch/sd/h/hmuki/plexus/plexus/utils/dataloader.py:425: UserWarning: Sparse CSR tensor support is in beta state. If you miss a functionality in the sparse tensor support, please submit a feature request to https://github.com/pytorch/pytorch/issues. (Triggered internally at /pytorch/aten/src/ATen/SparseCsrTensorImpl.cpp:49.)
  adj_local = adj_local.to_sparse_csr()
/pscratch/sd/h/hmuki/plexus/plexus/utils/dataloader.py:425: UserWarning: Sparse CSR tensor support is in beta state. If you miss a functionality in the sparse tensor support, please submit a feature request to https://github.com/pytorch/pytorch/issues. (Triggered internally at /pytorch/aten/src/ATen/SparseCsrTensorImpl.cpp:49.)
  adj_local = adj_local.to_sparse_csr()
/pscratch/sd/h/hmuki/plexus/plexus/utils/dataloader.py:425: UserWarning: Sparse CSR tensor support is in beta state. If you miss a functionality in the sparse tensor support, please submit a feature request to https://github.com/pytorch/pytorch/issues. (Triggered internally at /pytorch/aten/src/ATen/SparseCsrTensorImpl.cpp:49.)
  adj_local = adj_local.to_sparse_csr()
/pscratch/sd/h/hmuki/plexus/plexus/utils/dataloader.py:425: UserWarning: Sparse CSR tensor support is in beta state. If you miss a functionality in the sparse tensor support, please submit a feature request to https://github.com/pytorch/pytorch/issues. (Triggered internally at /pytorch/aten/src/ATen/SparseCsrTensorImpl.cpp:49.)
  adj_local = adj_local.to_sparse_csr()
/pscratch/sd/h/hmuki/plexus/plexus/utils/dataloader.py:425: UserWarning: Sparse CSR tensor support is in beta state. If you miss a functionality in the sparse tensor support, please submit a feature request to https://github.com/pytorch/pytorch/issues. (Triggered internally at /pytorch/aten/src/ATen/SparseCsrTensorImpl.cpp:49.)
  adj_local = adj_local.to_sparse_csr()
/pscratch/sd/h/hmuki/plexus/plexus/utils/dataloader.py:412: UserWarning: Sparse invariant checks are implicitly disabled. Memory errors (e.g. SEGFAULT) will occur when operating on a sparse tensor which violates the invariants, but checks incur performance overhead. To silence this warning, explicitly opt in or out. See `torch.sparse.check_sparse_tensor_invariants.__doc__` for guidance.  (Triggered internally at /pytorch/aten/src/ATen/Context.cpp:760.)
  adj_local = torch.sparse_coo_tensor(
/pscratch/sd/h/hmuki/plexus/plexus/utils/dataloader.py:412: UserWarning: Sparse invariant checks are implicitly disabled. Memory errors (e.g. SEGFAULT) will occur when operating on a sparse tensor which violates the invariants, but checks incur performance overhead. To silence this warning, explicitly opt in or out. See `torch.sparse.check_sparse_tensor_invariants.__doc__` for guidance.  (Triggered internally at /pytorch/aten/src/ATen/Context.cpp:760.)
  adj_local = torch.sparse_coo_tensor(
/pscratch/sd/h/hmuki/plexus/plexus/utils/dataloader.py:412: UserWarning: Sparse invariant checks are implicitly disabled. Memory errors (e.g. SEGFAULT) will occur when operating on a sparse tensor which violates the invariants, but checks incur performance overhead. To silence this warning, explicitly opt in or out. See `torch.sparse.check_sparse_tensor_invariants.__doc__` for guidance.  (Triggered internally at /pytorch/aten/src/ATen/Context.cpp:760.)
  adj_local = torch.sparse_coo_tensor(
/pscratch/sd/h/hmuki/plexus/plexus/utils/dataloader.py:412: UserWarning: Sparse invariant checks are implicitly disabled. Memory errors (e.g. SEGFAULT) will occur when operating on a sparse tensor which violates the invariants, but checks incur performance overhead. To silence this warning, explicitly opt in or out. See `torch.sparse.check_sparse_tensor_invariants.__doc__` for guidance.  (Triggered internally at /pytorch/aten/src/ATen/Context.cpp:760.)
  adj_local = torch.sparse_coo_tensor(
/pscratch/sd/h/hmuki/plexus/plexus/utils/dataloader.py:425: UserWarning: Sparse CSR tensor support is in beta state. If you miss a functionality in the sparse tensor support, please submit a feature request to https://github.com/pytorch/pytorch/issues. (Triggered internally at /pytorch/aten/src/ATen/SparseCsrTensorImpl.cpp:49.)
  adj_local = adj_local.to_sparse_csr()
/pscratch/sd/h/hmuki/plexus/plexus/utils/dataloader.py:425: UserWarning: Sparse CSR tensor support is in beta state. If you miss a functionality in the sparse tensor support, please submit a feature request to https://github.com/pytorch/pytorch/issues. (Triggered internally at /pytorch/aten/src/ATen/SparseCsrTensorImpl.cpp:49.)
  adj_local = adj_local.to_sparse_csr()
/pscratch/sd/h/hmuki/plexus/plexus/utils/dataloader.py:425: UserWarning: Sparse CSR tensor support is in beta state. If you miss a functionality in the sparse tensor support, please submit a feature request to https://github.com/pytorch/pytorch/issues. (Triggered internally at /pytorch/aten/src/ATen/SparseCsrTensorImpl.cpp:49.)
  adj_local = adj_local.to_sparse_csr()
/pscratch/sd/h/hmuki/plexus/plexus/utils/dataloader.py:425: UserWarning: Sparse CSR tensor support is in beta state. If you miss a functionality in the sparse tensor support, please submit a feature request to https://github.com/pytorch/pytorch/issues. (Triggered internally at /pytorch/aten/src/ATen/SparseCsrTensorImpl.cpp:49.)
  adj_local = adj_local.to_sparse_csr()
[info] RMSNorm + ReLU + Dropout fused and compiled with torch.compile
steps_per_epoch:  1
steps_per_epoch:  1
steps_per_epoch:  1
steps_per_epoch:  1
steps_per_epoch:  1
steps_per_epoch:  1
steps_per_epoch:  1
steps_per_epoch:  1
steps_per_epoch:  1
steps_per_epoch:  1
steps_per_epoch:  1
steps_per_epoch:  1
steps_per_epoch:  1
steps_per_epoch:  1
steps_per_epoch:  1
steps_per_epoch:  1
Epoch: 000, Train Loss: 3.5927
[rank14]: Traceback (most recent call last):
[rank14]:   File "/pscratch/sd/h/hmuki/plexus/examples/train_mini.py", line 1424, in <module>
[rank14]:     loss = train(
[rank14]:         model,
[rank14]:     ...<9 lines>...
[rank14]:         vectorize_dp_grad=args.vectorize_dp_grad,
[rank14]:     )
[rank14]:   File "/pscratch/sd/h/hmuki/plexus/examples/train_mini.py", line 454, in train
[rank14]:     loss.backward()
[rank14]:     ~~~~~~~~~~~~~^^
[rank14]:   File "/pscratch/sd/h/hmuki/plexus-env/lib/python3.13/site-packages/torch/_tensor.py", line 631, in backward
[rank14]:     torch.autograd.backward(
[rank14]:     ~~~~~~~~~~~~~~~~~~~~~~~^
[rank14]:         self, gradient, retain_graph, create_graph, inputs=inputs
[rank14]:         ^^^^^^^^^^^^^^^^^^^^^^^^^^^^^^^^^^^^^^^^^^^^^^^^^^^^^^^^^
[rank14]:     )
[rank14]:     ^
[rank14]:   File "/pscratch/sd/h/hmuki/plexus-env/lib/python3.13/site-packages/torch/autograd/__init__.py", line 381, in backward
[rank14]:     _engine_run_backward(
[rank14]:     ~~~~~~~~~~~~~~~~~~~~^
[rank14]:         tensors,
[rank14]:         ^^^^^^^^
[rank14]:     ...<5 lines>...
[rank14]:         accumulate_grad=True,
[rank14]:         ^^^^^^^^^^^^^^^^^^^^^
[rank14]:     )
[rank14]:     ^
[rank14]:   File "/pscratch/sd/h/hmuki/plexus-env/lib/python3.13/site-packages/torch/autograd/graph.py", line 869, in _engine_run_backward
[rank14]:     return Variable._execution_engine.run_backward(  # Calls into the C++ engine to run the backward pass
[rank14]:            ~~~~~~~~~~~~~~~~~~~~~~~~~~~~~~~~~~~~~~~^^^^^^^^^^^^^^^^^^^^^^^^^^^^^^^^^^^^^^^^^^^^^^^^^^^^^^^
[rank14]:         t_outputs, *args, **kwargs
[rank14]:         ^^^^^^^^^^^^^^^^^^^^^^^^^^
[rank14]:     )  # Calls into the C++ engine to run the backward pass
[rank14]:     ^
[rank14]:   File "/pscratch/sd/h/hmuki/plexus-env/lib/python3.13/site-packages/torch/autograd/function.py", line 317, in apply
[rank14]:     return user_fn(self, *args)
[rank14]:   File "/pscratch/sd/h/hmuki/plexus/plexus/gcn_conv.py", line 633, in backward
[rank14]:     grad_x = _spmm(adj_t, grad_agg)
[rank14]:   File "/pscratch/sd/h/hmuki/plexus/plexus/gcn_conv.py", line 39, in _spmm
[rank14]:     return torch.sparse.mm(sparse_mat, dense_mat)
[rank14]:            ~~~~~~~~~~~~~~~^^^^^^^^^^^^^^^^^^^^^^^
[rank14]: torch.OutOfMemoryError: CUDA out of memory. Tried to allocate 1.70 GiB. GPU 2 has a total capacity of 39.49 GiB of which 1.28 GiB is free. Including non-PyTorch memory, this process has 38.20 GiB memory in use. Of the allocated memory 32.23 GiB is allocated by PyTorch, and 4.71 GiB is reserved by PyTorch but unallocated. If reserved but unallocated memory is large try setting PYTORCH_CUDA_ALLOC_CONF=expandable_segments:True to avoid fragmentation.  See documentation for Memory Management  (https://docs.pytorch.org/docs/stable/notes/cuda.html#optimizing-memory-usage-with-pytorch-cuda-alloc-conf)
[rank6]: Traceback (most recent call last):
[rank6]:   File "/pscratch/sd/h/hmuki/plexus/examples/train_mini.py", line 1424, in <module>
[rank6]:     loss = train(
[rank6]:         model,
[rank6]:     ...<9 lines>...
[rank6]:         vectorize_dp_grad=args.vectorize_dp_grad,
[rank6]:     )
[rank6]:   File "/pscratch/sd/h/hmuki/plexus/examples/train_mini.py", line 454, in train
[rank6]:     loss.backward()
[rank6]:     ~~~~~~~~~~~~~^^
[rank6]:   File "/pscratch/sd/h/hmuki/plexus-env/lib/python3.13/site-packages/torch/_tensor.py", line 631, in backward
[rank6]:     torch.autograd.backward(
[rank6]:     ~~~~~~~~~~~~~~~~~~~~~~~^
[rank6]:         self, gradient, retain_graph, create_graph, inputs=inputs
[rank6]:         ^^^^^^^^^^^^^^^^^^^^^^^^^^^^^^^^^^^^^^^^^^^^^^^^^^^^^^^^^
[rank6]:     )
[rank6]:     ^
[rank6]:   File "/pscratch/sd/h/hmuki/plexus-env/lib/python3.13/site-packages/torch/autograd/__init__.py", line 381, in backward
[rank6]:     _engine_run_backward(
[rank6]:     ~~~~~~~~~~~~~~~~~~~~^
[rank6]:         tensors,
[rank6]:         ^^^^^^^^
[rank6]:     ...<5 lines>...
[rank6]:         accumulate_grad=True,
[rank6]:         ^^^^^^^^^^^^^^^^^^^^^
[rank6]:     )
[rank6]:     ^
[rank6]:   File "/pscratch/sd/h/hmuki/plexus-env/lib/python3.13/site-packages/torch/autograd/graph.py", line 869, in _engine_run_backward
[rank6]:     return Variable._execution_engine.run_backward(  # Calls into the C++ engine to run the backward pass
[rank6]:            ~~~~~~~~~~~~~~~~~~~~~~~~~~~~~~~~~~~~~~~^^^^^^^^^^^^^^^^^^^^^^^^^^^^^^^^^^^^^^^^^^^^^^^^^^^^^^^
[rank6]:         t_outputs, *args, **kwargs
[rank6]:         ^^^^^^^^^^^^^^^^^^^^^^^^^^
[rank6]:     )  # Calls into the C++ engine to run the backward pass
[rank6]:     ^
[rank6]:   File "/pscratch/sd/h/hmuki/plexus-env/lib/python3.13/site-packages/torch/autograd/function.py", line 317, in apply
[rank6]:     return user_fn(self, *args)
[rank6]:   File "/pscratch/sd/h/hmuki/plexus/plexus/gcn_conv.py", line 633, in backward
[rank6]:     grad_x = _spmm(adj_t, grad_agg)
[rank6]:   File "/pscratch/sd/h/hmuki/plexus/plexus/gcn_conv.py", line 39, in _spmm
[rank6]:     return torch.sparse.mm(sparse_mat, dense_mat)
[rank6]:            ~~~~~~~~~~~~~~~^^^^^^^^^^^^^^^^^^^^^^^
[rank6]: torch.OutOfMemoryError: CUDA out of memory. Tried to allocate 1.70 GiB. GPU 2 has a total capacity of 39.49 GiB of which 1.43 GiB is free. Including non-PyTorch memory, this process has 38.05 GiB memory in use. Of the allocated memory 32.23 GiB is allocated by PyTorch, and 4.52 GiB is reserved by PyTorch but unallocated. If reserved but unallocated memory is large try setting PYTORCH_CUDA_ALLOC_CONF=expandable_segments:True to avoid fragmentation.  See documentation for Memory Management  (https://docs.pytorch.org/docs/stable/notes/cuda.html#optimizing-memory-usage-with-pytorch-cuda-alloc-conf)
[rank2]: Traceback (most recent call last):
[rank2]:   File "/pscratch/sd/h/hmuki/plexus/examples/train_mini.py", line 1424, in <module>
[rank2]:     loss = train(
[rank2]:         model,
[rank2]:     ...<9 lines>...
[rank2]:         vectorize_dp_grad=args.vectorize_dp_grad,
[rank2]:     )
[rank2]:   File "/pscratch/sd/h/hmuki/plexus/examples/train_mini.py", line 454, in train
[rank2]:     loss.backward()
[rank2]:     ~~~~~~~~~~~~~^^
[rank2]:   File "/pscratch/sd/h/hmuki/plexus-env/lib/python3.13/site-packages/torch/_tensor.py", line 631, in backward
[rank2]:     torch.autograd.backward(
[rank2]:     ~~~~~~~~~~~~~~~~~~~~~~~^
[rank2]:         self, gradient, retain_graph, create_graph, inputs=inputs
[rank2]:         ^^^^^^^^^^^^^^^^^^^^^^^^^^^^^^^^^^^^^^^^^^^^^^^^^^^^^^^^^
[rank2]:     )
[rank2]:     ^
[rank2]:   File "/pscratch/sd/h/hmuki/plexus-env/lib/python3.13/site-packages/torch/autograd/__init__.py", line 381, in backward
[rank2]:     _engine_run_backward(
[rank2]:     ~~~~~~~~~~~~~~~~~~~~^
[rank2]:         tensors,
[rank2]:         ^^^^^^^^
[rank2]:     ...<5 lines>...
[rank2]:         accumulate_grad=True,
[rank2]:         ^^^^^^^^^^^^^^^^^^^^^
[rank2]:     )
[rank2]:     ^
[rank2]:   File "/pscratch/sd/h/hmuki/plexus-env/lib/python3.13/site-packages/torch/autograd/graph.py", line 869, in _engine_run_backward
[rank2]:     return Variable._execution_engine.run_backward(  # Calls into the C++ engine to run the backward pass
[rank2]:            ~~~~~~~~~~~~~~~~~~~~~~~~~~~~~~~~~~~~~~~^^^^^^^^^^^^^^^^^^^^^^^^^^^^^^^^^^^^^^^^^^^^^^^^^^^^^^^
[rank2]:         t_outputs, *args, **kwargs
[rank2]:         ^^^^^^^^^^^^^^^^^^^^^^^^^^
[rank2]:     )  # Calls into the C++ engine to run the backward pass
[rank2]:     ^
[rank2]:   File "/pscratch/sd/h/hmuki/plexus-env/lib/python3.13/site-packages/torch/autograd/function.py", line 317, in apply
[rank2]:     return user_fn(self, *args)
[rank2]:   File "/pscratch/sd/h/hmuki/plexus/plexus/gcn_conv.py", line 633, in backward
[rank2]:     grad_x = _spmm(adj_t, grad_agg)
[rank2]:   File "/pscratch/sd/h/hmuki/plexus/plexus/gcn_conv.py", line 39, in _spmm
[rank2]:     return torch.sparse.mm(sparse_mat, dense_mat)
[rank2]:            ~~~~~~~~~~~~~~~^^^^^^^^^^^^^^^^^^^^^^^
[rank2]: torch.OutOfMemoryError: CUDA out of memory. Tried to allocate 1.70 GiB. GPU 2 has a total capacity of 39.49 GiB of which 1.47 GiB is free. Including non-PyTorch memory, this process has 38.02 GiB memory in use. Of the allocated memory 32.23 GiB is allocated by PyTorch, and 4.52 GiB is reserved by PyTorch but unallocated. If reserved but unallocated memory is large try setting PYTORCH_CUDA_ALLOC_CONF=expandable_segments:True to avoid fragmentation.  See documentation for Memory Management  (https://docs.pytorch.org/docs/stable/notes/cuda.html#optimizing-memory-usage-with-pytorch-cuda-alloc-conf)
[rank14]:[W501 15:04:26.456740624 ProcessGroupNCCL.cpp:1575] Warning: WARNING: destroy_process_group() was not called before program exit, which can leak resources. For more info, please see https://pytorch.org/docs/stable/distributed.html#shutdown (function operator())
[rank2]:[W501 15:04:26.797048895 ProcessGroupNCCL.cpp:1575] Warning: WARNING: destroy_process_group() was not called before program exit, which can leak resources. For more info, please see https://pytorch.org/docs/stable/distributed.html#shutdown (function operator())
[rank6]:[W501 15:04:26.019088100 ProcessGroupNCCL.cpp:1575] Warning: WARNING: destroy_process_group() was not called before program exit, which can leak resources. For more info, please see https://pytorch.org/docs/stable/distributed.html#shutdown (function operator())
srun: error: nid002749: task 6: Exited with exit code 1
srun: Terminating StepId=52335598.0
srun: error: nid002753: task 14: Exited with exit code 1
srun: error: nid002748: task 2: Exited with exit code 1
[2026-05-01T22:04:29.981] error: *** STEP 52335598.0 ON nid002748 CANCELLED AT 2026-05-01T22:04:29 DUE TO TASK FAILURE ***
srun: error: nid002749: task 4: Terminated
srun: error: nid002753: task 12: Terminated
srun: error: nid002752: task 8: Terminated
srun: error: nid002748: tasks 0-1,3: Terminated
srun: error: nid002753: tasks 13,15: Terminated
srun: error: nid002749: tasks 5,7: Terminated
srun: error: nid002752: tasks 9-11: Terminated
srun: Force Terminated StepId=52335598.0
