/pscratch/sd/h/hmuki/plexus/plexus/utils/dataloader.py:412: UserWarning: Sparse invariant checks are implicitly disabled. Memory errors (e.g. SEGFAULT) will occur when operating on a sparse tensor which violates the invariants, but checks incur performance overhead. To silence this warning, explicitly opt in or out. See `torch.sparse.check_sparse_tensor_invariants.__doc__` for guidance.  (Triggered internally at /pytorch/aten/src/ATen/Context.cpp:760.)
  adj_local = torch.sparse_coo_tensor(
/pscratch/sd/h/hmuki/plexus/plexus/utils/dataloader.py:412: UserWarning: Sparse invariant checks are implicitly disabled. Memory errors (e.g. SEGFAULT) will occur when operating on a sparse tensor which violates the invariants, but checks incur performance overhead. To silence this warning, explicitly opt in or out. See `torch.sparse.check_sparse_tensor_invariants.__doc__` for guidance.  (Triggered internally at /pytorch/aten/src/ATen/Context.cpp:760.)
  adj_local = torch.sparse_coo_tensor(
/pscratch/sd/h/hmuki/plexus/plexus/utils/dataloader.py:412: UserWarning: Sparse invariant checks are implicitly disabled. Memory errors (e.g. SEGFAULT) will occur when operating on a sparse tensor which violates the invariants, but checks incur performance overhead. To silence this warning, explicitly opt in or out. See `torch.sparse.check_sparse_tensor_invariants.__doc__` for guidance.  (Triggered internally at /pytorch/aten/src/ATen/Context.cpp:760.)
  adj_local = torch.sparse_coo_tensor(
/pscratch/sd/h/hmuki/plexus/plexus/utils/dataloader.py:412: UserWarning: Sparse invariant checks are implicitly disabled. Memory errors (e.g. SEGFAULT) will occur when operating on a sparse tensor which violates the invariants, but checks incur performance overhead. To silence this warning, explicitly opt in or out. See `torch.sparse.check_sparse_tensor_invariants.__doc__` for guidance.  (Triggered internally at /pytorch/aten/src/ATen/Context.cpp:760.)
  adj_local = torch.sparse_coo_tensor(
/pscratch/sd/h/hmuki/plexus/plexus/utils/dataloader.py:425: UserWarning: Sparse CSR tensor support is in beta state. If you miss a functionality in the sparse tensor support, please submit a feature request to https://github.com/pytorch/pytorch/issues. (Triggered internally at /pytorch/aten/src/ATen/SparseCsrTensorImpl.cpp:49.)
  adj_local = adj_local.to_sparse_csr()
/pscratch/sd/h/hmuki/plexus/plexus/utils/dataloader.py:425: UserWarning: Sparse CSR tensor support is in beta state. If you miss a functionality in the sparse tensor support, please submit a feature request to https://github.com/pytorch/pytorch/issues. (Triggered internally at /pytorch/aten/src/ATen/SparseCsrTensorImpl.cpp:49.)
  adj_local = adj_local.to_sparse_csr()
/pscratch/sd/h/hmuki/plexus/plexus/utils/dataloader.py:425: UserWarning: Sparse CSR tensor support is in beta state. If you miss a functionality in the sparse tensor support, please submit a feature request to https://github.com/pytorch/pytorch/issues. (Triggered internally at /pytorch/aten/src/ATen/SparseCsrTensorImpl.cpp:49.)
  adj_local = adj_local.to_sparse_csr()
/pscratch/sd/h/hmuki/plexus/plexus/utils/dataloader.py:412: UserWarning: Sparse invariant checks are implicitly disabled. Memory errors (e.g. SEGFAULT) will occur when operating on a sparse tensor which violates the invariants, but checks incur performance overhead. To silence this warning, explicitly opt in or out. See `torch.sparse.check_sparse_tensor_invariants.__doc__` for guidance.  (Triggered internally at /pytorch/aten/src/ATen/Context.cpp:760.)
  adj_local = torch.sparse_coo_tensor(
/pscratch/sd/h/hmuki/plexus/plexus/utils/dataloader.py:412: UserWarning: Sparse invariant checks are implicitly disabled. Memory errors (e.g. SEGFAULT) will occur when operating on a sparse tensor which violates the invariants, but checks incur performance overhead. To silence this warning, explicitly opt in or out. See `torch.sparse.check_sparse_tensor_invariants.__doc__` for guidance.  (Triggered internally at /pytorch/aten/src/ATen/Context.cpp:760.)
  adj_local = torch.sparse_coo_tensor(
/pscratch/sd/h/hmuki/plexus/plexus/utils/dataloader.py:425: UserWarning: Sparse CSR tensor support is in beta state. If you miss a functionality in the sparse tensor support, please submit a feature request to https://github.com/pytorch/pytorch/issues. (Triggered internally at /pytorch/aten/src/ATen/SparseCsrTensorImpl.cpp:49.)
  adj_local = adj_local.to_sparse_csr()
/pscratch/sd/h/hmuki/plexus/plexus/utils/dataloader.py:412: UserWarning: Sparse invariant checks are implicitly disabled. Memory errors (e.g. SEGFAULT) will occur when operating on a sparse tensor which violates the invariants, but checks incur performance overhead. To silence this warning, explicitly opt in or out. See `torch.sparse.check_sparse_tensor_invariants.__doc__` for guidance.  (Triggered internally at /pytorch/aten/src/ATen/Context.cpp:760.)
  adj_local = torch.sparse_coo_tensor(
/pscratch/sd/h/hmuki/plexus/plexus/utils/dataloader.py:425: UserWarning: Sparse CSR tensor support is in beta state. If you miss a functionality in the sparse tensor support, please submit a feature request to https://github.com/pytorch/pytorch/issues. (Triggered internally at /pytorch/aten/src/ATen/SparseCsrTensorImpl.cpp:49.)
  adj_local = adj_local.to_sparse_csr()
/pscratch/sd/h/hmuki/plexus/plexus/utils/dataloader.py:425: UserWarning: Sparse CSR tensor support is in beta state. If you miss a functionality in the sparse tensor support, please submit a feature request to https://github.com/pytorch/pytorch/issues. (Triggered internally at /pytorch/aten/src/ATen/SparseCsrTensorImpl.cpp:49.)
  adj_local = adj_local.to_sparse_csr()
/pscratch/sd/h/hmuki/plexus/plexus/utils/dataloader.py:412: UserWarning: Sparse invariant checks are implicitly disabled. Memory errors (e.g. SEGFAULT) will occur when operating on a sparse tensor which violates the invariants, but checks incur performance overhead. To silence this warning, explicitly opt in or out. See `torch.sparse.check_sparse_tensor_invariants.__doc__` for guidance.  (Triggered internally at /pytorch/aten/src/ATen/Context.cpp:760.)
  adj_local = torch.sparse_coo_tensor(
/pscratch/sd/h/hmuki/plexus/plexus/utils/dataloader.py:412: UserWarning: Sparse invariant checks are implicitly disabled. Memory errors (e.g. SEGFAULT) will occur when operating on a sparse tensor which violates the invariants, but checks incur performance overhead. To silence this warning, explicitly opt in or out. See `torch.sparse.check_sparse_tensor_invariants.__doc__` for guidance.  (Triggered internally at /pytorch/aten/src/ATen/Context.cpp:760.)
  adj_local = torch.sparse_coo_tensor(
/pscratch/sd/h/hmuki/plexus/plexus/utils/dataloader.py:412: UserWarning: Sparse invariant checks are implicitly disabled. Memory errors (e.g. SEGFAULT) will occur when operating on a sparse tensor which violates the invariants, but checks incur performance overhead. To silence this warning, explicitly opt in or out. See `torch.sparse.check_sparse_tensor_invariants.__doc__` for guidance.  (Triggered internally at /pytorch/aten/src/ATen/Context.cpp:760.)
  adj_local = torch.sparse_coo_tensor(
/pscratch/sd/h/hmuki/plexus/plexus/utils/dataloader.py:412: UserWarning: Sparse invariant checks are implicitly disabled. Memory errors (e.g. SEGFAULT) will occur when operating on a sparse tensor which violates the invariants, but checks incur performance overhead. To silence this warning, explicitly opt in or out. See `torch.sparse.check_sparse_tensor_invariants.__doc__` for guidance.  (Triggered internally at /pytorch/aten/src/ATen/Context.cpp:760.)
  adj_local = torch.sparse_coo_tensor(
/pscratch/sd/h/hmuki/plexus/plexus/utils/dataloader.py:425: UserWarning: Sparse CSR tensor support is in beta state. If you miss a functionality in the sparse tensor support, please submit a feature request to https://github.com/pytorch/pytorch/issues. (Triggered internally at /pytorch/aten/src/ATen/SparseCsrTensorImpl.cpp:49.)
  adj_local = adj_local.to_sparse_csr()
/pscratch/sd/h/hmuki/plexus/plexus/utils/dataloader.py:412: UserWarning: Sparse invariant checks are implicitly disabled. Memory errors (e.g. SEGFAULT) will occur when operating on a sparse tensor which violates the invariants, but checks incur performance overhead. To silence this warning, explicitly opt in or out. See `torch.sparse.check_sparse_tensor_invariants.__doc__` for guidance.  (Triggered internally at /pytorch/aten/src/ATen/Context.cpp:760.)
  adj_local = torch.sparse_coo_tensor(
/pscratch/sd/h/hmuki/plexus/plexus/utils/dataloader.py:412: UserWarning: Sparse invariant checks are implicitly disabled. Memory errors (e.g. SEGFAULT) will occur when operating on a sparse tensor which violates the invariants, but checks incur performance overhead. To silence this warning, explicitly opt in or out. See `torch.sparse.check_sparse_tensor_invariants.__doc__` for guidance.  (Triggered internally at /pytorch/aten/src/ATen/Context.cpp:760.)
  adj_local = torch.sparse_coo_tensor(
/pscratch/sd/h/hmuki/plexus/plexus/utils/dataloader.py:425: UserWarning: Sparse CSR tensor support is in beta state. If you miss a functionality in the sparse tensor support, please submit a feature request to https://github.com/pytorch/pytorch/issues. (Triggered internally at /pytorch/aten/src/ATen/SparseCsrTensorImpl.cpp:49.)
  adj_local = adj_local.to_sparse_csr()
/pscratch/sd/h/hmuki/plexus/plexus/utils/dataloader.py:425: UserWarning: Sparse CSR tensor support is in beta state. If you miss a functionality in the sparse tensor support, please submit a feature request to https://github.com/pytorch/pytorch/issues. (Triggered internally at /pytorch/aten/src/ATen/SparseCsrTensorImpl.cpp:49.)
  adj_local = adj_local.to_sparse_csr()
/pscratch/sd/h/hmuki/plexus/plexus/utils/dataloader.py:425: UserWarning: Sparse CSR tensor support is in beta state. If you miss a functionality in the sparse tensor support, please submit a feature request to https://github.com/pytorch/pytorch/issues. (Triggered internally at /pytorch/aten/src/ATen/SparseCsrTensorImpl.cpp:49.)
  adj_local = adj_local.to_sparse_csr()
/pscratch/sd/h/hmuki/plexus/plexus/utils/dataloader.py:425: UserWarning: Sparse CSR tensor support is in beta state. If you miss a functionality in the sparse tensor support, please submit a feature request to https://github.com/pytorch/pytorch/issues. (Triggered internally at /pytorch/aten/src/ATen/SparseCsrTensorImpl.cpp:49.)
  adj_local = adj_local.to_sparse_csr()
/pscratch/sd/h/hmuki/plexus/plexus/utils/dataloader.py:412: UserWarning: Sparse invariant checks are implicitly disabled. Memory errors (e.g. SEGFAULT) will occur when operating on a sparse tensor which violates the invariants, but checks incur performance overhead. To silence this warning, explicitly opt in or out. See `torch.sparse.check_sparse_tensor_invariants.__doc__` for guidance.  (Triggered internally at /pytorch/aten/src/ATen/Context.cpp:760.)
  adj_local = torch.sparse_coo_tensor(
/pscratch/sd/h/hmuki/plexus/plexus/utils/dataloader.py:412: UserWarning: Sparse invariant checks are implicitly disabled. Memory errors (e.g. SEGFAULT) will occur when operating on a sparse tensor which violates the invariants, but checks incur performance overhead. To silence this warning, explicitly opt in or out. See `torch.sparse.check_sparse_tensor_invariants.__doc__` for guidance.  (Triggered internally at /pytorch/aten/src/ATen/Context.cpp:760.)
  adj_local = torch.sparse_coo_tensor(
/pscratch/sd/h/hmuki/plexus/plexus/utils/dataloader.py:425: UserWarning: Sparse CSR tensor support is in beta state. If you miss a functionality in the sparse tensor support, please submit a feature request to https://github.com/pytorch/pytorch/issues. (Triggered internally at /pytorch/aten/src/ATen/SparseCsrTensorImpl.cpp:49.)
  adj_local = adj_local.to_sparse_csr()
/pscratch/sd/h/hmuki/plexus/plexus/utils/dataloader.py:425: UserWarning: Sparse CSR tensor support is in beta state. If you miss a functionality in the sparse tensor support, please submit a feature request to https://github.com/pytorch/pytorch/issues. (Triggered internally at /pytorch/aten/src/ATen/SparseCsrTensorImpl.cpp:49.)
  adj_local = adj_local.to_sparse_csr()
/pscratch/sd/h/hmuki/plexus/plexus/utils/dataloader.py:425: UserWarning: Sparse CSR tensor support is in beta state. If you miss a functionality in the sparse tensor support, please submit a feature request to https://github.com/pytorch/pytorch/issues. (Triggered internally at /pytorch/aten/src/ATen/SparseCsrTensorImpl.cpp:49.)
  adj_local = adj_local.to_sparse_csr()
/pscratch/sd/h/hmuki/plexus/plexus/utils/dataloader.py:425: UserWarning: Sparse CSR tensor support is in beta state. If you miss a functionality in the sparse tensor support, please submit a feature request to https://github.com/pytorch/pytorch/issues. (Triggered internally at /pytorch/aten/src/ATen/SparseCsrTensorImpl.cpp:49.)
  adj_local = adj_local.to_sparse_csr()
/pscratch/sd/h/hmuki/plexus/plexus/utils/dataloader.py:412: UserWarning: Sparse invariant checks are implicitly disabled. Memory errors (e.g. SEGFAULT) will occur when operating on a sparse tensor which violates the invariants, but checks incur performance overhead. To silence this warning, explicitly opt in or out. See `torch.sparse.check_sparse_tensor_invariants.__doc__` for guidance.  (Triggered internally at /pytorch/aten/src/ATen/Context.cpp:760.)
  adj_local = torch.sparse_coo_tensor(
/pscratch/sd/h/hmuki/plexus/plexus/utils/dataloader.py:425: UserWarning: Sparse CSR tensor support is in beta state. If you miss a functionality in the sparse tensor support, please submit a feature request to https://github.com/pytorch/pytorch/issues. (Triggered internally at /pytorch/aten/src/ATen/SparseCsrTensorImpl.cpp:49.)
  adj_local = adj_local.to_sparse_csr()
[info] RMSNorm + ReLU + Dropout fused and compiled with torch.compile
steps_per_epoch:  3
steps_per_epoch:  3
steps_per_epoch:  3
steps_per_epoch:  3
steps_per_epoch:  3
steps_per_epoch:  3
steps_per_epoch:  3
steps_per_epoch:  3
steps_per_epoch:  3
steps_per_epoch:  3
steps_per_epoch:  3
steps_per_epoch:  3
steps_per_epoch:  3
steps_per_epoch:  3
steps_per_epoch:  3
steps_per_epoch:  3
Epoch: 000, Train Loss: 3.5622
Epoch: 001, Train Loss: 3.4595
Epoch: 002, Train Loss: 3.4502
Epoch: 003, Train Loss: 3.4375
Epoch: 004, Train Loss: 3.4179
Epoch: 005, Train Loss: 3.3797
Epoch: 006, Train Loss: 3.3882
Epoch: 007, Train Loss: 3.4566
Epoch: 008, Train Loss: 3.4368
rank 3 Peak GPU memory: 21.96 GB
rank 2 Peak GPU memory: 21.96 GB
rank 1 Peak GPU memory: 21.96 GB
rank 4 Peak GPU memory: 21.96 GB
rank 7 Peak GPU memory: 21.96 GB
rank 6 Peak GPU memory: 21.96 GB
rank 5 Peak GPU memory: 22.09 GB
rank 8 Peak GPU memory: 21.96 GB
rank 11 Peak GPU memory: 21.96 GB
rank 10 Peak GPU memory: 22.09 GB
rank 9 Peak GPU memory: 21.96 GB
rank 13 Peak GPU memory: 21.96 GB
rank 14 Peak GPU memory: 21.96 GB
rank 15 Peak GPU memory: 22.08 GB
rank 12 Peak GPU memory: 21.96 GB
|--[95m 'drop | Max Time: 0.171 ms | Avg Time: 0.149 ms | Load Imbalance: 1.142' [0m

|--[95m 'epoch 0 | Max Time: 15163.477 ms | Avg Time: 15161.005 ms | Load Imbalance: 1.000' [0m
	|--[92m 'minibatch prep | Max Time: 431.856 ms | Avg Time: 418.159 ms | Load Imbalance: 1.033' [0m
		|--[96m 'sample nodes | Max Time: 73.450 ms | Avg Time: 61.177 ms | Load Imbalance: 1.201' [0m
		|--[96m 'compact indices | Max Time: 28.175 ms | Avg Time: 24.595 ms | Load Imbalance: 1.146' [0m
		|--[96m 'compact adj shards | Max Time: 318.022 ms | Avg Time: 309.694 ms | Load Imbalance: 1.027' [0m
			|--[91m 'compact layout prep | Max Time: 100.137 ms | Avg Time: 93.859 ms | Load Imbalance: 1.067' [0m
			|--[91m 'compact csr: indices | Max Time: 2.140 ms | Avg Time: 1.117 ms | Load Imbalance: 1.916' [0m
			|--[91m 'compact csr: row ptrs | Max Time: 18.093 ms | Avg Time: 17.271 ms | Load Imbalance: 1.048' [0m
			|--[91m 'compact csr: nnz index | Max Time: 49.045 ms | Avg Time: 40.394 ms | Load Imbalance: 1.214' [0m
			|--[91m 'compact csr: select nnz | Max Time: 7.383 ms | Avg Time: 7.206 ms | Load Imbalance: 1.024' [0m
			|--[91m 'compact csr: col map | Max Time: 18.097 ms | Avg Time: 16.888 ms | Load Imbalance: 1.072' [0m
			|--[91m 'compact csr: edge scale | Max Time: 26.117 ms | Avg Time: 23.512 ms | Load Imbalance: 1.111' [0m
			|--[91m 'compact csr: crow | Max Time: 48.457 ms | Avg Time: 43.990 ms | Load Imbalance: 1.102' [0m
			|--[91m 'compact csr: adjt direct | Max Time: 52.476 ms | Avg Time: 49.660 ms | Load Imbalance: 1.057' [0m
		|--[96m 'compact feature slice | Max Time: 11.300 ms | Avg Time: 10.560 ms | Load Imbalance: 1.070' [0m
		|--[96m 'compact label slice | Max Time: 14.230 ms | Avg Time: 10.785 ms | Load Imbalance: 1.319' [0m
	|--[92m 'train step | Max Time: 14755.250 ms | Avg Time: 14742.590 ms | Load Imbalance: 1.001' [0m
		|--[96m 'input_linear | Max Time: 531.786 ms | Avg Time: 517.385 ms | Load Imbalance: 1.028' [0m
			|--[91m 'input_linear X * W | Max Time: 121.989 ms | Avg Time: 110.489 ms | Load Imbalance: 1.104' [0m
			|--[91m 'all-reduce | Max Time: 414.031 ms | Avg Time: 398.379 ms | Load Imbalance: 1.039' [0m
			|--[91m 'OUT + BIAS | Max Time: 8.049 ms | Avg Time: 8.044 ms | Load Imbalance: 1.001' [0m
		|--[96m 'gcn conv fwd | Max Time: 1919.209 ms | Avg Time: 1236.176 ms | Load Imbalance: 1.553' [0m
			|--[91m 'AGG = A * H | Max Time: 87.499 ms | Avg Time: 79.767 ms | Load Imbalance: 1.097' [0m
			|--[91m 'allreduce H | Max Time: 571.952 ms | Avg Time: 533.616 ms | Load Imbalance: 1.072' [0m
				|--[95m 'allreduce lowp comm dtype | Max Time: 13.695 ms | Avg Time: 13.678 ms | Load Imbalance: 1.001' [0m
				|--[95m 'allreduce lowp | Max Time: 541.876 ms | Avg Time: 503.533 ms | Load Imbalance: 1.076' [0m
				|--[95m 'allreduce copy back | Max Time: 16.337 ms | Avg Time: 16.319 ms | Load Imbalance: 1.001' [0m
			|--[91m 'Allgather W | Max Time: 796.046 ms | Avg Time: 184.097 ms | Load Imbalance: 4.324' [0m
				|--[95m 'gather | Max Time: 795.989 ms | Avg Time: 184.037 ms | Load Imbalance: 4.325' [0m
			|--[91m 'OUT = AGG * W | Max Time: 30.519 ms | Avg Time: 30.382 ms | Load Imbalance: 1.005' [0m
			|--[91m 'allreduce Q | Max Time: 479.318 ms | Avg Time: 408.121 ms | Load Imbalance: 1.174' [0m
				|--[95m 'allreduce lowp comm dtype | Max Time: 13.753 ms | Avg Time: 13.745 ms | Load Imbalance: 1.001' [0m
				|--[95m 'allreduce lowp | Max Time: 449.166 ms | Avg Time: 377.940 ms | Load Imbalance: 1.188' [0m
				|--[95m 'allreduce copy back | Max Time: 16.350 ms | Avg Time: 16.330 ms | Load Imbalance: 1.001' [0m
		|--[96m 'activation | Max Time: 10918.561 ms | Avg Time: 10547.538 ms | Load Imbalance: 1.035' [0m
			|--[91m 'all-reduce | Max Time: 93.875 ms | Avg Time: 46.548 ms | Load Imbalance: 2.017' [0m
		|--[96m 'output_linear | Max Time: 5.906 ms | Avg Time: 5.896 ms | Load Imbalance: 1.002' [0m
			|--[91m 'output_linear X * W | Max Time: 5.619 ms | Avg Time: 5.609 ms | Load Imbalance: 1.002' [0m
			|--[91m 'all-reduce | Max Time: 0.007 ms | Avg Time: 0.007 ms | Load Imbalance: 1.040' [0m
			|--[91m 'OUT + BIAS | Max Time: 0.252 ms | Avg Time: 0.251 ms | Load Imbalance: 1.003' [0m
		|--[96m 'cross entropy fwd | Max Time: 556.246 ms | Avg Time: 274.570 ms | Load Imbalance: 2.026' [0m
		|--[96m 'cross entropy bwd | Max Time: 1.866 ms | Avg Time: 1.362 ms | Load Imbalance: 1.371' [0m
		|--[96m 'linear_3d_bwd | Max Time: 66.743 ms | Avg Time: 64.793 ms | Load Imbalance: 1.030' [0m
			|--[91m 'output_linear GRAD_X | Max Time: 7.119 ms | Avg Time: 6.383 ms | Load Imbalance: 1.115' [0m
			|--[91m 'all-reduce | Max Time: 45.165 ms | Avg Time: 43.121 ms | Load Imbalance: 1.047' [0m
			|--[91m 'output_linear GRAD_W | Max Time: 6.087 ms | Avg Time: 5.627 ms | Load Imbalance: 1.082' [0m
			|--[91m 'input_linear GRAD_W | Max Time: 5.067 ms | Avg Time: 5.003 ms | Load Imbalance: 1.013' [0m
		|--[96m 'gcn conv bwd | Max Time: 728.602 ms | Avg Time: 721.567 ms | Load Imbalance: 1.010' [0m
			|--[91m 'gather | Max Time: 9.761 ms | Avg Time: 5.749 ms | Load Imbalance: 1.698' [0m
			|--[91m 'GRAD_AGG = GRAD_OUT * W.T | Max Time: 30.242 ms | Avg Time: 30.214 ms | Load Imbalance: 1.001' [0m
			|--[91m 'allreduce lowp comm dtype | Max Time: 13.763 ms | Avg Time: 13.745 ms | Load Imbalance: 1.001' [0m
			|--[91m 'allreduce lowp | Max Time: 279.586 ms | Avg Time: 270.910 ms | Load Imbalance: 1.032' [0m
			|--[91m 'allreduce copy back | Max Time: 16.331 ms | Avg Time: 16.311 ms | Load Imbalance: 1.001' [0m
			|--[91m 'GRAD_W = AGG.T * GRAD_OUT | Max Time: 30.452 ms | Avg Time: 30.411 ms | Load Imbalance: 1.001' [0m
			|--[91m 'ReduceScatter grad_weight | Max Time: 17.353 ms | Avg Time: 8.653 ms | Load Imbalance: 2.005' [0m
				|--[95m 'reduce-scatter | Max Time: 17.317 ms | Avg Time: 8.617 ms | Load Imbalance: 2.010' [0m
					|--[92m 'reduce-scatter-dist | Max Time: 17.289 ms | Avg Time: 8.589 ms | Load Imbalance: 2.013' [0m
			|--[91m 'GRAD_H = A.T * GRAD_AGG | Max Time: 59.182 ms | Avg Time: 53.780 ms | Load Imbalance: 1.100' [0m
			|--[91m 'allreduce grad_x | Max Time: 300.490 ms | Avg Time: 291.589 ms | Load Imbalance: 1.031' [0m
				|--[95m 'allreduce lowp comm dtype | Max Time: 13.684 ms | Avg Time: 13.668 ms | Load Imbalance: 1.001' [0m
				|--[95m 'allreduce lowp | Max Time: 270.442 ms | Avg Time: 261.524 ms | Load Imbalance: 1.034' [0m
				|--[95m 'allreduce copy back | Max Time: 16.333 ms | Avg Time: 16.313 ms | Load Imbalance: 1.001' [0m
		|--[96m 'sync_norm_gradients | Max Time: 0.377 ms | Avg Time: 0.307 ms | Load Imbalance: 1.228' [0m
		|--[96m 'sync_data_parallel_gradients | Max Time: 0.007 ms | Avg Time: 0.007 ms | Load Imbalance: 1.030' [0m

|--[95m 'epoch 1 | Max Time: 1807.984 ms | Avg Time: 1807.853 ms | Load Imbalance: 1.000' [0m
	|--[92m 'minibatch prep | Max Time: 163.206 ms | Avg Time: 159.184 ms | Load Imbalance: 1.025' [0m
		|--[96m 'sample nodes | Max Time: 14.946 ms | Avg Time: 14.887 ms | Load Imbalance: 1.004' [0m
		|--[96m 'compact indices | Max Time: 2.292 ms | Avg Time: 2.230 ms | Load Imbalance: 1.028' [0m
		|--[96m 'compact adj shards | Max Time: 141.594 ms | Avg Time: 137.578 ms | Load Imbalance: 1.029' [0m
			|--[91m 'compact layout prep | Max Time: 8.284 ms | Avg Time: 7.187 ms | Load Imbalance: 1.153' [0m
			|--[91m 'compact csr: indices | Max Time: 0.111 ms | Avg Time: 0.078 ms | Load Imbalance: 1.413' [0m
			|--[91m 'compact csr: row ptrs | Max Time: 3.310 ms | Avg Time: 3.288 ms | Load Imbalance: 1.007' [0m
			|--[91m 'compact csr: nnz index | Max Time: 26.411 ms | Avg Time: 25.891 ms | Load Imbalance: 1.020' [0m
			|--[91m 'compact csr: select nnz | Max Time: 7.366 ms | Avg Time: 7.191 ms | Load Imbalance: 1.024' [0m
			|--[91m 'compact csr: col map | Max Time: 17.014 ms | Avg Time: 16.774 ms | Load Imbalance: 1.014' [0m
			|--[91m 'compact csr: edge scale | Max Time: 9.419 ms | Avg Time: 9.216 ms | Load Imbalance: 1.022' [0m
			|--[91m 'compact csr: crow | Max Time: 6.069 ms | Avg Time: 5.899 ms | Load Imbalance: 1.029' [0m
			|--[91m 'compact csr: adjt direct | Max Time: 50.473 ms | Avg Time: 48.846 ms | Load Imbalance: 1.033' [0m
		|--[96m 'compact feature slice | Max Time: 3.980 ms | Avg Time: 3.978 ms | Load Imbalance: 1.000' [0m
		|--[96m 'compact label slice | Max Time: 0.180 ms | Avg Time: 0.176 ms | Load Imbalance: 1.019' [0m
	|--[92m 'train step | Max Time: 1650.042 ms | Avg Time: 1648.475 ms | Load Imbalance: 1.001' [0m
		|--[96m 'input_linear | Max Time: 56.058 ms | Avg Time: 54.406 ms | Load Imbalance: 1.030' [0m
			|--[91m 'input_linear X * W | Max Time: 5.291 ms | Avg Time: 5.285 ms | Load Imbalance: 1.001' [0m
			|--[91m 'all-reduce | Max Time: 42.712 ms | Avg Time: 41.060 ms | Load Imbalance: 1.040' [0m
			|--[91m 'OUT + BIAS | Max Time: 8.037 ms | Avg Time: 8.033 ms | Load Imbalance: 1.000' [0m
		|--[96m 'gcn conv fwd | Max Time: 672.756 ms | Avg Time: 664.876 ms | Load Imbalance: 1.012' [0m
			|--[91m 'AGG = A * H | Max Time: 59.264 ms | Avg Time: 53.827 ms | Load Imbalance: 1.101' [0m
			|--[91m 'allreduce H | Max Time: 295.564 ms | Avg Time: 289.787 ms | Load Imbalance: 1.020' [0m
				|--[95m 'allreduce lowp comm dtype | Max Time: 13.696 ms | Avg Time: 13.666 ms | Load Imbalance: 1.002' [0m
				|--[95m 'allreduce lowp | Max Time: 265.539 ms | Avg Time: 259.725 ms | Load Imbalance: 1.022' [0m
				|--[95m 'allreduce copy back | Max Time: 16.331 ms | Avg Time: 16.311 ms | Load Imbalance: 1.001' [0m
			|--[91m 'Allgather W | Max Time: 11.467 ms | Avg Time: 5.498 ms | Load Imbalance: 2.086' [0m
				|--[95m 'gather | Max Time: 11.432 ms | Avg Time: 5.463 ms | Load Imbalance: 2.093' [0m
			|--[91m 'OUT = AGG * W | Max Time: 29.988 ms | Avg Time: 29.962 ms | Load Imbalance: 1.001' [0m
			|--[91m 'allreduce Q | Max Time: 293.453 ms | Avg Time: 285.675 ms | Load Imbalance: 1.027' [0m
				|--[95m 'allreduce lowp comm dtype | Max Time: 13.758 ms | Avg Time: 13.739 ms | Load Imbalance: 1.001' [0m
				|--[95m 'allreduce lowp | Max Time: 263.331 ms | Avg Time: 255.544 ms | Load Imbalance: 1.030' [0m
				|--[95m 'allreduce copy back | Max Time: 16.325 ms | Avg Time: 16.307 ms | Load Imbalance: 1.001' [0m
		|--[96m 'activation | Max Time: 51.626 ms | Avg Time: 45.359 ms | Load Imbalance: 1.138' [0m
			|--[91m 'all-reduce | Max Time: 17.026 ms | Avg Time: 10.740 ms | Load Imbalance: 1.585' [0m
		|--[96m 'output_linear | Max Time: 5.893 ms | Avg Time: 5.888 ms | Load Imbalance: 1.001' [0m
			|--[91m 'output_linear X * W | Max Time: 5.608 ms | Avg Time: 5.603 ms | Load Imbalance: 1.001' [0m
			|--[91m 'all-reduce | Max Time: 0.007 ms | Avg Time: 0.007 ms | Load Imbalance: 1.018' [0m
			|--[91m 'OUT + BIAS | Max Time: 0.251 ms | Avg Time: 0.250 ms | Load Imbalance: 1.004' [0m
		|--[96m 'cross entropy fwd | Max Time: 12.060 ms | Avg Time: 8.949 ms | Load Imbalance: 1.348' [0m
		|--[96m 'cross entropy bwd | Max Time: 0.922 ms | Avg Time: 0.870 ms | Load Imbalance: 1.059' [0m
		|--[96m 'linear_3d_bwd | Max Time: 61.119 ms | Avg Time: 59.932 ms | Load Imbalance: 1.020' [0m
			|--[91m 'output_linear GRAD_X | Max Time: 8.382 ms | Avg Time: 4.801 ms | Load Imbalance: 1.746' [0m
			|--[91m 'all-reduce | Max Time: 42.626 ms | Avg Time: 40.693 ms | Load Imbalance: 1.047' [0m
			|--[91m 'output_linear GRAD_W | Max Time: 4.932 ms | Avg Time: 4.911 ms | Load Imbalance: 1.004' [0m
			|--[91m 'input_linear GRAD_W | Max Time: 4.932 ms | Avg Time: 4.914 ms | Load Imbalance: 1.004' [0m
		|--[96m 'gcn conv bwd | Max Time: 706.983 ms | Avg Time: 706.884 ms | Load Imbalance: 1.000' [0m
			|--[91m 'gather | Max Time: 0.482 ms | Avg Time: 0.374 ms | Load Imbalance: 1.289' [0m
			|--[91m 'GRAD_AGG = GRAD_OUT * W.T | Max Time: 30.238 ms | Avg Time: 30.212 ms | Load Imbalance: 1.001' [0m
			|--[91m 'allreduce lowp comm dtype | Max Time: 13.759 ms | Avg Time: 13.740 ms | Load Imbalance: 1.001' [0m
			|--[91m 'allreduce lowp | Max Time: 263.894 ms | Avg Time: 261.224 ms | Load Imbalance: 1.010' [0m
			|--[91m 'allreduce copy back | Max Time: 16.334 ms | Avg Time: 16.311 ms | Load Imbalance: 1.001' [0m
			|--[91m 'GRAD_W = AGG.T * GRAD_OUT | Max Time: 30.450 ms | Avg Time: 30.405 ms | Load Imbalance: 1.001' [0m
			|--[91m 'ReduceScatter grad_weight | Max Time: 14.905 ms | Avg Time: 8.326 ms | Load Imbalance: 1.790' [0m
				|--[95m 'reduce-scatter | Max Time: 14.870 ms | Avg Time: 8.290 ms | Load Imbalance: 1.794' [0m
					|--[92m 'reduce-scatter-dist | Max Time: 14.842 ms | Avg Time: 8.262 ms | Load Imbalance: 1.796' [0m
			|--[91m 'GRAD_H = A.T * GRAD_AGG | Max Time: 59.214 ms | Avg Time: 53.780 ms | Load Imbalance: 1.101' [0m
			|--[91m 'allreduce grad_x | Max Time: 299.136 ms | Avg Time: 292.306 ms | Load Imbalance: 1.023' [0m
				|--[95m 'allreduce lowp comm dtype | Max Time: 13.682 ms | Avg Time: 13.664 ms | Load Imbalance: 1.001' [0m
				|--[95m 'allreduce lowp | Max Time: 269.081 ms | Avg Time: 262.246 ms | Load Imbalance: 1.026' [0m
				|--[95m 'allreduce copy back | Max Time: 16.331 ms | Avg Time: 16.312 ms | Load Imbalance: 1.001' [0m
		|--[96m 'sync_norm_gradients | Max Time: 0.236 ms | Avg Time: 0.210 ms | Load Imbalance: 1.121' [0m
		|--[96m 'sync_data_parallel_gradients | Max Time: 0.007 ms | Avg Time: 0.007 ms | Load Imbalance: 1.022' [0m

|--[95m 'epoch 2 | Max Time: 1805.744 ms | Avg Time: 1805.718 ms | Load Imbalance: 1.000' [0m
	|--[92m 'minibatch prep | Max Time: 163.193 ms | Avg Time: 159.156 ms | Load Imbalance: 1.025' [0m
		|--[96m 'sample nodes | Max Time: 14.968 ms | Avg Time: 14.897 ms | Load Imbalance: 1.005' [0m
		|--[96m 'compact indices | Max Time: 2.303 ms | Avg Time: 2.203 ms | Load Imbalance: 1.045' [0m
		|--[96m 'compact adj shards | Max Time: 141.482 ms | Avg Time: 137.552 ms | Load Imbalance: 1.029' [0m
			|--[91m 'compact layout prep | Max Time: 8.285 ms | Avg Time: 7.215 ms | Load Imbalance: 1.148' [0m
			|--[91m 'compact csr: indices | Max Time: 0.131 ms | Avg Time: 0.105 ms | Load Imbalance: 1.255' [0m
			|--[91m 'compact csr: row ptrs | Max Time: 3.314 ms | Avg Time: 3.295 ms | Load Imbalance: 1.006' [0m
			|--[91m 'compact csr: nnz index | Max Time: 26.358 ms | Avg Time: 25.886 ms | Load Imbalance: 1.018' [0m
			|--[91m 'compact csr: select nnz | Max Time: 7.387 ms | Avg Time: 7.186 ms | Load Imbalance: 1.028' [0m
			|--[91m 'compact csr: col map | Max Time: 16.949 ms | Avg Time: 16.746 ms | Load Imbalance: 1.012' [0m
			|--[91m 'compact csr: edge scale | Max Time: 9.449 ms | Avg Time: 9.208 ms | Load Imbalance: 1.026' [0m
			|--[91m 'compact csr: crow | Max Time: 6.039 ms | Avg Time: 5.899 ms | Load Imbalance: 1.024' [0m
			|--[91m 'compact csr: adjt direct | Max Time: 50.319 ms | Avg Time: 48.809 ms | Load Imbalance: 1.031' [0m
		|--[96m 'compact feature slice | Max Time: 3.981 ms | Avg Time: 3.978 ms | Load Imbalance: 1.001' [0m
		|--[96m 'compact label slice | Max Time: 0.178 ms | Avg Time: 0.176 ms | Load Imbalance: 1.009' [0m
	|--[92m 'train step | Max Time: 1647.881 ms | Avg Time: 1646.377 ms | Load Imbalance: 1.001' [0m
		|--[96m 'input_linear | Max Time: 56.231 ms | Avg Time: 54.322 ms | Load Imbalance: 1.035' [0m
			|--[91m 'input_linear X * W | Max Time: 5.294 ms | Avg Time: 5.284 ms | Load Imbalance: 1.002' [0m
			|--[91m 'all-reduce | Max Time: 42.890 ms | Avg Time: 40.977 ms | Load Imbalance: 1.047' [0m
			|--[91m 'OUT + BIAS | Max Time: 8.036 ms | Avg Time: 8.033 ms | Load Imbalance: 1.000' [0m
		|--[96m 'gcn conv fwd | Max Time: 673.403 ms | Avg Time: 665.774 ms | Load Imbalance: 1.011' [0m
			|--[91m 'AGG = A * H | Max Time: 59.215 ms | Avg Time: 53.792 ms | Load Imbalance: 1.101' [0m
			|--[91m 'allreduce H | Max Time: 299.609 ms | Avg Time: 290.244 ms | Load Imbalance: 1.032' [0m
				|--[95m 'allreduce lowp comm dtype | Max Time: 13.691 ms | Avg Time: 13.667 ms | Load Imbalance: 1.002' [0m
				|--[95m 'allreduce lowp | Max Time: 269.517 ms | Avg Time: 260.180 ms | Load Imbalance: 1.036' [0m
				|--[95m 'allreduce copy back | Max Time: 16.335 ms | Avg Time: 16.311 ms | Load Imbalance: 1.001' [0m
			|--[91m 'Allgather W | Max Time: 13.685 ms | Avg Time: 7.707 ms | Load Imbalance: 1.776' [0m
				|--[95m 'gather | Max Time: 13.650 ms | Avg Time: 7.672 ms | Load Imbalance: 1.779' [0m
			|--[91m 'OUT = AGG * W | Max Time: 29.993 ms | Avg Time: 29.964 ms | Load Imbalance: 1.001' [0m
			|--[91m 'allreduce Q | Max Time: 291.444 ms | Avg Time: 283.940 ms | Load Imbalance: 1.026' [0m
				|--[95m 'allreduce lowp comm dtype | Max Time: 13.753 ms | Avg Time: 13.742 ms | Load Imbalance: 1.001' [0m
				|--[95m 'allreduce lowp | Max Time: 261.329 ms | Avg Time: 253.805 ms | Load Imbalance: 1.030' [0m
				|--[95m 'allreduce copy back | Max Time: 16.328 ms | Avg Time: 16.308 ms | Load Imbalance: 1.001' [0m
		|--[96m 'activation | Max Time: 52.899 ms | Avg Time: 45.089 ms | Load Imbalance: 1.173' [0m
			|--[91m 'all-reduce | Max Time: 18.269 ms | Avg Time: 10.468 ms | Load Imbalance: 1.745' [0m
		|--[96m 'output_linear | Max Time: 5.897 ms | Avg Time: 5.889 ms | Load Imbalance: 1.001' [0m
			|--[91m 'output_linear X * W | Max Time: 5.611 ms | Avg Time: 5.603 ms | Load Imbalance: 1.001' [0m
			|--[91m 'all-reduce | Max Time: 0.007 ms | Avg Time: 0.007 ms | Load Imbalance: 1.023' [0m
			|--[91m 'OUT + BIAS | Max Time: 0.252 ms | Avg Time: 0.250 ms | Load Imbalance: 1.005' [0m
		|--[96m 'cross entropy fwd | Max Time: 7.931 ms | Avg Time: 7.851 ms | Load Imbalance: 1.010' [0m
		|--[96m 'cross entropy bwd | Max Time: 0.887 ms | Avg Time: 0.857 ms | Load Imbalance: 1.035' [0m
		|--[96m 'linear_3d_bwd | Max Time: 58.260 ms | Avg Time: 57.994 ms | Load Imbalance: 1.005' [0m
			|--[91m 'output_linear GRAD_X | Max Time: 5.341 ms | Avg Time: 4.350 ms | Load Imbalance: 1.228' [0m
			|--[91m 'all-reduce | Max Time: 39.780 ms | Avg Time: 39.204 ms | Load Imbalance: 1.015' [0m
			|--[91m 'output_linear GRAD_W | Max Time: 4.924 ms | Avg Time: 4.910 ms | Load Imbalance: 1.003' [0m
			|--[91m 'input_linear GRAD_W | Max Time: 4.936 ms | Avg Time: 4.917 ms | Load Imbalance: 1.004' [0m
		|--[96m 'gcn conv bwd | Max Time: 707.473 ms | Avg Time: 707.324 ms | Load Imbalance: 1.000' [0m
			|--[91m 'gather | Max Time: 0.977 ms | Avg Time: 0.499 ms | Load Imbalance: 1.959' [0m
			|--[91m 'GRAD_AGG = GRAD_OUT * W.T | Max Time: 30.233 ms | Avg Time: 30.211 ms | Load Imbalance: 1.001' [0m
			|--[91m 'allreduce lowp comm dtype | Max Time: 13.760 ms | Avg Time: 13.739 ms | Load Imbalance: 1.002' [0m
			|--[91m 'allreduce lowp | Max Time: 268.967 ms | Avg Time: 264.710 ms | Load Imbalance: 1.016' [0m
			|--[91m 'allreduce copy back | Max Time: 16.333 ms | Avg Time: 16.312 ms | Load Imbalance: 1.001' [0m
			|--[91m 'GRAD_W = AGG.T * GRAD_OUT | Max Time: 30.452 ms | Avg Time: 30.414 ms | Load Imbalance: 1.001' [0m
			|--[91m 'ReduceScatter grad_weight | Max Time: 14.169 ms | Avg Time: 6.934 ms | Load Imbalance: 2.043' [0m
				|--[95m 'reduce-scatter | Max Time: 14.134 ms | Avg Time: 6.898 ms | Load Imbalance: 2.049' [0m
					|--[92m 'reduce-scatter-dist | Max Time: 14.106 ms | Avg Time: 6.870 ms | Load Imbalance: 2.053' [0m
			|--[91m 'GRAD_H = A.T * GRAD_AGG | Max Time: 59.150 ms | Avg Time: 53.768 ms | Load Imbalance: 1.100' [0m
			|--[91m 'allreduce grad_x | Max Time: 303.218 ms | Avg Time: 290.534 ms | Load Imbalance: 1.044' [0m
				|--[95m 'allreduce lowp comm dtype | Max Time: 13.682 ms | Avg Time: 13.664 ms | Load Imbalance: 1.001' [0m
				|--[95m 'allreduce lowp | Max Time: 273.129 ms | Avg Time: 260.473 ms | Load Imbalance: 1.049' [0m
				|--[95m 'allreduce copy back | Max Time: 16.335 ms | Avg Time: 16.312 ms | Load Imbalance: 1.001' [0m
		|--[96m 'sync_norm_gradients | Max Time: 0.327 ms | Avg Time: 0.249 ms | Load Imbalance: 1.313' [0m
		|--[96m 'sync_data_parallel_gradients | Max Time: 0.007 ms | Avg Time: 0.007 ms | Load Imbalance: 1.039' [0m

|--[95m 'epoch 3 | Max Time: 1802.062 ms | Avg Time: 1802.047 ms | Load Imbalance: 1.000' [0m
	|--[92m 'minibatch prep | Max Time: 163.115 ms | Avg Time: 159.212 ms | Load Imbalance: 1.025' [0m
		|--[96m 'sample nodes | Max Time: 14.920 ms | Avg Time: 14.882 ms | Load Imbalance: 1.003' [0m
		|--[96m 'compact indices | Max Time: 2.294 ms | Avg Time: 2.209 ms | Load Imbalance: 1.039' [0m
		|--[96m 'compact adj shards | Max Time: 141.681 ms | Avg Time: 137.637 ms | Load Imbalance: 1.029' [0m
			|--[91m 'compact layout prep | Max Time: 8.245 ms | Avg Time: 7.200 ms | Load Imbalance: 1.145' [0m
			|--[91m 'compact csr: indices | Max Time: 0.133 ms | Avg Time: 0.107 ms | Load Imbalance: 1.242' [0m
			|--[91m 'compact csr: row ptrs | Max Time: 3.319 ms | Avg Time: 3.295 ms | Load Imbalance: 1.007' [0m
			|--[91m 'compact csr: nnz index | Max Time: 26.402 ms | Avg Time: 25.893 ms | Load Imbalance: 1.020' [0m
			|--[91m 'compact csr: select nnz | Max Time: 7.370 ms | Avg Time: 7.190 ms | Load Imbalance: 1.025' [0m
			|--[91m 'compact csr: col map | Max Time: 17.014 ms | Avg Time: 16.764 ms | Load Imbalance: 1.015' [0m
			|--[91m 'compact csr: edge scale | Max Time: 9.446 ms | Avg Time: 9.227 ms | Load Imbalance: 1.024' [0m
			|--[91m 'compact csr: crow | Max Time: 6.031 ms | Avg Time: 5.911 ms | Load Imbalance: 1.020' [0m
			|--[91m 'compact csr: adjt direct | Max Time: 50.334 ms | Avg Time: 48.825 ms | Load Imbalance: 1.031' [0m
		|--[96m 'compact feature slice | Max Time: 3.980 ms | Avg Time: 3.978 ms | Load Imbalance: 1.000' [0m
		|--[96m 'compact label slice | Max Time: 0.177 ms | Avg Time: 0.176 ms | Load Imbalance: 1.007' [0m
	|--[92m 'train step | Max Time: 1644.240 ms | Avg Time: 1642.660 ms | Load Imbalance: 1.001' [0m
		|--[96m 'input_linear | Max Time: 55.821 ms | Avg Time: 54.192 ms | Load Imbalance: 1.030' [0m
			|--[91m 'input_linear X * W | Max Time: 5.288 ms | Avg Time: 5.284 ms | Load Imbalance: 1.001' [0m
			|--[91m 'all-reduce | Max Time: 42.470 ms | Avg Time: 40.846 ms | Load Imbalance: 1.040' [0m
			|--[91m 'OUT + BIAS | Max Time: 8.042 ms | Avg Time: 8.034 ms | Load Imbalance: 1.001' [0m
		|--[96m 'gcn conv fwd | Max Time: 672.052 ms | Avg Time: 665.617 ms | Load Imbalance: 1.010' [0m
			|--[91m 'AGG = A * H | Max Time: 59.322 ms | Avg Time: 53.829 ms | Load Imbalance: 1.102' [0m
			|--[91m 'allreduce H | Max Time: 298.479 ms | Avg Time: 288.658 ms | Load Imbalance: 1.034' [0m
				|--[95m 'allreduce lowp comm dtype | Max Time: 13.695 ms | Avg Time: 13.667 ms | Load Imbalance: 1.002' [0m
				|--[95m 'allreduce lowp | Max Time: 268.488 ms | Avg Time: 258.595 ms | Load Imbalance: 1.038' [0m
				|--[95m 'allreduce copy back | Max Time: 16.334 ms | Avg Time: 16.311 ms | Load Imbalance: 1.001' [0m
			|--[91m 'Allgather W | Max Time: 15.301 ms | Avg Time: 8.349 ms | Load Imbalance: 1.833' [0m
				|--[95m 'gather | Max Time: 15.266 ms | Avg Time: 8.314 ms | Load Imbalance: 1.836' [0m
			|--[91m 'OUT = AGG * W | Max Time: 30.000 ms | Avg Time: 29.965 ms | Load Imbalance: 1.001' [0m
			|--[91m 'allreduce Q | Max Time: 291.169 ms | Avg Time: 284.688 ms | Load Imbalance: 1.023' [0m
				|--[95m 'allreduce lowp comm dtype | Max Time: 13.755 ms | Avg Time: 13.741 ms | Load Imbalance: 1.001' [0m
				|--[95m 'allreduce lowp | Max Time: 261.055 ms | Avg Time: 254.555 ms | Load Imbalance: 1.026' [0m
				|--[95m 'allreduce copy back | Max Time: 16.332 ms | Avg Time: 16.308 ms | Load Imbalance: 1.001' [0m
		|--[96m 'activation | Max Time: 51.520 ms | Avg Time: 45.034 ms | Load Imbalance: 1.144' [0m
			|--[91m 'all-reduce | Max Time: 16.883 ms | Avg Time: 10.410 ms | Load Imbalance: 1.622' [0m
		|--[96m 'output_linear | Max Time: 5.897 ms | Avg Time: 5.888 ms | Load Imbalance: 1.002' [0m
			|--[91m 'output_linear X * W | Max Time: 5.611 ms | Avg Time: 5.603 ms | Load Imbalance: 1.001' [0m
			|--[91m 'all-reduce | Max Time: 0.007 ms | Avg Time: 0.007 ms | Load Imbalance: 1.042' [0m
			|--[91m 'OUT + BIAS | Max Time: 0.251 ms | Avg Time: 0.250 ms | Load Imbalance: 1.003' [0m
		|--[96m 'cross entropy fwd | Max Time: 7.916 ms | Avg Time: 7.849 ms | Load Imbalance: 1.009' [0m
		|--[96m 'cross entropy bwd | Max Time: 0.900 ms | Avg Time: 0.852 ms | Load Imbalance: 1.057' [0m
		|--[96m 'linear_3d_bwd | Max Time: 56.842 ms | Avg Time: 56.698 ms | Load Imbalance: 1.003' [0m
			|--[91m 'output_linear GRAD_X | Max Time: 4.078 ms | Avg Time: 4.052 ms | Load Imbalance: 1.006' [0m
			|--[91m 'all-reduce | Max Time: 38.339 ms | Avg Time: 38.204 ms | Load Imbalance: 1.004' [0m
			|--[91m 'output_linear GRAD_W | Max Time: 4.924 ms | Avg Time: 4.909 ms | Load Imbalance: 1.003' [0m
			|--[91m 'input_linear GRAD_W | Max Time: 4.942 ms | Avg Time: 4.920 ms | Load Imbalance: 1.005' [0m
		|--[96m 'gcn conv bwd | Max Time: 705.389 ms | Avg Time: 705.292 ms | Load Imbalance: 1.000' [0m
			|--[91m 'gather | Max Time: 0.772 ms | Avg Time: 0.449 ms | Load Imbalance: 1.719' [0m
			|--[91m 'GRAD_AGG = GRAD_OUT * W.T | Max Time: 30.249 ms | Avg Time: 30.210 ms | Load Imbalance: 1.001' [0m
			|--[91m 'allreduce lowp comm dtype | Max Time: 13.756 ms | Avg Time: 13.739 ms | Load Imbalance: 1.001' [0m
			|--[91m 'allreduce lowp | Max Time: 265.317 ms | Avg Time: 262.491 ms | Load Imbalance: 1.011' [0m
			|--[91m 'allreduce copy back | Max Time: 16.333 ms | Avg Time: 16.312 ms | Load Imbalance: 1.001' [0m
			|--[91m 'GRAD_W = AGG.T * GRAD_OUT | Max Time: 30.451 ms | Avg Time: 30.410 ms | Load Imbalance: 1.001' [0m
			|--[91m 'ReduceScatter grad_weight | Max Time: 16.551 ms | Avg Time: 8.247 ms | Load Imbalance: 2.007' [0m
				|--[95m 'reduce-scatter | Max Time: 16.516 ms | Avg Time: 8.212 ms | Load Imbalance: 2.011' [0m
					|--[92m 'reduce-scatter-dist | Max Time: 16.488 ms | Avg Time: 8.184 ms | Load Imbalance: 2.015' [0m
			|--[91m 'GRAD_H = A.T * GRAD_AGG | Max Time: 59.247 ms | Avg Time: 53.785 ms | Load Imbalance: 1.102' [0m
			|--[91m 'allreduce grad_x | Max Time: 297.670 ms | Avg Time: 289.444 ms | Load Imbalance: 1.028' [0m
				|--[95m 'allreduce lowp comm dtype | Max Time: 13.690 ms | Avg Time: 13.667 ms | Load Imbalance: 1.002' [0m
				|--[95m 'allreduce lowp | Max Time: 267.601 ms | Avg Time: 259.380 ms | Load Imbalance: 1.032' [0m
				|--[95m 'allreduce copy back | Max Time: 16.337 ms | Avg Time: 16.312 ms | Load Imbalance: 1.002' [0m
		|--[96m 'sync_norm_gradients | Max Time: 0.296 ms | Avg Time: 0.238 ms | Load Imbalance: 1.242' [0m
		|--[96m 'sync_data_parallel_gradients | Max Time: 0.007 ms | Avg Time: 0.007 ms | Load Imbalance: 1.023' [0m

|--[95m 'epoch 4 | Max Time: 1804.527 ms | Avg Time: 1804.515 ms | Load Imbalance: 1.000' [0m
	|--[92m 'minibatch prep | Max Time: 164.503 ms | Avg Time: 159.198 ms | Load Imbalance: 1.033' [0m
		|--[96m 'sample nodes | Max Time: 14.942 ms | Avg Time: 14.882 ms | Load Imbalance: 1.004' [0m
		|--[96m 'compact indices | Max Time: 2.245 ms | Avg Time: 2.168 ms | Load Imbalance: 1.036' [0m
		|--[96m 'compact adj shards | Max Time: 142.990 ms | Avg Time: 137.669 ms | Load Imbalance: 1.039' [0m
			|--[91m 'compact layout prep | Max Time: 8.192 ms | Avg Time: 7.186 ms | Load Imbalance: 1.140' [0m
			|--[91m 'compact csr: indices | Max Time: 0.111 ms | Avg Time: 0.091 ms | Load Imbalance: 1.221' [0m
			|--[91m 'compact csr: row ptrs | Max Time: 3.308 ms | Avg Time: 3.289 ms | Load Imbalance: 1.006' [0m
			|--[91m 'compact csr: nnz index | Max Time: 26.385 ms | Avg Time: 25.901 ms | Load Imbalance: 1.019' [0m
			|--[91m 'compact csr: select nnz | Max Time: 7.387 ms | Avg Time: 7.191 ms | Load Imbalance: 1.027' [0m
			|--[91m 'compact csr: col map | Max Time: 16.969 ms | Avg Time: 16.760 ms | Load Imbalance: 1.013' [0m
			|--[91m 'compact csr: edge scale | Max Time: 9.449 ms | Avg Time: 9.227 ms | Load Imbalance: 1.024' [0m
			|--[91m 'compact csr: crow | Max Time: 6.045 ms | Avg Time: 5.902 ms | Load Imbalance: 1.024' [0m
			|--[91m 'compact csr: adjt direct | Max Time: 51.914 ms | Avg Time: 48.915 ms | Load Imbalance: 1.061' [0m
		|--[96m 'compact feature slice | Max Time: 3.980 ms | Avg Time: 3.978 ms | Load Imbalance: 1.000' [0m
		|--[96m 'compact label slice | Max Time: 0.177 ms | Avg Time: 0.176 ms | Load Imbalance: 1.006' [0m
	|--[92m 'train step | Max Time: 1646.780 ms | Avg Time: 1645.141 ms | Load Imbalance: 1.001' [0m
		|--[96m 'input_linear | Max Time: 57.307 ms | Avg Time: 54.584 ms | Load Imbalance: 1.050' [0m
			|--[91m 'input_linear X * W | Max Time: 5.286 ms | Avg Time: 5.284 ms | Load Imbalance: 1.001' [0m
			|--[91m 'all-reduce | Max Time: 43.962 ms | Avg Time: 41.239 ms | Load Imbalance: 1.066' [0m
			|--[91m 'OUT + BIAS | Max Time: 8.040 ms | Avg Time: 8.033 ms | Load Imbalance: 1.001' [0m
		|--[96m 'gcn conv fwd | Max Time: 674.891 ms | Avg Time: 669.026 ms | Load Imbalance: 1.009' [0m
			|--[91m 'AGG = A * H | Max Time: 59.282 ms | Avg Time: 53.821 ms | Load Imbalance: 1.101' [0m
			|--[91m 'allreduce H | Max Time: 300.329 ms | Avg Time: 290.272 ms | Load Imbalance: 1.035' [0m
				|--[95m 'allreduce lowp comm dtype | Max Time: 13.691 ms | Avg Time: 13.667 ms | Load Imbalance: 1.002' [0m
				|--[95m 'allreduce lowp | Max Time: 270.288 ms | Avg Time: 260.209 ms | Load Imbalance: 1.039' [0m
				|--[95m 'allreduce copy back | Max Time: 16.336 ms | Avg Time: 16.311 ms | Load Imbalance: 1.002' [0m
			|--[91m 'Allgather W | Max Time: 15.312 ms | Avg Time: 8.192 ms | Load Imbalance: 1.869' [0m
				|--[95m 'gather | Max Time: 15.277 ms | Avg Time: 8.157 ms | Load Imbalance: 1.873' [0m
			|--[91m 'OUT = AGG * W | Max Time: 29.998 ms | Avg Time: 29.965 ms | Load Imbalance: 1.001' [0m
			|--[91m 'allreduce Q | Max Time: 291.642 ms | Avg Time: 286.649 ms | Load Imbalance: 1.017' [0m
				|--[95m 'allreduce lowp comm dtype | Max Time: 13.758 ms | Avg Time: 13.741 ms | Load Imbalance: 1.001' [0m
				|--[95m 'allreduce lowp | Max Time: 261.494 ms | Avg Time: 256.515 ms | Load Imbalance: 1.019' [0m
				|--[95m 'allreduce copy back | Max Time: 16.328 ms | Avg Time: 16.308 ms | Load Imbalance: 1.001' [0m
		|--[96m 'activation | Max Time: 49.438 ms | Avg Time: 42.704 ms | Load Imbalance: 1.158' [0m
			|--[91m 'all-reduce | Max Time: 14.811 ms | Avg Time: 8.081 ms | Load Imbalance: 1.833' [0m
		|--[96m 'output_linear | Max Time: 5.896 ms | Avg Time: 5.887 ms | Load Imbalance: 1.002' [0m
			|--[91m 'output_linear X * W | Max Time: 5.611 ms | Avg Time: 5.602 ms | Load Imbalance: 1.002' [0m
			|--[91m 'all-reduce | Max Time: 0.007 ms | Avg Time: 0.007 ms | Load Imbalance: 1.043' [0m
			|--[91m 'OUT + BIAS | Max Time: 0.251 ms | Avg Time: 0.250 ms | Load Imbalance: 1.002' [0m
		|--[96m 'cross entropy fwd | Max Time: 7.842 ms | Avg Time: 7.801 ms | Load Imbalance: 1.005' [0m
		|--[96m 'cross entropy bwd | Max Time: 0.885 ms | Avg Time: 0.862 ms | Load Imbalance: 1.027' [0m
		|--[96m 'linear_3d_bwd | Max Time: 56.904 ms | Avg Time: 56.701 ms | Load Imbalance: 1.004' [0m
			|--[91m 'output_linear GRAD_X | Max Time: 4.066 ms | Avg Time: 4.051 ms | Load Imbalance: 1.004' [0m
			|--[91m 'all-reduce | Max Time: 38.431 ms | Avg Time: 38.219 ms | Load Imbalance: 1.006' [0m
			|--[91m 'output_linear GRAD_W | Max Time: 4.919 ms | Avg Time: 4.908 ms | Load Imbalance: 1.002' [0m
			|--[91m 'input_linear GRAD_W | Max Time: 4.929 ms | Avg Time: 4.914 ms | Load Imbalance: 1.003' [0m
		|--[96m 'gcn conv bwd | Max Time: 706.459 ms | Avg Time: 706.337 ms | Load Imbalance: 1.000' [0m
			|--[91m 'gather | Max Time: 0.505 ms | Avg Time: 0.373 ms | Load Imbalance: 1.356' [0m
			|--[91m 'GRAD_AGG = GRAD_OUT * W.T | Max Time: 30.226 ms | Avg Time: 30.208 ms | Load Imbalance: 1.001' [0m
			|--[91m 'allreduce lowp comm dtype | Max Time: 13.754 ms | Avg Time: 13.741 ms | Load Imbalance: 1.001' [0m
			|--[91m 'allreduce lowp | Max Time: 262.964 ms | Avg Time: 262.467 ms | Load Imbalance: 1.002' [0m
			|--[91m 'allreduce copy back | Max Time: 16.332 ms | Avg Time: 16.311 ms | Load Imbalance: 1.001' [0m
			|--[91m 'GRAD_W = AGG.T * GRAD_OUT | Max Time: 30.438 ms | Avg Time: 30.414 ms | Load Imbalance: 1.001' [0m
			|--[91m 'ReduceScatter grad_weight | Max Time: 14.077 ms | Avg Time: 6.889 ms | Load Imbalance: 2.043' [0m
				|--[95m 'reduce-scatter | Max Time: 14.042 ms | Avg Time: 6.854 ms | Load Imbalance: 2.049' [0m
					|--[92m 'reduce-scatter-dist | Max Time: 14.014 ms | Avg Time: 6.826 ms | Load Imbalance: 2.053' [0m
			|--[91m 'GRAD_H = A.T * GRAD_AGG | Max Time: 59.143 ms | Avg Time: 53.784 ms | Load Imbalance: 1.100' [0m
			|--[91m 'allreduce grad_x | Max Time: 301.070 ms | Avg Time: 291.944 ms | Load Imbalance: 1.031' [0m
				|--[95m 'allreduce lowp comm dtype | Max Time: 13.682 ms | Avg Time: 13.665 ms | Load Imbalance: 1.001' [0m
				|--[95m 'allreduce lowp | Max Time: 270.988 ms | Avg Time: 261.882 ms | Load Imbalance: 1.035' [0m
				|--[95m 'allreduce copy back | Max Time: 16.331 ms | Avg Time: 16.312 ms | Load Imbalance: 1.001' [0m
		|--[96m 'sync_norm_gradients | Max Time: 0.222 ms | Avg Time: 0.199 ms | Load Imbalance: 1.118' [0m
		|--[96m 'sync_data_parallel_gradients | Max Time: 0.007 ms | Avg Time: 0.007 ms | Load Imbalance: 1.026' [0m

|--[95m 'epoch 5 | Max Time: 1809.797 ms | Avg Time: 1809.785 ms | Load Imbalance: 1.000' [0m
	|--[92m 'minibatch prep | Max Time: 162.873 ms | Avg Time: 159.046 ms | Load Imbalance: 1.024' [0m
		|--[96m 'sample nodes | Max Time: 14.935 ms | Avg Time: 14.880 ms | Load Imbalance: 1.004' [0m
		|--[96m 'compact indices | Max Time: 2.240 ms | Avg Time: 2.179 ms | Load Imbalance: 1.028' [0m
		|--[96m 'compact adj shards | Max Time: 141.412 ms | Avg Time: 137.498 ms | Load Imbalance: 1.028' [0m
			|--[91m 'compact layout prep | Max Time: 8.193 ms | Avg Time: 7.166 ms | Load Imbalance: 1.143' [0m
			|--[91m 'compact csr: indices | Max Time: 0.107 ms | Avg Time: 0.075 ms | Load Imbalance: 1.420' [0m
			|--[91m 'compact csr: row ptrs | Max Time: 3.291 ms | Avg Time: 3.274 ms | Load Imbalance: 1.005' [0m
			|--[91m 'compact csr: nnz index | Max Time: 26.371 ms | Avg Time: 25.892 ms | Load Imbalance: 1.019' [0m
			|--[91m 'compact csr: select nnz | Max Time: 7.361 ms | Avg Time: 7.199 ms | Load Imbalance: 1.022' [0m
			|--[91m 'compact csr: col map | Max Time: 16.941 ms | Avg Time: 16.757 ms | Load Imbalance: 1.011' [0m
			|--[91m 'compact csr: edge scale | Max Time: 9.449 ms | Avg Time: 9.219 ms | Load Imbalance: 1.025' [0m
			|--[91m 'compact csr: crow | Max Time: 6.049 ms | Avg Time: 5.899 ms | Load Imbalance: 1.025' [0m
			|--[91m 'compact csr: adjt direct | Max Time: 50.291 ms | Avg Time: 48.828 ms | Load Imbalance: 1.030' [0m
		|--[96m 'compact feature slice | Max Time: 3.979 ms | Avg Time: 3.978 ms | Load Imbalance: 1.000' [0m
		|--[96m 'compact label slice | Max Time: 0.178 ms | Avg Time: 0.176 ms | Load Imbalance: 1.010' [0m
	|--[92m 'train step | Max Time: 1651.991 ms | Avg Time: 1650.562 ms | Load Imbalance: 1.001' [0m
		|--[96m 'input_linear | Max Time: 55.745 ms | Avg Time: 54.186 ms | Load Imbalance: 1.029' [0m
			|--[91m 'input_linear X * W | Max Time: 5.286 ms | Avg Time: 5.283 ms | Load Imbalance: 1.000' [0m
			|--[91m 'all-reduce | Max Time: 42.403 ms | Avg Time: 40.842 ms | Load Imbalance: 1.038' [0m
			|--[91m 'OUT + BIAS | Max Time: 8.036 ms | Avg Time: 8.032 ms | Load Imbalance: 1.000' [0m
		|--[96m 'gcn conv fwd | Max Time: 677.437 ms | Avg Time: 669.552 ms | Load Imbalance: 1.012' [0m
			|--[91m 'AGG = A * H | Max Time: 59.194 ms | Avg Time: 53.815 ms | Load Imbalance: 1.100' [0m
			|--[91m 'allreduce H | Max Time: 301.802 ms | Avg Time: 293.434 ms | Load Imbalance: 1.029' [0m
				|--[95m 'allreduce lowp comm dtype | Max Time: 13.687 ms | Avg Time: 13.670 ms | Load Imbalance: 1.001' [0m
				|--[95m 'allreduce lowp | Max Time: 271.717 ms | Avg Time: 263.367 ms | Load Imbalance: 1.032' [0m
				|--[95m 'allreduce copy back | Max Time: 16.335 ms | Avg Time: 16.311 ms | Load Imbalance: 1.001' [0m
			|--[91m 'Allgather W | Max Time: 14.127 ms | Avg Time: 7.570 ms | Load Imbalance: 1.866' [0m
				|--[95m 'gather | Max Time: 14.092 ms | Avg Time: 7.535 ms | Load Imbalance: 1.870' [0m
			|--[91m 'OUT = AGG * W | Max Time: 29.994 ms | Avg Time: 29.963 ms | Load Imbalance: 1.001' [0m
			|--[91m 'allreduce Q | Max Time: 292.653 ms | Avg Time: 284.644 ms | Load Imbalance: 1.028' [0m
				|--[95m 'allreduce lowp comm dtype | Max Time: 13.756 ms | Avg Time: 13.746 ms | Load Imbalance: 1.001' [0m
				|--[95m 'allreduce lowp | Max Time: 262.539 ms | Avg Time: 254.505 ms | Load Imbalance: 1.032' [0m
				|--[95m 'allreduce copy back | Max Time: 16.329 ms | Avg Time: 16.308 ms | Load Imbalance: 1.001' [0m
		|--[96m 'activation | Max Time: 50.889 ms | Avg Time: 45.607 ms | Load Imbalance: 1.116' [0m
			|--[91m 'all-reduce | Max Time: 16.254 ms | Avg Time: 10.981 ms | Load Imbalance: 1.480' [0m
		|--[96m 'output_linear | Max Time: 5.897 ms | Avg Time: 5.889 ms | Load Imbalance: 1.001' [0m
			|--[91m 'output_linear X * W | Max Time: 5.611 ms | Avg Time: 5.603 ms | Load Imbalance: 1.001' [0m
			|--[91m 'all-reduce | Max Time: 0.007 ms | Avg Time: 0.007 ms | Load Imbalance: 1.052' [0m
			|--[91m 'OUT + BIAS | Max Time: 0.251 ms | Avg Time: 0.250 ms | Load Imbalance: 1.003' [0m
		|--[96m 'cross entropy fwd | Max Time: 7.907 ms | Avg Time: 7.834 ms | Load Imbalance: 1.009' [0m
		|--[96m 'cross entropy bwd | Max Time: 0.991 ms | Avg Time: 0.858 ms | Load Imbalance: 1.154' [0m
		|--[96m 'linear_3d_bwd | Max Time: 57.108 ms | Avg Time: 56.835 ms | Load Imbalance: 1.005' [0m
			|--[91m 'output_linear GRAD_X | Max Time: 4.069 ms | Avg Time: 4.049 ms | Load Imbalance: 1.005' [0m
			|--[91m 'all-reduce | Max Time: 38.633 ms | Avg Time: 38.351 ms | Load Imbalance: 1.007' [0m
			|--[91m 'output_linear GRAD_W | Max Time: 4.920 ms | Avg Time: 4.909 ms | Load Imbalance: 1.002' [0m
			|--[91m 'input_linear GRAD_W | Max Time: 4.932 ms | Avg Time: 4.916 ms | Load Imbalance: 1.003' [0m
		|--[96m 'gcn conv bwd | Max Time: 708.618 ms | Avg Time: 708.511 ms | Load Imbalance: 1.000' [0m
			|--[91m 'gather | Max Time: 0.473 ms | Avg Time: 0.371 ms | Load Imbalance: 1.277' [0m
			|--[91m 'GRAD_AGG = GRAD_OUT * W.T | Max Time: 30.234 ms | Avg Time: 30.210 ms | Load Imbalance: 1.001' [0m
			|--[91m 'allreduce lowp comm dtype | Max Time: 13.757 ms | Avg Time: 13.746 ms | Load Imbalance: 1.001' [0m
			|--[91m 'allreduce lowp | Max Time: 267.386 ms | Avg Time: 263.891 ms | Load Imbalance: 1.013' [0m
			|--[91m 'allreduce copy back | Max Time: 16.335 ms | Avg Time: 16.312 ms | Load Imbalance: 1.001' [0m
			|--[91m 'GRAD_W = AGG.T * GRAD_OUT | Max Time: 30.434 ms | Avg Time: 30.408 ms | Load Imbalance: 1.001' [0m
			|--[91m 'ReduceScatter grad_weight | Max Time: 15.349 ms | Avg Time: 8.428 ms | Load Imbalance: 1.821' [0m
				|--[95m 'reduce-scatter | Max Time: 15.314 ms | Avg Time: 8.393 ms | Load Imbalance: 1.825' [0m
					|--[92m 'reduce-scatter-dist | Max Time: 15.285 ms | Avg Time: 8.365 ms | Load Imbalance: 1.827' [0m
			|--[91m 'GRAD_H = A.T * GRAD_AGG | Max Time: 59.148 ms | Avg Time: 53.779 ms | Load Imbalance: 1.100' [0m
			|--[91m 'allreduce grad_x | Max Time: 300.446 ms | Avg Time: 291.160 ms | Load Imbalance: 1.032' [0m
				|--[95m 'allreduce lowp comm dtype | Max Time: 13.680 ms | Avg Time: 13.669 ms | Load Imbalance: 1.001' [0m
				|--[95m 'allreduce lowp | Max Time: 270.359 ms | Avg Time: 261.094 ms | Load Imbalance: 1.035' [0m
				|--[95m 'allreduce copy back | Max Time: 16.334 ms | Avg Time: 16.312 ms | Load Imbalance: 1.001' [0m
		|--[96m 'sync_norm_gradients | Max Time: 0.309 ms | Avg Time: 0.239 ms | Load Imbalance: 1.289' [0m
		|--[96m 'sync_data_parallel_gradients | Max Time: 0.007 ms | Avg Time: 0.007 ms | Load Imbalance: 1.038' [0m

|--[95m 'epoch 6 | Max Time: 1814.018 ms | Avg Time: 1813.938 ms | Load Imbalance: 1.000' [0m
	|--[92m 'minibatch prep | Max Time: 162.986 ms | Avg Time: 159.144 ms | Load Imbalance: 1.024' [0m
		|--[96m 'sample nodes | Max Time: 14.906 ms | Avg Time: 14.872 ms | Load Imbalance: 1.002' [0m
		|--[96m 'compact indices | Max Time: 2.200 ms | Avg Time: 2.159 ms | Load Imbalance: 1.019' [0m
		|--[96m 'compact adj shards | Max Time: 141.505 ms | Avg Time: 137.633 ms | Load Imbalance: 1.028' [0m
			|--[91m 'compact layout prep | Max Time: 8.267 ms | Avg Time: 7.164 ms | Load Imbalance: 1.154' [0m
			|--[91m 'compact csr: indices | Max Time: 0.129 ms | Avg Time: 0.096 ms | Load Imbalance: 1.337' [0m
			|--[91m 'compact csr: row ptrs | Max Time: 3.307 ms | Avg Time: 3.288 ms | Load Imbalance: 1.006' [0m
			|--[91m 'compact csr: nnz index | Max Time: 26.399 ms | Avg Time: 25.913 ms | Load Imbalance: 1.019' [0m
			|--[91m 'compact csr: select nnz | Max Time: 7.384 ms | Avg Time: 7.202 ms | Load Imbalance: 1.025' [0m
			|--[91m 'compact csr: col map | Max Time: 16.968 ms | Avg Time: 16.765 ms | Load Imbalance: 1.012' [0m
			|--[91m 'compact csr: edge scale | Max Time: 9.445 ms | Avg Time: 9.233 ms | Load Imbalance: 1.023' [0m
			|--[91m 'compact csr: crow | Max Time: 6.053 ms | Avg Time: 5.908 ms | Load Imbalance: 1.025' [0m
			|--[91m 'compact csr: adjt direct | Max Time: 50.358 ms | Avg Time: 48.852 ms | Load Imbalance: 1.031' [0m
		|--[96m 'compact feature slice | Max Time: 3.981 ms | Avg Time: 3.978 ms | Load Imbalance: 1.001' [0m
		|--[96m 'compact label slice | Max Time: 0.179 ms | Avg Time: 0.176 ms | Load Imbalance: 1.013' [0m
	|--[92m 'train step | Max Time: 1656.234 ms | Avg Time: 1654.616 ms | Load Imbalance: 1.001' [0m
		|--[96m 'input_linear | Max Time: 55.695 ms | Avg Time: 54.259 ms | Load Imbalance: 1.026' [0m
			|--[91m 'input_linear X * W | Max Time: 5.288 ms | Avg Time: 5.283 ms | Load Imbalance: 1.001' [0m
			|--[91m 'all-reduce | Max Time: 42.347 ms | Avg Time: 40.913 ms | Load Imbalance: 1.035' [0m
			|--[91m 'OUT + BIAS | Max Time: 8.037 ms | Avg Time: 8.034 ms | Load Imbalance: 1.000' [0m
		|--[96m 'gcn conv fwd | Max Time: 680.355 ms | Avg Time: 671.635 ms | Load Imbalance: 1.013' [0m
			|--[91m 'AGG = A * H | Max Time: 59.256 ms | Avg Time: 53.840 ms | Load Imbalance: 1.101' [0m
			|--[91m 'allreduce H | Max Time: 301.716 ms | Avg Time: 290.489 ms | Load Imbalance: 1.039' [0m
				|--[95m 'allreduce lowp comm dtype | Max Time: 13.686 ms | Avg Time: 13.674 ms | Load Imbalance: 1.001' [0m
				|--[95m 'allreduce lowp | Max Time: 271.658 ms | Avg Time: 260.419 ms | Load Imbalance: 1.043' [0m
				|--[95m 'allreduce copy back | Max Time: 16.335 ms | Avg Time: 16.311 ms | Load Imbalance: 1.001' [0m
			|--[91m 'Allgather W | Max Time: 19.386 ms | Avg Time: 9.534 ms | Load Imbalance: 2.033' [0m
				|--[95m 'gather | Max Time: 19.351 ms | Avg Time: 9.499 ms | Load Imbalance: 2.037' [0m
			|--[91m 'OUT = AGG * W | Max Time: 29.986 ms | Avg Time: 29.958 ms | Load Imbalance: 1.001' [0m
			|--[91m 'allreduce Q | Max Time: 296.206 ms | Avg Time: 287.686 ms | Load Imbalance: 1.030' [0m
				|--[95m 'allreduce lowp comm dtype | Max Time: 13.760 ms | Avg Time: 13.753 ms | Load Imbalance: 1.001' [0m
				|--[95m 'allreduce lowp | Max Time: 266.071 ms | Avg Time: 257.540 ms | Load Imbalance: 1.033' [0m
				|--[95m 'allreduce copy back | Max Time: 16.327 ms | Avg Time: 16.309 ms | Load Imbalance: 1.001' [0m
		|--[96m 'activation | Max Time: 51.780 ms | Avg Time: 46.054 ms | Load Imbalance: 1.124' [0m
			|--[91m 'all-reduce | Max Time: 17.143 ms | Avg Time: 11.425 ms | Load Imbalance: 1.500' [0m
		|--[96m 'output_linear | Max Time: 5.895 ms | Avg Time: 5.888 ms | Load Imbalance: 1.001' [0m
			|--[91m 'output_linear X * W | Max Time: 5.610 ms | Avg Time: 5.602 ms | Load Imbalance: 1.001' [0m
			|--[91m 'all-reduce | Max Time: 0.007 ms | Avg Time: 0.007 ms | Load Imbalance: 1.031' [0m
			|--[91m 'OUT + BIAS | Max Time: 0.251 ms | Avg Time: 0.250 ms | Load Imbalance: 1.004' [0m
		|--[96m 'cross entropy fwd | Max Time: 8.072 ms | Avg Time: 7.995 ms | Load Imbalance: 1.010' [0m
		|--[96m 'cross entropy bwd | Max Time: 1.017 ms | Avg Time: 0.894 ms | Load Imbalance: 1.137' [0m
		|--[96m 'linear_3d_bwd | Max Time: 57.252 ms | Avg Time: 56.923 ms | Load Imbalance: 1.006' [0m
			|--[91m 'output_linear GRAD_X | Max Time: 4.080 ms | Avg Time: 4.050 ms | Load Imbalance: 1.007' [0m
			|--[91m 'all-reduce | Max Time: 38.761 ms | Avg Time: 38.433 ms | Load Imbalance: 1.009' [0m
			|--[91m 'output_linear GRAD_W | Max Time: 4.927 ms | Avg Time: 4.911 ms | Load Imbalance: 1.003' [0m
			|--[91m 'input_linear GRAD_W | Max Time: 4.937 ms | Avg Time: 4.917 ms | Load Imbalance: 1.004' [0m
		|--[96m 'gcn conv bwd | Max Time: 709.574 ms | Avg Time: 709.494 ms | Load Imbalance: 1.000' [0m
			|--[91m 'gather | Max Time: 0.473 ms | Avg Time: 0.393 ms | Load Imbalance: 1.205' [0m
			|--[91m 'GRAD_AGG = GRAD_OUT * W.T | Max Time: 30.230 ms | Avg Time: 30.207 ms | Load Imbalance: 1.001' [0m
			|--[91m 'allreduce lowp comm dtype | Max Time: 13.756 ms | Avg Time: 13.750 ms | Load Imbalance: 1.000' [0m
			|--[91m 'allreduce lowp | Max Time: 265.806 ms | Avg Time: 263.621 ms | Load Imbalance: 1.008' [0m
			|--[91m 'allreduce copy back | Max Time: 16.334 ms | Avg Time: 16.312 ms | Load Imbalance: 1.001' [0m
			|--[91m 'GRAD_W = AGG.T * GRAD_OUT | Max Time: 30.450 ms | Avg Time: 30.413 ms | Load Imbalance: 1.001' [0m
			|--[91m 'ReduceScatter grad_weight | Max Time: 20.180 ms | Avg Time: 10.911 ms | Load Imbalance: 1.850' [0m
				|--[95m 'reduce-scatter | Max Time: 20.145 ms | Avg Time: 10.876 ms | Load Imbalance: 1.852' [0m
					|--[92m 'reduce-scatter-dist | Max Time: 20.117 ms | Avg Time: 10.847 ms | Load Imbalance: 1.855' [0m
			|--[91m 'GRAD_H = A.T * GRAD_AGG | Max Time: 59.248 ms | Avg Time: 53.814 ms | Load Imbalance: 1.101' [0m
			|--[91m 'allreduce grad_x | Max Time: 300.154 ms | Avg Time: 289.868 ms | Load Imbalance: 1.035' [0m
				|--[95m 'allreduce lowp comm dtype | Max Time: 13.684 ms | Avg Time: 13.673 ms | Load Imbalance: 1.001' [0m
				|--[95m 'allreduce lowp | Max Time: 270.057 ms | Avg Time: 259.797 ms | Load Imbalance: 1.039' [0m
				|--[95m 'allreduce copy back | Max Time: 16.331 ms | Avg Time: 16.313 ms | Load Imbalance: 1.001' [0m
		|--[96m 'sync_norm_gradients | Max Time: 0.262 ms | Avg Time: 0.229 ms | Load Imbalance: 1.148' [0m
		|--[96m 'sync_data_parallel_gradients | Max Time: 0.007 ms | Avg Time: 0.007 ms | Load Imbalance: 1.023' [0m

|--[95m 'epoch 7 | Max Time: 1815.979 ms | Avg Time: 1815.955 ms | Load Imbalance: 1.000' [0m
	|--[92m 'minibatch prep | Max Time: 163.078 ms | Avg Time: 159.188 ms | Load Imbalance: 1.024' [0m
		|--[96m 'sample nodes | Max Time: 14.926 ms | Avg Time: 14.878 ms | Load Imbalance: 1.003' [0m
		|--[96m 'compact indices | Max Time: 2.239 ms | Avg Time: 2.175 ms | Load Imbalance: 1.029' [0m
		|--[96m 'compact adj shards | Max Time: 141.626 ms | Avg Time: 137.646 ms | Load Imbalance: 1.029' [0m
			|--[91m 'compact layout prep | Max Time: 8.252 ms | Avg Time: 7.181 ms | Load Imbalance: 1.149' [0m
			|--[91m 'compact csr: indices | Max Time: 0.124 ms | Avg Time: 0.083 ms | Load Imbalance: 1.485' [0m
			|--[91m 'compact csr: row ptrs | Max Time: 3.406 ms | Avg Time: 3.293 ms | Load Imbalance: 1.034' [0m
			|--[91m 'compact csr: nnz index | Max Time: 26.411 ms | Avg Time: 25.913 ms | Load Imbalance: 1.019' [0m
			|--[91m 'compact csr: select nnz | Max Time: 7.386 ms | Avg Time: 7.208 ms | Load Imbalance: 1.025' [0m
			|--[91m 'compact csr: col map | Max Time: 16.960 ms | Avg Time: 16.771 ms | Load Imbalance: 1.011' [0m
			|--[91m 'compact csr: edge scale | Max Time: 9.448 ms | Avg Time: 9.238 ms | Load Imbalance: 1.023' [0m
			|--[91m 'compact csr: crow | Max Time: 6.044 ms | Avg Time: 5.905 ms | Load Imbalance: 1.023' [0m
			|--[91m 'compact csr: adjt direct | Max Time: 50.358 ms | Avg Time: 48.848 ms | Load Imbalance: 1.031' [0m
		|--[96m 'compact feature slice | Max Time: 3.980 ms | Avg Time: 3.978 ms | Load Imbalance: 1.001' [0m
		|--[96m 'compact label slice | Max Time: 0.178 ms | Avg Time: 0.176 ms | Load Imbalance: 1.010' [0m
	|--[92m 'train step | Max Time: 1658.163 ms | Avg Time: 1656.595 ms | Load Imbalance: 1.001' [0m
		|--[96m 'input_linear | Max Time: 55.723 ms | Avg Time: 54.253 ms | Load Imbalance: 1.027' [0m
			|--[91m 'input_linear X * W | Max Time: 5.287 ms | Avg Time: 5.284 ms | Load Imbalance: 1.001' [0m
			|--[91m 'all-reduce | Max Time: 42.372 ms | Avg Time: 40.907 ms | Load Imbalance: 1.036' [0m
			|--[91m 'OUT + BIAS | Max Time: 8.038 ms | Avg Time: 8.034 ms | Load Imbalance: 1.001' [0m
		|--[96m 'gcn conv fwd | Max Time: 680.089 ms | Avg Time: 672.961 ms | Load Imbalance: 1.011' [0m
			|--[91m 'AGG = A * H | Max Time: 59.276 ms | Avg Time: 53.845 ms | Load Imbalance: 1.101' [0m
			|--[91m 'allreduce H | Max Time: 302.903 ms | Avg Time: 291.916 ms | Load Imbalance: 1.038' [0m
				|--[95m 'allreduce lowp comm dtype | Max Time: 13.694 ms | Avg Time: 13.675 ms | Load Imbalance: 1.001' [0m
				|--[95m 'allreduce lowp | Max Time: 272.852 ms | Avg Time: 261.843 ms | Load Imbalance: 1.042' [0m
				|--[95m 'allreduce copy back | Max Time: 16.334 ms | Avg Time: 16.312 ms | Load Imbalance: 1.001' [0m
			|--[91m 'Allgather W | Max Time: 16.753 ms | Avg Time: 9.402 ms | Load Imbalance: 1.782' [0m
				|--[95m 'gather | Max Time: 16.717 ms | Avg Time: 9.366 ms | Load Imbalance: 1.785' [0m
			|--[91m 'OUT = AGG * W | Max Time: 29.999 ms | Avg Time: 29.962 ms | Load Imbalance: 1.001' [0m
			|--[91m 'allreduce Q | Max Time: 294.731 ms | Avg Time: 287.710 ms | Load Imbalance: 1.024' [0m
				|--[95m 'allreduce lowp comm dtype | Max Time: 13.756 ms | Avg Time: 13.747 ms | Load Imbalance: 1.001' [0m
				|--[95m 'allreduce lowp | Max Time: 264.569 ms | Avg Time: 257.569 ms | Load Imbalance: 1.027' [0m
				|--[95m 'allreduce copy back | Max Time: 16.328 ms | Avg Time: 16.309 ms | Load Imbalance: 1.001' [0m
		|--[96m 'activation | Max Time: 50.155 ms | Avg Time: 44.485 ms | Load Imbalance: 1.127' [0m
			|--[91m 'all-reduce | Max Time: 15.521 ms | Avg Time: 9.864 ms | Load Imbalance: 1.574' [0m
		|--[96m 'output_linear | Max Time: 5.896 ms | Avg Time: 5.889 ms | Load Imbalance: 1.001' [0m
			|--[91m 'output_linear X * W | Max Time: 5.610 ms | Avg Time: 5.603 ms | Load Imbalance: 1.001' [0m
			|--[91m 'all-reduce | Max Time: 0.007 ms | Avg Time: 0.007 ms | Load Imbalance: 1.041' [0m
			|--[91m 'OUT + BIAS | Max Time: 0.251 ms | Avg Time: 0.250 ms | Load Imbalance: 1.003' [0m
		|--[96m 'cross entropy fwd | Max Time: 7.928 ms | Avg Time: 7.828 ms | Load Imbalance: 1.013' [0m
		|--[96m 'cross entropy bwd | Max Time: 0.934 ms | Avg Time: 0.872 ms | Load Imbalance: 1.071' [0m
		|--[96m 'linear_3d_bwd | Max Time: 57.336 ms | Avg Time: 56.934 ms | Load Imbalance: 1.007' [0m
			|--[91m 'output_linear GRAD_X | Max Time: 4.074 ms | Avg Time: 4.050 ms | Load Imbalance: 1.006' [0m
			|--[91m 'all-reduce | Max Time: 38.854 ms | Avg Time: 38.448 ms | Load Imbalance: 1.011' [0m
			|--[91m 'output_linear GRAD_W | Max Time: 4.922 ms | Avg Time: 4.912 ms | Load Imbalance: 1.002' [0m
			|--[91m 'input_linear GRAD_W | Max Time: 4.935 ms | Avg Time: 4.912 ms | Load Imbalance: 1.005' [0m
		|--[96m 'gcn conv bwd | Max Time: 711.963 ms | Avg Time: 711.877 ms | Load Imbalance: 1.000' [0m
			|--[91m 'gather | Max Time: 0.466 ms | Avg Time: 0.373 ms | Load Imbalance: 1.249' [0m
			|--[91m 'GRAD_AGG = GRAD_OUT * W.T | Max Time: 30.234 ms | Avg Time: 30.210 ms | Load Imbalance: 1.001' [0m
			|--[91m 'allreduce lowp comm dtype | Max Time: 13.754 ms | Avg Time: 13.746 ms | Load Imbalance: 1.001' [0m
			|--[91m 'allreduce lowp | Max Time: 266.206 ms | Avg Time: 264.419 ms | Load Imbalance: 1.007' [0m
			|--[91m 'allreduce copy back | Max Time: 16.331 ms | Avg Time: 16.312 ms | Load Imbalance: 1.001' [0m
			|--[91m 'GRAD_W = AGG.T * GRAD_OUT | Max Time: 30.445 ms | Avg Time: 30.407 ms | Load Imbalance: 1.001' [0m
			|--[91m 'ReduceScatter grad_weight | Max Time: 15.455 ms | Avg Time: 9.409 ms | Load Imbalance: 1.643' [0m
				|--[95m 'reduce-scatter | Max Time: 15.419 ms | Avg Time: 9.373 ms | Load Imbalance: 1.645' [0m
					|--[92m 'reduce-scatter-dist | Max Time: 15.390 ms | Avg Time: 9.345 ms | Load Imbalance: 1.647' [0m
			|--[91m 'GRAD_H = A.T * GRAD_AGG | Max Time: 59.224 ms | Avg Time: 53.809 ms | Load Imbalance: 1.101' [0m
			|--[91m 'allreduce grad_x | Max Time: 302.370 ms | Avg Time: 292.987 ms | Load Imbalance: 1.032' [0m
				|--[95m 'allreduce lowp comm dtype | Max Time: 13.686 ms | Avg Time: 13.674 ms | Load Imbalance: 1.001' [0m
				|--[95m 'allreduce lowp | Max Time: 272.312 ms | Avg Time: 262.916 ms | Load Imbalance: 1.036' [0m
				|--[95m 'allreduce copy back | Max Time: 16.333 ms | Avg Time: 16.312 ms | Load Imbalance: 1.001' [0m
		|--[96m 'sync_norm_gradients | Max Time: 0.243 ms | Avg Time: 0.218 ms | Load Imbalance: 1.114' [0m
		|--[96m 'sync_data_parallel_gradients | Max Time: 0.007 ms | Avg Time: 0.007 ms | Load Imbalance: 1.031' [0m

|--[95m 'epoch 8 | Max Time: 1808.538 ms | Avg Time: 1808.518 ms | Load Imbalance: 1.000' [0m
	|--[92m 'minibatch prep | Max Time: 165.976 ms | Avg Time: 159.813 ms | Load Imbalance: 1.039' [0m
		|--[96m 'sample nodes | Max Time: 14.913 ms | Avg Time: 14.881 ms | Load Imbalance: 1.002' [0m
		|--[96m 'compact indices | Max Time: 2.252 ms | Avg Time: 2.203 ms | Load Imbalance: 1.022' [0m
		|--[96m 'compact adj shards | Max Time: 144.446 ms | Avg Time: 138.243 ms | Load Imbalance: 1.045' [0m
			|--[91m 'compact layout prep | Max Time: 8.209 ms | Avg Time: 7.191 ms | Load Imbalance: 1.142' [0m
			|--[91m 'compact csr: indices | Max Time: 0.132 ms | Avg Time: 0.095 ms | Load Imbalance: 1.379' [0m
			|--[91m 'compact csr: row ptrs | Max Time: 3.324 ms | Avg Time: 3.293 ms | Load Imbalance: 1.009' [0m
			|--[91m 'compact csr: nnz index | Max Time: 26.387 ms | Avg Time: 25.894 ms | Load Imbalance: 1.019' [0m
			|--[91m 'compact csr: select nnz | Max Time: 7.383 ms | Avg Time: 7.197 ms | Load Imbalance: 1.026' [0m
			|--[91m 'compact csr: col map | Max Time: 16.984 ms | Avg Time: 16.762 ms | Load Imbalance: 1.013' [0m
			|--[91m 'compact csr: edge scale | Max Time: 9.429 ms | Avg Time: 9.223 ms | Load Imbalance: 1.022' [0m
			|--[91m 'compact csr: crow | Max Time: 6.050 ms | Avg Time: 5.898 ms | Load Imbalance: 1.026' [0m
			|--[91m 'compact csr: adjt direct | Max Time: 50.262 ms | Avg Time: 48.778 ms | Load Imbalance: 1.030' [0m
		|--[96m 'compact feature slice | Max Time: 3.981 ms | Avg Time: 3.978 ms | Load Imbalance: 1.001' [0m
		|--[96m 'compact label slice | Max Time: 0.177 ms | Avg Time: 0.176 ms | Load Imbalance: 1.008' [0m
	|--[92m 'train step | Max Time: 1650.651 ms | Avg Time: 1648.530 ms | Load Imbalance: 1.001' [0m
		|--[96m 'input_linear | Max Time: 58.586 ms | Avg Time: 54.922 ms | Load Imbalance: 1.067' [0m
			|--[91m 'input_linear X * W | Max Time: 5.287 ms | Avg Time: 5.284 ms | Load Imbalance: 1.001' [0m
			|--[91m 'all-reduce | Max Time: 45.244 ms | Avg Time: 41.577 ms | Load Imbalance: 1.088' [0m
			|--[91m 'OUT + BIAS | Max Time: 8.036 ms | Avg Time: 8.032 ms | Load Imbalance: 1.000' [0m
		|--[96m 'gcn conv fwd | Max Time: 676.293 ms | Avg Time: 669.838 ms | Load Imbalance: 1.010' [0m
			|--[91m 'AGG = A * H | Max Time: 59.239 ms | Avg Time: 53.789 ms | Load Imbalance: 1.101' [0m
			|--[91m 'allreduce H | Max Time: 301.522 ms | Avg Time: 293.036 ms | Load Imbalance: 1.029' [0m
				|--[95m 'allreduce lowp comm dtype | Max Time: 13.683 ms | Avg Time: 13.673 ms | Load Imbalance: 1.001' [0m
				|--[95m 'allreduce lowp | Max Time: 271.454 ms | Avg Time: 262.966 ms | Load Imbalance: 1.032' [0m
				|--[95m 'allreduce copy back | Max Time: 16.332 ms | Avg Time: 16.312 ms | Load Imbalance: 1.001' [0m
			|--[91m 'Allgather W | Max Time: 10.190 ms | Avg Time: 5.444 ms | Load Imbalance: 1.872' [0m
				|--[95m 'gather | Max Time: 10.155 ms | Avg Time: 5.409 ms | Load Imbalance: 1.877' [0m
			|--[91m 'OUT = AGG * W | Max Time: 29.991 ms | Avg Time: 29.962 ms | Load Imbalance: 1.001' [0m
			|--[91m 'allreduce Q | Max Time: 292.568 ms | Avg Time: 287.479 ms | Load Imbalance: 1.018' [0m
				|--[95m 'allreduce lowp comm dtype | Max Time: 13.756 ms | Avg Time: 13.748 ms | Load Imbalance: 1.001' [0m
				|--[95m 'allreduce lowp | Max Time: 262.405 ms | Avg Time: 257.338 ms | Load Imbalance: 1.020' [0m
				|--[95m 'allreduce copy back | Max Time: 16.326 ms | Avg Time: 16.308 ms | Load Imbalance: 1.001' [0m
		|--[96m 'activation | Max Time: 48.024 ms | Avg Time: 43.244 ms | Load Imbalance: 1.111' [0m
			|--[91m 'all-reduce | Max Time: 13.361 ms | Avg Time: 8.621 ms | Load Imbalance: 1.550' [0m
		|--[96m 'output_linear | Max Time: 5.901 ms | Avg Time: 5.890 ms | Load Imbalance: 1.002' [0m
			|--[91m 'output_linear X * W | Max Time: 5.615 ms | Avg Time: 5.604 ms | Load Imbalance: 1.002' [0m
			|--[91m 'all-reduce | Max Time: 0.007 ms | Avg Time: 0.007 ms | Load Imbalance: 1.049' [0m
			|--[91m 'OUT + BIAS | Max Time: 0.251 ms | Avg Time: 0.250 ms | Load Imbalance: 1.003' [0m
		|--[96m 'cross entropy fwd | Max Time: 7.972 ms | Avg Time: 7.897 ms | Load Imbalance: 1.009' [0m
		|--[96m 'cross entropy bwd | Max Time: 0.892 ms | Avg Time: 0.840 ms | Load Imbalance: 1.063' [0m
		|--[96m 'linear_3d_bwd | Max Time: 56.745 ms | Avg Time: 56.620 ms | Load Imbalance: 1.002' [0m
			|--[91m 'output_linear GRAD_X | Max Time: 4.068 ms | Avg Time: 4.049 ms | Load Imbalance: 1.005' [0m
			|--[91m 'all-reduce | Max Time: 38.267 ms | Avg Time: 38.142 ms | Load Imbalance: 1.003' [0m
			|--[91m 'output_linear GRAD_W | Max Time: 4.923 ms | Avg Time: 4.908 ms | Load Imbalance: 1.003' [0m
			|--[91m 'input_linear GRAD_W | Max Time: 4.933 ms | Avg Time: 4.910 ms | Load Imbalance: 1.005' [0m
		|--[96m 'gcn conv bwd | Max Time: 708.231 ms | Avg Time: 708.115 ms | Load Imbalance: 1.000' [0m
			|--[91m 'gather | Max Time: 0.539 ms | Avg Time: 0.399 ms | Load Imbalance: 1.351' [0m
			|--[91m 'GRAD_AGG = GRAD_OUT * W.T | Max Time: 30.229 ms | Avg Time: 30.209 ms | Load Imbalance: 1.001' [0m
			|--[91m 'allreduce lowp comm dtype | Max Time: 13.759 ms | Avg Time: 13.749 ms | Load Imbalance: 1.001' [0m
			|--[91m 'allreduce lowp | Max Time: 265.567 ms | Avg Time: 263.800 ms | Load Imbalance: 1.007' [0m
			|--[91m 'allreduce copy back | Max Time: 16.332 ms | Avg Time: 16.313 ms | Load Imbalance: 1.001' [0m
			|--[91m 'GRAD_W = AGG.T * GRAD_OUT | Max Time: 30.444 ms | Avg Time: 30.410 ms | Load Imbalance: 1.001' [0m
			|--[91m 'ReduceScatter grad_weight | Max Time: 10.755 ms | Avg Time: 6.444 ms | Load Imbalance: 1.669' [0m
				|--[95m 'reduce-scatter | Max Time: 10.720 ms | Avg Time: 6.409 ms | Load Imbalance: 1.673' [0m
					|--[92m 'reduce-scatter-dist | Max Time: 10.692 ms | Avg Time: 6.381 ms | Load Imbalance: 1.676' [0m
			|--[91m 'GRAD_H = A.T * GRAD_AGG | Max Time: 59.190 ms | Avg Time: 53.760 ms | Load Imbalance: 1.101' [0m
			|--[91m 'allreduce grad_x | Max Time: 299.200 ms | Avg Time: 292.826 ms | Load Imbalance: 1.022' [0m
				|--[95m 'allreduce lowp comm dtype | Max Time: 13.683 ms | Avg Time: 13.673 ms | Load Imbalance: 1.001' [0m
				|--[95m 'allreduce lowp | Max Time: 269.114 ms | Avg Time: 262.756 ms | Load Imbalance: 1.024' [0m
				|--[95m 'allreduce copy back | Max Time: 16.331 ms | Avg Time: 16.312 ms | Load Imbalance: 1.001' [0m
		|--[96m 'sync_norm_gradients | Max Time: 0.238 ms | Avg Time: 0.217 ms | Load Imbalance: 1.094' [0m
		|--[96m 'sync_data_parallel_gradients | Max Time: 0.008 ms | Avg Time: 0.007 ms | Load Imbalance: 1.075' [0m

|--[95m 'epoch 9 | Max Time: 1810.602 ms | Avg Time: 1810.591 ms | Load Imbalance: 1.000' [0m
	|--[92m 'minibatch prep | Max Time: 162.912 ms | Avg Time: 159.029 ms | Load Imbalance: 1.024' [0m
		|--[96m 'sample nodes | Max Time: 14.905 ms | Avg Time: 14.871 ms | Load Imbalance: 1.002' [0m
		|--[96m 'compact indices | Max Time: 2.254 ms | Avg Time: 2.204 ms | Load Imbalance: 1.023' [0m
		|--[96m 'compact adj shards | Max Time: 141.367 ms | Avg Time: 137.471 ms | Load Imbalance: 1.028' [0m
			|--[91m 'compact layout prep | Max Time: 8.248 ms | Avg Time: 7.181 ms | Load Imbalance: 1.149' [0m
			|--[91m 'compact csr: indices | Max Time: 0.143 ms | Avg Time: 0.102 ms | Load Imbalance: 1.404' [0m
			|--[91m 'compact csr: row ptrs | Max Time: 3.313 ms | Avg Time: 3.284 ms | Load Imbalance: 1.009' [0m
			|--[91m 'compact csr: nnz index | Max Time: 26.362 ms | Avg Time: 25.879 ms | Load Imbalance: 1.019' [0m
			|--[91m 'compact csr: select nnz | Max Time: 7.376 ms | Avg Time: 7.198 ms | Load Imbalance: 1.025' [0m
			|--[91m 'compact csr: col map | Max Time: 16.938 ms | Avg Time: 16.752 ms | Load Imbalance: 1.011' [0m
			|--[91m 'compact csr: edge scale | Max Time: 9.438 ms | Avg Time: 9.210 ms | Load Imbalance: 1.025' [0m
			|--[91m 'compact csr: crow | Max Time: 6.028 ms | Avg Time: 5.886 ms | Load Imbalance: 1.024' [0m
			|--[91m 'compact csr: adjt direct | Max Time: 50.277 ms | Avg Time: 48.777 ms | Load Imbalance: 1.031' [0m
		|--[96m 'compact feature slice | Max Time: 3.982 ms | Avg Time: 3.978 ms | Load Imbalance: 1.001' [0m
		|--[96m 'compact label slice | Max Time: 0.178 ms | Avg Time: 0.176 ms | Load Imbalance: 1.008' [0m
	|--[92m 'train step | Max Time: 1652.818 ms | Avg Time: 1651.389 ms | Load Imbalance: 1.001' [0m
		|--[96m 'input_linear | Max Time: 55.770 ms | Avg Time: 54.241 ms | Load Imbalance: 1.028' [0m
			|--[91m 'input_linear X * W | Max Time: 5.288 ms | Avg Time: 5.284 ms | Load Imbalance: 1.001' [0m
			|--[91m 'all-reduce | Max Time: 42.423 ms | Avg Time: 40.896 ms | Load Imbalance: 1.037' [0m
			|--[91m 'OUT + BIAS | Max Time: 8.038 ms | Avg Time: 8.033 ms | Load Imbalance: 1.001' [0m
		|--[96m 'gcn conv fwd | Max Time: 677.344 ms | Avg Time: 670.484 ms | Load Imbalance: 1.010' [0m
			|--[91m 'AGG = A * H | Max Time: 59.212 ms | Avg Time: 53.783 ms | Load Imbalance: 1.101' [0m
			|--[91m 'allreduce H | Max Time: 298.780 ms | Avg Time: 292.111 ms | Load Imbalance: 1.023' [0m
				|--[95m 'allreduce lowp comm dtype | Max Time: 13.689 ms | Avg Time: 13.674 ms | Load Imbalance: 1.001' [0m
				|--[95m 'allreduce lowp | Max Time: 268.694 ms | Avg Time: 262.040 ms | Load Imbalance: 1.025' [0m
				|--[95m 'allreduce copy back | Max Time: 16.330 ms | Avg Time: 16.311 ms | Load Imbalance: 1.001' [0m
			|--[91m 'Allgather W | Max Time: 12.021 ms | Avg Time: 6.274 ms | Load Imbalance: 1.916' [0m
				|--[95m 'gather | Max Time: 11.985 ms | Avg Time: 6.238 ms | Load Imbalance: 1.921' [0m
			|--[91m 'OUT = AGG * W | Max Time: 29.988 ms | Avg Time: 29.960 ms | Load Imbalance: 1.001' [0m
			|--[91m 'allreduce Q | Max Time: 294.810 ms | Avg Time: 288.228 ms | Load Imbalance: 1.023' [0m
				|--[95m 'allreduce lowp comm dtype | Max Time: 13.755 ms | Avg Time: 13.748 ms | Load Imbalance: 1.001' [0m
				|--[95m 'allreduce lowp | Max Time: 264.644 ms | Avg Time: 258.087 ms | Load Imbalance: 1.025' [0m
				|--[95m 'allreduce copy back | Max Time: 16.330 ms | Avg Time: 16.308 ms | Load Imbalance: 1.001' [0m
		|--[96m 'activation | Max Time: 49.509 ms | Avg Time: 44.060 ms | Load Imbalance: 1.124' [0m
			|--[91m 'all-reduce | Max Time: 14.870 ms | Avg Time: 9.438 ms | Load Imbalance: 1.576' [0m
		|--[96m 'output_linear | Max Time: 5.897 ms | Avg Time: 5.888 ms | Load Imbalance: 1.002' [0m
			|--[91m 'output_linear X * W | Max Time: 5.612 ms | Avg Time: 5.602 ms | Load Imbalance: 1.002' [0m
			|--[91m 'all-reduce | Max Time: 0.007 ms | Avg Time: 0.007 ms | Load Imbalance: 1.045' [0m
			|--[91m 'OUT + BIAS | Max Time: 0.251 ms | Avg Time: 0.250 ms | Load Imbalance: 1.003' [0m
		|--[96m 'cross entropy fwd | Max Time: 7.917 ms | Avg Time: 7.835 ms | Load Imbalance: 1.010' [0m
		|--[96m 'cross entropy bwd | Max Time: 0.887 ms | Avg Time: 0.847 ms | Load Imbalance: 1.047' [0m
		|--[96m 'linear_3d_bwd | Max Time: 57.015 ms | Avg Time: 56.737 ms | Load Imbalance: 1.005' [0m
			|--[91m 'output_linear GRAD_X | Max Time: 4.059 ms | Avg Time: 4.046 ms | Load Imbalance: 1.003' [0m
			|--[91m 'all-reduce | Max Time: 38.523 ms | Avg Time: 38.264 ms | Load Imbalance: 1.007' [0m
			|--[91m 'output_linear GRAD_W | Max Time: 4.922 ms | Avg Time: 4.908 ms | Load Imbalance: 1.003' [0m
			|--[91m 'input_linear GRAD_W | Max Time: 4.932 ms | Avg Time: 4.908 ms | Load Imbalance: 1.005' [0m
		|--[96m 'gcn conv bwd | Max Time: 710.215 ms | Avg Time: 710.056 ms | Load Imbalance: 1.000' [0m
			|--[91m 'gather | Max Time: 0.500 ms | Avg Time: 0.371 ms | Load Imbalance: 1.349' [0m
			|--[91m 'GRAD_AGG = GRAD_OUT * W.T | Max Time: 30.238 ms | Avg Time: 30.212 ms | Load Imbalance: 1.001' [0m
			|--[91m 'allreduce lowp comm dtype | Max Time: 13.755 ms | Avg Time: 13.748 ms | Load Imbalance: 1.001' [0m
			|--[91m 'allreduce lowp | Max Time: 265.744 ms | Avg Time: 265.105 ms | Load Imbalance: 1.002' [0m
			|--[91m 'allreduce copy back | Max Time: 16.332 ms | Avg Time: 16.311 ms | Load Imbalance: 1.001' [0m
			|--[91m 'GRAD_W = AGG.T * GRAD_OUT | Max Time: 30.439 ms | Avg Time: 30.408 ms | Load Imbalance: 1.001' [0m
			|--[91m 'ReduceScatter grad_weight | Max Time: 16.891 ms | Avg Time: 9.011 ms | Load Imbalance: 1.875' [0m
				|--[95m 'reduce-scatter | Max Time: 16.855 ms | Avg Time: 8.975 ms | Load Imbalance: 1.878' [0m
					|--[92m 'reduce-scatter-dist | Max Time: 16.827 ms | Avg Time: 8.947 ms | Load Imbalance: 1.881' [0m
			|--[91m 'GRAD_H = A.T * GRAD_AGG | Max Time: 59.169 ms | Avg Time: 53.753 ms | Load Imbalance: 1.101' [0m
			|--[91m 'allreduce grad_x | Max Time: 301.435 ms | Avg Time: 290.933 ms | Load Imbalance: 1.036' [0m
				|--[95m 'allreduce lowp comm dtype | Max Time: 13.695 ms | Avg Time: 13.671 ms | Load Imbalance: 1.002' [0m
				|--[95m 'allreduce lowp | Max Time: 271.327 ms | Avg Time: 260.864 ms | Load Imbalance: 1.040' [0m
				|--[95m 'allreduce copy back | Max Time: 16.341 ms | Avg Time: 16.313 ms | Load Imbalance: 1.002' [0m
		|--[96m 'sync_norm_gradients | Max Time: 0.247 ms | Avg Time: 0.219 ms | Load Imbalance: 1.127' [0m
		|--[96m 'sync_data_parallel_gradients | Max Time: 0.007 ms | Avg Time: 0.007 ms | Load Imbalance: 1.051' [0m

Epoch: 009, Train Loss: 3.4004
rank 0 Peak GPU memory: 22.09 GB
