/pscratch/sd/h/hmuki/plexus/plexus/utils/dataloader.py:412: UserWarning: Sparse invariant checks are implicitly disabled. Memory errors (e.g. SEGFAULT) will occur when operating on a sparse tensor which violates the invariants, but checks incur performance overhead. To silence this warning, explicitly opt in or out. See `torch.sparse.check_sparse_tensor_invariants.__doc__` for guidance.  (Triggered internally at /pytorch/aten/src/ATen/Context.cpp:760.)
  adj_local = torch.sparse_coo_tensor(
/pscratch/sd/h/hmuki/plexus/plexus/utils/dataloader.py:412: UserWarning: Sparse invariant checks are implicitly disabled. Memory errors (e.g. SEGFAULT) will occur when operating on a sparse tensor which violates the invariants, but checks incur performance overhead. To silence this warning, explicitly opt in or out. See `torch.sparse.check_sparse_tensor_invariants.__doc__` for guidance.  (Triggered internally at /pytorch/aten/src/ATen/Context.cpp:760.)
  adj_local = torch.sparse_coo_tensor(
/pscratch/sd/h/hmuki/plexus/plexus/utils/dataloader.py:412: UserWarning: Sparse invariant checks are implicitly disabled. Memory errors (e.g. SEGFAULT) will occur when operating on a sparse tensor which violates the invariants, but checks incur performance overhead. To silence this warning, explicitly opt in or out. See `torch.sparse.check_sparse_tensor_invariants.__doc__` for guidance.  (Triggered internally at /pytorch/aten/src/ATen/Context.cpp:760.)
  adj_local = torch.sparse_coo_tensor(
/pscratch/sd/h/hmuki/plexus/plexus/utils/dataloader.py:412: UserWarning: Sparse invariant checks are implicitly disabled. Memory errors (e.g. SEGFAULT) will occur when operating on a sparse tensor which violates the invariants, but checks incur performance overhead. To silence this warning, explicitly opt in or out. See `torch.sparse.check_sparse_tensor_invariants.__doc__` for guidance.  (Triggered internally at /pytorch/aten/src/ATen/Context.cpp:760.)
  adj_local = torch.sparse_coo_tensor(
/pscratch/sd/h/hmuki/plexus/plexus/utils/dataloader.py:412: UserWarning: Sparse invariant checks are implicitly disabled. Memory errors (e.g. SEGFAULT) will occur when operating on a sparse tensor which violates the invariants, but checks incur performance overhead. To silence this warning, explicitly opt in or out. See `torch.sparse.check_sparse_tensor_invariants.__doc__` for guidance.  (Triggered internally at /pytorch/aten/src/ATen/Context.cpp:760.)
  adj_local = torch.sparse_coo_tensor(
/pscratch/sd/h/hmuki/plexus/plexus/utils/dataloader.py:412: UserWarning: Sparse invariant checks are implicitly disabled. Memory errors (e.g. SEGFAULT) will occur when operating on a sparse tensor which violates the invariants, but checks incur performance overhead. To silence this warning, explicitly opt in or out. See `torch.sparse.check_sparse_tensor_invariants.__doc__` for guidance.  (Triggered internally at /pytorch/aten/src/ATen/Context.cpp:760.)
  adj_local = torch.sparse_coo_tensor(
/pscratch/sd/h/hmuki/plexus/plexus/utils/dataloader.py:412: UserWarning: Sparse invariant checks are implicitly disabled. Memory errors (e.g. SEGFAULT) will occur when operating on a sparse tensor which violates the invariants, but checks incur performance overhead. To silence this warning, explicitly opt in or out. See `torch.sparse.check_sparse_tensor_invariants.__doc__` for guidance.  (Triggered internally at /pytorch/aten/src/ATen/Context.cpp:760.)
  adj_local = torch.sparse_coo_tensor(
/pscratch/sd/h/hmuki/plexus/plexus/utils/dataloader.py:412: UserWarning: Sparse invariant checks are implicitly disabled. Memory errors (e.g. SEGFAULT) will occur when operating on a sparse tensor which violates the invariants, but checks incur performance overhead. To silence this warning, explicitly opt in or out. See `torch.sparse.check_sparse_tensor_invariants.__doc__` for guidance.  (Triggered internally at /pytorch/aten/src/ATen/Context.cpp:760.)
  adj_local = torch.sparse_coo_tensor(
/pscratch/sd/h/hmuki/plexus/plexus/utils/dataloader.py:412: UserWarning: Sparse invariant checks are implicitly disabled. Memory errors (e.g. SEGFAULT) will occur when operating on a sparse tensor which violates the invariants, but checks incur performance overhead. To silence this warning, explicitly opt in or out. See `torch.sparse.check_sparse_tensor_invariants.__doc__` for guidance.  (Triggered internally at /pytorch/aten/src/ATen/Context.cpp:760.)
  adj_local = torch.sparse_coo_tensor(
/pscratch/sd/h/hmuki/plexus/plexus/utils/dataloader.py:412: UserWarning: Sparse invariant checks are implicitly disabled. Memory errors (e.g. SEGFAULT) will occur when operating on a sparse tensor which violates the invariants, but checks incur performance overhead. To silence this warning, explicitly opt in or out. See `torch.sparse.check_sparse_tensor_invariants.__doc__` for guidance.  (Triggered internally at /pytorch/aten/src/ATen/Context.cpp:760.)
  adj_local = torch.sparse_coo_tensor(
/pscratch/sd/h/hmuki/plexus/plexus/utils/dataloader.py:412: UserWarning: Sparse invariant checks are implicitly disabled. Memory errors (e.g. SEGFAULT) will occur when operating on a sparse tensor which violates the invariants, but checks incur performance overhead. To silence this warning, explicitly opt in or out. See `torch.sparse.check_sparse_tensor_invariants.__doc__` for guidance.  (Triggered internally at /pytorch/aten/src/ATen/Context.cpp:760.)
  adj_local = torch.sparse_coo_tensor(
/pscratch/sd/h/hmuki/plexus/plexus/utils/dataloader.py:412: UserWarning: Sparse invariant checks are implicitly disabled. Memory errors (e.g. SEGFAULT) will occur when operating on a sparse tensor which violates the invariants, but checks incur performance overhead. To silence this warning, explicitly opt in or out. See `torch.sparse.check_sparse_tensor_invariants.__doc__` for guidance.  (Triggered internally at /pytorch/aten/src/ATen/Context.cpp:760.)
  adj_local = torch.sparse_coo_tensor(
/pscratch/sd/h/hmuki/plexus/plexus/utils/dataloader.py:412: UserWarning: Sparse invariant checks are implicitly disabled. Memory errors (e.g. SEGFAULT) will occur when operating on a sparse tensor which violates the invariants, but checks incur performance overhead. To silence this warning, explicitly opt in or out. See `torch.sparse.check_sparse_tensor_invariants.__doc__` for guidance.  (Triggered internally at /pytorch/aten/src/ATen/Context.cpp:760.)
  adj_local = torch.sparse_coo_tensor(
/pscratch/sd/h/hmuki/plexus/plexus/utils/dataloader.py:412: UserWarning: Sparse invariant checks are implicitly disabled. Memory errors (e.g. SEGFAULT) will occur when operating on a sparse tensor which violates the invariants, but checks incur performance overhead. To silence this warning, explicitly opt in or out. See `torch.sparse.check_sparse_tensor_invariants.__doc__` for guidance.  (Triggered internally at /pytorch/aten/src/ATen/Context.cpp:760.)
  adj_local = torch.sparse_coo_tensor(
/pscratch/sd/h/hmuki/plexus/plexus/utils/dataloader.py:412: UserWarning: Sparse invariant checks are implicitly disabled. Memory errors (e.g. SEGFAULT) will occur when operating on a sparse tensor which violates the invariants, but checks incur performance overhead. To silence this warning, explicitly opt in or out. See `torch.sparse.check_sparse_tensor_invariants.__doc__` for guidance.  (Triggered internally at /pytorch/aten/src/ATen/Context.cpp:760.)
  adj_local = torch.sparse_coo_tensor(
/pscratch/sd/h/hmuki/plexus/plexus/utils/dataloader.py:412: UserWarning: Sparse invariant checks are implicitly disabled. Memory errors (e.g. SEGFAULT) will occur when operating on a sparse tensor which violates the invariants, but checks incur performance overhead. To silence this warning, explicitly opt in or out. See `torch.sparse.check_sparse_tensor_invariants.__doc__` for guidance.  (Triggered internally at /pytorch/aten/src/ATen/Context.cpp:760.)
  adj_local = torch.sparse_coo_tensor(
/pscratch/sd/h/hmuki/plexus/plexus/utils/dataloader.py:425: UserWarning: Sparse CSR tensor support is in beta state. If you miss a functionality in the sparse tensor support, please submit a feature request to https://github.com/pytorch/pytorch/issues. (Triggered internally at /pytorch/aten/src/ATen/SparseCsrTensorImpl.cpp:49.)
  adj_local = adj_local.to_sparse_csr()
/pscratch/sd/h/hmuki/plexus/plexus/utils/dataloader.py:425: UserWarning: Sparse CSR tensor support is in beta state. If you miss a functionality in the sparse tensor support, please submit a feature request to https://github.com/pytorch/pytorch/issues. (Triggered internally at /pytorch/aten/src/ATen/SparseCsrTensorImpl.cpp:49.)
  adj_local = adj_local.to_sparse_csr()
/pscratch/sd/h/hmuki/plexus/plexus/utils/dataloader.py:425: UserWarning: Sparse CSR tensor support is in beta state. If you miss a functionality in the sparse tensor support, please submit a feature request to https://github.com/pytorch/pytorch/issues. (Triggered internally at /pytorch/aten/src/ATen/SparseCsrTensorImpl.cpp:49.)
  adj_local = adj_local.to_sparse_csr()
/pscratch/sd/h/hmuki/plexus/plexus/utils/dataloader.py:425: UserWarning: Sparse CSR tensor support is in beta state. If you miss a functionality in the sparse tensor support, please submit a feature request to https://github.com/pytorch/pytorch/issues. (Triggered internally at /pytorch/aten/src/ATen/SparseCsrTensorImpl.cpp:49.)
  adj_local = adj_local.to_sparse_csr()
/pscratch/sd/h/hmuki/plexus/plexus/utils/dataloader.py:425: UserWarning: Sparse CSR tensor support is in beta state. If you miss a functionality in the sparse tensor support, please submit a feature request to https://github.com/pytorch/pytorch/issues. (Triggered internally at /pytorch/aten/src/ATen/SparseCsrTensorImpl.cpp:49.)
  adj_local = adj_local.to_sparse_csr()
/pscratch/sd/h/hmuki/plexus/plexus/utils/dataloader.py:425: UserWarning: Sparse CSR tensor support is in beta state. If you miss a functionality in the sparse tensor support, please submit a feature request to https://github.com/pytorch/pytorch/issues. (Triggered internally at /pytorch/aten/src/ATen/SparseCsrTensorImpl.cpp:49.)
  adj_local = adj_local.to_sparse_csr()
/pscratch/sd/h/hmuki/plexus/plexus/utils/dataloader.py:425: UserWarning: Sparse CSR tensor support is in beta state. If you miss a functionality in the sparse tensor support, please submit a feature request to https://github.com/pytorch/pytorch/issues. (Triggered internally at /pytorch/aten/src/ATen/SparseCsrTensorImpl.cpp:49.)
  adj_local = adj_local.to_sparse_csr()
/pscratch/sd/h/hmuki/plexus/plexus/utils/dataloader.py:425: UserWarning: Sparse CSR tensor support is in beta state. If you miss a functionality in the sparse tensor support, please submit a feature request to https://github.com/pytorch/pytorch/issues. (Triggered internally at /pytorch/aten/src/ATen/SparseCsrTensorImpl.cpp:49.)
  adj_local = adj_local.to_sparse_csr()
/pscratch/sd/h/hmuki/plexus/plexus/utils/dataloader.py:425: UserWarning: Sparse CSR tensor support is in beta state. If you miss a functionality in the sparse tensor support, please submit a feature request to https://github.com/pytorch/pytorch/issues. (Triggered internally at /pytorch/aten/src/ATen/SparseCsrTensorImpl.cpp:49.)
  adj_local = adj_local.to_sparse_csr()
/pscratch/sd/h/hmuki/plexus/plexus/utils/dataloader.py:425: UserWarning: Sparse CSR tensor support is in beta state. If you miss a functionality in the sparse tensor support, please submit a feature request to https://github.com/pytorch/pytorch/issues. (Triggered internally at /pytorch/aten/src/ATen/SparseCsrTensorImpl.cpp:49.)
  adj_local = adj_local.to_sparse_csr()
/pscratch/sd/h/hmuki/plexus/plexus/utils/dataloader.py:425: UserWarning: Sparse CSR tensor support is in beta state. If you miss a functionality in the sparse tensor support, please submit a feature request to https://github.com/pytorch/pytorch/issues. (Triggered internally at /pytorch/aten/src/ATen/SparseCsrTensorImpl.cpp:49.)
  adj_local = adj_local.to_sparse_csr()
/pscratch/sd/h/hmuki/plexus/plexus/utils/dataloader.py:425: UserWarning: Sparse CSR tensor support is in beta state. If you miss a functionality in the sparse tensor support, please submit a feature request to https://github.com/pytorch/pytorch/issues. (Triggered internally at /pytorch/aten/src/ATen/SparseCsrTensorImpl.cpp:49.)
  adj_local = adj_local.to_sparse_csr()
/pscratch/sd/h/hmuki/plexus/plexus/utils/dataloader.py:425: UserWarning: Sparse CSR tensor support is in beta state. If you miss a functionality in the sparse tensor support, please submit a feature request to https://github.com/pytorch/pytorch/issues. (Triggered internally at /pytorch/aten/src/ATen/SparseCsrTensorImpl.cpp:49.)
  adj_local = adj_local.to_sparse_csr()
/pscratch/sd/h/hmuki/plexus/plexus/utils/dataloader.py:425: UserWarning: Sparse CSR tensor support is in beta state. If you miss a functionality in the sparse tensor support, please submit a feature request to https://github.com/pytorch/pytorch/issues. (Triggered internally at /pytorch/aten/src/ATen/SparseCsrTensorImpl.cpp:49.)
  adj_local = adj_local.to_sparse_csr()
/pscratch/sd/h/hmuki/plexus/plexus/utils/dataloader.py:425: UserWarning: Sparse CSR tensor support is in beta state. If you miss a functionality in the sparse tensor support, please submit a feature request to https://github.com/pytorch/pytorch/issues. (Triggered internally at /pytorch/aten/src/ATen/SparseCsrTensorImpl.cpp:49.)
  adj_local = adj_local.to_sparse_csr()
/pscratch/sd/h/hmuki/plexus/plexus/utils/dataloader.py:425: UserWarning: Sparse CSR tensor support is in beta state. If you miss a functionality in the sparse tensor support, please submit a feature request to https://github.com/pytorch/pytorch/issues. (Triggered internally at /pytorch/aten/src/ATen/SparseCsrTensorImpl.cpp:49.)
  adj_local = adj_local.to_sparse_csr()
[info] RMSNorm + ReLU + Dropout fused and compiled with torch.compile
steps_per_epoch:  41
steps_per_epoch:  41
steps_per_epoch:  41
steps_per_epoch:  41
steps_per_epoch:  41
steps_per_epoch:  41
steps_per_epoch:  41
steps_per_epoch:  41
steps_per_epoch:  41
steps_per_epoch:  41
steps_per_epoch:  41
steps_per_epoch:  41
steps_per_epoch:  41
steps_per_epoch:  41
steps_per_epoch:  41
steps_per_epoch:  41
Epoch: 000, Train Loss: 3.4471
Epoch: 001, Train Loss: 3.3903
Epoch: 002, Train Loss: 3.3496
Epoch: 003, Train Loss: 3.3284
Epoch: 004, Train Loss: 3.3337
Epoch: 005, Train Loss: 3.3352
Epoch: 006, Train Loss: 3.3670
Epoch: 007, Train Loss: 3.3513
Epoch: 008, Train Loss: 3.3482
rank 3 Peak GPU memory: 17.41 GB
rank 2 Peak GPU memory: 17.41 GB
rank 1 Peak GPU memory: 17.41 GB
rank 5 Peak GPU memory: 17.41 GB
rank 6 Peak GPU memory: 17.41 GB
rank 4 Peak GPU memory: 17.41 GB
rank 7 Peak GPU memory: 17.41 GB
rank 8 Peak GPU memory: 17.41 GB
rank 11 Peak GPU memory: 17.41 GB
rank 10 Peak GPU memory: 17.41 GB
rank 9 Peak GPU memory: 17.41 GB
rank 14 Peak GPU memory: 17.41 GB
rank 12 Peak GPU memory: 17.40 GB
rank 15 Peak GPU memory: 17.41 GB
rank 13 Peak GPU memory: 17.41 GB
|--[95m 'drop | Max Time: 4.197 ms | Avg Time: 0.816 ms | Load Imbalance: 5.142' [0m

|--[95m 'epoch 0 | Max Time: 9730.152 ms | Avg Time: 9729.180 ms | Load Imbalance: 1.000' [0m
	|--[92m 'minibatch prep | Max Time: 803.984 ms | Avg Time: 781.441 ms | Load Imbalance: 1.029' [0m
		|--[96m 'sample nodes | Max Time: 194.105 ms | Avg Time: 188.342 ms | Load Imbalance: 1.031' [0m
		|--[96m 'compact indices | Max Time: 51.114 ms | Avg Time: 49.307 ms | Load Imbalance: 1.037' [0m
		|--[96m 'compact adj shards | Max Time: 518.489 ms | Avg Time: 504.126 ms | Load Imbalance: 1.028' [0m
			|--[91m 'compact layout prep | Max Time: 159.592 ms | Avg Time: 154.761 ms | Load Imbalance: 1.031' [0m
			|--[91m 'compact csr: indices | Max Time: 7.461 ms | Avg Time: 5.521 ms | Load Imbalance: 1.351' [0m
			|--[91m 'compact csr: row ptrs | Max Time: 34.744 ms | Avg Time: 32.001 ms | Load Imbalance: 1.086' [0m
			|--[91m 'compact csr: nnz index | Max Time: 61.206 ms | Avg Time: 53.484 ms | Load Imbalance: 1.144' [0m
			|--[91m 'compact csr: select nnz | Max Time: 14.941 ms | Avg Time: 14.509 ms | Load Imbalance: 1.030' [0m
			|--[91m 'compact csr: col map | Max Time: 39.562 ms | Avg Time: 39.073 ms | Load Imbalance: 1.013' [0m
			|--[91m 'compact csr: edge scale | Max Time: 43.025 ms | Avg Time: 40.139 ms | Load Imbalance: 1.072' [0m
			|--[91m 'compact csr: crow | Max Time: 67.715 ms | Avg Time: 62.517 ms | Load Imbalance: 1.083' [0m
			|--[91m 'compact csr: adjt direct | Max Time: 52.097 ms | Avg Time: 47.322 ms | Load Imbalance: 1.101' [0m
		|--[96m 'compact feature slice | Max Time: 20.661 ms | Avg Time: 18.365 ms | Load Imbalance: 1.125' [0m
		|--[96m 'compact label slice | Max Time: 12.640 ms | Avg Time: 12.115 ms | Load Imbalance: 1.043' [0m
	|--[92m 'train step | Max Time: 8957.855 ms | Avg Time: 8945.658 ms | Load Imbalance: 1.001' [0m
		|--[96m 'input_linear | Max Time: 125.898 ms | Avg Time: 106.920 ms | Load Imbalance: 1.177' [0m
			|--[91m 'input_linear X * W | Max Time: 120.133 ms | Avg Time: 102.447 ms | Load Imbalance: 1.173' [0m
			|--[91m 'all-reduce | Max Time: 0.141 ms | Avg Time: 0.122 ms | Load Imbalance: 1.160' [0m
			|--[91m 'OUT + BIAS | Max Time: 3.083 ms | Avg Time: 2.401 ms | Load Imbalance: 1.284' [0m
		|--[96m 'gcn conv fwd | Max Time: 1946.785 ms | Avg Time: 1707.370 ms | Load Imbalance: 1.140' [0m
			|--[91m 'AGG = A * H | Max Time: 88.321 ms | Avg Time: 73.213 ms | Load Imbalance: 1.206' [0m
			|--[91m 'allreduce H | Max Time: 540.476 ms | Avg Time: 453.500 ms | Load Imbalance: 1.192' [0m
				|--[95m 'allreduce lowp comm dtype | Max Time: 19.171 ms | Avg Time: 18.951 ms | Load Imbalance: 1.012' [0m
				|--[95m 'allreduce lowp | Max Time: 496.350 ms | Avg Time: 410.010 ms | Load Imbalance: 1.211' [0m
				|--[95m 'allreduce copy back | Max Time: 26.504 ms | Avg Time: 23.155 ms | Load Imbalance: 1.145' [0m
			|--[91m 'Allgather W | Max Time: 413.256 ms | Avg Time: 217.892 ms | Load Imbalance: 1.897' [0m
				|--[95m 'gather | Max Time: 412.527 ms | Avg Time: 217.134 ms | Load Imbalance: 1.900' [0m
			|--[91m 'OUT = AGG * W | Max Time: 41.327 ms | Avg Time: 38.209 ms | Load Imbalance: 1.082' [0m
			|--[91m 'allreduce Q | Max Time: 1002.946 ms | Avg Time: 921.626 ms | Load Imbalance: 1.088' [0m
				|--[95m 'allreduce lowp comm dtype | Max Time: 19.143 ms | Avg Time: 18.904 ms | Load Imbalance: 1.013' [0m
				|--[95m 'allreduce lowp | Max Time: 960.187 ms | Avg Time: 878.570 ms | Load Imbalance: 1.093' [0m
				|--[95m 'allreduce copy back | Max Time: 26.380 ms | Avg Time: 22.955 ms | Load Imbalance: 1.149' [0m
		|--[96m 'activation | Max Time: 5322.103 ms | Avg Time: 5095.872 ms | Load Imbalance: 1.044' [0m
			|--[91m 'all-reduce | Max Time: 826.467 ms | Avg Time: 802.992 ms | Load Imbalance: 1.029' [0m
		|--[96m 'output_linear | Max Time: 90.513 ms | Avg Time: 81.646 ms | Load Imbalance: 1.109' [0m
			|--[91m 'output_linear X * W | Max Time: 3.047 ms | Avg Time: 2.762 ms | Load Imbalance: 1.103' [0m
			|--[91m 'all-reduce | Max Time: 83.733 ms | Avg Time: 75.327 ms | Load Imbalance: 1.112' [0m
			|--[91m 'OUT + BIAS | Max Time: 3.245 ms | Avg Time: 3.077 ms | Load Imbalance: 1.055' [0m
		|--[96m 'cross entropy fwd | Max Time: 169.862 ms | Avg Time: 146.350 ms | Load Imbalance: 1.161' [0m
		|--[96m 'cross entropy bwd | Max Time: 11.960 ms | Avg Time: 10.486 ms | Load Imbalance: 1.141' [0m
		|--[96m 'linear_3d_bwd | Max Time: 46.778 ms | Avg Time: 42.169 ms | Load Imbalance: 1.109' [0m
			|--[91m 'output_linear GRAD_X | Max Time: 5.781 ms | Avg Time: 4.518 ms | Load Imbalance: 1.279' [0m
			|--[91m 'all-reduce | Max Time: 0.664 ms | Avg Time: 0.544 ms | Load Imbalance: 1.221' [0m
			|--[91m 'output_linear GRAD_W | Max Time: 28.368 ms | Avg Time: 22.921 ms | Load Imbalance: 1.238' [0m
			|--[91m 'input_linear GRAD_W | Max Time: 10.319 ms | Avg Time: 8.816 ms | Load Imbalance: 1.170' [0m
		|--[96m 'gcn conv bwd | Max Time: 748.163 ms | Avg Time: 719.308 ms | Load Imbalance: 1.040' [0m
			|--[91m 'GRAD_AGG = GRAD_OUT * W.T | Max Time: 43.057 ms | Avg Time: 38.114 ms | Load Imbalance: 1.130' [0m
			|--[91m 'allreduce lowp comm dtype | Max Time: 18.823 ms | Avg Time: 18.799 ms | Load Imbalance: 1.001' [0m
			|--[91m 'allreduce lowp | Max Time: 281.572 ms | Avg Time: 253.494 ms | Load Imbalance: 1.111' [0m
			|--[91m 'allreduce copy back | Max Time: 26.501 ms | Avg Time: 23.041 ms | Load Imbalance: 1.150' [0m
			|--[91m 'GRAD_W = AGG.T * GRAD_OUT | Max Time: 57.789 ms | Avg Time: 48.634 ms | Load Imbalance: 1.188' [0m
			|--[91m 'ReduceScatter grad_weight | Max Time: 11.746 ms | Avg Time: 10.782 ms | Load Imbalance: 1.089' [0m
				|--[95m 'reduce-scatter | Max Time: 11.363 ms | Avg Time: 10.388 ms | Load Imbalance: 1.094' [0m
					|--[92m 'reduce-scatter-dist | Max Time: 11.171 ms | Avg Time: 10.191 ms | Load Imbalance: 1.096' [0m
			|--[91m 'GRAD_H = A.T * GRAD_AGG | Max Time: 45.327 ms | Avg Time: 40.945 ms | Load Imbalance: 1.107' [0m
			|--[91m 'allreduce grad_x | Max Time: 272.603 ms | Avg Time: 261.305 ms | Load Imbalance: 1.043' [0m
				|--[95m 'allreduce lowp comm dtype | Max Time: 18.693 ms | Avg Time: 18.640 ms | Load Imbalance: 1.003' [0m
				|--[95m 'allreduce lowp | Max Time: 229.977 ms | Avg Time: 218.514 ms | Load Imbalance: 1.052' [0m
				|--[95m 'allreduce copy back | Max Time: 26.383 ms | Avg Time: 22.952 ms | Load Imbalance: 1.150' [0m
			|--[91m 'gather | Max Time: 30.772 ms | Avg Time: 20.101 ms | Load Imbalance: 1.531' [0m
		|--[96m 'sync_norm_gradients | Max Time: 52.115 ms | Avg Time: 34.124 ms | Load Imbalance: 1.527' [0m
		|--[96m 'sync_data_parallel_gradients | Max Time: 0.117 ms | Avg Time: 0.097 ms | Load Imbalance: 1.199' [0m

|--[95m 'epoch 1 | Max Time: 2288.285 ms | Avg Time: 2288.253 ms | Load Imbalance: 1.000' [0m
	|--[92m 'minibatch prep | Max Time: 548.988 ms | Avg Time: 515.134 ms | Load Imbalance: 1.066' [0m
		|--[96m 'sample nodes | Max Time: 153.986 ms | Avg Time: 141.394 ms | Load Imbalance: 1.089' [0m
		|--[96m 'compact indices | Max Time: 25.824 ms | Avg Time: 25.003 ms | Load Imbalance: 1.033' [0m
		|--[96m 'compact adj shards | Max Time: 346.040 ms | Avg Time: 327.969 ms | Load Imbalance: 1.055' [0m
			|--[91m 'compact layout prep | Max Time: 68.344 ms | Avg Time: 65.670 ms | Load Imbalance: 1.041' [0m
			|--[91m 'compact csr: indices | Max Time: 2.781 ms | Avg Time: 2.638 ms | Load Imbalance: 1.054' [0m
			|--[91m 'compact csr: row ptrs | Max Time: 16.852 ms | Avg Time: 16.170 ms | Load Imbalance: 1.042' [0m
			|--[91m 'compact csr: nnz index | Max Time: 45.387 ms | Avg Time: 41.815 ms | Load Imbalance: 1.085' [0m
			|--[91m 'compact csr: select nnz | Max Time: 14.950 ms | Avg Time: 14.449 ms | Load Imbalance: 1.035' [0m
			|--[91m 'compact csr: col map | Max Time: 39.578 ms | Avg Time: 39.006 ms | Load Imbalance: 1.015' [0m
			|--[91m 'compact csr: edge scale | Max Time: 28.272 ms | Avg Time: 27.207 ms | Load Imbalance: 1.039' [0m
			|--[91m 'compact csr: crow | Max Time: 22.914 ms | Avg Time: 22.336 ms | Load Imbalance: 1.026' [0m
			|--[91m 'compact csr: adjt direct | Max Time: 51.744 ms | Avg Time: 45.822 ms | Load Imbalance: 1.129' [0m
		|--[96m 'compact feature slice | Max Time: 15.313 ms | Avg Time: 13.250 ms | Load Imbalance: 1.156' [0m
		|--[96m 'compact label slice | Max Time: 1.731 ms | Avg Time: 1.658 ms | Load Imbalance: 1.044' [0m
	|--[92m 'train step | Max Time: 1778.316 ms | Avg Time: 1771.242 ms | Load Imbalance: 1.004' [0m
		|--[96m 'input_linear | Max Time: 12.842 ms | Avg Time: 11.549 ms | Load Imbalance: 1.112' [0m
			|--[91m 'input_linear X * W | Max Time: 10.574 ms | Avg Time: 9.475 ms | Load Imbalance: 1.116' [0m
			|--[91m 'all-reduce | Max Time: 0.119 ms | Avg Time: 0.098 ms | Load Imbalance: 1.218' [0m
			|--[91m 'OUT + BIAS | Max Time: 1.658 ms | Avg Time: 1.460 ms | Load Imbalance: 1.135' [0m
		|--[96m 'gcn conv fwd | Max Time: 678.568 ms | Avg Time: 666.112 ms | Load Imbalance: 1.019' [0m
			|--[91m 'AGG = A * H | Max Time: 45.334 ms | Avg Time: 41.187 ms | Load Imbalance: 1.101' [0m
			|--[91m 'allreduce H | Max Time: 275.642 ms | Avg Time: 265.899 ms | Load Imbalance: 1.037' [0m
				|--[95m 'allreduce lowp comm dtype | Max Time: 18.648 ms | Avg Time: 18.617 ms | Load Imbalance: 1.002' [0m
				|--[95m 'allreduce lowp | Max Time: 233.078 ms | Avg Time: 223.095 ms | Load Imbalance: 1.045' [0m
				|--[95m 'allreduce copy back | Max Time: 26.413 ms | Avg Time: 22.986 ms | Load Imbalance: 1.149' [0m
			|--[91m 'Allgather W | Max Time: 37.038 ms | Avg Time: 23.932 ms | Load Imbalance: 1.548' [0m
				|--[95m 'gather | Max Time: 36.569 ms | Avg Time: 23.333 ms | Load Imbalance: 1.567' [0m
			|--[91m 'OUT = AGG * W | Max Time: 41.939 ms | Avg Time: 37.272 ms | Load Imbalance: 1.125' [0m
			|--[91m 'allreduce Q | Max Time: 310.164 ms | Avg Time: 295.206 ms | Load Imbalance: 1.051' [0m
				|--[95m 'allreduce lowp comm dtype | Max Time: 18.836 ms | Avg Time: 18.792 ms | Load Imbalance: 1.002' [0m
				|--[95m 'allreduce lowp | Max Time: 267.479 ms | Avg Time: 252.289 ms | Load Imbalance: 1.060' [0m
				|--[95m 'allreduce copy back | Max Time: 26.371 ms | Avg Time: 22.942 ms | Load Imbalance: 1.149' [0m
		|--[96m 'activation | Max Time: 82.314 ms | Avg Time: 74.971 ms | Load Imbalance: 1.098' [0m
			|--[91m 'all-reduce | Max Time: 36.017 ms | Avg Time: 28.068 ms | Load Imbalance: 1.283' [0m
		|--[96m 'output_linear | Max Time: 64.288 ms | Avg Time: 62.251 ms | Load Imbalance: 1.033' [0m
			|--[91m 'output_linear X * W | Max Time: 2.847 ms | Avg Time: 2.602 ms | Load Imbalance: 1.094' [0m
			|--[91m 'all-reduce | Max Time: 58.252 ms | Avg Time: 56.177 ms | Load Imbalance: 1.037' [0m
			|--[91m 'OUT + BIAS | Max Time: 3.242 ms | Avg Time: 3.076 ms | Load Imbalance: 1.054' [0m
		|--[96m 'cross entropy fwd | Max Time: 64.156 ms | Avg Time: 56.945 ms | Load Imbalance: 1.127' [0m
		|--[96m 'cross entropy bwd | Max Time: 10.050 ms | Avg Time: 9.627 ms | Load Imbalance: 1.044' [0m
		|--[96m 'linear_3d_bwd | Max Time: 24.603 ms | Avg Time: 21.403 ms | Load Imbalance: 1.150' [0m
			|--[91m 'output_linear GRAD_X | Max Time: 3.790 ms | Avg Time: 3.386 ms | Load Imbalance: 1.119' [0m
			|--[91m 'all-reduce | Max Time: 0.591 ms | Avg Time: 0.493 ms | Load Imbalance: 1.199' [0m
			|--[91m 'output_linear GRAD_W | Max Time: 4.260 ms | Avg Time: 3.796 ms | Load Imbalance: 1.122' [0m
			|--[91m 'input_linear GRAD_W | Max Time: 10.295 ms | Avg Time: 8.813 ms | Load Imbalance: 1.168' [0m
		|--[96m 'gcn conv bwd | Max Time: 699.818 ms | Avg Time: 689.288 ms | Load Imbalance: 1.015' [0m
			|--[91m 'GRAD_AGG = GRAD_OUT * W.T | Max Time: 42.561 ms | Avg Time: 37.777 ms | Load Imbalance: 1.127' [0m
			|--[91m 'allreduce lowp comm dtype | Max Time: 18.820 ms | Avg Time: 18.798 ms | Load Imbalance: 1.001' [0m
			|--[91m 'allreduce lowp | Max Time: 233.820 ms | Avg Time: 223.646 ms | Load Imbalance: 1.045' [0m
			|--[91m 'allreduce copy back | Max Time: 26.505 ms | Avg Time: 23.037 ms | Load Imbalance: 1.151' [0m
			|--[91m 'GRAD_W = AGG.T * GRAD_OUT | Max Time: 57.732 ms | Avg Time: 48.181 ms | Load Imbalance: 1.198' [0m
			|--[91m 'ReduceScatter grad_weight | Max Time: 11.149 ms | Avg Time: 10.344 ms | Load Imbalance: 1.078' [0m
				|--[95m 'reduce-scatter | Max Time: 10.766 ms | Avg Time: 9.953 ms | Load Imbalance: 1.082' [0m
					|--[92m 'reduce-scatter-dist | Max Time: 10.574 ms | Avg Time: 9.759 ms | Load Imbalance: 1.084' [0m
			|--[91m 'GRAD_H = A.T * GRAD_AGG | Max Time: 45.338 ms | Avg Time: 40.915 ms | Load Imbalance: 1.108' [0m
			|--[91m 'allreduce grad_x | Max Time: 274.234 ms | Avg Time: 262.695 ms | Load Imbalance: 1.044' [0m
				|--[95m 'allreduce lowp comm dtype | Max Time: 18.686 ms | Avg Time: 18.642 ms | Load Imbalance: 1.002' [0m
				|--[95m 'allreduce lowp | Max Time: 231.666 ms | Avg Time: 219.938 ms | Load Imbalance: 1.053' [0m
				|--[95m 'allreduce copy back | Max Time: 26.382 ms | Avg Time: 22.937 ms | Load Imbalance: 1.150' [0m
			|--[91m 'gather | Max Time: 30.315 ms | Avg Time: 20.000 ms | Load Imbalance: 1.516' [0m
		|--[96m 'sync_norm_gradients | Max Time: 34.427 ms | Avg Time: 23.449 ms | Load Imbalance: 1.468' [0m
		|--[96m 'sync_data_parallel_gradients | Max Time: 0.117 ms | Avg Time: 0.098 ms | Load Imbalance: 1.198' [0m

|--[95m 'epoch 2 | Max Time: 2284.890 ms | Avg Time: 2284.880 ms | Load Imbalance: 1.000' [0m
	|--[92m 'minibatch prep | Max Time: 548.307 ms | Avg Time: 513.680 ms | Load Imbalance: 1.067' [0m
		|--[96m 'sample nodes | Max Time: 153.990 ms | Avg Time: 141.371 ms | Load Imbalance: 1.089' [0m
		|--[96m 'compact indices | Max Time: 25.650 ms | Avg Time: 24.877 ms | Load Imbalance: 1.031' [0m
		|--[96m 'compact adj shards | Max Time: 345.648 ms | Avg Time: 326.738 ms | Load Imbalance: 1.058' [0m
			|--[91m 'compact layout prep | Max Time: 67.935 ms | Avg Time: 65.247 ms | Load Imbalance: 1.041' [0m
			|--[91m 'compact csr: indices | Max Time: 2.704 ms | Avg Time: 2.618 ms | Load Imbalance: 1.033' [0m
			|--[91m 'compact csr: row ptrs | Max Time: 16.823 ms | Avg Time: 16.077 ms | Load Imbalance: 1.046' [0m
			|--[91m 'compact csr: nnz index | Max Time: 45.288 ms | Avg Time: 41.792 ms | Load Imbalance: 1.084' [0m
			|--[91m 'compact csr: select nnz | Max Time: 15.032 ms | Avg Time: 14.442 ms | Load Imbalance: 1.041' [0m
			|--[91m 'compact csr: col map | Max Time: 39.569 ms | Avg Time: 38.980 ms | Load Imbalance: 1.015' [0m
			|--[91m 'compact csr: edge scale | Max Time: 28.090 ms | Avg Time: 26.978 ms | Load Imbalance: 1.041' [0m
			|--[91m 'compact csr: crow | Max Time: 22.865 ms | Avg Time: 22.178 ms | Load Imbalance: 1.031' [0m
			|--[91m 'compact csr: adjt direct | Max Time: 51.663 ms | Avg Time: 45.701 ms | Load Imbalance: 1.130' [0m
		|--[96m 'compact feature slice | Max Time: 15.293 ms | Avg Time: 13.238 ms | Load Imbalance: 1.155' [0m
		|--[96m 'compact label slice | Max Time: 1.738 ms | Avg Time: 1.663 ms | Load Imbalance: 1.045' [0m
	|--[92m 'train step | Max Time: 1775.080 ms | Avg Time: 1769.209 ms | Load Imbalance: 1.003' [0m
		|--[96m 'input_linear | Max Time: 12.680 ms | Avg Time: 11.362 ms | Load Imbalance: 1.116' [0m
			|--[91m 'input_linear X * W | Max Time: 10.434 ms | Avg Time: 9.356 ms | Load Imbalance: 1.115' [0m
			|--[91m 'all-reduce | Max Time: 0.118 ms | Avg Time: 0.098 ms | Load Imbalance: 1.204' [0m
			|--[91m 'OUT + BIAS | Max Time: 1.656 ms | Avg Time: 1.461 ms | Load Imbalance: 1.134' [0m
		|--[96m 'gcn conv fwd | Max Time: 676.307 ms | Avg Time: 663.764 ms | Load Imbalance: 1.019' [0m
			|--[91m 'AGG = A * H | Max Time: 45.311 ms | Avg Time: 41.160 ms | Load Imbalance: 1.101' [0m
			|--[91m 'allreduce H | Max Time: 274.240 ms | Avg Time: 263.889 ms | Load Imbalance: 1.039' [0m
				|--[95m 'allreduce lowp comm dtype | Max Time: 18.662 ms | Avg Time: 18.620 ms | Load Imbalance: 1.002' [0m
				|--[95m 'allreduce lowp | Max Time: 231.655 ms | Avg Time: 221.092 ms | Load Imbalance: 1.048' [0m
				|--[95m 'allreduce copy back | Max Time: 26.414 ms | Avg Time: 22.982 ms | Load Imbalance: 1.149' [0m
			|--[91m 'Allgather W | Max Time: 38.497 ms | Avg Time: 24.466 ms | Load Imbalance: 1.573' [0m
				|--[95m 'gather | Max Time: 38.053 ms | Avg Time: 23.872 ms | Load Imbalance: 1.594' [0m
			|--[91m 'OUT = AGG * W | Max Time: 40.955 ms | Avg Time: 37.115 ms | Load Imbalance: 1.103' [0m
			|--[91m 'allreduce Q | Max Time: 309.867 ms | Avg Time: 294.540 ms | Load Imbalance: 1.052' [0m
				|--[95m 'allreduce lowp comm dtype | Max Time: 18.843 ms | Avg Time: 18.783 ms | Load Imbalance: 1.003' [0m
				|--[95m 'allreduce lowp | Max Time: 267.200 ms | Avg Time: 251.630 ms | Load Imbalance: 1.062' [0m
				|--[95m 'allreduce copy back | Max Time: 26.379 ms | Avg Time: 22.945 ms | Load Imbalance: 1.150' [0m
		|--[96m 'activation | Max Time: 83.717 ms | Avg Time: 75.361 ms | Load Imbalance: 1.111' [0m
			|--[91m 'all-reduce | Max Time: 37.417 ms | Avg Time: 28.456 ms | Load Imbalance: 1.315' [0m
		|--[96m 'output_linear | Max Time: 64.766 ms | Avg Time: 63.039 ms | Load Imbalance: 1.027' [0m
			|--[91m 'output_linear X * W | Max Time: 2.847 ms | Avg Time: 2.603 ms | Load Imbalance: 1.093' [0m
			|--[91m 'all-reduce | Max Time: 58.717 ms | Avg Time: 56.964 ms | Load Imbalance: 1.031' [0m
			|--[91m 'OUT + BIAS | Max Time: 3.243 ms | Avg Time: 3.075 ms | Load Imbalance: 1.055' [0m
		|--[96m 'cross entropy fwd | Max Time: 63.978 ms | Avg Time: 56.794 ms | Load Imbalance: 1.127' [0m
		|--[96m 'cross entropy bwd | Max Time: 9.878 ms | Avg Time: 9.575 ms | Load Imbalance: 1.032' [0m
		|--[96m 'linear_3d_bwd | Max Time: 24.546 ms | Avg Time: 21.274 ms | Load Imbalance: 1.154' [0m
			|--[91m 'output_linear GRAD_X | Max Time: 3.792 ms | Avg Time: 3.386 ms | Load Imbalance: 1.120' [0m
			|--[91m 'all-reduce | Max Time: 0.587 ms | Avg Time: 0.487 ms | Load Imbalance: 1.204' [0m
			|--[91m 'output_linear GRAD_W | Max Time: 4.218 ms | Avg Time: 3.740 ms | Load Imbalance: 1.128' [0m
			|--[91m 'input_linear GRAD_W | Max Time: 10.316 ms | Avg Time: 8.815 ms | Load Imbalance: 1.170' [0m
		|--[96m 'gcn conv bwd | Max Time: 701.176 ms | Avg Time: 689.786 ms | Load Imbalance: 1.017' [0m
			|--[91m 'GRAD_AGG = GRAD_OUT * W.T | Max Time: 42.537 ms | Avg Time: 37.794 ms | Load Imbalance: 1.125' [0m
			|--[91m 'allreduce lowp comm dtype | Max Time: 18.835 ms | Avg Time: 18.794 ms | Load Imbalance: 1.002' [0m
			|--[91m 'allreduce lowp | Max Time: 232.166 ms | Avg Time: 222.789 ms | Load Imbalance: 1.042' [0m
			|--[91m 'allreduce copy back | Max Time: 26.508 ms | Avg Time: 23.037 ms | Load Imbalance: 1.151' [0m
			|--[91m 'GRAD_W = AGG.T * GRAD_OUT | Max Time: 57.705 ms | Avg Time: 48.183 ms | Load Imbalance: 1.198' [0m
			|--[91m 'ReduceScatter grad_weight | Max Time: 11.163 ms | Avg Time: 10.315 ms | Load Imbalance: 1.082' [0m
				|--[95m 'reduce-scatter | Max Time: 10.775 ms | Avg Time: 9.925 ms | Load Imbalance: 1.086' [0m
					|--[92m 'reduce-scatter-dist | Max Time: 10.581 ms | Avg Time: 9.730 ms | Load Imbalance: 1.087' [0m
			|--[91m 'GRAD_H = A.T * GRAD_AGG | Max Time: 45.366 ms | Avg Time: 40.918 ms | Load Imbalance: 1.109' [0m
			|--[91m 'allreduce grad_x | Max Time: 275.847 ms | Avg Time: 264.198 ms | Load Imbalance: 1.044' [0m
				|--[95m 'allreduce lowp comm dtype | Max Time: 18.678 ms | Avg Time: 18.637 ms | Load Imbalance: 1.002' [0m
				|--[95m 'allreduce lowp | Max Time: 233.297 ms | Avg Time: 221.443 ms | Load Imbalance: 1.054' [0m
				|--[95m 'allreduce copy back | Max Time: 26.388 ms | Avg Time: 22.939 ms | Load Imbalance: 1.150' [0m
			|--[91m 'gather | Max Time: 30.050 ms | Avg Time: 19.821 ms | Load Imbalance: 1.516' [0m
		|--[96m 'sync_norm_gradients | Max Time: 35.152 ms | Avg Time: 23.261 ms | Load Imbalance: 1.511' [0m
		|--[96m 'sync_data_parallel_gradients | Max Time: 0.118 ms | Avg Time: 0.098 ms | Load Imbalance: 1.200' [0m

|--[95m 'epoch 3 | Max Time: 2284.828 ms | Avg Time: 2284.812 ms | Load Imbalance: 1.000' [0m
	|--[92m 'minibatch prep | Max Time: 545.256 ms | Avg Time: 510.255 ms | Load Imbalance: 1.069' [0m
		|--[96m 'sample nodes | Max Time: 153.827 ms | Avg Time: 141.342 ms | Load Imbalance: 1.088' [0m
		|--[96m 'compact indices | Max Time: 25.354 ms | Avg Time: 24.524 ms | Load Imbalance: 1.034' [0m
		|--[96m 'compact adj shards | Max Time: 343.195 ms | Avg Time: 323.801 ms | Load Imbalance: 1.060' [0m
			|--[91m 'compact layout prep | Max Time: 67.717 ms | Avg Time: 64.538 ms | Load Imbalance: 1.049' [0m
			|--[91m 'compact csr: indices | Max Time: 2.705 ms | Avg Time: 2.585 ms | Load Imbalance: 1.046' [0m
			|--[91m 'compact csr: row ptrs | Max Time: 16.772 ms | Avg Time: 15.955 ms | Load Imbalance: 1.051' [0m
			|--[91m 'compact csr: nnz index | Max Time: 45.090 ms | Avg Time: 41.475 ms | Load Imbalance: 1.087' [0m
			|--[91m 'compact csr: select nnz | Max Time: 14.952 ms | Avg Time: 14.460 ms | Load Imbalance: 1.034' [0m
			|--[91m 'compact csr: col map | Max Time: 39.541 ms | Avg Time: 38.917 ms | Load Imbalance: 1.016' [0m
			|--[91m 'compact csr: edge scale | Max Time: 27.813 ms | Avg Time: 26.692 ms | Load Imbalance: 1.042' [0m
			|--[91m 'compact csr: crow | Max Time: 22.464 ms | Avg Time: 21.856 ms | Load Imbalance: 1.028' [0m
			|--[91m 'compact csr: adjt direct | Max Time: 51.158 ms | Avg Time: 45.285 ms | Load Imbalance: 1.130' [0m
		|--[96m 'compact feature slice | Max Time: 15.248 ms | Avg Time: 13.208 ms | Load Imbalance: 1.154' [0m
		|--[96m 'compact label slice | Max Time: 1.741 ms | Avg Time: 1.666 ms | Load Imbalance: 1.045' [0m
	|--[92m 'train step | Max Time: 1779.223 ms | Avg Time: 1772.741 ms | Load Imbalance: 1.004' [0m
		|--[96m 'input_linear | Max Time: 12.687 ms | Avg Time: 11.144 ms | Load Imbalance: 1.138' [0m
			|--[91m 'input_linear X * W | Max Time: 10.436 ms | Avg Time: 9.161 ms | Load Imbalance: 1.139' [0m
			|--[91m 'all-reduce | Max Time: 0.118 ms | Avg Time: 0.098 ms | Load Imbalance: 1.207' [0m
			|--[91m 'OUT + BIAS | Max Time: 1.664 ms | Avg Time: 1.461 ms | Load Imbalance: 1.138' [0m
		|--[96m 'gcn conv fwd | Max Time: 680.302 ms | Avg Time: 665.612 ms | Load Imbalance: 1.022' [0m
			|--[91m 'AGG = A * H | Max Time: 45.390 ms | Avg Time: 41.144 ms | Load Imbalance: 1.103' [0m
			|--[91m 'allreduce H | Max Time: 277.581 ms | Avg Time: 266.142 ms | Load Imbalance: 1.043' [0m
				|--[95m 'allreduce lowp comm dtype | Max Time: 18.655 ms | Avg Time: 18.619 ms | Load Imbalance: 1.002' [0m
				|--[95m 'allreduce lowp | Max Time: 235.047 ms | Avg Time: 223.368 ms | Load Imbalance: 1.052' [0m
				|--[95m 'allreduce copy back | Max Time: 26.411 ms | Avg Time: 22.971 ms | Load Imbalance: 1.150' [0m
			|--[91m 'Allgather W | Max Time: 37.640 ms | Avg Time: 23.827 ms | Load Imbalance: 1.580' [0m
				|--[95m 'gather | Max Time: 37.181 ms | Avg Time: 23.284 ms | Load Imbalance: 1.597' [0m
			|--[91m 'OUT = AGG * W | Max Time: 40.951 ms | Avg Time: 36.952 ms | Load Imbalance: 1.108' [0m
			|--[91m 'allreduce Q | Max Time: 311.018 ms | Avg Time: 295.128 ms | Load Imbalance: 1.054' [0m
				|--[95m 'allreduce lowp comm dtype | Max Time: 18.833 ms | Avg Time: 18.800 ms | Load Imbalance: 1.002' [0m
				|--[95m 'allreduce lowp | Max Time: 268.343 ms | Avg Time: 252.119 ms | Load Imbalance: 1.064' [0m
				|--[95m 'allreduce copy back | Max Time: 26.375 ms | Avg Time: 22.945 ms | Load Imbalance: 1.149' [0m
		|--[96m 'activation | Max Time: 85.660 ms | Avg Time: 75.876 ms | Load Imbalance: 1.129' [0m
			|--[91m 'all-reduce | Max Time: 39.366 ms | Avg Time: 28.974 ms | Load Imbalance: 1.359' [0m
		|--[96m 'output_linear | Max Time: 64.710 ms | Avg Time: 62.682 ms | Load Imbalance: 1.032' [0m
			|--[91m 'output_linear X * W | Max Time: 2.854 ms | Avg Time: 2.602 ms | Load Imbalance: 1.097' [0m
			|--[91m 'all-reduce | Max Time: 58.663 ms | Avg Time: 56.607 ms | Load Imbalance: 1.036' [0m
			|--[91m 'OUT + BIAS | Max Time: 3.246 ms | Avg Time: 3.076 ms | Load Imbalance: 1.055' [0m
		|--[96m 'cross entropy fwd | Max Time: 63.906 ms | Avg Time: 56.715 ms | Load Imbalance: 1.127' [0m
		|--[96m 'cross entropy bwd | Max Time: 9.854 ms | Avg Time: 9.617 ms | Load Imbalance: 1.025' [0m
		|--[96m 'linear_3d_bwd | Max Time: 24.568 ms | Avg Time: 21.400 ms | Load Imbalance: 1.148' [0m
			|--[91m 'output_linear GRAD_X | Max Time: 3.794 ms | Avg Time: 3.386 ms | Load Imbalance: 1.120' [0m
			|--[91m 'all-reduce | Max Time: 0.602 ms | Avg Time: 0.499 ms | Load Imbalance: 1.206' [0m
			|--[91m 'output_linear GRAD_W | Max Time: 4.215 ms | Avg Time: 3.775 ms | Load Imbalance: 1.116' [0m
			|--[91m 'input_linear GRAD_W | Max Time: 10.325 ms | Avg Time: 8.822 ms | Load Imbalance: 1.170' [0m
		|--[96m 'gcn conv bwd | Max Time: 700.232 ms | Avg Time: 688.169 ms | Load Imbalance: 1.018' [0m
			|--[91m 'GRAD_AGG = GRAD_OUT * W.T | Max Time: 42.768 ms | Avg Time: 37.781 ms | Load Imbalance: 1.132' [0m
			|--[91m 'allreduce lowp comm dtype | Max Time: 18.845 ms | Avg Time: 18.805 ms | Load Imbalance: 1.002' [0m
			|--[91m 'allreduce lowp | Max Time: 233.749 ms | Avg Time: 220.747 ms | Load Imbalance: 1.059' [0m
			|--[91m 'allreduce copy back | Max Time: 26.504 ms | Avg Time: 23.034 ms | Load Imbalance: 1.151' [0m
			|--[91m 'GRAD_W = AGG.T * GRAD_OUT | Max Time: 57.750 ms | Avg Time: 48.195 ms | Load Imbalance: 1.198' [0m
			|--[91m 'ReduceScatter grad_weight | Max Time: 11.184 ms | Avg Time: 10.333 ms | Load Imbalance: 1.082' [0m
				|--[95m 'reduce-scatter | Max Time: 10.798 ms | Avg Time: 9.943 ms | Load Imbalance: 1.086' [0m
					|--[92m 'reduce-scatter-dist | Max Time: 10.602 ms | Avg Time: 9.749 ms | Load Imbalance: 1.088' [0m
			|--[91m 'GRAD_H = A.T * GRAD_AGG | Max Time: 45.407 ms | Avg Time: 40.902 ms | Load Imbalance: 1.110' [0m
			|--[91m 'allreduce grad_x | Max Time: 275.687 ms | Avg Time: 264.860 ms | Load Imbalance: 1.041' [0m
				|--[95m 'allreduce lowp comm dtype | Max Time: 18.679 ms | Avg Time: 18.641 ms | Load Imbalance: 1.002' [0m
				|--[95m 'allreduce lowp | Max Time: 233.125 ms | Avg Time: 222.098 ms | Load Imbalance: 1.050' [0m
				|--[95m 'allreduce copy back | Max Time: 26.393 ms | Avg Time: 22.941 ms | Load Imbalance: 1.151' [0m
			|--[91m 'gather | Max Time: 30.418 ms | Avg Time: 19.592 ms | Load Imbalance: 1.553' [0m
		|--[96m 'sync_norm_gradients | Max Time: 34.078 ms | Avg Time: 22.992 ms | Load Imbalance: 1.482' [0m
		|--[96m 'sync_data_parallel_gradients | Max Time: 0.117 ms | Avg Time: 0.097 ms | Load Imbalance: 1.200' [0m

|--[95m 'epoch 4 | Max Time: 2283.039 ms | Avg Time: 2283.015 ms | Load Imbalance: 1.000' [0m
	|--[92m 'minibatch prep | Max Time: 547.627 ms | Avg Time: 509.143 ms | Load Imbalance: 1.076' [0m
		|--[96m 'sample nodes | Max Time: 154.093 ms | Avg Time: 141.327 ms | Load Imbalance: 1.090' [0m
		|--[96m 'compact indices | Max Time: 25.620 ms | Avg Time: 24.433 ms | Load Imbalance: 1.049' [0m
		|--[96m 'compact adj shards | Max Time: 344.962 ms | Avg Time: 322.811 ms | Load Imbalance: 1.069' [0m
			|--[91m 'compact layout prep | Max Time: 67.659 ms | Avg Time: 64.482 ms | Load Imbalance: 1.049' [0m
			|--[91m 'compact csr: indices | Max Time: 2.666 ms | Avg Time: 2.566 ms | Load Imbalance: 1.039' [0m
			|--[91m 'compact csr: row ptrs | Max Time: 16.670 ms | Avg Time: 15.888 ms | Load Imbalance: 1.049' [0m
			|--[91m 'compact csr: nnz index | Max Time: 45.024 ms | Avg Time: 41.400 ms | Load Imbalance: 1.088' [0m
			|--[91m 'compact csr: select nnz | Max Time: 14.896 ms | Avg Time: 14.363 ms | Load Imbalance: 1.037' [0m
			|--[91m 'compact csr: col map | Max Time: 39.497 ms | Avg Time: 38.849 ms | Load Imbalance: 1.017' [0m
			|--[91m 'compact csr: edge scale | Max Time: 29.353 ms | Avg Time: 26.438 ms | Load Imbalance: 1.110' [0m
			|--[91m 'compact csr: crow | Max Time: 22.515 ms | Avg Time: 21.744 ms | Load Imbalance: 1.035' [0m
			|--[91m 'compact csr: adjt direct | Max Time: 51.358 ms | Avg Time: 45.255 ms | Load Imbalance: 1.135' [0m
		|--[96m 'compact feature slice | Max Time: 15.258 ms | Avg Time: 13.202 ms | Load Imbalance: 1.156' [0m
		|--[96m 'compact label slice | Max Time: 1.744 ms | Avg Time: 1.669 ms | Load Imbalance: 1.045' [0m
	|--[92m 'train step | Max Time: 1778.705 ms | Avg Time: 1772.033 ms | Load Imbalance: 1.004' [0m
		|--[96m 'input_linear | Max Time: 12.682 ms | Avg Time: 11.078 ms | Load Imbalance: 1.145' [0m
			|--[91m 'input_linear X * W | Max Time: 10.437 ms | Avg Time: 9.111 ms | Load Imbalance: 1.146' [0m
			|--[91m 'all-reduce | Max Time: 0.118 ms | Avg Time: 0.097 ms | Load Imbalance: 1.209' [0m
			|--[91m 'OUT + BIAS | Max Time: 1.657 ms | Avg Time: 1.460 ms | Load Imbalance: 1.135' [0m
		|--[96m 'gcn conv fwd | Max Time: 683.169 ms | Avg Time: 669.799 ms | Load Imbalance: 1.020' [0m
			|--[91m 'AGG = A * H | Max Time: 45.162 ms | Avg Time: 41.176 ms | Load Imbalance: 1.097' [0m
			|--[91m 'allreduce H | Max Time: 276.292 ms | Avg Time: 264.851 ms | Load Imbalance: 1.043' [0m
				|--[95m 'allreduce lowp comm dtype | Max Time: 18.645 ms | Avg Time: 18.618 ms | Load Imbalance: 1.001' [0m
				|--[95m 'allreduce lowp | Max Time: 233.736 ms | Avg Time: 222.080 ms | Load Imbalance: 1.052' [0m
				|--[95m 'allreduce copy back | Max Time: 26.403 ms | Avg Time: 22.970 ms | Load Imbalance: 1.149' [0m
			|--[91m 'Allgather W | Max Time: 36.800 ms | Avg Time: 23.648 ms | Load Imbalance: 1.556' [0m
				|--[95m 'gather | Max Time: 36.217 ms | Avg Time: 23.121 ms | Load Imbalance: 1.566' [0m
			|--[91m 'OUT = AGG * W | Max Time: 40.929 ms | Avg Time: 36.869 ms | Load Imbalance: 1.110' [0m
			|--[91m 'allreduce Q | Max Time: 315.125 ms | Avg Time: 300.918 ms | Load Imbalance: 1.047' [0m
				|--[95m 'allreduce lowp comm dtype | Max Time: 18.855 ms | Avg Time: 18.797 ms | Load Imbalance: 1.003' [0m
				|--[95m 'allreduce lowp | Max Time: 272.457 ms | Avg Time: 257.995 ms | Load Imbalance: 1.056' [0m
				|--[95m 'allreduce copy back | Max Time: 26.374 ms | Avg Time: 22.945 ms | Load Imbalance: 1.149' [0m
		|--[96m 'activation | Max Time: 86.056 ms | Avg Time: 75.779 ms | Load Imbalance: 1.136' [0m
			|--[91m 'all-reduce | Max Time: 39.753 ms | Avg Time: 28.881 ms | Load Imbalance: 1.376' [0m
		|--[96m 'output_linear | Max Time: 65.149 ms | Avg Time: 63.203 ms | Load Imbalance: 1.031' [0m
			|--[91m 'output_linear X * W | Max Time: 2.861 ms | Avg Time: 2.603 ms | Load Imbalance: 1.099' [0m
			|--[91m 'all-reduce | Max Time: 59.102 ms | Avg Time: 57.127 ms | Load Imbalance: 1.035' [0m
			|--[91m 'OUT + BIAS | Max Time: 3.244 ms | Avg Time: 3.077 ms | Load Imbalance: 1.054' [0m
		|--[96m 'cross entropy fwd | Max Time: 63.970 ms | Avg Time: 56.690 ms | Load Imbalance: 1.128' [0m
		|--[96m 'cross entropy bwd | Max Time: 9.890 ms | Avg Time: 9.568 ms | Load Imbalance: 1.034' [0m
		|--[96m 'linear_3d_bwd | Max Time: 24.553 ms | Avg Time: 21.274 ms | Load Imbalance: 1.154' [0m
			|--[91m 'output_linear GRAD_X | Max Time: 3.792 ms | Avg Time: 3.387 ms | Load Imbalance: 1.119' [0m
			|--[91m 'all-reduce | Max Time: 0.587 ms | Avg Time: 0.488 ms | Load Imbalance: 1.204' [0m
			|--[91m 'output_linear GRAD_W | Max Time: 4.213 ms | Avg Time: 3.737 ms | Load Imbalance: 1.127' [0m
			|--[91m 'input_linear GRAD_W | Max Time: 10.318 ms | Avg Time: 8.818 ms | Load Imbalance: 1.170' [0m
		|--[96m 'gcn conv bwd | Max Time: 695.503 ms | Avg Time: 684.394 ms | Load Imbalance: 1.016' [0m
			|--[91m 'GRAD_AGG = GRAD_OUT * W.T | Max Time: 42.633 ms | Avg Time: 37.757 ms | Load Imbalance: 1.129' [0m
			|--[91m 'allreduce lowp comm dtype | Max Time: 18.839 ms | Avg Time: 18.804 ms | Load Imbalance: 1.002' [0m
			|--[91m 'allreduce lowp | Max Time: 232.264 ms | Avg Time: 220.476 ms | Load Imbalance: 1.053' [0m
			|--[91m 'allreduce copy back | Max Time: 26.500 ms | Avg Time: 23.037 ms | Load Imbalance: 1.150' [0m
			|--[91m 'GRAD_W = AGG.T * GRAD_OUT | Max Time: 57.720 ms | Avg Time: 48.184 ms | Load Imbalance: 1.198' [0m
			|--[91m 'ReduceScatter grad_weight | Max Time: 11.110 ms | Avg Time: 10.226 ms | Load Imbalance: 1.086' [0m
				|--[95m 'reduce-scatter | Max Time: 10.722 ms | Avg Time: 9.836 ms | Load Imbalance: 1.090' [0m
					|--[92m 'reduce-scatter-dist | Max Time: 10.529 ms | Avg Time: 9.641 ms | Load Imbalance: 1.092' [0m
			|--[91m 'GRAD_H = A.T * GRAD_AGG | Max Time: 45.227 ms | Avg Time: 40.941 ms | Load Imbalance: 1.105' [0m
			|--[91m 'allreduce grad_x | Max Time: 272.353 ms | Avg Time: 261.581 ms | Load Imbalance: 1.041' [0m
				|--[95m 'allreduce lowp comm dtype | Max Time: 18.679 ms | Avg Time: 18.637 ms | Load Imbalance: 1.002' [0m
				|--[95m 'allreduce lowp | Max Time: 229.793 ms | Avg Time: 218.825 ms | Load Imbalance: 1.050' [0m
				|--[95m 'allreduce copy back | Max Time: 26.387 ms | Avg Time: 22.939 ms | Load Imbalance: 1.150' [0m
			|--[91m 'gather | Max Time: 29.182 ms | Avg Time: 19.482 ms | Load Imbalance: 1.498' [0m
		|--[96m 'sync_norm_gradients | Max Time: 33.739 ms | Avg Time: 22.633 ms | Load Imbalance: 1.491' [0m
		|--[96m 'sync_data_parallel_gradients | Max Time: 0.117 ms | Avg Time: 0.097 ms | Load Imbalance: 1.197' [0m

|--[95m 'epoch 5 | Max Time: 2281.987 ms | Avg Time: 2281.957 ms | Load Imbalance: 1.000' [0m
	|--[92m 'minibatch prep | Max Time: 547.581 ms | Avg Time: 511.837 ms | Load Imbalance: 1.070' [0m
		|--[96m 'sample nodes | Max Time: 153.754 ms | Avg Time: 141.323 ms | Load Imbalance: 1.088' [0m
		|--[96m 'compact indices | Max Time: 25.510 ms | Avg Time: 24.688 ms | Load Imbalance: 1.033' [0m
		|--[96m 'compact adj shards | Max Time: 345.325 ms | Avg Time: 325.160 ms | Load Imbalance: 1.062' [0m
			|--[91m 'compact layout prep | Max Time: 67.866 ms | Avg Time: 64.820 ms | Load Imbalance: 1.047' [0m
			|--[91m 'compact csr: indices | Max Time: 2.698 ms | Avg Time: 2.607 ms | Load Imbalance: 1.035' [0m
			|--[91m 'compact csr: row ptrs | Max Time: 16.858 ms | Avg Time: 16.012 ms | Load Imbalance: 1.053' [0m
			|--[91m 'compact csr: nnz index | Max Time: 45.372 ms | Avg Time: 41.620 ms | Load Imbalance: 1.090' [0m
			|--[91m 'compact csr: select nnz | Max Time: 14.983 ms | Avg Time: 14.418 ms | Load Imbalance: 1.039' [0m
			|--[91m 'compact csr: col map | Max Time: 39.711 ms | Avg Time: 39.027 ms | Load Imbalance: 1.018' [0m
			|--[91m 'compact csr: edge scale | Max Time: 27.910 ms | Avg Time: 26.753 ms | Load Imbalance: 1.043' [0m
			|--[91m 'compact csr: crow | Max Time: 22.729 ms | Avg Time: 22.004 ms | Load Imbalance: 1.033' [0m
			|--[91m 'compact csr: adjt direct | Max Time: 51.546 ms | Avg Time: 45.534 ms | Load Imbalance: 1.132' [0m
		|--[96m 'compact feature slice | Max Time: 15.262 ms | Avg Time: 13.227 ms | Load Imbalance: 1.154' [0m
		|--[96m 'compact label slice | Max Time: 1.733 ms | Avg Time: 1.661 ms | Load Imbalance: 1.043' [0m
	|--[92m 'train step | Max Time: 1775.342 ms | Avg Time: 1768.275 ms | Load Imbalance: 1.004' [0m
		|--[96m 'input_linear | Max Time: 12.696 ms | Avg Time: 11.246 ms | Load Imbalance: 1.129' [0m
			|--[91m 'input_linear X * W | Max Time: 10.448 ms | Avg Time: 9.237 ms | Load Imbalance: 1.131' [0m
			|--[91m 'all-reduce | Max Time: 0.119 ms | Avg Time: 0.098 ms | Load Imbalance: 1.221' [0m
			|--[91m 'OUT + BIAS | Max Time: 1.658 ms | Avg Time: 1.461 ms | Load Imbalance: 1.135' [0m
		|--[96m 'gcn conv fwd | Max Time: 680.301 ms | Avg Time: 665.684 ms | Load Imbalance: 1.022' [0m
			|--[91m 'AGG = A * H | Max Time: 45.220 ms | Avg Time: 41.147 ms | Load Imbalance: 1.099' [0m
			|--[91m 'allreduce H | Max Time: 274.304 ms | Avg Time: 263.614 ms | Load Imbalance: 1.041' [0m
				|--[95m 'allreduce lowp comm dtype | Max Time: 18.649 ms | Avg Time: 18.618 ms | Load Imbalance: 1.002' [0m
				|--[95m 'allreduce lowp | Max Time: 231.723 ms | Avg Time: 220.842 ms | Load Imbalance: 1.049' [0m
				|--[95m 'allreduce copy back | Max Time: 26.409 ms | Avg Time: 22.969 ms | Load Imbalance: 1.150' [0m
			|--[91m 'Allgather W | Max Time: 37.281 ms | Avg Time: 24.119 ms | Load Imbalance: 1.546' [0m
				|--[95m 'gather | Max Time: 36.675 ms | Avg Time: 23.545 ms | Load Imbalance: 1.558' [0m
			|--[91m 'OUT = AGG * W | Max Time: 40.937 ms | Avg Time: 37.052 ms | Load Imbalance: 1.105' [0m
			|--[91m 'allreduce Q | Max Time: 314.366 ms | Avg Time: 297.229 ms | Load Imbalance: 1.058' [0m
				|--[95m 'allreduce lowp comm dtype | Max Time: 18.846 ms | Avg Time: 18.792 ms | Load Imbalance: 1.003' [0m
				|--[95m 'allreduce lowp | Max Time: 271.695 ms | Avg Time: 254.312 ms | Load Imbalance: 1.068' [0m
				|--[95m 'allreduce copy back | Max Time: 26.374 ms | Avg Time: 22.943 ms | Load Imbalance: 1.150' [0m
		|--[96m 'activation | Max Time: 84.957 ms | Avg Time: 75.443 ms | Load Imbalance: 1.126' [0m
			|--[91m 'all-reduce | Max Time: 38.664 ms | Avg Time: 28.542 ms | Load Imbalance: 1.355' [0m
		|--[96m 'output_linear | Max Time: 65.033 ms | Avg Time: 62.737 ms | Load Imbalance: 1.037' [0m
			|--[91m 'output_linear X * W | Max Time: 2.849 ms | Avg Time: 2.603 ms | Load Imbalance: 1.095' [0m
			|--[91m 'all-reduce | Max Time: 58.986 ms | Avg Time: 56.661 ms | Load Imbalance: 1.041' [0m
			|--[91m 'OUT + BIAS | Max Time: 3.244 ms | Avg Time: 3.076 ms | Load Imbalance: 1.054' [0m
		|--[96m 'cross entropy fwd | Max Time: 63.967 ms | Avg Time: 56.726 ms | Load Imbalance: 1.128' [0m
		|--[96m 'cross entropy bwd | Max Time: 9.915 ms | Avg Time: 9.553 ms | Load Imbalance: 1.038' [0m
		|--[96m 'linear_3d_bwd | Max Time: 24.542 ms | Avg Time: 21.270 ms | Load Imbalance: 1.154' [0m
			|--[91m 'output_linear GRAD_X | Max Time: 3.792 ms | Avg Time: 3.385 ms | Load Imbalance: 1.120' [0m
			|--[91m 'all-reduce | Max Time: 0.587 ms | Avg Time: 0.488 ms | Load Imbalance: 1.203' [0m
			|--[91m 'output_linear GRAD_W | Max Time: 4.226 ms | Avg Time: 3.741 ms | Load Imbalance: 1.130' [0m
			|--[91m 'input_linear GRAD_W | Max Time: 10.314 ms | Avg Time: 8.816 ms | Load Imbalance: 1.170' [0m
		|--[96m 'gcn conv bwd | Max Time: 697.314 ms | Avg Time: 687.706 ms | Load Imbalance: 1.014' [0m
			|--[91m 'GRAD_AGG = GRAD_OUT * W.T | Max Time: 42.692 ms | Avg Time: 37.794 ms | Load Imbalance: 1.130' [0m
			|--[91m 'allreduce lowp comm dtype | Max Time: 18.835 ms | Avg Time: 18.797 ms | Load Imbalance: 1.002' [0m
			|--[91m 'allreduce lowp | Max Time: 231.207 ms | Avg Time: 222.418 ms | Load Imbalance: 1.040' [0m
			|--[91m 'allreduce copy back | Max Time: 26.497 ms | Avg Time: 23.037 ms | Load Imbalance: 1.150' [0m
			|--[91m 'GRAD_W = AGG.T * GRAD_OUT | Max Time: 57.743 ms | Avg Time: 48.193 ms | Load Imbalance: 1.198' [0m
			|--[91m 'ReduceScatter grad_weight | Max Time: 11.254 ms | Avg Time: 10.351 ms | Load Imbalance: 1.087' [0m
				|--[95m 'reduce-scatter | Max Time: 10.866 ms | Avg Time: 9.961 ms | Load Imbalance: 1.091' [0m
					|--[92m 'reduce-scatter-dist | Max Time: 10.671 ms | Avg Time: 9.765 ms | Load Imbalance: 1.093' [0m
			|--[91m 'GRAD_H = A.T * GRAD_AGG | Max Time: 45.255 ms | Avg Time: 40.899 ms | Load Imbalance: 1.107' [0m
			|--[91m 'allreduce grad_x | Max Time: 273.592 ms | Avg Time: 262.557 ms | Load Imbalance: 1.042' [0m
				|--[95m 'allreduce lowp comm dtype | Max Time: 18.675 ms | Avg Time: 18.642 ms | Load Imbalance: 1.002' [0m
				|--[95m 'allreduce lowp | Max Time: 231.040 ms | Avg Time: 219.798 ms | Load Imbalance: 1.051' [0m
				|--[95m 'allreduce copy back | Max Time: 26.393 ms | Avg Time: 22.938 ms | Load Imbalance: 1.151' [0m
			|--[91m 'gather | Max Time: 30.941 ms | Avg Time: 19.691 ms | Load Imbalance: 1.571' [0m
		|--[96m 'sync_norm_gradients | Max Time: 32.858 ms | Avg Time: 22.130 ms | Load Imbalance: 1.485' [0m
		|--[96m 'sync_data_parallel_gradients | Max Time: 0.117 ms | Avg Time: 0.097 ms | Load Imbalance: 1.203' [0m

|--[95m 'epoch 6 | Max Time: 2285.813 ms | Avg Time: 2285.798 ms | Load Imbalance: 1.000' [0m
	|--[92m 'minibatch prep | Max Time: 547.528 ms | Avg Time: 509.934 ms | Load Imbalance: 1.074' [0m
		|--[96m 'sample nodes | Max Time: 154.131 ms | Avg Time: 141.325 ms | Load Imbalance: 1.091' [0m
		|--[96m 'compact indices | Max Time: 25.734 ms | Avg Time: 24.600 ms | Load Imbalance: 1.046' [0m
		|--[96m 'compact adj shards | Max Time: 344.658 ms | Avg Time: 323.367 ms | Load Imbalance: 1.066' [0m
			|--[91m 'compact layout prep | Max Time: 67.877 ms | Avg Time: 64.348 ms | Load Imbalance: 1.055' [0m
			|--[91m 'compact csr: indices | Max Time: 2.691 ms | Avg Time: 2.559 ms | Load Imbalance: 1.052' [0m
			|--[91m 'compact csr: row ptrs | Max Time: 16.705 ms | Avg Time: 15.917 ms | Load Imbalance: 1.049' [0m
			|--[91m 'compact csr: nnz index | Max Time: 45.212 ms | Avg Time: 41.509 ms | Load Imbalance: 1.089' [0m
			|--[91m 'compact csr: select nnz | Max Time: 15.058 ms | Avg Time: 14.412 ms | Load Imbalance: 1.045' [0m
			|--[91m 'compact csr: col map | Max Time: 39.561 ms | Avg Time: 38.950 ms | Load Imbalance: 1.016' [0m
			|--[91m 'compact csr: edge scale | Max Time: 27.855 ms | Avg Time: 26.506 ms | Load Imbalance: 1.051' [0m
			|--[91m 'compact csr: crow | Max Time: 22.752 ms | Avg Time: 21.908 ms | Load Imbalance: 1.039' [0m
			|--[91m 'compact csr: adjt direct | Max Time: 51.502 ms | Avg Time: 45.323 ms | Load Imbalance: 1.136' [0m
		|--[96m 'compact feature slice | Max Time: 15.271 ms | Avg Time: 13.218 ms | Load Imbalance: 1.155' [0m
		|--[96m 'compact label slice | Max Time: 1.743 ms | Avg Time: 1.669 ms | Load Imbalance: 1.044' [0m
	|--[92m 'train step | Max Time: 1781.444 ms | Avg Time: 1774.029 ms | Load Imbalance: 1.004' [0m
		|--[96m 'input_linear | Max Time: 12.683 ms | Avg Time: 11.102 ms | Load Imbalance: 1.142' [0m
			|--[91m 'input_linear X * W | Max Time: 10.437 ms | Avg Time: 9.138 ms | Load Imbalance: 1.142' [0m
			|--[91m 'all-reduce | Max Time: 0.118 ms | Avg Time: 0.097 ms | Load Imbalance: 1.206' [0m
			|--[91m 'OUT + BIAS | Max Time: 1.658 ms | Avg Time: 1.461 ms | Load Imbalance: 1.135' [0m
		|--[96m 'gcn conv fwd | Max Time: 681.214 ms | Avg Time: 666.170 ms | Load Imbalance: 1.023' [0m
			|--[91m 'AGG = A * H | Max Time: 45.363 ms | Avg Time: 41.162 ms | Load Imbalance: 1.102' [0m
			|--[91m 'allreduce H | Max Time: 274.425 ms | Avg Time: 262.994 ms | Load Imbalance: 1.043' [0m
				|--[95m 'allreduce lowp comm dtype | Max Time: 18.655 ms | Avg Time: 18.622 ms | Load Imbalance: 1.002' [0m
				|--[95m 'allreduce lowp | Max Time: 231.891 ms | Avg Time: 220.223 ms | Load Imbalance: 1.053' [0m
				|--[95m 'allreduce copy back | Max Time: 26.407 ms | Avg Time: 22.965 ms | Load Imbalance: 1.150' [0m
			|--[91m 'Allgather W | Max Time: 37.232 ms | Avg Time: 23.752 ms | Load Imbalance: 1.568' [0m
				|--[95m 'gather | Max Time: 36.626 ms | Avg Time: 23.218 ms | Load Imbalance: 1.577' [0m
			|--[91m 'OUT = AGG * W | Max Time: 40.946 ms | Avg Time: 36.974 ms | Load Imbalance: 1.107' [0m
			|--[91m 'allreduce Q | Max Time: 314.284 ms | Avg Time: 298.213 ms | Load Imbalance: 1.054' [0m
				|--[95m 'allreduce lowp comm dtype | Max Time: 18.869 ms | Avg Time: 18.796 ms | Load Imbalance: 1.004' [0m
				|--[95m 'allreduce lowp | Max Time: 271.617 ms | Avg Time: 255.292 ms | Load Imbalance: 1.064' [0m
				|--[95m 'allreduce copy back | Max Time: 26.372 ms | Avg Time: 22.944 ms | Load Imbalance: 1.149' [0m
		|--[96m 'activation | Max Time: 84.958 ms | Avg Time: 76.144 ms | Load Imbalance: 1.116' [0m
			|--[91m 'all-reduce | Max Time: 38.652 ms | Avg Time: 29.242 ms | Load Imbalance: 1.322' [0m
		|--[96m 'output_linear | Max Time: 64.374 ms | Avg Time: 62.425 ms | Load Imbalance: 1.031' [0m
			|--[91m 'output_linear X * W | Max Time: 2.858 ms | Avg Time: 2.605 ms | Load Imbalance: 1.097' [0m
			|--[91m 'all-reduce | Max Time: 58.332 ms | Avg Time: 56.346 ms | Load Imbalance: 1.035' [0m
			|--[91m 'OUT + BIAS | Max Time: 3.243 ms | Avg Time: 3.077 ms | Load Imbalance: 1.054' [0m
		|--[96m 'cross entropy fwd | Max Time: 63.982 ms | Avg Time: 56.714 ms | Load Imbalance: 1.128' [0m
		|--[96m 'cross entropy bwd | Max Time: 9.904 ms | Avg Time: 9.638 ms | Load Imbalance: 1.028' [0m
		|--[96m 'linear_3d_bwd | Max Time: 24.553 ms | Avg Time: 21.272 ms | Load Imbalance: 1.154' [0m
			|--[91m 'output_linear GRAD_X | Max Time: 3.794 ms | Avg Time: 3.386 ms | Load Imbalance: 1.120' [0m
			|--[91m 'all-reduce | Max Time: 0.587 ms | Avg Time: 0.488 ms | Load Imbalance: 1.203' [0m
			|--[91m 'output_linear GRAD_W | Max Time: 4.223 ms | Avg Time: 3.741 ms | Load Imbalance: 1.129' [0m
			|--[91m 'input_linear GRAD_W | Max Time: 10.315 ms | Avg Time: 8.814 ms | Load Imbalance: 1.170' [0m
		|--[96m 'gcn conv bwd | Max Time: 702.626 ms | Avg Time: 689.529 ms | Load Imbalance: 1.019' [0m
			|--[91m 'GRAD_AGG = GRAD_OUT * W.T | Max Time: 42.573 ms | Avg Time: 37.786 ms | Load Imbalance: 1.127' [0m
			|--[91m 'allreduce lowp comm dtype | Max Time: 18.840 ms | Avg Time: 18.803 ms | Load Imbalance: 1.002' [0m
			|--[91m 'allreduce lowp | Max Time: 235.064 ms | Avg Time: 222.662 ms | Load Imbalance: 1.056' [0m
			|--[91m 'allreduce copy back | Max Time: 26.508 ms | Avg Time: 23.038 ms | Load Imbalance: 1.151' [0m
			|--[91m 'GRAD_W = AGG.T * GRAD_OUT | Max Time: 57.711 ms | Avg Time: 48.193 ms | Load Imbalance: 1.198' [0m
			|--[91m 'ReduceScatter grad_weight | Max Time: 11.196 ms | Avg Time: 10.281 ms | Load Imbalance: 1.089' [0m
				|--[95m 'reduce-scatter | Max Time: 10.807 ms | Avg Time: 9.891 ms | Load Imbalance: 1.093' [0m
					|--[92m 'reduce-scatter-dist | Max Time: 10.614 ms | Avg Time: 9.696 ms | Load Imbalance: 1.095' [0m
			|--[91m 'GRAD_H = A.T * GRAD_AGG | Max Time: 45.379 ms | Avg Time: 40.929 ms | Load Imbalance: 1.109' [0m
			|--[91m 'allreduce grad_x | Max Time: 274.938 ms | Avg Time: 263.969 ms | Load Imbalance: 1.042' [0m
				|--[95m 'allreduce lowp comm dtype | Max Time: 18.682 ms | Avg Time: 18.640 ms | Load Imbalance: 1.002' [0m
				|--[95m 'allreduce lowp | Max Time: 232.365 ms | Avg Time: 221.208 ms | Load Imbalance: 1.050' [0m
				|--[95m 'allreduce copy back | Max Time: 26.392 ms | Avg Time: 22.942 ms | Load Imbalance: 1.150' [0m
			|--[91m 'gather | Max Time: 30.391 ms | Avg Time: 19.885 ms | Load Imbalance: 1.528' [0m
		|--[96m 'sync_norm_gradients | Max Time: 34.416 ms | Avg Time: 22.843 ms | Load Imbalance: 1.507' [0m
		|--[96m 'sync_data_parallel_gradients | Max Time: 0.117 ms | Avg Time: 0.097 ms | Load Imbalance: 1.204' [0m

|--[95m 'epoch 7 | Max Time: 2294.421 ms | Avg Time: 2294.393 ms | Load Imbalance: 1.000' [0m
	|--[92m 'minibatch prep | Max Time: 547.328 ms | Avg Time: 509.405 ms | Load Imbalance: 1.074' [0m
		|--[96m 'sample nodes | Max Time: 153.880 ms | Avg Time: 141.301 ms | Load Imbalance: 1.089' [0m
		|--[96m 'compact indices | Max Time: 25.655 ms | Avg Time: 24.470 ms | Load Imbalance: 1.048' [0m
		|--[96m 'compact adj shards | Max Time: 344.834 ms | Avg Time: 323.092 ms | Load Imbalance: 1.067' [0m
			|--[91m 'compact layout prep | Max Time: 67.513 ms | Avg Time: 64.212 ms | Load Imbalance: 1.051' [0m
			|--[91m 'compact csr: indices | Max Time: 2.713 ms | Avg Time: 2.558 ms | Load Imbalance: 1.061' [0m
			|--[91m 'compact csr: row ptrs | Max Time: 16.695 ms | Avg Time: 15.886 ms | Load Imbalance: 1.051' [0m
			|--[91m 'compact csr: nnz index | Max Time: 45.283 ms | Avg Time: 41.502 ms | Load Imbalance: 1.091' [0m
			|--[91m 'compact csr: select nnz | Max Time: 14.945 ms | Avg Time: 14.399 ms | Load Imbalance: 1.038' [0m
			|--[91m 'compact csr: col map | Max Time: 39.550 ms | Avg Time: 38.932 ms | Load Imbalance: 1.016' [0m
			|--[91m 'compact csr: edge scale | Max Time: 27.997 ms | Avg Time: 26.434 ms | Load Imbalance: 1.059' [0m
			|--[91m 'compact csr: crow | Max Time: 22.822 ms | Avg Time: 21.838 ms | Load Imbalance: 1.045' [0m
			|--[91m 'compact csr: adjt direct | Max Time: 51.669 ms | Avg Time: 45.341 ms | Load Imbalance: 1.140' [0m
		|--[96m 'compact feature slice | Max Time: 15.265 ms | Avg Time: 13.211 ms | Load Imbalance: 1.156' [0m
		|--[96m 'compact label slice | Max Time: 1.732 ms | Avg Time: 1.660 ms | Load Imbalance: 1.044' [0m
	|--[92m 'train step | Max Time: 1790.366 ms | Avg Time: 1783.173 ms | Load Imbalance: 1.004' [0m
		|--[96m 'input_linear | Max Time: 12.689 ms | Avg Time: 11.094 ms | Load Imbalance: 1.144' [0m
			|--[91m 'input_linear X * W | Max Time: 10.435 ms | Avg Time: 9.141 ms | Load Imbalance: 1.142' [0m
			|--[91m 'all-reduce | Max Time: 0.117 ms | Avg Time: 0.097 ms | Load Imbalance: 1.203' [0m
			|--[91m 'OUT + BIAS | Max Time: 1.656 ms | Avg Time: 1.460 ms | Load Imbalance: 1.134' [0m
		|--[96m 'gcn conv fwd | Max Time: 684.523 ms | Avg Time: 670.869 ms | Load Imbalance: 1.020' [0m
			|--[91m 'AGG = A * H | Max Time: 45.369 ms | Avg Time: 41.171 ms | Load Imbalance: 1.102' [0m
			|--[91m 'allreduce H | Max Time: 277.275 ms | Avg Time: 267.255 ms | Load Imbalance: 1.037' [0m
				|--[95m 'allreduce lowp comm dtype | Max Time: 18.646 ms | Avg Time: 18.619 ms | Load Imbalance: 1.001' [0m
				|--[95m 'allreduce lowp | Max Time: 234.736 ms | Avg Time: 224.494 ms | Load Imbalance: 1.046' [0m
				|--[95m 'allreduce copy back | Max Time: 26.407 ms | Avg Time: 22.963 ms | Load Imbalance: 1.150' [0m
			|--[91m 'Allgather W | Max Time: 35.978 ms | Avg Time: 23.450 ms | Load Imbalance: 1.534' [0m
				|--[95m 'gather | Max Time: 35.324 ms | Avg Time: 22.901 ms | Load Imbalance: 1.542' [0m
			|--[91m 'OUT = AGG * W | Max Time: 40.951 ms | Avg Time: 36.942 ms | Load Imbalance: 1.108' [0m
			|--[91m 'allreduce Q | Max Time: 315.811 ms | Avg Time: 299.654 ms | Load Imbalance: 1.054' [0m
				|--[95m 'allreduce lowp comm dtype | Max Time: 18.878 ms | Avg Time: 18.798 ms | Load Imbalance: 1.004' [0m
				|--[95m 'allreduce lowp | Max Time: 273.142 ms | Avg Time: 256.729 ms | Load Imbalance: 1.064' [0m
				|--[95m 'allreduce copy back | Max Time: 26.371 ms | Avg Time: 22.946 ms | Load Imbalance: 1.149' [0m
		|--[96m 'activation | Max Time: 83.626 ms | Avg Time: 76.389 ms | Load Imbalance: 1.095' [0m
			|--[91m 'all-reduce | Max Time: 37.332 ms | Avg Time: 29.484 ms | Load Imbalance: 1.266' [0m
		|--[96m 'output_linear | Max Time: 65.429 ms | Avg Time: 63.494 ms | Load Imbalance: 1.030' [0m
			|--[91m 'output_linear X * W | Max Time: 2.852 ms | Avg Time: 2.604 ms | Load Imbalance: 1.095' [0m
			|--[91m 'all-reduce | Max Time: 59.385 ms | Avg Time: 57.419 ms | Load Imbalance: 1.034' [0m
			|--[91m 'OUT + BIAS | Max Time: 3.241 ms | Avg Time: 3.076 ms | Load Imbalance: 1.054' [0m
		|--[96m 'cross entropy fwd | Max Time: 63.916 ms | Avg Time: 56.698 ms | Load Imbalance: 1.127' [0m
		|--[96m 'cross entropy bwd | Max Time: 9.915 ms | Avg Time: 9.646 ms | Load Imbalance: 1.028' [0m
		|--[96m 'linear_3d_bwd | Max Time: 24.498 ms | Avg Time: 21.261 ms | Load Imbalance: 1.152' [0m
			|--[91m 'output_linear GRAD_X | Max Time: 3.792 ms | Avg Time: 3.386 ms | Load Imbalance: 1.120' [0m
			|--[91m 'all-reduce | Max Time: 0.586 ms | Avg Time: 0.488 ms | Load Imbalance: 1.201' [0m
			|--[91m 'output_linear GRAD_W | Max Time: 4.221 ms | Avg Time: 3.739 ms | Load Imbalance: 1.129' [0m
			|--[91m 'input_linear GRAD_W | Max Time: 10.297 ms | Avg Time: 8.807 ms | Load Imbalance: 1.169' [0m
		|--[96m 'gcn conv bwd | Max Time: 704.438 ms | Avg Time: 692.240 ms | Load Imbalance: 1.018' [0m
			|--[91m 'GRAD_AGG = GRAD_OUT * W.T | Max Time: 42.831 ms | Avg Time: 37.809 ms | Load Imbalance: 1.133' [0m
			|--[91m 'allreduce lowp comm dtype | Max Time: 18.854 ms | Avg Time: 18.811 ms | Load Imbalance: 1.002' [0m
			|--[91m 'allreduce lowp | Max Time: 238.715 ms | Avg Time: 225.271 ms | Load Imbalance: 1.060' [0m
			|--[91m 'allreduce copy back | Max Time: 26.499 ms | Avg Time: 23.041 ms | Load Imbalance: 1.150' [0m
			|--[91m 'GRAD_W = AGG.T * GRAD_OUT | Max Time: 57.703 ms | Avg Time: 48.185 ms | Load Imbalance: 1.198' [0m
			|--[91m 'ReduceScatter grad_weight | Max Time: 11.140 ms | Avg Time: 10.292 ms | Load Imbalance: 1.082' [0m
				|--[95m 'reduce-scatter | Max Time: 10.750 ms | Avg Time: 9.902 ms | Load Imbalance: 1.086' [0m
					|--[92m 'reduce-scatter-dist | Max Time: 10.555 ms | Avg Time: 9.708 ms | Load Imbalance: 1.087' [0m
			|--[91m 'GRAD_H = A.T * GRAD_AGG | Max Time: 45.450 ms | Avg Time: 40.925 ms | Load Imbalance: 1.111' [0m
			|--[91m 'allreduce grad_x | Max Time: 274.830 ms | Avg Time: 263.874 ms | Load Imbalance: 1.042' [0m
				|--[95m 'allreduce lowp comm dtype | Max Time: 18.675 ms | Avg Time: 18.637 ms | Load Imbalance: 1.002' [0m
				|--[95m 'allreduce lowp | Max Time: 232.269 ms | Avg Time: 221.120 ms | Load Imbalance: 1.050' [0m
				|--[95m 'allreduce copy back | Max Time: 26.379 ms | Avg Time: 22.938 ms | Load Imbalance: 1.150' [0m
			|--[91m 'gather | Max Time: 30.422 ms | Avg Time: 20.039 ms | Load Imbalance: 1.518' [0m
		|--[96m 'sync_norm_gradients | Max Time: 33.541 ms | Avg Time: 23.021 ms | Load Imbalance: 1.457' [0m
		|--[96m 'sync_data_parallel_gradients | Max Time: 0.117 ms | Avg Time: 0.097 ms | Load Imbalance: 1.202' [0m

|--[95m 'epoch 8 | Max Time: 2473.131 ms | Avg Time: 2473.042 ms | Load Imbalance: 1.000' [0m
	|--[92m 'minibatch prep | Max Time: 695.111 ms | Avg Time: 526.826 ms | Load Imbalance: 1.319' [0m
		|--[96m 'sample nodes | Max Time: 154.027 ms | Avg Time: 141.306 ms | Load Imbalance: 1.090' [0m
		|--[96m 'compact indices | Max Time: 26.458 ms | Avg Time: 24.390 ms | Load Imbalance: 1.085' [0m
		|--[96m 'compact adj shards | Max Time: 492.681 ms | Avg Time: 340.628 ms | Load Imbalance: 1.446' [0m
			|--[91m 'compact layout prep | Max Time: 67.448 ms | Avg Time: 63.959 ms | Load Imbalance: 1.055' [0m
			|--[91m 'compact csr: indices | Max Time: 2.673 ms | Avg Time: 2.554 ms | Load Imbalance: 1.046' [0m
			|--[91m 'compact csr: row ptrs | Max Time: 16.684 ms | Avg Time: 15.846 ms | Load Imbalance: 1.053' [0m
			|--[91m 'compact csr: nnz index | Max Time: 194.565 ms | Avg Time: 60.070 ms | Load Imbalance: 3.239' [0m
			|--[91m 'compact csr: select nnz | Max Time: 15.032 ms | Avg Time: 14.390 ms | Load Imbalance: 1.045' [0m
			|--[91m 'compact csr: col map | Max Time: 39.529 ms | Avg Time: 38.887 ms | Load Imbalance: 1.016' [0m
			|--[91m 'compact csr: edge scale | Max Time: 27.667 ms | Avg Time: 26.350 ms | Load Imbalance: 1.050' [0m
			|--[91m 'compact csr: crow | Max Time: 22.510 ms | Avg Time: 21.692 ms | Load Imbalance: 1.038' [0m
			|--[91m 'compact csr: adjt direct | Max Time: 51.356 ms | Avg Time: 45.109 ms | Load Imbalance: 1.138' [0m
		|--[96m 'compact feature slice | Max Time: 15.271 ms | Avg Time: 13.205 ms | Load Imbalance: 1.156' [0m
		|--[96m 'compact label slice | Max Time: 1.738 ms | Avg Time: 1.657 ms | Load Imbalance: 1.048' [0m
	|--[92m 'train step | Max Time: 1969.512 ms | Avg Time: 1944.403 ms | Load Imbalance: 1.013' [0m
		|--[96m 'input_linear | Max Time: 12.751 ms | Avg Time: 11.111 ms | Load Imbalance: 1.148' [0m
			|--[91m 'input_linear X * W | Max Time: 10.506 ms | Avg Time: 9.129 ms | Load Imbalance: 1.151' [0m
			|--[91m 'all-reduce | Max Time: 0.118 ms | Avg Time: 0.098 ms | Load Imbalance: 1.207' [0m
			|--[91m 'OUT + BIAS | Max Time: 1.658 ms | Avg Time: 1.460 ms | Load Imbalance: 1.136' [0m
		|--[96m 'gcn conv fwd | Max Time: 869.922 ms | Avg Time: 826.074 ms | Load Imbalance: 1.053' [0m
			|--[91m 'AGG = A * H | Max Time: 45.158 ms | Avg Time: 41.170 ms | Load Imbalance: 1.097' [0m
			|--[91m 'allreduce H | Max Time: 311.454 ms | Avg Time: 291.902 ms | Load Imbalance: 1.067' [0m
				|--[95m 'allreduce lowp comm dtype | Max Time: 18.651 ms | Avg Time: 18.618 ms | Load Imbalance: 1.002' [0m
				|--[95m 'allreduce lowp | Max Time: 268.897 ms | Avg Time: 249.136 ms | Load Imbalance: 1.079' [0m
				|--[95m 'allreduce copy back | Max Time: 26.408 ms | Avg Time: 22.966 ms | Load Imbalance: 1.150' [0m
			|--[91m 'Allgather W | Max Time: 36.982 ms | Avg Time: 23.704 ms | Load Imbalance: 1.560' [0m
				|--[95m 'gather | Max Time: 36.562 ms | Avg Time: 23.181 ms | Load Imbalance: 1.577' [0m
			|--[91m 'OUT = AGG * W | Max Time: 40.937 ms | Avg Time: 36.870 ms | Load Imbalance: 1.110' [0m
			|--[91m 'allreduce Q | Max Time: 464.410 ms | Avg Time: 430.100 ms | Load Imbalance: 1.080' [0m
				|--[95m 'allreduce lowp comm dtype | Max Time: 18.854 ms | Avg Time: 18.801 ms | Load Imbalance: 1.003' [0m
				|--[95m 'allreduce lowp | Max Time: 421.737 ms | Avg Time: 387.173 ms | Load Imbalance: 1.089' [0m
				|--[95m 'allreduce copy back | Max Time: 26.372 ms | Avg Time: 22.945 ms | Load Imbalance: 1.149' [0m
		|--[96m 'activation | Max Time: 117.225 ms | Avg Time: 87.111 ms | Load Imbalance: 1.346' [0m
			|--[91m 'all-reduce | Max Time: 38.387 ms | Avg Time: 28.722 ms | Load Imbalance: 1.337' [0m
		|--[96m 'output_linear | Max Time: 64.517 ms | Avg Time: 62.923 ms | Load Imbalance: 1.025' [0m
			|--[91m 'output_linear X * W | Max Time: 2.855 ms | Avg Time: 2.601 ms | Load Imbalance: 1.098' [0m
			|--[91m 'all-reduce | Max Time: 58.466 ms | Avg Time: 56.849 ms | Load Imbalance: 1.028' [0m
			|--[91m 'OUT + BIAS | Max Time: 3.242 ms | Avg Time: 3.076 ms | Load Imbalance: 1.054' [0m
		|--[96m 'cross entropy fwd | Max Time: 63.906 ms | Avg Time: 56.683 ms | Load Imbalance: 1.127' [0m
		|--[96m 'cross entropy bwd | Max Time: 9.879 ms | Avg Time: 9.676 ms | Load Imbalance: 1.021' [0m
		|--[96m 'linear_3d_bwd | Max Time: 24.548 ms | Avg Time: 21.268 ms | Load Imbalance: 1.154' [0m
			|--[91m 'output_linear GRAD_X | Max Time: 3.794 ms | Avg Time: 3.387 ms | Load Imbalance: 1.120' [0m
			|--[91m 'all-reduce | Max Time: 0.587 ms | Avg Time: 0.488 ms | Load Imbalance: 1.204' [0m
			|--[91m 'output_linear GRAD_W | Max Time: 4.217 ms | Avg Time: 3.740 ms | Load Imbalance: 1.128' [0m
			|--[91m 'input_linear GRAD_W | Max Time: 10.323 ms | Avg Time: 8.816 ms | Load Imbalance: 1.171' [0m
		|--[96m 'gcn conv bwd | Max Time: 699.697 ms | Avg Time: 687.312 ms | Load Imbalance: 1.018' [0m
			|--[91m 'GRAD_AGG = GRAD_OUT * W.T | Max Time: 42.831 ms | Avg Time: 37.810 ms | Load Imbalance: 1.133' [0m
			|--[91m 'allreduce lowp comm dtype | Max Time: 18.841 ms | Avg Time: 18.804 ms | Load Imbalance: 1.002' [0m
			|--[91m 'allreduce lowp | Max Time: 236.241 ms | Avg Time: 222.826 ms | Load Imbalance: 1.060' [0m
			|--[91m 'allreduce copy back | Max Time: 26.506 ms | Avg Time: 23.039 ms | Load Imbalance: 1.150' [0m
			|--[91m 'GRAD_W = AGG.T * GRAD_OUT | Max Time: 57.688 ms | Avg Time: 48.188 ms | Load Imbalance: 1.197' [0m
			|--[91m 'ReduceScatter grad_weight | Max Time: 11.175 ms | Avg Time: 10.230 ms | Load Imbalance: 1.092' [0m
				|--[95m 'reduce-scatter | Max Time: 10.786 ms | Avg Time: 9.840 ms | Load Imbalance: 1.096' [0m
					|--[92m 'reduce-scatter-dist | Max Time: 10.592 ms | Avg Time: 9.645 ms | Load Imbalance: 1.098' [0m
			|--[91m 'GRAD_H = A.T * GRAD_AGG | Max Time: 45.184 ms | Avg Time: 40.911 ms | Load Imbalance: 1.104' [0m
			|--[91m 'allreduce grad_x | Max Time: 272.736 ms | Avg Time: 262.075 ms | Load Imbalance: 1.041' [0m
				|--[95m 'allreduce lowp comm dtype | Max Time: 18.670 ms | Avg Time: 18.638 ms | Load Imbalance: 1.002' [0m
				|--[95m 'allreduce lowp | Max Time: 230.184 ms | Avg Time: 219.319 ms | Load Imbalance: 1.050' [0m
				|--[95m 'allreduce copy back | Max Time: 26.393 ms | Avg Time: 22.939 ms | Load Imbalance: 1.151' [0m
			|--[91m 'gather | Max Time: 28.691 ms | Avg Time: 19.440 ms | Load Imbalance: 1.476' [0m
		|--[96m 'sync_norm_gradients | Max Time: 32.753 ms | Avg Time: 22.539 ms | Load Imbalance: 1.453' [0m
		|--[96m 'sync_data_parallel_gradients | Max Time: 0.117 ms | Avg Time: 0.097 ms | Load Imbalance: 1.201' [0m

|--[95m 'epoch 9 | Max Time: 2288.536 ms | Avg Time: 2288.513 ms | Load Imbalance: 1.000' [0m
	|--[92m 'minibatch prep | Max Time: 547.190 ms | Avg Time: 509.065 ms | Load Imbalance: 1.075' [0m
		|--[96m 'sample nodes | Max Time: 154.149 ms | Avg Time: 141.320 ms | Load Imbalance: 1.091' [0m
		|--[96m 'compact indices | Max Time: 25.586 ms | Avg Time: 24.297 ms | Load Imbalance: 1.053' [0m
		|--[96m 'compact adj shards | Max Time: 344.448 ms | Avg Time: 322.907 ms | Load Imbalance: 1.067' [0m
			|--[91m 'compact layout prep | Max Time: 67.859 ms | Avg Time: 64.083 ms | Load Imbalance: 1.059' [0m
			|--[91m 'compact csr: indices | Max Time: 2.724 ms | Avg Time: 2.562 ms | Load Imbalance: 1.063' [0m
			|--[91m 'compact csr: row ptrs | Max Time: 16.764 ms | Avg Time: 15.929 ms | Load Imbalance: 1.052' [0m
			|--[91m 'compact csr: nnz index | Max Time: 45.278 ms | Avg Time: 41.557 ms | Load Imbalance: 1.090' [0m
			|--[91m 'compact csr: select nnz | Max Time: 14.961 ms | Avg Time: 14.406 ms | Load Imbalance: 1.039' [0m
			|--[91m 'compact csr: col map | Max Time: 39.535 ms | Avg Time: 38.937 ms | Load Imbalance: 1.015' [0m
			|--[91m 'compact csr: edge scale | Max Time: 27.807 ms | Avg Time: 26.442 ms | Load Imbalance: 1.052' [0m
			|--[91m 'compact csr: crow | Max Time: 22.662 ms | Avg Time: 21.780 ms | Load Imbalance: 1.040' [0m
			|--[91m 'compact csr: adjt direct | Max Time: 51.455 ms | Avg Time: 45.256 ms | Load Imbalance: 1.137' [0m
		|--[96m 'compact feature slice | Max Time: 15.267 ms | Avg Time: 13.205 ms | Load Imbalance: 1.156' [0m
		|--[96m 'compact label slice | Max Time: 1.735 ms | Avg Time: 1.664 ms | Load Imbalance: 1.043' [0m
	|--[92m 'train step | Max Time: 1784.899 ms | Avg Time: 1777.626 ms | Load Imbalance: 1.004' [0m
		|--[96m 'input_linear | Max Time: 12.685 ms | Avg Time: 11.084 ms | Load Imbalance: 1.144' [0m
			|--[91m 'input_linear X * W | Max Time: 10.437 ms | Avg Time: 9.123 ms | Load Imbalance: 1.144' [0m
			|--[91m 'all-reduce | Max Time: 0.118 ms | Avg Time: 0.098 ms | Load Imbalance: 1.206' [0m
			|--[91m 'OUT + BIAS | Max Time: 1.660 ms | Avg Time: 1.460 ms | Load Imbalance: 1.137' [0m
		|--[96m 'gcn conv fwd | Max Time: 683.241 ms | Avg Time: 668.904 ms | Load Imbalance: 1.021' [0m
			|--[91m 'AGG = A * H | Max Time: 45.341 ms | Avg Time: 41.124 ms | Load Imbalance: 1.103' [0m
			|--[91m 'allreduce H | Max Time: 274.611 ms | Avg Time: 264.167 ms | Load Imbalance: 1.040' [0m
				|--[95m 'allreduce lowp comm dtype | Max Time: 18.647 ms | Avg Time: 18.620 ms | Load Imbalance: 1.001' [0m
				|--[95m 'allreduce lowp | Max Time: 232.069 ms | Avg Time: 221.406 ms | Load Imbalance: 1.048' [0m
				|--[95m 'allreduce copy back | Max Time: 26.405 ms | Avg Time: 22.964 ms | Load Imbalance: 1.150' [0m
			|--[91m 'Allgather W | Max Time: 37.654 ms | Avg Time: 23.973 ms | Load Imbalance: 1.571' [0m
				|--[95m 'gather | Max Time: 37.151 ms | Avg Time: 23.437 ms | Load Imbalance: 1.585' [0m
			|--[91m 'OUT = AGG * W | Max Time: 40.963 ms | Avg Time: 36.885 ms | Load Imbalance: 1.111' [0m
			|--[91m 'allreduce Q | Max Time: 316.486 ms | Avg Time: 300.416 ms | Load Imbalance: 1.053' [0m
				|--[95m 'allreduce lowp comm dtype | Max Time: 18.867 ms | Avg Time: 18.797 ms | Load Imbalance: 1.004' [0m
				|--[95m 'allreduce lowp | Max Time: 273.834 ms | Avg Time: 257.492 ms | Load Imbalance: 1.063' [0m
				|--[95m 'allreduce copy back | Max Time: 26.375 ms | Avg Time: 22.946 ms | Load Imbalance: 1.149' [0m
		|--[96m 'activation | Max Time: 85.322 ms | Avg Time: 75.986 ms | Load Imbalance: 1.123' [0m
			|--[91m 'all-reduce | Max Time: 39.011 ms | Avg Time: 29.083 ms | Load Imbalance: 1.341' [0m
		|--[96m 'output_linear | Max Time: 65.115 ms | Avg Time: 62.986 ms | Load Imbalance: 1.034' [0m
			|--[91m 'output_linear X * W | Max Time: 2.847 ms | Avg Time: 2.603 ms | Load Imbalance: 1.094' [0m
			|--[91m 'all-reduce | Max Time: 59.074 ms | Avg Time: 56.911 ms | Load Imbalance: 1.038' [0m
			|--[91m 'OUT + BIAS | Max Time: 3.242 ms | Avg Time: 3.075 ms | Load Imbalance: 1.054' [0m
		|--[96m 'cross entropy fwd | Max Time: 63.875 ms | Avg Time: 56.671 ms | Load Imbalance: 1.127' [0m
		|--[96m 'cross entropy bwd | Max Time: 9.899 ms | Avg Time: 9.684 ms | Load Imbalance: 1.022' [0m
		|--[96m 'linear_3d_bwd | Max Time: 24.551 ms | Avg Time: 21.268 ms | Load Imbalance: 1.154' [0m
			|--[91m 'output_linear GRAD_X | Max Time: 3.793 ms | Avg Time: 3.387 ms | Load Imbalance: 1.120' [0m
			|--[91m 'all-reduce | Max Time: 0.587 ms | Avg Time: 0.488 ms | Load Imbalance: 1.204' [0m
			|--[91m 'output_linear GRAD_W | Max Time: 4.218 ms | Avg Time: 3.740 ms | Load Imbalance: 1.128' [0m
			|--[91m 'input_linear GRAD_W | Max Time: 10.322 ms | Avg Time: 8.811 ms | Load Imbalance: 1.172' [0m
		|--[96m 'gcn conv bwd | Max Time: 701.587 ms | Avg Time: 689.731 ms | Load Imbalance: 1.017' [0m
			|--[91m 'GRAD_AGG = GRAD_OUT * W.T | Max Time: 42.842 ms | Avg Time: 37.810 ms | Load Imbalance: 1.133' [0m
			|--[91m 'allreduce lowp comm dtype | Max Time: 18.845 ms | Avg Time: 18.805 ms | Load Imbalance: 1.002' [0m
			|--[91m 'allreduce lowp | Max Time: 236.562 ms | Avg Time: 223.436 ms | Load Imbalance: 1.059' [0m
			|--[91m 'allreduce copy back | Max Time: 26.495 ms | Avg Time: 23.040 ms | Load Imbalance: 1.150' [0m
			|--[91m 'GRAD_W = AGG.T * GRAD_OUT | Max Time: 57.702 ms | Avg Time: 48.189 ms | Load Imbalance: 1.197' [0m
			|--[91m 'ReduceScatter grad_weight | Max Time: 11.195 ms | Avg Time: 10.307 ms | Load Imbalance: 1.086' [0m
				|--[95m 'reduce-scatter | Max Time: 10.811 ms | Avg Time: 9.917 ms | Load Imbalance: 1.090' [0m
					|--[92m 'reduce-scatter-dist | Max Time: 10.621 ms | Avg Time: 9.723 ms | Load Imbalance: 1.092' [0m
			|--[91m 'GRAD_H = A.T * GRAD_AGG | Max Time: 45.378 ms | Avg Time: 40.886 ms | Load Imbalance: 1.110' [0m
			|--[91m 'allreduce grad_x | Max Time: 274.739 ms | Avg Time: 263.557 ms | Load Imbalance: 1.042' [0m
				|--[95m 'allreduce lowp comm dtype | Max Time: 18.686 ms | Avg Time: 18.641 ms | Load Imbalance: 1.002' [0m
				|--[95m 'allreduce lowp | Max Time: 232.163 ms | Avg Time: 220.795 ms | Load Imbalance: 1.051' [0m
				|--[95m 'allreduce copy back | Max Time: 26.386 ms | Avg Time: 22.941 ms | Load Imbalance: 1.150' [0m
			|--[91m 'gather | Max Time: 29.569 ms | Avg Time: 19.716 ms | Load Imbalance: 1.500' [0m
		|--[96m 'sync_norm_gradients | Max Time: 34.203 ms | Avg Time: 22.961 ms | Load Imbalance: 1.490' [0m
		|--[96m 'sync_data_parallel_gradients | Max Time: 0.117 ms | Avg Time: 0.097 ms | Load Imbalance: 1.201' [0m

Epoch: 009, Train Loss: 3.3387
rank 0 Peak GPU memory: 17.41 GB
