/pscratch/sd/h/hmuki/plexus/plexus/utils/dataloader.py:412: UserWarning: Sparse invariant checks are implicitly disabled. Memory errors (e.g. SEGFAULT) will occur when operating on a sparse tensor which violates the invariants, but checks incur performance overhead. To silence this warning, explicitly opt in or out. See `torch.sparse.check_sparse_tensor_invariants.__doc__` for guidance.  (Triggered internally at /pytorch/aten/src/ATen/Context.cpp:760.)
  adj_local = torch.sparse_coo_tensor(
/pscratch/sd/h/hmuki/plexus/plexus/utils/dataloader.py:412: UserWarning: Sparse invariant checks are implicitly disabled. Memory errors (e.g. SEGFAULT) will occur when operating on a sparse tensor which violates the invariants, but checks incur performance overhead. To silence this warning, explicitly opt in or out. See `torch.sparse.check_sparse_tensor_invariants.__doc__` for guidance.  (Triggered internally at /pytorch/aten/src/ATen/Context.cpp:760.)
  adj_local = torch.sparse_coo_tensor(
/pscratch/sd/h/hmuki/plexus/plexus/utils/dataloader.py:412: UserWarning: Sparse invariant checks are implicitly disabled. Memory errors (e.g. SEGFAULT) will occur when operating on a sparse tensor which violates the invariants, but checks incur performance overhead. To silence this warning, explicitly opt in or out. See `torch.sparse.check_sparse_tensor_invariants.__doc__` for guidance.  (Triggered internally at /pytorch/aten/src/ATen/Context.cpp:760.)
  adj_local = torch.sparse_coo_tensor(
/pscratch/sd/h/hmuki/plexus/plexus/utils/dataloader.py:412: UserWarning: Sparse invariant checks are implicitly disabled. Memory errors (e.g. SEGFAULT) will occur when operating on a sparse tensor which violates the invariants, but checks incur performance overhead. To silence this warning, explicitly opt in or out. See `torch.sparse.check_sparse_tensor_invariants.__doc__` for guidance.  (Triggered internally at /pytorch/aten/src/ATen/Context.cpp:760.)
  adj_local = torch.sparse_coo_tensor(
/pscratch/sd/h/hmuki/plexus/plexus/utils/dataloader.py:425: UserWarning: Sparse CSR tensor support is in beta state. If you miss a functionality in the sparse tensor support, please submit a feature request to https://github.com/pytorch/pytorch/issues. (Triggered internally at /pytorch/aten/src/ATen/SparseCsrTensorImpl.cpp:49.)
  adj_local = adj_local.to_sparse_csr()
/pscratch/sd/h/hmuki/plexus/plexus/utils/dataloader.py:425: UserWarning: Sparse CSR tensor support is in beta state. If you miss a functionality in the sparse tensor support, please submit a feature request to https://github.com/pytorch/pytorch/issues. (Triggered internally at /pytorch/aten/src/ATen/SparseCsrTensorImpl.cpp:49.)
  adj_local = adj_local.to_sparse_csr()
/pscratch/sd/h/hmuki/plexus/plexus/utils/dataloader.py:412: UserWarning: Sparse invariant checks are implicitly disabled. Memory errors (e.g. SEGFAULT) will occur when operating on a sparse tensor which violates the invariants, but checks incur performance overhead. To silence this warning, explicitly opt in or out. See `torch.sparse.check_sparse_tensor_invariants.__doc__` for guidance.  (Triggered internally at /pytorch/aten/src/ATen/Context.cpp:760.)
  adj_local = torch.sparse_coo_tensor(
/pscratch/sd/h/hmuki/plexus/plexus/utils/dataloader.py:425: UserWarning: Sparse CSR tensor support is in beta state. If you miss a functionality in the sparse tensor support, please submit a feature request to https://github.com/pytorch/pytorch/issues. (Triggered internally at /pytorch/aten/src/ATen/SparseCsrTensorImpl.cpp:49.)
  adj_local = adj_local.to_sparse_csr()
/pscratch/sd/h/hmuki/plexus/plexus/utils/dataloader.py:425: UserWarning: Sparse CSR tensor support is in beta state. If you miss a functionality in the sparse tensor support, please submit a feature request to https://github.com/pytorch/pytorch/issues. (Triggered internally at /pytorch/aten/src/ATen/SparseCsrTensorImpl.cpp:49.)
  adj_local = adj_local.to_sparse_csr()
/pscratch/sd/h/hmuki/plexus/plexus/utils/dataloader.py:412: UserWarning: Sparse invariant checks are implicitly disabled. Memory errors (e.g. SEGFAULT) will occur when operating on a sparse tensor which violates the invariants, but checks incur performance overhead. To silence this warning, explicitly opt in or out. See `torch.sparse.check_sparse_tensor_invariants.__doc__` for guidance.  (Triggered internally at /pytorch/aten/src/ATen/Context.cpp:760.)
  adj_local = torch.sparse_coo_tensor(
/pscratch/sd/h/hmuki/plexus/plexus/utils/dataloader.py:412: UserWarning: Sparse invariant checks are implicitly disabled. Memory errors (e.g. SEGFAULT) will occur when operating on a sparse tensor which violates the invariants, but checks incur performance overhead. To silence this warning, explicitly opt in or out. See `torch.sparse.check_sparse_tensor_invariants.__doc__` for guidance.  (Triggered internally at /pytorch/aten/src/ATen/Context.cpp:760.)
  adj_local = torch.sparse_coo_tensor(
/pscratch/sd/h/hmuki/plexus/plexus/utils/dataloader.py:425: UserWarning: Sparse CSR tensor support is in beta state. If you miss a functionality in the sparse tensor support, please submit a feature request to https://github.com/pytorch/pytorch/issues. (Triggered internally at /pytorch/aten/src/ATen/SparseCsrTensorImpl.cpp:49.)
  adj_local = adj_local.to_sparse_csr()
/pscratch/sd/h/hmuki/plexus/plexus/utils/dataloader.py:412: UserWarning: Sparse invariant checks are implicitly disabled. Memory errors (e.g. SEGFAULT) will occur when operating on a sparse tensor which violates the invariants, but checks incur performance overhead. To silence this warning, explicitly opt in or out. See `torch.sparse.check_sparse_tensor_invariants.__doc__` for guidance.  (Triggered internally at /pytorch/aten/src/ATen/Context.cpp:760.)
  adj_local = torch.sparse_coo_tensor(
/pscratch/sd/h/hmuki/plexus/plexus/utils/dataloader.py:412: UserWarning: Sparse invariant checks are implicitly disabled. Memory errors (e.g. SEGFAULT) will occur when operating on a sparse tensor which violates the invariants, but checks incur performance overhead. To silence this warning, explicitly opt in or out. See `torch.sparse.check_sparse_tensor_invariants.__doc__` for guidance.  (Triggered internally at /pytorch/aten/src/ATen/Context.cpp:760.)
  adj_local = torch.sparse_coo_tensor(
/pscratch/sd/h/hmuki/plexus/plexus/utils/dataloader.py:412: UserWarning: Sparse invariant checks are implicitly disabled. Memory errors (e.g. SEGFAULT) will occur when operating on a sparse tensor which violates the invariants, but checks incur performance overhead. To silence this warning, explicitly opt in or out. See `torch.sparse.check_sparse_tensor_invariants.__doc__` for guidance.  (Triggered internally at /pytorch/aten/src/ATen/Context.cpp:760.)
  adj_local = torch.sparse_coo_tensor(
/pscratch/sd/h/hmuki/plexus/plexus/utils/dataloader.py:425: UserWarning: Sparse CSR tensor support is in beta state. If you miss a functionality in the sparse tensor support, please submit a feature request to https://github.com/pytorch/pytorch/issues. (Triggered internally at /pytorch/aten/src/ATen/SparseCsrTensorImpl.cpp:49.)
  adj_local = adj_local.to_sparse_csr()
/pscratch/sd/h/hmuki/plexus/plexus/utils/dataloader.py:425: UserWarning: Sparse CSR tensor support is in beta state. If you miss a functionality in the sparse tensor support, please submit a feature request to https://github.com/pytorch/pytorch/issues. (Triggered internally at /pytorch/aten/src/ATen/SparseCsrTensorImpl.cpp:49.)
  adj_local = adj_local.to_sparse_csr()
/pscratch/sd/h/hmuki/plexus/plexus/utils/dataloader.py:412: UserWarning: Sparse invariant checks are implicitly disabled. Memory errors (e.g. SEGFAULT) will occur when operating on a sparse tensor which violates the invariants, but checks incur performance overhead. To silence this warning, explicitly opt in or out. See `torch.sparse.check_sparse_tensor_invariants.__doc__` for guidance.  (Triggered internally at /pytorch/aten/src/ATen/Context.cpp:760.)
  adj_local = torch.sparse_coo_tensor(
/pscratch/sd/h/hmuki/plexus/plexus/utils/dataloader.py:412: UserWarning: Sparse invariant checks are implicitly disabled. Memory errors (e.g. SEGFAULT) will occur when operating on a sparse tensor which violates the invariants, but checks incur performance overhead. To silence this warning, explicitly opt in or out. See `torch.sparse.check_sparse_tensor_invariants.__doc__` for guidance.  (Triggered internally at /pytorch/aten/src/ATen/Context.cpp:760.)
  adj_local = torch.sparse_coo_tensor(
/pscratch/sd/h/hmuki/plexus/plexus/utils/dataloader.py:412: UserWarning: Sparse invariant checks are implicitly disabled. Memory errors (e.g. SEGFAULT) will occur when operating on a sparse tensor which violates the invariants, but checks incur performance overhead. To silence this warning, explicitly opt in or out. See `torch.sparse.check_sparse_tensor_invariants.__doc__` for guidance.  (Triggered internally at /pytorch/aten/src/ATen/Context.cpp:760.)
  adj_local = torch.sparse_coo_tensor(
/pscratch/sd/h/hmuki/plexus/plexus/utils/dataloader.py:425: UserWarning: Sparse CSR tensor support is in beta state. If you miss a functionality in the sparse tensor support, please submit a feature request to https://github.com/pytorch/pytorch/issues. (Triggered internally at /pytorch/aten/src/ATen/SparseCsrTensorImpl.cpp:49.)
  adj_local = adj_local.to_sparse_csr()
/pscratch/sd/h/hmuki/plexus/plexus/utils/dataloader.py:412: UserWarning: Sparse invariant checks are implicitly disabled. Memory errors (e.g. SEGFAULT) will occur when operating on a sparse tensor which violates the invariants, but checks incur performance overhead. To silence this warning, explicitly opt in or out. See `torch.sparse.check_sparse_tensor_invariants.__doc__` for guidance.  (Triggered internally at /pytorch/aten/src/ATen/Context.cpp:760.)
  adj_local = torch.sparse_coo_tensor(
/pscratch/sd/h/hmuki/plexus/plexus/utils/dataloader.py:412: UserWarning: Sparse invariant checks are implicitly disabled. Memory errors (e.g. SEGFAULT) will occur when operating on a sparse tensor which violates the invariants, but checks incur performance overhead. To silence this warning, explicitly opt in or out. See `torch.sparse.check_sparse_tensor_invariants.__doc__` for guidance.  (Triggered internally at /pytorch/aten/src/ATen/Context.cpp:760.)
  adj_local = torch.sparse_coo_tensor(
/pscratch/sd/h/hmuki/plexus/plexus/utils/dataloader.py:412: UserWarning: Sparse invariant checks are implicitly disabled. Memory errors (e.g. SEGFAULT) will occur when operating on a sparse tensor which violates the invariants, but checks incur performance overhead. To silence this warning, explicitly opt in or out. See `torch.sparse.check_sparse_tensor_invariants.__doc__` for guidance.  (Triggered internally at /pytorch/aten/src/ATen/Context.cpp:760.)
  adj_local = torch.sparse_coo_tensor(
/pscratch/sd/h/hmuki/plexus/plexus/utils/dataloader.py:425: UserWarning: Sparse CSR tensor support is in beta state. If you miss a functionality in the sparse tensor support, please submit a feature request to https://github.com/pytorch/pytorch/issues. (Triggered internally at /pytorch/aten/src/ATen/SparseCsrTensorImpl.cpp:49.)
  adj_local = adj_local.to_sparse_csr()
/pscratch/sd/h/hmuki/plexus/plexus/utils/dataloader.py:425: UserWarning: Sparse CSR tensor support is in beta state. If you miss a functionality in the sparse tensor support, please submit a feature request to https://github.com/pytorch/pytorch/issues. (Triggered internally at /pytorch/aten/src/ATen/SparseCsrTensorImpl.cpp:49.)
  adj_local = adj_local.to_sparse_csr()
/pscratch/sd/h/hmuki/plexus/plexus/utils/dataloader.py:425: UserWarning: Sparse CSR tensor support is in beta state. If you miss a functionality in the sparse tensor support, please submit a feature request to https://github.com/pytorch/pytorch/issues. (Triggered internally at /pytorch/aten/src/ATen/SparseCsrTensorImpl.cpp:49.)
  adj_local = adj_local.to_sparse_csr()
/pscratch/sd/h/hmuki/plexus/plexus/utils/dataloader.py:425: UserWarning: Sparse CSR tensor support is in beta state. If you miss a functionality in the sparse tensor support, please submit a feature request to https://github.com/pytorch/pytorch/issues. (Triggered internally at /pytorch/aten/src/ATen/SparseCsrTensorImpl.cpp:49.)
  adj_local = adj_local.to_sparse_csr()
/pscratch/sd/h/hmuki/plexus/plexus/utils/dataloader.py:425: UserWarning: Sparse CSR tensor support is in beta state. If you miss a functionality in the sparse tensor support, please submit a feature request to https://github.com/pytorch/pytorch/issues. (Triggered internally at /pytorch/aten/src/ATen/SparseCsrTensorImpl.cpp:49.)
  adj_local = adj_local.to_sparse_csr()
/pscratch/sd/h/hmuki/plexus/plexus/utils/dataloader.py:425: UserWarning: Sparse CSR tensor support is in beta state. If you miss a functionality in the sparse tensor support, please submit a feature request to https://github.com/pytorch/pytorch/issues. (Triggered internally at /pytorch/aten/src/ATen/SparseCsrTensorImpl.cpp:49.)
  adj_local = adj_local.to_sparse_csr()
/pscratch/sd/h/hmuki/plexus/plexus/utils/dataloader.py:425: UserWarning: Sparse CSR tensor support is in beta state. If you miss a functionality in the sparse tensor support, please submit a feature request to https://github.com/pytorch/pytorch/issues. (Triggered internally at /pytorch/aten/src/ATen/SparseCsrTensorImpl.cpp:49.)
  adj_local = adj_local.to_sparse_csr()
/pscratch/sd/h/hmuki/plexus/plexus/utils/dataloader.py:425: UserWarning: Sparse CSR tensor support is in beta state. If you miss a functionality in the sparse tensor support, please submit a feature request to https://github.com/pytorch/pytorch/issues. (Triggered internally at /pytorch/aten/src/ATen/SparseCsrTensorImpl.cpp:49.)
  adj_local = adj_local.to_sparse_csr()
[info] RMSNorm + ReLU + Dropout fused and compiled with torch.compile
steps_per_epoch:  6
steps_per_epoch:  6
steps_per_epoch:  6
steps_per_epoch:  6
steps_per_epoch:  6
steps_per_epoch:  6
steps_per_epoch:  6
steps_per_epoch:  6
steps_per_epoch:  6
steps_per_epoch:  6
steps_per_epoch:  6
steps_per_epoch:  6
steps_per_epoch:  6
steps_per_epoch:  6
steps_per_epoch:  6
steps_per_epoch:  6
Epoch: 000, Train Loss: 3.5128
Epoch: 001, Train Loss: 3.4503
Epoch: 002, Train Loss: 3.4355
Epoch: 003, Train Loss: 3.4204
Epoch: 004, Train Loss: 3.2905
Epoch: 005, Train Loss: 3.4168
Epoch: 006, Train Loss: 3.4255
Epoch: 007, Train Loss: 3.3995
Epoch: 008, Train Loss: 3.3616
rank 3 Peak GPU memory: 11.44 GB
rank 2 Peak GPU memory: 11.44 GB
rank 1 Peak GPU memory: 11.44 GB
rank 4 Peak GPU memory: 11.44 GB
rank 7 Peak GPU memory: 11.44 GB
rank 6 Peak GPU memory: 11.44 GB
rank 8 Peak GPU memory: 11.44 GB
rank 12 Peak GPU memory: 11.44 GB
rank 11 Peak GPU memory: 11.44 GB
rank 13 Peak GPU memory: 11.44 GB
rank 5 Peak GPU memory: 11.54 GB
rank 10 Peak GPU memory: 11.54 GB
rank 14 Peak GPU memory: 11.44 GB
rank 9 Peak GPU memory: 11.44 GB
rank 15 Peak GPU memory: 11.54 GB
|--[95m 'drop | Max Time: 0.172 ms | Avg Time: 0.151 ms | Load Imbalance: 1.135' [0m

|--[95m 'epoch 0 | Max Time: 7312.025 ms | Avg Time: 7310.305 ms | Load Imbalance: 1.000' [0m
	|--[92m 'minibatch prep | Max Time: 256.170 ms | Avg Time: 246.977 ms | Load Imbalance: 1.037' [0m
		|--[96m 'sample nodes | Max Time: 41.467 ms | Avg Time: 39.312 ms | Load Imbalance: 1.055' [0m
		|--[96m 'compact indices | Max Time: 13.669 ms | Avg Time: 13.275 ms | Load Imbalance: 1.030' [0m
		|--[96m 'compact adj shards | Max Time: 191.981 ms | Avg Time: 182.688 ms | Load Imbalance: 1.051' [0m
			|--[91m 'compact layout prep | Max Time: 56.952 ms | Avg Time: 53.888 ms | Load Imbalance: 1.057' [0m
			|--[91m 'compact csr: indices | Max Time: 0.481 ms | Avg Time: 0.452 ms | Load Imbalance: 1.063' [0m
			|--[91m 'compact csr: row ptrs | Max Time: 13.682 ms | Avg Time: 13.060 ms | Load Imbalance: 1.048' [0m
			|--[91m 'compact csr: nnz index | Max Time: 36.055 ms | Avg Time: 29.148 ms | Load Imbalance: 1.237' [0m
			|--[91m 'compact csr: select nnz | Max Time: 6.685 ms | Avg Time: 6.504 ms | Load Imbalance: 1.028' [0m
			|--[91m 'compact csr: col map | Max Time: 15.307 ms | Avg Time: 14.199 ms | Load Imbalance: 1.078' [0m
			|--[91m 'compact csr: edge scale | Max Time: 11.917 ms | Avg Time: 11.453 ms | Load Imbalance: 1.041' [0m
			|--[91m 'compact csr: crow | Max Time: 24.960 ms | Avg Time: 23.972 ms | Load Imbalance: 1.041' [0m
			|--[91m 'compact csr: adjt direct | Max Time: 19.194 ms | Avg Time: 18.187 ms | Load Imbalance: 1.055' [0m
		|--[96m 'compact feature slice | Max Time: 3.691 ms | Avg Time: 3.636 ms | Load Imbalance: 1.015' [0m
		|--[96m 'compact label slice | Max Time: 7.103 ms | Avg Time: 6.770 ms | Load Imbalance: 1.049' [0m
	|--[92m 'train step | Max Time: 7071.233 ms | Avg Time: 7062.911 ms | Load Imbalance: 1.001' [0m
		|--[96m 'input_linear | Max Time: 468.750 ms | Avg Time: 446.173 ms | Load Imbalance: 1.051' [0m
			|--[91m 'input_linear X * W | Max Time: 61.736 ms | Avg Time: 47.170 ms | Load Imbalance: 1.309' [0m
			|--[91m 'all-reduce | Max Time: 419.757 ms | Avg Time: 392.359 ms | Load Imbalance: 1.070' [0m
			|--[91m 'OUT + BIAS | Max Time: 6.435 ms | Avg Time: 6.431 ms | Load Imbalance: 1.001' [0m
		|--[96m 'gcn conv fwd | Max Time: 950.903 ms | Avg Time: 910.097 ms | Load Imbalance: 1.045' [0m
			|--[91m 'AGG = A * H | Max Time: 48.424 ms | Avg Time: 40.660 ms | Load Imbalance: 1.191' [0m
			|--[91m 'allreduce H | Max Time: 531.109 ms | Avg Time: 460.211 ms | Load Imbalance: 1.154' [0m
				|--[95m 'allreduce lowp comm dtype | Max Time: 10.998 ms | Avg Time: 10.972 ms | Load Imbalance: 1.002' [0m
				|--[95m 'allreduce lowp | Max Time: 506.803 ms | Avg Time: 435.926 ms | Load Imbalance: 1.163' [0m
				|--[95m 'allreduce copy back | Max Time: 13.162 ms | Avg Time: 13.142 ms | Load Imbalance: 1.001' [0m
			|--[91m 'Allgather W | Max Time: 44.262 ms | Avg Time: 28.079 ms | Load Imbalance: 1.576' [0m
				|--[95m 'gather | Max Time: 44.162 ms | Avg Time: 27.982 ms | Load Imbalance: 1.578' [0m
			|--[91m 'OUT = AGG * W | Max Time: 25.130 ms | Avg Time: 24.179 ms | Load Imbalance: 1.039' [0m
			|--[91m 'allreduce Q | Max Time: 397.519 ms | Avg Time: 356.647 ms | Load Imbalance: 1.115' [0m
				|--[95m 'allreduce lowp comm dtype | Max Time: 11.075 ms | Avg Time: 11.062 ms | Load Imbalance: 1.001' [0m
				|--[95m 'allreduce lowp | Max Time: 373.078 ms | Avg Time: 332.242 ms | Load Imbalance: 1.123' [0m
				|--[95m 'allreduce copy back | Max Time: 13.177 ms | Avg Time: 13.152 ms | Load Imbalance: 1.002' [0m
		|--[96m 'activation | Max Time: 4184.562 ms | Avg Time: 4127.471 ms | Load Imbalance: 1.014' [0m
			|--[91m 'all-reduce | Max Time: 81.420 ms | Avg Time: 34.029 ms | Load Imbalance: 2.393' [0m
		|--[96m 'output_linear | Max Time: 4.833 ms | Avg Time: 4.827 ms | Load Imbalance: 1.001' [0m
			|--[91m 'output_linear X * W | Max Time: 4.557 ms | Avg Time: 4.553 ms | Load Imbalance: 1.001' [0m
			|--[91m 'all-reduce | Max Time: 0.014 ms | Avg Time: 0.014 ms | Load Imbalance: 1.021' [0m
			|--[91m 'OUT + BIAS | Max Time: 0.205 ms | Avg Time: 0.204 ms | Load Imbalance: 1.006' [0m
		|--[96m 'cross entropy fwd | Max Time: 130.237 ms | Avg Time: 113.278 ms | Load Imbalance: 1.150' [0m
		|--[96m 'cross entropy bwd | Max Time: 7.029 ms | Avg Time: 2.637 ms | Load Imbalance: 2.666' [0m
		|--[96m 'linear_3d_bwd | Max Time: 80.331 ms | Avg Time: 72.865 ms | Load Imbalance: 1.102' [0m
			|--[91m 'output_linear GRAD_X | Max Time: 11.074 ms | Avg Time: 7.711 ms | Load Imbalance: 1.436' [0m
			|--[91m 'all-reduce | Max Time: 63.936 ms | Avg Time: 50.691 ms | Load Imbalance: 1.261' [0m
			|--[91m 'output_linear GRAD_W | Max Time: 8.721 ms | Avg Time: 6.310 ms | Load Imbalance: 1.382' [0m
			|--[91m 'input_linear GRAD_W | Max Time: 4.170 ms | Avg Time: 4.146 ms | Load Imbalance: 1.006' [0m
		|--[96m 'gcn conv bwd | Max Time: 585.890 ms | Avg Time: 570.638 ms | Load Imbalance: 1.027' [0m
			|--[91m 'gather | Max Time: 29.363 ms | Avg Time: 10.669 ms | Load Imbalance: 2.752' [0m
			|--[91m 'GRAD_AGG = GRAD_OUT * W.T | Max Time: 24.349 ms | Avg Time: 24.282 ms | Load Imbalance: 1.003' [0m
			|--[91m 'allreduce lowp comm dtype | Max Time: 11.078 ms | Avg Time: 11.063 ms | Load Imbalance: 1.001' [0m
			|--[91m 'allreduce lowp | Max Time: 236.653 ms | Avg Time: 219.236 ms | Load Imbalance: 1.079' [0m
			|--[91m 'allreduce copy back | Max Time: 13.159 ms | Avg Time: 13.138 ms | Load Imbalance: 1.002' [0m
			|--[91m 'GRAD_W = AGG.T * GRAD_OUT | Max Time: 24.650 ms | Avg Time: 24.624 ms | Load Imbalance: 1.001' [0m
			|--[91m 'ReduceScatter grad_weight | Max Time: 9.423 ms | Avg Time: 4.924 ms | Load Imbalance: 1.914' [0m
				|--[95m 'reduce-scatter | Max Time: 9.353 ms | Avg Time: 4.854 ms | Load Imbalance: 1.927' [0m
					|--[92m 'reduce-scatter-dist | Max Time: 9.297 ms | Avg Time: 4.797 ms | Load Imbalance: 1.938' [0m
			|--[91m 'GRAD_H = A.T * GRAD_AGG | Max Time: 33.216 ms | Avg Time: 28.695 ms | Load Imbalance: 1.158' [0m
			|--[91m 'allreduce grad_x | Max Time: 242.641 ms | Avg Time: 233.586 ms | Load Imbalance: 1.039' [0m
				|--[95m 'allreduce lowp comm dtype | Max Time: 10.980 ms | Avg Time: 10.962 ms | Load Imbalance: 1.002' [0m
				|--[95m 'allreduce lowp | Max Time: 218.353 ms | Avg Time: 209.319 ms | Load Imbalance: 1.043' [0m
				|--[95m 'allreduce copy back | Max Time: 13.159 ms | Avg Time: 13.136 ms | Load Imbalance: 1.002' [0m
		|--[96m 'sync_norm_gradients | Max Time: 0.681 ms | Avg Time: 0.591 ms | Load Imbalance: 1.152' [0m
		|--[96m 'sync_data_parallel_gradients | Max Time: 0.014 ms | Avg Time: 0.014 ms | Load Imbalance: 1.025' [0m

|--[95m 'epoch 1 | Max Time: 1441.134 ms | Avg Time: 1441.120 ms | Load Imbalance: 1.000' [0m
	|--[92m 'minibatch prep | Max Time: 130.527 ms | Avg Time: 126.600 ms | Load Imbalance: 1.031' [0m
		|--[96m 'sample nodes | Max Time: 24.071 ms | Avg Time: 24.035 ms | Load Imbalance: 1.002' [0m
		|--[96m 'compact indices | Max Time: 3.875 ms | Avg Time: 3.675 ms | Load Imbalance: 1.054' [0m
		|--[96m 'compact adj shards | Max Time: 98.537 ms | Avg Time: 94.682 ms | Load Imbalance: 1.041' [0m
			|--[91m 'compact layout prep | Max Time: 11.323 ms | Avg Time: 9.717 ms | Load Imbalance: 1.165' [0m
			|--[91m 'compact csr: indices | Max Time: 0.386 ms | Avg Time: 0.370 ms | Load Imbalance: 1.045' [0m
			|--[91m 'compact csr: row ptrs | Max Time: 4.229 ms | Avg Time: 4.169 ms | Load Imbalance: 1.014' [0m
			|--[91m 'compact csr: nnz index | Max Time: 21.373 ms | Avg Time: 20.938 ms | Load Imbalance: 1.021' [0m
			|--[91m 'compact csr: select nnz | Max Time: 6.679 ms | Avg Time: 6.495 ms | Load Imbalance: 1.028' [0m
			|--[91m 'compact csr: col map | Max Time: 14.007 ms | Avg Time: 13.836 ms | Load Imbalance: 1.012' [0m
			|--[91m 'compact csr: edge scale | Max Time: 5.450 ms | Avg Time: 5.349 ms | Load Imbalance: 1.019' [0m
			|--[91m 'compact csr: crow | Max Time: 4.193 ms | Avg Time: 4.116 ms | Load Imbalance: 1.019' [0m
			|--[91m 'compact csr: adjt direct | Max Time: 19.163 ms | Avg Time: 18.090 ms | Load Imbalance: 1.059' [0m
		|--[96m 'compact feature slice | Max Time: 3.246 ms | Avg Time: 3.216 ms | Load Imbalance: 1.009' [0m
		|--[96m 'compact label slice | Max Time: 0.245 ms | Avg Time: 0.244 ms | Load Imbalance: 1.006' [0m
	|--[92m 'train step | Max Time: 1315.939 ms | Avg Time: 1314.208 ms | Load Imbalance: 1.001' [0m
		|--[96m 'input_linear | Max Time: 46.727 ms | Avg Time: 44.754 ms | Load Imbalance: 1.044' [0m
			|--[91m 'input_linear X * W | Max Time: 4.248 ms | Avg Time: 4.244 ms | Load Imbalance: 1.001' [0m
			|--[91m 'all-reduce | Max Time: 35.998 ms | Avg Time: 34.030 ms | Load Imbalance: 1.058' [0m
			|--[91m 'OUT + BIAS | Max Time: 6.431 ms | Avg Time: 6.424 ms | Load Imbalance: 1.001' [0m
		|--[96m 'gcn conv fwd | Max Time: 532.702 ms | Avg Time: 524.760 ms | Load Imbalance: 1.015' [0m
			|--[91m 'AGG = A * H | Max Time: 33.297 ms | Avg Time: 28.767 ms | Load Imbalance: 1.157' [0m
			|--[91m 'allreduce H | Max Time: 241.195 ms | Avg Time: 234.277 ms | Load Imbalance: 1.030' [0m
				|--[95m 'allreduce lowp comm dtype | Max Time: 10.995 ms | Avg Time: 10.965 ms | Load Imbalance: 1.003' [0m
				|--[95m 'allreduce lowp | Max Time: 216.922 ms | Avg Time: 210.004 ms | Load Imbalance: 1.033' [0m
				|--[95m 'allreduce copy back | Max Time: 13.162 ms | Avg Time: 13.137 ms | Load Imbalance: 1.002' [0m
			|--[91m 'Allgather W | Max Time: 11.764 ms | Avg Time: 7.378 ms | Load Imbalance: 1.594' [0m
				|--[95m 'gather | Max Time: 11.694 ms | Avg Time: 7.308 ms | Load Imbalance: 1.600' [0m
			|--[91m 'OUT = AGG * W | Max Time: 23.981 ms | Avg Time: 23.944 ms | Load Imbalance: 1.002' [0m
			|--[91m 'allreduce Q | Max Time: 237.730 ms | Avg Time: 230.138 ms | Load Imbalance: 1.033' [0m
				|--[95m 'allreduce lowp comm dtype | Max Time: 11.072 ms | Avg Time: 11.062 ms | Load Imbalance: 1.001' [0m
				|--[95m 'allreduce lowp | Max Time: 213.354 ms | Avg Time: 205.775 ms | Load Imbalance: 1.037' [0m
				|--[95m 'allreduce copy back | Max Time: 13.148 ms | Avg Time: 13.131 ms | Load Imbalance: 1.001' [0m
		|--[96m 'activation | Max Time: 46.055 ms | Avg Time: 40.192 ms | Load Imbalance: 1.146' [0m
			|--[91m 'all-reduce | Max Time: 18.243 ms | Avg Time: 12.359 ms | Load Imbalance: 1.476' [0m
		|--[96m 'output_linear | Max Time: 4.831 ms | Avg Time: 4.823 ms | Load Imbalance: 1.002' [0m
			|--[91m 'output_linear X * W | Max Time: 4.556 ms | Avg Time: 4.549 ms | Load Imbalance: 1.002' [0m
			|--[91m 'all-reduce | Max Time: 0.015 ms | Avg Time: 0.014 ms | Load Imbalance: 1.044' [0m
			|--[91m 'OUT + BIAS | Max Time: 0.204 ms | Avg Time: 0.203 ms | Load Imbalance: 1.004' [0m
		|--[96m 'cross entropy fwd | Max Time: 7.586 ms | Avg Time: 7.449 ms | Load Imbalance: 1.018' [0m
		|--[96m 'cross entropy bwd | Max Time: 1.066 ms | Avg Time: 0.976 ms | Load Imbalance: 1.092' [0m
		|--[96m 'linear_3d_bwd | Max Time: 50.904 ms | Avg Time: 49.613 ms | Load Imbalance: 1.026' [0m
			|--[91m 'output_linear GRAD_X | Max Time: 3.638 ms | Avg Time: 3.483 ms | Load Imbalance: 1.045' [0m
			|--[91m 'all-reduce | Max Time: 35.473 ms | Avg Time: 34.077 ms | Load Imbalance: 1.041' [0m
			|--[91m 'output_linear GRAD_W | Max Time: 4.076 ms | Avg Time: 4.060 ms | Load Imbalance: 1.004' [0m
			|--[91m 'input_linear GRAD_W | Max Time: 4.100 ms | Avg Time: 4.074 ms | Load Imbalance: 1.006' [0m
		|--[96m 'gcn conv bwd | Max Time: 558.145 ms | Avg Time: 557.750 ms | Load Imbalance: 1.001' [0m
			|--[91m 'gather | Max Time: 0.929 ms | Avg Time: 0.748 ms | Load Imbalance: 1.241' [0m
			|--[91m 'GRAD_AGG = GRAD_OUT * W.T | Max Time: 24.276 ms | Avg Time: 24.254 ms | Load Imbalance: 1.001' [0m
			|--[91m 'allreduce lowp comm dtype | Max Time: 11.072 ms | Avg Time: 11.064 ms | Load Imbalance: 1.001' [0m
			|--[91m 'allreduce lowp | Max Time: 215.520 ms | Avg Time: 211.902 ms | Load Imbalance: 1.017' [0m
			|--[91m 'allreduce copy back | Max Time: 13.160 ms | Avg Time: 13.138 ms | Load Imbalance: 1.002' [0m
			|--[91m 'GRAD_W = AGG.T * GRAD_OUT | Max Time: 24.662 ms | Avg Time: 24.613 ms | Load Imbalance: 1.002' [0m
			|--[91m 'ReduceScatter grad_weight | Max Time: 12.094 ms | Avg Time: 6.781 ms | Load Imbalance: 1.783' [0m
				|--[95m 'reduce-scatter | Max Time: 12.023 ms | Avg Time: 6.711 ms | Load Imbalance: 1.792' [0m
					|--[92m 'reduce-scatter-dist | Max Time: 11.966 ms | Avg Time: 6.655 ms | Load Imbalance: 1.798' [0m
			|--[91m 'GRAD_H = A.T * GRAD_AGG | Max Time: 33.206 ms | Avg Time: 28.697 ms | Load Imbalance: 1.157' [0m
			|--[91m 'allreduce grad_x | Max Time: 243.372 ms | Avg Time: 236.142 ms | Load Imbalance: 1.031' [0m
				|--[95m 'allreduce lowp comm dtype | Max Time: 10.981 ms | Avg Time: 10.962 ms | Load Imbalance: 1.002' [0m
				|--[95m 'allreduce lowp | Max Time: 219.086 ms | Avg Time: 211.874 ms | Load Imbalance: 1.034' [0m
				|--[95m 'allreduce copy back | Max Time: 13.151 ms | Avg Time: 13.135 ms | Load Imbalance: 1.001' [0m
		|--[96m 'sync_norm_gradients | Max Time: 0.507 ms | Avg Time: 0.476 ms | Load Imbalance: 1.065' [0m
		|--[96m 'sync_data_parallel_gradients | Max Time: 0.014 ms | Avg Time: 0.014 ms | Load Imbalance: 1.024' [0m

|--[95m 'epoch 2 | Max Time: 1434.940 ms | Avg Time: 1434.925 ms | Load Imbalance: 1.000' [0m
	|--[92m 'minibatch prep | Max Time: 130.274 ms | Avg Time: 126.454 ms | Load Imbalance: 1.030' [0m
		|--[96m 'sample nodes | Max Time: 24.090 ms | Avg Time: 24.033 ms | Load Imbalance: 1.002' [0m
		|--[96m 'compact indices | Max Time: 3.796 ms | Avg Time: 3.678 ms | Load Imbalance: 1.032' [0m
		|--[96m 'compact adj shards | Max Time: 98.272 ms | Avg Time: 94.529 ms | Load Imbalance: 1.040' [0m
			|--[91m 'compact layout prep | Max Time: 11.381 ms | Avg Time: 9.751 ms | Load Imbalance: 1.167' [0m
			|--[91m 'compact csr: indices | Max Time: 0.396 ms | Avg Time: 0.371 ms | Load Imbalance: 1.068' [0m
			|--[91m 'compact csr: row ptrs | Max Time: 4.208 ms | Avg Time: 4.169 ms | Load Imbalance: 1.009' [0m
			|--[91m 'compact csr: nnz index | Max Time: 21.369 ms | Avg Time: 20.928 ms | Load Imbalance: 1.021' [0m
			|--[91m 'compact csr: select nnz | Max Time: 6.688 ms | Avg Time: 6.491 ms | Load Imbalance: 1.030' [0m
			|--[91m 'compact csr: col map | Max Time: 14.016 ms | Avg Time: 13.836 ms | Load Imbalance: 1.013' [0m
			|--[91m 'compact csr: edge scale | Max Time: 5.363 ms | Avg Time: 5.287 ms | Load Imbalance: 1.014' [0m
			|--[91m 'compact csr: crow | Max Time: 4.187 ms | Avg Time: 4.078 ms | Load Imbalance: 1.027' [0m
			|--[91m 'compact csr: adjt direct | Max Time: 19.118 ms | Avg Time: 18.060 ms | Load Imbalance: 1.059' [0m
		|--[96m 'compact feature slice | Max Time: 3.272 ms | Avg Time: 3.226 ms | Load Imbalance: 1.014' [0m
		|--[96m 'compact label slice | Max Time: 0.246 ms | Avg Time: 0.244 ms | Load Imbalance: 1.008' [0m
	|--[92m 'train step | Max Time: 1309.912 ms | Avg Time: 1308.165 ms | Load Imbalance: 1.001' [0m
		|--[96m 'input_linear | Max Time: 46.709 ms | Avg Time: 44.874 ms | Load Imbalance: 1.041' [0m
			|--[91m 'input_linear X * W | Max Time: 4.247 ms | Avg Time: 4.244 ms | Load Imbalance: 1.001' [0m
			|--[91m 'all-reduce | Max Time: 35.982 ms | Avg Time: 34.150 ms | Load Imbalance: 1.054' [0m
			|--[91m 'OUT + BIAS | Max Time: 6.431 ms | Avg Time: 6.424 ms | Load Imbalance: 1.001' [0m
		|--[96m 'gcn conv fwd | Max Time: 528.147 ms | Avg Time: 523.260 ms | Load Imbalance: 1.009' [0m
			|--[91m 'AGG = A * H | Max Time: 33.297 ms | Avg Time: 28.767 ms | Load Imbalance: 1.157' [0m
			|--[91m 'allreduce H | Max Time: 239.573 ms | Avg Time: 232.487 ms | Load Imbalance: 1.030' [0m
				|--[95m 'allreduce lowp comm dtype | Max Time: 10.997 ms | Avg Time: 10.968 ms | Load Imbalance: 1.003' [0m
				|--[95m 'allreduce lowp | Max Time: 215.301 ms | Avg Time: 208.213 ms | Load Imbalance: 1.034' [0m
				|--[95m 'allreduce copy back | Max Time: 13.152 ms | Avg Time: 13.136 ms | Load Imbalance: 1.001' [0m
			|--[91m 'Allgather W | Max Time: 15.018 ms | Avg Time: 9.240 ms | Load Imbalance: 1.625' [0m
				|--[95m 'gather | Max Time: 14.948 ms | Avg Time: 9.170 ms | Load Imbalance: 1.630' [0m
			|--[91m 'OUT = AGG * W | Max Time: 23.979 ms | Avg Time: 23.953 ms | Load Imbalance: 1.001' [0m
			|--[91m 'allreduce Q | Max Time: 233.308 ms | Avg Time: 228.557 ms | Load Imbalance: 1.021' [0m
				|--[95m 'allreduce lowp comm dtype | Max Time: 11.073 ms | Avg Time: 11.064 ms | Load Imbalance: 1.001' [0m
				|--[95m 'allreduce lowp | Max Time: 208.928 ms | Avg Time: 204.191 ms | Load Imbalance: 1.023' [0m
				|--[95m 'allreduce copy back | Max Time: 13.154 ms | Avg Time: 13.132 ms | Load Imbalance: 1.002' [0m
		|--[96m 'activation | Max Time: 44.869 ms | Avg Time: 37.010 ms | Load Imbalance: 1.212' [0m
			|--[91m 'all-reduce | Max Time: 17.032 ms | Avg Time: 9.181 ms | Load Imbalance: 1.855' [0m
		|--[96m 'output_linear | Max Time: 4.826 ms | Avg Time: 4.822 ms | Load Imbalance: 1.001' [0m
			|--[91m 'output_linear X * W | Max Time: 4.553 ms | Avg Time: 4.549 ms | Load Imbalance: 1.001' [0m
			|--[91m 'all-reduce | Max Time: 0.014 ms | Avg Time: 0.014 ms | Load Imbalance: 1.022' [0m
			|--[91m 'OUT + BIAS | Max Time: 0.204 ms | Avg Time: 0.203 ms | Load Imbalance: 1.005' [0m
		|--[96m 'cross entropy fwd | Max Time: 7.826 ms | Avg Time: 7.743 ms | Load Imbalance: 1.011' [0m
		|--[96m 'cross entropy bwd | Max Time: 1.047 ms | Avg Time: 0.963 ms | Load Imbalance: 1.088' [0m
		|--[96m 'linear_3d_bwd | Max Time: 51.189 ms | Avg Time: 49.765 ms | Load Imbalance: 1.029' [0m
			|--[91m 'output_linear GRAD_X | Max Time: 3.653 ms | Avg Time: 3.472 ms | Load Imbalance: 1.052' [0m
			|--[91m 'all-reduce | Max Time: 35.828 ms | Avg Time: 34.236 ms | Load Imbalance: 1.047' [0m
			|--[91m 'output_linear GRAD_W | Max Time: 4.075 ms | Avg Time: 4.064 ms | Load Imbalance: 1.003' [0m
			|--[91m 'input_linear GRAD_W | Max Time: 4.096 ms | Avg Time: 4.075 ms | Load Imbalance: 1.005' [0m
		|--[96m 'gcn conv bwd | Max Time: 556.210 ms | Avg Time: 555.860 ms | Load Imbalance: 1.001' [0m
			|--[91m 'gather | Max Time: 0.854 ms | Avg Time: 0.708 ms | Load Imbalance: 1.205' [0m
			|--[91m 'GRAD_AGG = GRAD_OUT * W.T | Max Time: 24.280 ms | Avg Time: 24.250 ms | Load Imbalance: 1.001' [0m
			|--[91m 'allreduce lowp comm dtype | Max Time: 11.072 ms | Avg Time: 11.063 ms | Load Imbalance: 1.001' [0m
			|--[91m 'allreduce lowp | Max Time: 214.473 ms | Avg Time: 211.755 ms | Load Imbalance: 1.013' [0m
			|--[91m 'allreduce copy back | Max Time: 13.156 ms | Avg Time: 13.138 ms | Load Imbalance: 1.001' [0m
			|--[91m 'GRAD_W = AGG.T * GRAD_OUT | Max Time: 24.654 ms | Avg Time: 24.614 ms | Load Imbalance: 1.002' [0m
			|--[91m 'ReduceScatter grad_weight | Max Time: 13.915 ms | Avg Time: 7.613 ms | Load Imbalance: 1.828' [0m
				|--[95m 'reduce-scatter | Max Time: 13.844 ms | Avg Time: 7.542 ms | Load Imbalance: 1.836' [0m
					|--[92m 'reduce-scatter-dist | Max Time: 13.787 ms | Avg Time: 7.486 ms | Load Imbalance: 1.842' [0m
			|--[91m 'GRAD_H = A.T * GRAD_AGG | Max Time: 33.216 ms | Avg Time: 28.698 ms | Load Imbalance: 1.157' [0m
			|--[91m 'allreduce grad_x | Max Time: 241.918 ms | Avg Time: 233.610 ms | Load Imbalance: 1.036' [0m
				|--[95m 'allreduce lowp comm dtype | Max Time: 10.982 ms | Avg Time: 10.963 ms | Load Imbalance: 1.002' [0m
				|--[95m 'allreduce lowp | Max Time: 217.638 ms | Avg Time: 209.339 ms | Load Imbalance: 1.040' [0m
				|--[95m 'allreduce copy back | Max Time: 13.159 ms | Avg Time: 13.138 ms | Load Imbalance: 1.002' [0m
		|--[96m 'sync_norm_gradients | Max Time: 0.566 ms | Avg Time: 0.500 ms | Load Imbalance: 1.132' [0m
		|--[96m 'sync_data_parallel_gradients | Max Time: 0.014 ms | Avg Time: 0.014 ms | Load Imbalance: 1.012' [0m

|--[95m 'epoch 3 | Max Time: 1435.752 ms | Avg Time: 1435.735 ms | Load Imbalance: 1.000' [0m
	|--[92m 'minibatch prep | Max Time: 130.521 ms | Avg Time: 126.857 ms | Load Imbalance: 1.029' [0m
		|--[96m 'sample nodes | Max Time: 24.087 ms | Avg Time: 24.032 ms | Load Imbalance: 1.002' [0m
		|--[96m 'compact indices | Max Time: 3.794 ms | Avg Time: 3.647 ms | Load Imbalance: 1.040' [0m
		|--[96m 'compact adj shards | Max Time: 98.458 ms | Avg Time: 94.866 ms | Load Imbalance: 1.038' [0m
			|--[91m 'compact layout prep | Max Time: 11.311 ms | Avg Time: 9.712 ms | Load Imbalance: 1.165' [0m
			|--[91m 'compact csr: indices | Max Time: 0.386 ms | Avg Time: 0.370 ms | Load Imbalance: 1.042' [0m
			|--[91m 'compact csr: row ptrs | Max Time: 4.206 ms | Avg Time: 4.173 ms | Load Imbalance: 1.008' [0m
			|--[91m 'compact csr: nnz index | Max Time: 21.363 ms | Avg Time: 20.939 ms | Load Imbalance: 1.020' [0m
			|--[91m 'compact csr: select nnz | Max Time: 6.673 ms | Avg Time: 6.488 ms | Load Imbalance: 1.029' [0m
			|--[91m 'compact csr: col map | Max Time: 14.000 ms | Avg Time: 13.831 ms | Load Imbalance: 1.012' [0m
			|--[91m 'compact csr: edge scale | Max Time: 5.563 ms | Avg Time: 5.452 ms | Load Imbalance: 1.020' [0m
			|--[91m 'compact csr: crow | Max Time: 4.210 ms | Avg Time: 4.107 ms | Load Imbalance: 1.025' [0m
			|--[91m 'compact csr: adjt direct | Max Time: 19.124 ms | Avg Time: 18.075 ms | Load Imbalance: 1.058' [0m
		|--[96m 'compact feature slice | Max Time: 3.247 ms | Avg Time: 3.217 ms | Load Imbalance: 1.009' [0m
		|--[96m 'compact label slice | Max Time: 0.245 ms | Avg Time: 0.244 ms | Load Imbalance: 1.005' [0m
	|--[92m 'train step | Max Time: 1310.335 ms | Avg Time: 1308.570 ms | Load Imbalance: 1.001' [0m
		|--[96m 'input_linear | Max Time: 47.865 ms | Avg Time: 45.041 ms | Load Imbalance: 1.063' [0m
			|--[91m 'input_linear X * W | Max Time: 4.317 ms | Avg Time: 4.248 ms | Load Imbalance: 1.016' [0m
			|--[91m 'all-reduce | Max Time: 37.149 ms | Avg Time: 34.305 ms | Load Imbalance: 1.083' [0m
			|--[91m 'OUT + BIAS | Max Time: 6.433 ms | Avg Time: 6.426 ms | Load Imbalance: 1.001' [0m
		|--[96m 'gcn conv fwd | Max Time: 531.445 ms | Avg Time: 523.806 ms | Load Imbalance: 1.015' [0m
			|--[91m 'AGG = A * H | Max Time: 33.311 ms | Avg Time: 28.766 ms | Load Imbalance: 1.158' [0m
			|--[91m 'allreduce H | Max Time: 243.680 ms | Avg Time: 235.387 ms | Load Imbalance: 1.035' [0m
				|--[95m 'allreduce lowp comm dtype | Max Time: 10.995 ms | Avg Time: 10.959 ms | Load Imbalance: 1.003' [0m
				|--[95m 'allreduce lowp | Max Time: 219.432 ms | Avg Time: 211.122 ms | Load Imbalance: 1.039' [0m
				|--[95m 'allreduce copy back | Max Time: 13.157 ms | Avg Time: 13.136 ms | Load Imbalance: 1.002' [0m
			|--[91m 'Allgather W | Max Time: 13.592 ms | Avg Time: 7.874 ms | Load Imbalance: 1.726' [0m
				|--[95m 'gather | Max Time: 13.521 ms | Avg Time: 7.803 ms | Load Imbalance: 1.733' [0m
			|--[91m 'OUT = AGG * W | Max Time: 23.974 ms | Avg Time: 23.945 ms | Load Imbalance: 1.001' [0m
			|--[91m 'allreduce Q | Max Time: 234.946 ms | Avg Time: 227.580 ms | Load Imbalance: 1.032' [0m
				|--[95m 'allreduce lowp comm dtype | Max Time: 11.069 ms | Avg Time: 11.058 ms | Load Imbalance: 1.001' [0m
				|--[95m 'allreduce lowp | Max Time: 210.591 ms | Avg Time: 203.221 ms | Load Imbalance: 1.036' [0m
				|--[95m 'allreduce copy back | Max Time: 13.149 ms | Avg Time: 13.131 ms | Load Imbalance: 1.001' [0m
		|--[96m 'activation | Max Time: 45.882 ms | Avg Time: 39.168 ms | Load Imbalance: 1.171' [0m
			|--[91m 'all-reduce | Max Time: 18.059 ms | Avg Time: 11.341 ms | Load Imbalance: 1.592' [0m
		|--[96m 'output_linear | Max Time: 4.827 ms | Avg Time: 4.823 ms | Load Imbalance: 1.001' [0m
			|--[91m 'output_linear X * W | Max Time: 4.552 ms | Avg Time: 4.549 ms | Load Imbalance: 1.001' [0m
			|--[91m 'all-reduce | Max Time: 0.014 ms | Avg Time: 0.014 ms | Load Imbalance: 1.015' [0m
			|--[91m 'OUT + BIAS | Max Time: 0.205 ms | Avg Time: 0.203 ms | Load Imbalance: 1.007' [0m
		|--[96m 'cross entropy fwd | Max Time: 7.899 ms | Avg Time: 7.679 ms | Load Imbalance: 1.029' [0m
		|--[96m 'cross entropy bwd | Max Time: 1.061 ms | Avg Time: 0.963 ms | Load Imbalance: 1.103' [0m
		|--[96m 'linear_3d_bwd | Max Time: 49.652 ms | Avg Time: 48.998 ms | Load Imbalance: 1.013' [0m
			|--[91m 'output_linear GRAD_X | Max Time: 3.647 ms | Avg Time: 3.472 ms | Load Imbalance: 1.051' [0m
			|--[91m 'all-reduce | Max Time: 34.280 ms | Avg Time: 33.461 ms | Load Imbalance: 1.024' [0m
			|--[91m 'output_linear GRAD_W | Max Time: 4.075 ms | Avg Time: 4.060 ms | Load Imbalance: 1.004' [0m
			|--[91m 'input_linear GRAD_W | Max Time: 4.096 ms | Avg Time: 4.080 ms | Load Imbalance: 1.004' [0m
		|--[96m 'gcn conv bwd | Max Time: 555.080 ms | Avg Time: 554.735 ms | Load Imbalance: 1.001' [0m
			|--[91m 'gather | Max Time: 0.916 ms | Avg Time: 0.724 ms | Load Imbalance: 1.264' [0m
			|--[91m 'GRAD_AGG = GRAD_OUT * W.T | Max Time: 24.275 ms | Avg Time: 24.256 ms | Load Imbalance: 1.001' [0m
			|--[91m 'allreduce lowp comm dtype | Max Time: 11.080 ms | Avg Time: 11.061 ms | Load Imbalance: 1.002' [0m
			|--[91m 'allreduce lowp | Max Time: 213.039 ms | Avg Time: 210.898 ms | Load Imbalance: 1.010' [0m
			|--[91m 'allreduce copy back | Max Time: 13.156 ms | Avg Time: 13.139 ms | Load Imbalance: 1.001' [0m
			|--[91m 'GRAD_W = AGG.T * GRAD_OUT | Max Time: 24.659 ms | Avg Time: 24.618 ms | Load Imbalance: 1.002' [0m
			|--[91m 'ReduceScatter grad_weight | Max Time: 10.263 ms | Avg Time: 6.319 ms | Load Imbalance: 1.624' [0m
				|--[95m 'reduce-scatter | Max Time: 10.193 ms | Avg Time: 6.249 ms | Load Imbalance: 1.631' [0m
					|--[92m 'reduce-scatter-dist | Max Time: 10.136 ms | Avg Time: 6.192 ms | Load Imbalance: 1.637' [0m
			|--[91m 'GRAD_H = A.T * GRAD_AGG | Max Time: 33.207 ms | Avg Time: 28.696 ms | Load Imbalance: 1.157' [0m
			|--[91m 'allreduce grad_x | Max Time: 241.607 ms | Avg Time: 234.614 ms | Load Imbalance: 1.030' [0m
				|--[95m 'allreduce lowp comm dtype | Max Time: 10.982 ms | Avg Time: 10.957 ms | Load Imbalance: 1.002' [0m
				|--[95m 'allreduce lowp | Max Time: 217.302 ms | Avg Time: 210.350 ms | Load Imbalance: 1.033' [0m
				|--[95m 'allreduce copy back | Max Time: 13.160 ms | Avg Time: 13.137 ms | Load Imbalance: 1.002' [0m
		|--[96m 'sync_norm_gradients | Max Time: 0.499 ms | Avg Time: 0.463 ms | Load Imbalance: 1.078' [0m
		|--[96m 'sync_data_parallel_gradients | Max Time: 0.015 ms | Avg Time: 0.014 ms | Load Imbalance: 1.042' [0m

|--[95m 'epoch 4 | Max Time: 1438.844 ms | Avg Time: 1438.819 ms | Load Imbalance: 1.000' [0m
	|--[92m 'minibatch prep | Max Time: 130.658 ms | Avg Time: 126.526 ms | Load Imbalance: 1.033' [0m
		|--[96m 'sample nodes | Max Time: 24.073 ms | Avg Time: 24.033 ms | Load Imbalance: 1.002' [0m
		|--[96m 'compact indices | Max Time: 3.822 ms | Avg Time: 3.703 ms | Load Imbalance: 1.032' [0m
		|--[96m 'compact adj shards | Max Time: 98.659 ms | Avg Time: 94.585 ms | Load Imbalance: 1.043' [0m
			|--[91m 'compact layout prep | Max Time: 11.480 ms | Avg Time: 9.722 ms | Load Imbalance: 1.181' [0m
			|--[91m 'compact csr: indices | Max Time: 0.404 ms | Avg Time: 0.381 ms | Load Imbalance: 1.059' [0m
			|--[91m 'compact csr: row ptrs | Max Time: 4.219 ms | Avg Time: 4.170 ms | Load Imbalance: 1.012' [0m
			|--[91m 'compact csr: nnz index | Max Time: 21.357 ms | Avg Time: 20.912 ms | Load Imbalance: 1.021' [0m
			|--[91m 'compact csr: select nnz | Max Time: 6.662 ms | Avg Time: 6.487 ms | Load Imbalance: 1.027' [0m
			|--[91m 'compact csr: col map | Max Time: 14.001 ms | Avg Time: 13.823 ms | Load Imbalance: 1.013' [0m
			|--[91m 'compact csr: edge scale | Max Time: 5.449 ms | Avg Time: 5.326 ms | Load Imbalance: 1.023' [0m
			|--[91m 'compact csr: crow | Max Time: 4.213 ms | Avg Time: 4.099 ms | Load Imbalance: 1.028' [0m
			|--[91m 'compact csr: adjt direct | Max Time: 19.191 ms | Avg Time: 18.082 ms | Load Imbalance: 1.061' [0m
		|--[96m 'compact feature slice | Max Time: 3.235 ms | Avg Time: 3.215 ms | Load Imbalance: 1.006' [0m
		|--[96m 'compact label slice | Max Time: 0.246 ms | Avg Time: 0.244 ms | Load Imbalance: 1.008' [0m
	|--[92m 'train step | Max Time: 1313.796 ms | Avg Time: 1311.983 ms | Load Imbalance: 1.001' [0m
		|--[96m 'input_linear | Max Time: 46.700 ms | Avg Time: 44.779 ms | Load Imbalance: 1.043' [0m
			|--[91m 'input_linear X * W | Max Time: 4.247 ms | Avg Time: 4.244 ms | Load Imbalance: 1.001' [0m
			|--[91m 'all-reduce | Max Time: 35.970 ms | Avg Time: 34.056 ms | Load Imbalance: 1.056' [0m
			|--[91m 'OUT + BIAS | Max Time: 6.430 ms | Avg Time: 6.423 ms | Load Imbalance: 1.001' [0m
		|--[96m 'gcn conv fwd | Max Time: 532.777 ms | Avg Time: 523.902 ms | Load Imbalance: 1.017' [0m
			|--[91m 'AGG = A * H | Max Time: 33.309 ms | Avg Time: 28.745 ms | Load Imbalance: 1.159' [0m
			|--[91m 'allreduce H | Max Time: 239.248 ms | Avg Time: 233.306 ms | Load Imbalance: 1.025' [0m
				|--[95m 'allreduce lowp comm dtype | Max Time: 10.995 ms | Avg Time: 10.962 ms | Load Imbalance: 1.003' [0m
				|--[95m 'allreduce lowp | Max Time: 215.005 ms | Avg Time: 209.038 ms | Load Imbalance: 1.029' [0m
				|--[95m 'allreduce copy back | Max Time: 13.151 ms | Avg Time: 13.136 ms | Load Imbalance: 1.001' [0m
			|--[91m 'Allgather W | Max Time: 12.914 ms | Avg Time: 7.775 ms | Load Imbalance: 1.661' [0m
				|--[95m 'gather | Max Time: 12.843 ms | Avg Time: 7.705 ms | Load Imbalance: 1.667' [0m
			|--[91m 'OUT = AGG * W | Max Time: 23.970 ms | Avg Time: 23.944 ms | Load Imbalance: 1.001' [0m
			|--[91m 'allreduce Q | Max Time: 238.094 ms | Avg Time: 229.877 ms | Load Imbalance: 1.036' [0m
				|--[95m 'allreduce lowp comm dtype | Max Time: 11.077 ms | Avg Time: 11.059 ms | Load Imbalance: 1.002' [0m
				|--[95m 'allreduce lowp | Max Time: 213.699 ms | Avg Time: 205.516 ms | Load Imbalance: 1.040' [0m
				|--[95m 'allreduce copy back | Max Time: 13.146 ms | Avg Time: 13.132 ms | Load Imbalance: 1.001' [0m
		|--[96m 'activation | Max Time: 45.023 ms | Avg Time: 39.029 ms | Load Imbalance: 1.154' [0m
			|--[91m 'all-reduce | Max Time: 17.176 ms | Avg Time: 11.199 ms | Load Imbalance: 1.534' [0m
		|--[96m 'output_linear | Max Time: 4.831 ms | Avg Time: 4.822 ms | Load Imbalance: 1.002' [0m
			|--[91m 'output_linear X * W | Max Time: 4.558 ms | Avg Time: 4.548 ms | Load Imbalance: 1.002' [0m
			|--[91m 'all-reduce | Max Time: 0.014 ms | Avg Time: 0.014 ms | Load Imbalance: 1.022' [0m
			|--[91m 'OUT + BIAS | Max Time: 0.204 ms | Avg Time: 0.203 ms | Load Imbalance: 1.004' [0m
		|--[96m 'cross entropy fwd | Max Time: 7.514 ms | Avg Time: 7.385 ms | Load Imbalance: 1.017' [0m
		|--[96m 'cross entropy bwd | Max Time: 1.064 ms | Avg Time: 0.982 ms | Load Imbalance: 1.084' [0m
		|--[96m 'linear_3d_bwd | Max Time: 50.406 ms | Avg Time: 49.182 ms | Load Imbalance: 1.025' [0m
			|--[91m 'output_linear GRAD_X | Max Time: 3.654 ms | Avg Time: 3.487 ms | Load Imbalance: 1.048' [0m
			|--[91m 'all-reduce | Max Time: 34.976 ms | Avg Time: 33.635 ms | Load Imbalance: 1.040' [0m
			|--[91m 'output_linear GRAD_W | Max Time: 4.072 ms | Avg Time: 4.060 ms | Load Imbalance: 1.003' [0m
			|--[91m 'input_linear GRAD_W | Max Time: 4.103 ms | Avg Time: 4.074 ms | Load Imbalance: 1.007' [0m
		|--[96m 'gcn conv bwd | Max Time: 558.805 ms | Avg Time: 558.137 ms | Load Imbalance: 1.001' [0m
			|--[91m 'gather | Max Time: 0.991 ms | Avg Time: 0.718 ms | Load Imbalance: 1.379' [0m
			|--[91m 'GRAD_AGG = GRAD_OUT * W.T | Max Time: 24.271 ms | Avg Time: 24.253 ms | Load Imbalance: 1.001' [0m
			|--[91m 'allreduce lowp comm dtype | Max Time: 11.083 ms | Avg Time: 11.059 ms | Load Imbalance: 1.002' [0m
			|--[91m 'allreduce lowp | Max Time: 218.639 ms | Avg Time: 215.064 ms | Load Imbalance: 1.017' [0m
			|--[91m 'allreduce copy back | Max Time: 13.156 ms | Avg Time: 13.139 ms | Load Imbalance: 1.001' [0m
			|--[91m 'GRAD_W = AGG.T * GRAD_OUT | Max Time: 24.654 ms | Avg Time: 24.608 ms | Load Imbalance: 1.002' [0m
			|--[91m 'ReduceScatter grad_weight | Max Time: 13.220 ms | Avg Time: 6.967 ms | Load Imbalance: 1.898' [0m
				|--[95m 'reduce-scatter | Max Time: 13.150 ms | Avg Time: 6.896 ms | Load Imbalance: 1.907' [0m
					|--[92m 'reduce-scatter-dist | Max Time: 13.094 ms | Avg Time: 6.840 ms | Load Imbalance: 1.914' [0m
			|--[91m 'GRAD_H = A.T * GRAD_AGG | Max Time: 33.204 ms | Avg Time: 28.673 ms | Load Imbalance: 1.158' [0m
			|--[91m 'allreduce grad_x | Max Time: 243.340 ms | Avg Time: 233.244 ms | Load Imbalance: 1.043' [0m
				|--[95m 'allreduce lowp comm dtype | Max Time: 10.985 ms | Avg Time: 10.958 ms | Load Imbalance: 1.002' [0m
				|--[95m 'allreduce lowp | Max Time: 219.103 ms | Avg Time: 208.978 ms | Load Imbalance: 1.048' [0m
				|--[95m 'allreduce copy back | Max Time: 13.161 ms | Avg Time: 13.138 ms | Load Imbalance: 1.002' [0m
		|--[96m 'sync_norm_gradients | Max Time: 0.615 ms | Avg Time: 0.518 ms | Load Imbalance: 1.187' [0m
		|--[96m 'sync_data_parallel_gradients | Max Time: 0.015 ms | Avg Time: 0.014 ms | Load Imbalance: 1.038' [0m

|--[95m 'epoch 5 | Max Time: 1433.301 ms | Avg Time: 1433.291 ms | Load Imbalance: 1.000' [0m
	|--[92m 'minibatch prep | Max Time: 130.804 ms | Avg Time: 126.904 ms | Load Imbalance: 1.031' [0m
		|--[96m 'sample nodes | Max Time: 24.064 ms | Avg Time: 24.020 ms | Load Imbalance: 1.002' [0m
		|--[96m 'compact indices | Max Time: 3.893 ms | Avg Time: 3.718 ms | Load Imbalance: 1.047' [0m
		|--[96m 'compact adj shards | Max Time: 98.678 ms | Avg Time: 94.948 ms | Load Imbalance: 1.039' [0m
			|--[91m 'compact layout prep | Max Time: 11.394 ms | Avg Time: 9.863 ms | Load Imbalance: 1.155' [0m
			|--[91m 'compact csr: indices | Max Time: 0.398 ms | Avg Time: 0.378 ms | Load Imbalance: 1.053' [0m
			|--[91m 'compact csr: row ptrs | Max Time: 4.219 ms | Avg Time: 4.180 ms | Load Imbalance: 1.009' [0m
			|--[91m 'compact csr: nnz index | Max Time: 21.365 ms | Avg Time: 20.965 ms | Load Imbalance: 1.019' [0m
			|--[91m 'compact csr: select nnz | Max Time: 6.662 ms | Avg Time: 6.499 ms | Load Imbalance: 1.025' [0m
			|--[91m 'compact csr: col map | Max Time: 14.018 ms | Avg Time: 13.853 ms | Load Imbalance: 1.012' [0m
			|--[91m 'compact csr: edge scale | Max Time: 5.441 ms | Avg Time: 5.354 ms | Load Imbalance: 1.016' [0m
			|--[91m 'compact csr: crow | Max Time: 4.271 ms | Avg Time: 4.116 ms | Load Imbalance: 1.038' [0m
			|--[91m 'compact csr: adjt direct | Max Time: 19.150 ms | Avg Time: 18.124 ms | Load Imbalance: 1.057' [0m
		|--[96m 'compact feature slice | Max Time: 3.253 ms | Avg Time: 3.223 ms | Load Imbalance: 1.009' [0m
		|--[96m 'compact label slice | Max Time: 0.246 ms | Avg Time: 0.244 ms | Load Imbalance: 1.006' [0m
	|--[92m 'train step | Max Time: 1307.944 ms | Avg Time: 1306.078 ms | Load Imbalance: 1.001' [0m
		|--[96m 'input_linear | Max Time: 47.767 ms | Avg Time: 45.002 ms | Load Imbalance: 1.061' [0m
			|--[91m 'input_linear X * W | Max Time: 4.248 ms | Avg Time: 4.243 ms | Load Imbalance: 1.001' [0m
			|--[91m 'all-reduce | Max Time: 37.045 ms | Avg Time: 34.277 ms | Load Imbalance: 1.081' [0m
			|--[91m 'OUT + BIAS | Max Time: 6.433 ms | Avg Time: 6.425 ms | Load Imbalance: 1.001' [0m
		|--[96m 'gcn conv fwd | Max Time: 528.509 ms | Avg Time: 523.414 ms | Load Imbalance: 1.010' [0m
			|--[91m 'AGG = A * H | Max Time: 33.314 ms | Avg Time: 28.783 ms | Load Imbalance: 1.157' [0m
			|--[91m 'allreduce H | Max Time: 242.347 ms | Avg Time: 234.921 ms | Load Imbalance: 1.032' [0m
				|--[95m 'allreduce lowp comm dtype | Max Time: 10.994 ms | Avg Time: 10.962 ms | Load Imbalance: 1.003' [0m
				|--[95m 'allreduce lowp | Max Time: 218.090 ms | Avg Time: 210.653 ms | Load Imbalance: 1.035' [0m
				|--[95m 'allreduce copy back | Max Time: 13.152 ms | Avg Time: 13.136 ms | Load Imbalance: 1.001' [0m
			|--[91m 'Allgather W | Max Time: 11.208 ms | Avg Time: 6.433 ms | Load Imbalance: 1.742' [0m
				|--[95m 'gather | Max Time: 11.138 ms | Avg Time: 6.362 ms | Load Imbalance: 1.751' [0m
			|--[91m 'OUT = AGG * W | Max Time: 23.992 ms | Avg Time: 23.953 ms | Load Imbalance: 1.002' [0m
			|--[91m 'allreduce Q | Max Time: 233.554 ms | Avg Time: 229.068 ms | Load Imbalance: 1.020' [0m
				|--[95m 'allreduce lowp comm dtype | Max Time: 11.073 ms | Avg Time: 11.059 ms | Load Imbalance: 1.001' [0m
				|--[95m 'allreduce lowp | Max Time: 209.168 ms | Avg Time: 204.707 ms | Load Imbalance: 1.022' [0m
				|--[95m 'allreduce copy back | Max Time: 13.148 ms | Avg Time: 13.132 ms | Load Imbalance: 1.001' [0m
		|--[96m 'activation | Max Time: 40.622 ms | Avg Time: 36.247 ms | Load Imbalance: 1.121' [0m
			|--[91m 'all-reduce | Max Time: 12.816 ms | Avg Time: 8.421 ms | Load Imbalance: 1.522' [0m
		|--[96m 'output_linear | Max Time: 4.830 ms | Avg Time: 4.823 ms | Load Imbalance: 1.001' [0m
			|--[91m 'output_linear X * W | Max Time: 4.557 ms | Avg Time: 4.549 ms | Load Imbalance: 1.002' [0m
			|--[91m 'all-reduce | Max Time: 0.014 ms | Avg Time: 0.014 ms | Load Imbalance: 1.030' [0m
			|--[91m 'OUT + BIAS | Max Time: 0.204 ms | Avg Time: 0.203 ms | Load Imbalance: 1.007' [0m
		|--[96m 'cross entropy fwd | Max Time: 7.571 ms | Avg Time: 7.404 ms | Load Imbalance: 1.023' [0m
		|--[96m 'cross entropy bwd | Max Time: 1.058 ms | Avg Time: 0.975 ms | Load Imbalance: 1.085' [0m
		|--[96m 'linear_3d_bwd | Max Time: 50.620 ms | Avg Time: 49.518 ms | Load Imbalance: 1.022' [0m
			|--[91m 'output_linear GRAD_X | Max Time: 3.608 ms | Avg Time: 3.476 ms | Load Imbalance: 1.038' [0m
			|--[91m 'all-reduce | Max Time: 35.238 ms | Avg Time: 33.981 ms | Load Imbalance: 1.037' [0m
			|--[91m 'output_linear GRAD_W | Max Time: 4.076 ms | Avg Time: 4.060 ms | Load Imbalance: 1.004' [0m
			|--[91m 'input_linear GRAD_W | Max Time: 4.090 ms | Avg Time: 4.075 ms | Load Imbalance: 1.004' [0m
		|--[96m 'gcn conv bwd | Max Time: 555.039 ms | Avg Time: 554.657 ms | Load Imbalance: 1.001' [0m
			|--[91m 'gather | Max Time: 0.909 ms | Avg Time: 0.741 ms | Load Imbalance: 1.226' [0m
			|--[91m 'GRAD_AGG = GRAD_OUT * W.T | Max Time: 24.280 ms | Avg Time: 24.253 ms | Load Imbalance: 1.001' [0m
			|--[91m 'allreduce lowp comm dtype | Max Time: 11.075 ms | Avg Time: 11.061 ms | Load Imbalance: 1.001' [0m
			|--[91m 'allreduce lowp | Max Time: 217.185 ms | Avg Time: 212.355 ms | Load Imbalance: 1.023' [0m
			|--[91m 'allreduce copy back | Max Time: 13.158 ms | Avg Time: 13.139 ms | Load Imbalance: 1.001' [0m
			|--[91m 'GRAD_W = AGG.T * GRAD_OUT | Max Time: 24.637 ms | Avg Time: 24.613 ms | Load Imbalance: 1.001' [0m
			|--[91m 'ReduceScatter grad_weight | Max Time: 8.962 ms | Avg Time: 5.474 ms | Load Imbalance: 1.637' [0m
				|--[95m 'reduce-scatter | Max Time: 8.891 ms | Avg Time: 5.404 ms | Load Imbalance: 1.645' [0m
					|--[92m 'reduce-scatter-dist | Max Time: 8.835 ms | Avg Time: 5.347 ms | Load Imbalance: 1.652' [0m
			|--[91m 'GRAD_H = A.T * GRAD_AGG | Max Time: 33.229 ms | Avg Time: 28.714 ms | Load Imbalance: 1.157' [0m
			|--[91m 'allreduce grad_x | Max Time: 240.735 ms | Avg Time: 233.895 ms | Load Imbalance: 1.029' [0m
				|--[95m 'allreduce lowp comm dtype | Max Time: 10.979 ms | Avg Time: 10.957 ms | Load Imbalance: 1.002' [0m
				|--[95m 'allreduce lowp | Max Time: 216.482 ms | Avg Time: 209.631 ms | Load Imbalance: 1.033' [0m
				|--[95m 'allreduce copy back | Max Time: 13.153 ms | Avg Time: 13.138 ms | Load Imbalance: 1.001' [0m
		|--[96m 'sync_norm_gradients | Max Time: 0.553 ms | Avg Time: 0.482 ms | Load Imbalance: 1.148' [0m
		|--[96m 'sync_data_parallel_gradients | Max Time: 0.014 ms | Avg Time: 0.014 ms | Load Imbalance: 1.024' [0m

|--[95m 'epoch 6 | Max Time: 1436.014 ms | Avg Time: 1435.996 ms | Load Imbalance: 1.000' [0m
	|--[92m 'minibatch prep | Max Time: 130.984 ms | Avg Time: 126.745 ms | Load Imbalance: 1.033' [0m
		|--[96m 'sample nodes | Max Time: 24.083 ms | Avg Time: 24.029 ms | Load Imbalance: 1.002' [0m
		|--[96m 'compact indices | Max Time: 3.853 ms | Avg Time: 3.701 ms | Load Imbalance: 1.041' [0m
		|--[96m 'compact adj shards | Max Time: 98.754 ms | Avg Time: 94.806 ms | Load Imbalance: 1.042' [0m
			|--[91m 'compact layout prep | Max Time: 11.348 ms | Avg Time: 9.704 ms | Load Imbalance: 1.169' [0m
			|--[91m 'compact csr: indices | Max Time: 0.411 ms | Avg Time: 0.373 ms | Load Imbalance: 1.100' [0m
			|--[91m 'compact csr: row ptrs | Max Time: 4.213 ms | Avg Time: 4.176 ms | Load Imbalance: 1.009' [0m
			|--[91m 'compact csr: nnz index | Max Time: 21.371 ms | Avg Time: 20.948 ms | Load Imbalance: 1.020' [0m
			|--[91m 'compact csr: select nnz | Max Time: 6.683 ms | Avg Time: 6.498 ms | Load Imbalance: 1.028' [0m
			|--[91m 'compact csr: col map | Max Time: 14.012 ms | Avg Time: 13.835 ms | Load Imbalance: 1.013' [0m
			|--[91m 'compact csr: edge scale | Max Time: 5.568 ms | Avg Time: 5.450 ms | Load Imbalance: 1.022' [0m
			|--[91m 'compact csr: crow | Max Time: 4.256 ms | Avg Time: 4.126 ms | Load Imbalance: 1.031' [0m
			|--[91m 'compact csr: adjt direct | Max Time: 19.147 ms | Avg Time: 18.088 ms | Load Imbalance: 1.059' [0m
		|--[96m 'compact feature slice | Max Time: 3.240 ms | Avg Time: 3.219 ms | Load Imbalance: 1.007' [0m
		|--[96m 'compact label slice | Max Time: 0.246 ms | Avg Time: 0.244 ms | Load Imbalance: 1.007' [0m
	|--[92m 'train step | Max Time: 1310.907 ms | Avg Time: 1308.934 ms | Load Imbalance: 1.002' [0m
		|--[96m 'input_linear | Max Time: 47.230 ms | Avg Time: 44.888 ms | Load Imbalance: 1.052' [0m
			|--[91m 'input_linear X * W | Max Time: 4.329 ms | Avg Time: 4.249 ms | Load Imbalance: 1.019' [0m
			|--[91m 'all-reduce | Max Time: 36.503 ms | Avg Time: 34.157 ms | Load Imbalance: 1.069' [0m
			|--[91m 'OUT + BIAS | Max Time: 6.433 ms | Avg Time: 6.425 ms | Load Imbalance: 1.001' [0m
		|--[96m 'gcn conv fwd | Max Time: 526.992 ms | Avg Time: 520.883 ms | Load Imbalance: 1.012' [0m
			|--[91m 'AGG = A * H | Max Time: 33.322 ms | Avg Time: 28.772 ms | Load Imbalance: 1.158' [0m
			|--[91m 'allreduce H | Max Time: 238.715 ms | Avg Time: 232.716 ms | Load Imbalance: 1.026' [0m
				|--[95m 'allreduce lowp comm dtype | Max Time: 11.004 ms | Avg Time: 10.964 ms | Load Imbalance: 1.004' [0m
				|--[95m 'allreduce lowp | Max Time: 214.440 ms | Avg Time: 208.445 ms | Load Imbalance: 1.029' [0m
				|--[95m 'allreduce copy back | Max Time: 13.154 ms | Avg Time: 13.137 ms | Load Imbalance: 1.001' [0m
			|--[91m 'Allgather W | Max Time: 10.396 ms | Avg Time: 5.463 ms | Load Imbalance: 1.903' [0m
				|--[95m 'gather | Max Time: 10.326 ms | Avg Time: 5.393 ms | Load Imbalance: 1.915' [0m
			|--[91m 'OUT = AGG * W | Max Time: 23.963 ms | Avg Time: 23.941 ms | Load Imbalance: 1.001' [0m
			|--[91m 'allreduce Q | Max Time: 235.698 ms | Avg Time: 229.737 ms | Load Imbalance: 1.026' [0m
				|--[95m 'allreduce lowp comm dtype | Max Time: 11.074 ms | Avg Time: 11.060 ms | Load Imbalance: 1.001' [0m
				|--[95m 'allreduce lowp | Max Time: 211.336 ms | Avg Time: 205.375 ms | Load Imbalance: 1.029' [0m
				|--[95m 'allreduce copy back | Max Time: 13.149 ms | Avg Time: 13.132 ms | Load Imbalance: 1.001' [0m
		|--[96m 'activation | Max Time: 45.530 ms | Avg Time: 39.014 ms | Load Imbalance: 1.167' [0m
			|--[91m 'all-reduce | Max Time: 17.711 ms | Avg Time: 11.181 ms | Load Imbalance: 1.584' [0m
		|--[96m 'output_linear | Max Time: 4.829 ms | Avg Time: 4.823 ms | Load Imbalance: 1.001' [0m
			|--[91m 'output_linear X * W | Max Time: 4.554 ms | Avg Time: 4.549 ms | Load Imbalance: 1.001' [0m
			|--[91m 'all-reduce | Max Time: 0.014 ms | Avg Time: 0.014 ms | Load Imbalance: 1.018' [0m
			|--[91m 'OUT + BIAS | Max Time: 0.204 ms | Avg Time: 0.203 ms | Load Imbalance: 1.004' [0m
		|--[96m 'cross entropy fwd | Max Time: 7.555 ms | Avg Time: 7.422 ms | Load Imbalance: 1.018' [0m
		|--[96m 'cross entropy bwd | Max Time: 1.030 ms | Avg Time: 0.966 ms | Load Imbalance: 1.066' [0m
		|--[96m 'linear_3d_bwd | Max Time: 49.951 ms | Avg Time: 49.257 ms | Load Imbalance: 1.014' [0m
			|--[91m 'output_linear GRAD_X | Max Time: 3.622 ms | Avg Time: 3.465 ms | Load Imbalance: 1.045' [0m
			|--[91m 'all-reduce | Max Time: 34.560 ms | Avg Time: 33.730 ms | Load Imbalance: 1.025' [0m
			|--[91m 'output_linear GRAD_W | Max Time: 4.081 ms | Avg Time: 4.064 ms | Load Imbalance: 1.004' [0m
			|--[91m 'input_linear GRAD_W | Max Time: 4.093 ms | Avg Time: 4.080 ms | Load Imbalance: 1.003' [0m
		|--[96m 'gcn conv bwd | Max Time: 558.355 ms | Avg Time: 557.938 ms | Load Imbalance: 1.001' [0m
			|--[91m 'gather | Max Time: 0.910 ms | Avg Time: 0.747 ms | Load Imbalance: 1.218' [0m
			|--[91m 'GRAD_AGG = GRAD_OUT * W.T | Max Time: 24.275 ms | Avg Time: 24.255 ms | Load Imbalance: 1.001' [0m
			|--[91m 'allreduce lowp comm dtype | Max Time: 11.075 ms | Avg Time: 11.061 ms | Load Imbalance: 1.001' [0m
			|--[91m 'allreduce lowp | Max Time: 215.063 ms | Avg Time: 213.248 ms | Load Imbalance: 1.009' [0m
			|--[91m 'allreduce copy back | Max Time: 13.159 ms | Avg Time: 13.140 ms | Load Imbalance: 1.001' [0m
			|--[91m 'GRAD_W = AGG.T * GRAD_OUT | Max Time: 24.654 ms | Avg Time: 24.614 ms | Load Imbalance: 1.002' [0m
			|--[91m 'ReduceScatter grad_weight | Max Time: 11.440 ms | Avg Time: 6.297 ms | Load Imbalance: 1.817' [0m
				|--[95m 'reduce-scatter | Max Time: 11.368 ms | Avg Time: 6.227 ms | Load Imbalance: 1.826' [0m
					|--[92m 'reduce-scatter-dist | Max Time: 11.311 ms | Avg Time: 6.170 ms | Load Imbalance: 1.833' [0m
			|--[91m 'GRAD_H = A.T * GRAD_AGG | Max Time: 33.225 ms | Avg Time: 28.702 ms | Load Imbalance: 1.158' [0m
			|--[91m 'allreduce grad_x | Max Time: 243.465 ms | Avg Time: 235.463 ms | Load Imbalance: 1.034' [0m
				|--[95m 'allreduce lowp comm dtype | Max Time: 10.985 ms | Avg Time: 10.962 ms | Load Imbalance: 1.002' [0m
				|--[95m 'allreduce lowp | Max Time: 219.216 ms | Avg Time: 211.194 ms | Load Imbalance: 1.038' [0m
				|--[95m 'allreduce copy back | Max Time: 13.160 ms | Avg Time: 13.138 ms | Load Imbalance: 1.002' [0m
		|--[96m 'sync_norm_gradients | Max Time: 0.553 ms | Avg Time: 0.480 ms | Load Imbalance: 1.150' [0m
		|--[96m 'sync_data_parallel_gradients | Max Time: 0.015 ms | Avg Time: 0.014 ms | Load Imbalance: 1.042' [0m

|--[95m 'epoch 7 | Max Time: 1436.195 ms | Avg Time: 1436.182 ms | Load Imbalance: 1.000' [0m
	|--[92m 'minibatch prep | Max Time: 130.729 ms | Avg Time: 126.631 ms | Load Imbalance: 1.032' [0m
		|--[96m 'sample nodes | Max Time: 24.075 ms | Avg Time: 24.039 ms | Load Imbalance: 1.002' [0m
		|--[96m 'compact indices | Max Time: 3.802 ms | Avg Time: 3.696 ms | Load Imbalance: 1.029' [0m
		|--[96m 'compact adj shards | Max Time: 98.626 ms | Avg Time: 94.685 ms | Load Imbalance: 1.042' [0m
			|--[91m 'compact layout prep | Max Time: 11.407 ms | Avg Time: 9.739 ms | Load Imbalance: 1.171' [0m
			|--[91m 'compact csr: indices | Max Time: 0.404 ms | Avg Time: 0.377 ms | Load Imbalance: 1.071' [0m
			|--[91m 'compact csr: row ptrs | Max Time: 4.212 ms | Avg Time: 4.167 ms | Load Imbalance: 1.011' [0m
			|--[91m 'compact csr: nnz index | Max Time: 21.377 ms | Avg Time: 20.943 ms | Load Imbalance: 1.021' [0m
			|--[91m 'compact csr: select nnz | Max Time: 6.665 ms | Avg Time: 6.490 ms | Load Imbalance: 1.027' [0m
			|--[91m 'compact csr: col map | Max Time: 14.012 ms | Avg Time: 13.834 ms | Load Imbalance: 1.013' [0m
			|--[91m 'compact csr: edge scale | Max Time: 5.427 ms | Avg Time: 5.336 ms | Load Imbalance: 1.017' [0m
			|--[91m 'compact csr: crow | Max Time: 4.221 ms | Avg Time: 4.097 ms | Load Imbalance: 1.030' [0m
			|--[91m 'compact csr: adjt direct | Max Time: 19.160 ms | Avg Time: 18.094 ms | Load Imbalance: 1.059' [0m
		|--[96m 'compact feature slice | Max Time: 3.259 ms | Avg Time: 3.224 ms | Load Imbalance: 1.011' [0m
		|--[96m 'compact label slice | Max Time: 0.246 ms | Avg Time: 0.244 ms | Load Imbalance: 1.006' [0m
	|--[92m 'train step | Max Time: 1311.183 ms | Avg Time: 1309.246 ms | Load Imbalance: 1.001' [0m
		|--[96m 'input_linear | Max Time: 46.747 ms | Avg Time: 44.865 ms | Load Imbalance: 1.042' [0m
			|--[91m 'input_linear X * W | Max Time: 4.245 ms | Avg Time: 4.243 ms | Load Imbalance: 1.000' [0m
			|--[91m 'all-reduce | Max Time: 36.011 ms | Avg Time: 34.140 ms | Load Imbalance: 1.055' [0m
			|--[91m 'OUT + BIAS | Max Time: 6.434 ms | Avg Time: 6.425 ms | Load Imbalance: 1.001' [0m
		|--[96m 'gcn conv fwd | Max Time: 529.845 ms | Avg Time: 522.975 ms | Load Imbalance: 1.013' [0m
			|--[91m 'AGG = A * H | Max Time: 33.288 ms | Avg Time: 28.763 ms | Load Imbalance: 1.157' [0m
			|--[91m 'allreduce H | Max Time: 240.926 ms | Avg Time: 233.236 ms | Load Imbalance: 1.033' [0m
				|--[95m 'allreduce lowp comm dtype | Max Time: 11.002 ms | Avg Time: 10.966 ms | Load Imbalance: 1.003' [0m
				|--[95m 'allreduce lowp | Max Time: 216.649 ms | Avg Time: 208.963 ms | Load Imbalance: 1.037' [0m
				|--[95m 'allreduce copy back | Max Time: 13.155 ms | Avg Time: 13.137 ms | Load Imbalance: 1.001' [0m
			|--[91m 'Allgather W | Max Time: 14.659 ms | Avg Time: 8.075 ms | Load Imbalance: 1.816' [0m
				|--[95m 'gather | Max Time: 14.589 ms | Avg Time: 8.004 ms | Load Imbalance: 1.823' [0m
			|--[91m 'OUT = AGG * W | Max Time: 23.984 ms | Avg Time: 23.953 ms | Load Imbalance: 1.001' [0m
			|--[91m 'allreduce Q | Max Time: 234.993 ms | Avg Time: 228.694 ms | Load Imbalance: 1.028' [0m
				|--[95m 'allreduce lowp comm dtype | Max Time: 11.077 ms | Avg Time: 11.063 ms | Load Imbalance: 1.001' [0m
				|--[95m 'allreduce lowp | Max Time: 210.627 ms | Avg Time: 204.329 ms | Load Imbalance: 1.031' [0m
				|--[95m 'allreduce copy back | Max Time: 13.150 ms | Avg Time: 13.132 ms | Load Imbalance: 1.001' [0m
		|--[96m 'activation | Max Time: 43.278 ms | Avg Time: 37.673 ms | Load Imbalance: 1.149' [0m
			|--[91m 'all-reduce | Max Time: 15.446 ms | Avg Time: 9.844 ms | Load Imbalance: 1.569' [0m
		|--[96m 'output_linear | Max Time: 4.828 ms | Avg Time: 4.823 ms | Load Imbalance: 1.001' [0m
			|--[91m 'output_linear X * W | Max Time: 4.554 ms | Avg Time: 4.549 ms | Load Imbalance: 1.001' [0m
			|--[91m 'all-reduce | Max Time: 0.015 ms | Avg Time: 0.014 ms | Load Imbalance: 1.038' [0m
			|--[91m 'OUT + BIAS | Max Time: 0.204 ms | Avg Time: 0.203 ms | Load Imbalance: 1.005' [0m
		|--[96m 'cross entropy fwd | Max Time: 7.668 ms | Avg Time: 7.456 ms | Load Imbalance: 1.028' [0m
		|--[96m 'cross entropy bwd | Max Time: 1.050 ms | Avg Time: 0.975 ms | Load Imbalance: 1.077' [0m
		|--[96m 'linear_3d_bwd | Max Time: 50.269 ms | Avg Time: 49.401 ms | Load Imbalance: 1.018' [0m
			|--[91m 'output_linear GRAD_X | Max Time: 3.615 ms | Avg Time: 3.469 ms | Load Imbalance: 1.042' [0m
			|--[91m 'all-reduce | Max Time: 34.900 ms | Avg Time: 33.862 ms | Load Imbalance: 1.031' [0m
			|--[91m 'output_linear GRAD_W | Max Time: 4.087 ms | Avg Time: 4.067 ms | Load Imbalance: 1.005' [0m
			|--[91m 'input_linear GRAD_W | Max Time: 4.092 ms | Avg Time: 4.076 ms | Load Imbalance: 1.004' [0m
		|--[96m 'gcn conv bwd | Max Time: 557.662 ms | Avg Time: 557.295 ms | Load Imbalance: 1.001' [0m
			|--[91m 'gather | Max Time: 0.948 ms | Avg Time: 0.746 ms | Load Imbalance: 1.270' [0m
			|--[91m 'GRAD_AGG = GRAD_OUT * W.T | Max Time: 24.273 ms | Avg Time: 24.255 ms | Load Imbalance: 1.001' [0m
			|--[91m 'allreduce lowp comm dtype | Max Time: 11.081 ms | Avg Time: 11.062 ms | Load Imbalance: 1.002' [0m
			|--[91m 'allreduce lowp | Max Time: 214.117 ms | Avg Time: 210.364 ms | Load Imbalance: 1.018' [0m
			|--[91m 'allreduce copy back | Max Time: 13.153 ms | Avg Time: 13.140 ms | Load Imbalance: 1.001' [0m
			|--[91m 'GRAD_W = AGG.T * GRAD_OUT | Max Time: 24.659 ms | Avg Time: 24.615 ms | Load Imbalance: 1.002' [0m
			|--[91m 'ReduceScatter grad_weight | Max Time: 16.842 ms | Avg Time: 9.680 ms | Load Imbalance: 1.740' [0m
				|--[95m 'reduce-scatter | Max Time: 16.770 ms | Avg Time: 9.610 ms | Load Imbalance: 1.745' [0m
					|--[92m 'reduce-scatter-dist | Max Time: 16.714 ms | Avg Time: 9.553 ms | Load Imbalance: 1.750' [0m
			|--[91m 'GRAD_H = A.T * GRAD_AGG | Max Time: 33.199 ms | Avg Time: 28.690 ms | Load Imbalance: 1.157' [0m
			|--[91m 'allreduce grad_x | Max Time: 240.086 ms | Avg Time: 234.333 ms | Load Imbalance: 1.025' [0m
				|--[95m 'allreduce lowp comm dtype | Max Time: 10.984 ms | Avg Time: 10.961 ms | Load Imbalance: 1.002' [0m
				|--[95m 'allreduce lowp | Max Time: 215.786 ms | Avg Time: 210.065 ms | Load Imbalance: 1.027' [0m
				|--[95m 'allreduce copy back | Max Time: 13.156 ms | Avg Time: 13.137 ms | Load Imbalance: 1.001' [0m
		|--[96m 'sync_norm_gradients | Max Time: 0.553 ms | Avg Time: 0.489 ms | Load Imbalance: 1.130' [0m
		|--[96m 'sync_data_parallel_gradients | Max Time: 0.014 ms | Avg Time: 0.014 ms | Load Imbalance: 1.022' [0m

|--[95m 'epoch 8 | Max Time: 1436.097 ms | Avg Time: 1436.078 ms | Load Imbalance: 1.000' [0m
	|--[92m 'minibatch prep | Max Time: 130.727 ms | Avg Time: 126.690 ms | Load Imbalance: 1.032' [0m
		|--[96m 'sample nodes | Max Time: 24.085 ms | Avg Time: 24.032 ms | Load Imbalance: 1.002' [0m
		|--[96m 'compact indices | Max Time: 3.839 ms | Avg Time: 3.661 ms | Load Imbalance: 1.049' [0m
		|--[96m 'compact adj shards | Max Time: 98.654 ms | Avg Time: 94.794 ms | Load Imbalance: 1.041' [0m
			|--[91m 'compact layout prep | Max Time: 11.523 ms | Avg Time: 9.684 ms | Load Imbalance: 1.190' [0m
			|--[91m 'compact csr: indices | Max Time: 0.416 ms | Avg Time: 0.379 ms | Load Imbalance: 1.098' [0m
			|--[91m 'compact csr: row ptrs | Max Time: 4.219 ms | Avg Time: 4.182 ms | Load Imbalance: 1.009' [0m
			|--[91m 'compact csr: nnz index | Max Time: 21.386 ms | Avg Time: 20.935 ms | Load Imbalance: 1.022' [0m
			|--[91m 'compact csr: select nnz | Max Time: 6.688 ms | Avg Time: 6.486 ms | Load Imbalance: 1.031' [0m
			|--[91m 'compact csr: col map | Max Time: 14.013 ms | Avg Time: 13.835 ms | Load Imbalance: 1.013' [0m
			|--[91m 'compact csr: edge scale | Max Time: 5.454 ms | Avg Time: 5.376 ms | Load Imbalance: 1.014' [0m
			|--[91m 'compact csr: crow | Max Time: 4.216 ms | Avg Time: 4.115 ms | Load Imbalance: 1.025' [0m
			|--[91m 'compact csr: adjt direct | Max Time: 19.104 ms | Avg Time: 18.108 ms | Load Imbalance: 1.055' [0m
		|--[96m 'compact feature slice | Max Time: 3.254 ms | Avg Time: 3.221 ms | Load Imbalance: 1.010' [0m
		|--[96m 'compact label slice | Max Time: 0.245 ms | Avg Time: 0.244 ms | Load Imbalance: 1.005' [0m
	|--[92m 'train step | Max Time: 1310.698 ms | Avg Time: 1309.076 ms | Load Imbalance: 1.001' [0m
		|--[96m 'input_linear | Max Time: 46.655 ms | Avg Time: 44.787 ms | Load Imbalance: 1.042' [0m
			|--[91m 'input_linear X * W | Max Time: 4.246 ms | Avg Time: 4.244 ms | Load Imbalance: 1.001' [0m
			|--[91m 'all-reduce | Max Time: 35.936 ms | Avg Time: 34.063 ms | Load Imbalance: 1.055' [0m
			|--[91m 'OUT + BIAS | Max Time: 6.431 ms | Avg Time: 6.424 ms | Load Imbalance: 1.001' [0m
		|--[96m 'gcn conv fwd | Max Time: 529.025 ms | Avg Time: 524.500 ms | Load Imbalance: 1.009' [0m
			|--[91m 'AGG = A * H | Max Time: 33.301 ms | Avg Time: 28.762 ms | Load Imbalance: 1.158' [0m
			|--[91m 'allreduce H | Max Time: 240.484 ms | Avg Time: 234.202 ms | Load Imbalance: 1.027' [0m
				|--[95m 'allreduce lowp comm dtype | Max Time: 11.000 ms | Avg Time: 10.963 ms | Load Imbalance: 1.003' [0m
				|--[95m 'allreduce lowp | Max Time: 216.244 ms | Avg Time: 209.933 ms | Load Imbalance: 1.030' [0m
				|--[95m 'allreduce copy back | Max Time: 13.152 ms | Avg Time: 13.136 ms | Load Imbalance: 1.001' [0m
			|--[91m 'Allgather W | Max Time: 12.626 ms | Avg Time: 7.246 ms | Load Imbalance: 1.743' [0m
				|--[95m 'gather | Max Time: 12.556 ms | Avg Time: 7.175 ms | Load Imbalance: 1.750' [0m
			|--[91m 'OUT = AGG * W | Max Time: 23.979 ms | Avg Time: 23.950 ms | Load Imbalance: 1.001' [0m
			|--[91m 'allreduce Q | Max Time: 234.352 ms | Avg Time: 230.086 ms | Load Imbalance: 1.019' [0m
				|--[95m 'allreduce lowp comm dtype | Max Time: 11.076 ms | Avg Time: 11.064 ms | Load Imbalance: 1.001' [0m
				|--[95m 'allreduce lowp | Max Time: 209.971 ms | Avg Time: 205.720 ms | Load Imbalance: 1.021' [0m
				|--[95m 'allreduce copy back | Max Time: 13.146 ms | Avg Time: 13.132 ms | Load Imbalance: 1.001' [0m
		|--[96m 'activation | Max Time: 42.239 ms | Avg Time: 36.418 ms | Load Imbalance: 1.160' [0m
			|--[91m 'all-reduce | Max Time: 14.391 ms | Avg Time: 8.589 ms | Load Imbalance: 1.676' [0m
		|--[96m 'output_linear | Max Time: 4.831 ms | Avg Time: 4.824 ms | Load Imbalance: 1.001' [0m
			|--[91m 'output_linear X * W | Max Time: 4.558 ms | Avg Time: 4.550 ms | Load Imbalance: 1.002' [0m
			|--[91m 'all-reduce | Max Time: 0.014 ms | Avg Time: 0.014 ms | Load Imbalance: 1.026' [0m
			|--[91m 'OUT + BIAS | Max Time: 0.204 ms | Avg Time: 0.203 ms | Load Imbalance: 1.006' [0m
		|--[96m 'cross entropy fwd | Max Time: 7.587 ms | Avg Time: 7.417 ms | Load Imbalance: 1.023' [0m
		|--[96m 'cross entropy bwd | Max Time: 1.062 ms | Avg Time: 0.982 ms | Load Imbalance: 1.081' [0m
		|--[96m 'linear_3d_bwd | Max Time: 49.478 ms | Avg Time: 48.916 ms | Load Imbalance: 1.011' [0m
			|--[91m 'output_linear GRAD_X | Max Time: 3.702 ms | Avg Time: 3.482 ms | Load Imbalance: 1.063' [0m
			|--[91m 'all-reduce | Max Time: 34.051 ms | Avg Time: 33.355 ms | Load Imbalance: 1.021' [0m
			|--[91m 'output_linear GRAD_W | Max Time: 4.084 ms | Avg Time: 4.064 ms | Load Imbalance: 1.005' [0m
			|--[91m 'input_linear GRAD_W | Max Time: 4.100 ms | Avg Time: 4.081 ms | Load Imbalance: 1.005' [0m
		|--[96m 'gcn conv bwd | Max Time: 557.724 ms | Avg Time: 557.451 ms | Load Imbalance: 1.000' [0m
			|--[91m 'gather | Max Time: 0.983 ms | Avg Time: 0.765 ms | Load Imbalance: 1.285' [0m
			|--[91m 'GRAD_AGG = GRAD_OUT * W.T | Max Time: 24.270 ms | Avg Time: 24.253 ms | Load Imbalance: 1.001' [0m
			|--[91m 'allreduce lowp comm dtype | Max Time: 11.075 ms | Avg Time: 11.061 ms | Load Imbalance: 1.001' [0m
			|--[91m 'allreduce lowp | Max Time: 216.110 ms | Avg Time: 212.326 ms | Load Imbalance: 1.018' [0m
			|--[91m 'allreduce copy back | Max Time: 13.155 ms | Avg Time: 13.141 ms | Load Imbalance: 1.001' [0m
			|--[91m 'GRAD_W = AGG.T * GRAD_OUT | Max Time: 24.639 ms | Avg Time: 24.607 ms | Load Imbalance: 1.001' [0m
			|--[91m 'ReduceScatter grad_weight | Max Time: 9.758 ms | Avg Time: 6.533 ms | Load Imbalance: 1.494' [0m
				|--[95m 'reduce-scatter | Max Time: 9.688 ms | Avg Time: 6.462 ms | Load Imbalance: 1.499' [0m
					|--[92m 'reduce-scatter-dist | Max Time: 9.631 ms | Avg Time: 6.406 ms | Load Imbalance: 1.504' [0m
			|--[91m 'GRAD_H = A.T * GRAD_AGG | Max Time: 33.224 ms | Avg Time: 28.701 ms | Load Imbalance: 1.158' [0m
			|--[91m 'allreduce grad_x | Max Time: 242.716 ms | Avg Time: 235.653 ms | Load Imbalance: 1.030' [0m
				|--[95m 'allreduce lowp comm dtype | Max Time: 10.980 ms | Avg Time: 10.960 ms | Load Imbalance: 1.002' [0m
				|--[95m 'allreduce lowp | Max Time: 218.466 ms | Avg Time: 211.386 ms | Load Imbalance: 1.033' [0m
				|--[95m 'allreduce copy back | Max Time: 13.156 ms | Avg Time: 13.137 ms | Load Imbalance: 1.001' [0m
		|--[96m 'sync_norm_gradients | Max Time: 0.602 ms | Avg Time: 0.554 ms | Load Imbalance: 1.085' [0m
		|--[96m 'sync_data_parallel_gradients | Max Time: 0.015 ms | Avg Time: 0.014 ms | Load Imbalance: 1.041' [0m

|--[95m 'epoch 9 | Max Time: 1435.505 ms | Avg Time: 1435.492 ms | Load Imbalance: 1.000' [0m
	|--[92m 'minibatch prep | Max Time: 130.691 ms | Avg Time: 126.759 ms | Load Imbalance: 1.031' [0m
		|--[96m 'sample nodes | Max Time: 24.100 ms | Avg Time: 24.029 ms | Load Imbalance: 1.003' [0m
		|--[96m 'compact indices | Max Time: 3.916 ms | Avg Time: 3.688 ms | Load Imbalance: 1.062' [0m
		|--[96m 'compact adj shards | Max Time: 98.685 ms | Avg Time: 94.829 ms | Load Imbalance: 1.041' [0m
			|--[91m 'compact layout prep | Max Time: 11.409 ms | Avg Time: 9.770 ms | Load Imbalance: 1.168' [0m
			|--[91m 'compact csr: indices | Max Time: 0.397 ms | Avg Time: 0.380 ms | Load Imbalance: 1.044' [0m
			|--[91m 'compact csr: row ptrs | Max Time: 4.224 ms | Avg Time: 4.177 ms | Load Imbalance: 1.011' [0m
			|--[91m 'compact csr: nnz index | Max Time: 21.383 ms | Avg Time: 20.953 ms | Load Imbalance: 1.021' [0m
			|--[91m 'compact csr: select nnz | Max Time: 6.671 ms | Avg Time: 6.482 ms | Load Imbalance: 1.029' [0m
			|--[91m 'compact csr: col map | Max Time: 14.000 ms | Avg Time: 13.841 ms | Load Imbalance: 1.011' [0m
			|--[91m 'compact csr: edge scale | Max Time: 5.431 ms | Avg Time: 5.343 ms | Load Imbalance: 1.016' [0m
			|--[91m 'compact csr: crow | Max Time: 4.229 ms | Avg Time: 4.131 ms | Load Imbalance: 1.024' [0m
			|--[91m 'compact csr: adjt direct | Max Time: 19.122 ms | Avg Time: 18.115 ms | Load Imbalance: 1.056' [0m
		|--[96m 'compact feature slice | Max Time: 3.233 ms | Avg Time: 3.218 ms | Load Imbalance: 1.005' [0m
		|--[96m 'compact label slice | Max Time: 0.246 ms | Avg Time: 0.244 ms | Load Imbalance: 1.006' [0m
	|--[92m 'train step | Max Time: 1310.338 ms | Avg Time: 1308.414 ms | Load Imbalance: 1.001' [0m
		|--[96m 'input_linear | Max Time: 46.697 ms | Avg Time: 44.714 ms | Load Imbalance: 1.044' [0m
			|--[91m 'input_linear X * W | Max Time: 4.247 ms | Avg Time: 4.244 ms | Load Imbalance: 1.001' [0m
			|--[91m 'all-reduce | Max Time: 35.971 ms | Avg Time: 33.989 ms | Load Imbalance: 1.058' [0m
			|--[91m 'OUT + BIAS | Max Time: 6.430 ms | Avg Time: 6.425 ms | Load Imbalance: 1.001' [0m
		|--[96m 'gcn conv fwd | Max Time: 528.640 ms | Avg Time: 524.174 ms | Load Imbalance: 1.009' [0m
			|--[91m 'AGG = A * H | Max Time: 33.320 ms | Avg Time: 28.774 ms | Load Imbalance: 1.158' [0m
			|--[91m 'allreduce H | Max Time: 241.541 ms | Avg Time: 234.041 ms | Load Imbalance: 1.032' [0m
				|--[95m 'allreduce lowp comm dtype | Max Time: 10.999 ms | Avg Time: 10.964 ms | Load Imbalance: 1.003' [0m
				|--[95m 'allreduce lowp | Max Time: 217.285 ms | Avg Time: 209.770 ms | Load Imbalance: 1.036' [0m
				|--[95m 'allreduce copy back | Max Time: 13.156 ms | Avg Time: 13.136 ms | Load Imbalance: 1.002' [0m
			|--[91m 'Allgather W | Max Time: 11.271 ms | Avg Time: 6.923 ms | Load Imbalance: 1.628' [0m
				|--[95m 'gather | Max Time: 11.201 ms | Avg Time: 6.852 ms | Load Imbalance: 1.635' [0m
			|--[91m 'OUT = AGG * W | Max Time: 23.967 ms | Avg Time: 23.943 ms | Load Imbalance: 1.001' [0m
			|--[91m 'allreduce Q | Max Time: 234.437 ms | Avg Time: 230.240 ms | Load Imbalance: 1.018' [0m
				|--[95m 'allreduce lowp comm dtype | Max Time: 11.076 ms | Avg Time: 11.061 ms | Load Imbalance: 1.001' [0m
				|--[95m 'allreduce lowp | Max Time: 210.073 ms | Avg Time: 205.877 ms | Load Imbalance: 1.020' [0m
				|--[95m 'allreduce copy back | Max Time: 13.147 ms | Avg Time: 13.132 ms | Load Imbalance: 1.001' [0m
		|--[96m 'activation | Max Time: 42.139 ms | Avg Time: 37.947 ms | Load Imbalance: 1.110' [0m
			|--[91m 'all-reduce | Max Time: 14.292 ms | Avg Time: 10.114 ms | Load Imbalance: 1.413' [0m
		|--[96m 'output_linear | Max Time: 4.828 ms | Avg Time: 4.823 ms | Load Imbalance: 1.001' [0m
			|--[91m 'output_linear X * W | Max Time: 4.554 ms | Avg Time: 4.549 ms | Load Imbalance: 1.001' [0m
			|--[91m 'all-reduce | Max Time: 0.014 ms | Avg Time: 0.014 ms | Load Imbalance: 1.013' [0m
			|--[91m 'OUT + BIAS | Max Time: 0.204 ms | Avg Time: 0.203 ms | Load Imbalance: 1.007' [0m
		|--[96m 'cross entropy fwd | Max Time: 7.547 ms | Avg Time: 7.427 ms | Load Imbalance: 1.016' [0m
		|--[96m 'cross entropy bwd | Max Time: 1.058 ms | Avg Time: 0.979 ms | Load Imbalance: 1.081' [0m
		|--[96m 'linear_3d_bwd | Max Time: 49.844 ms | Avg Time: 49.005 ms | Load Imbalance: 1.017' [0m
			|--[91m 'output_linear GRAD_X | Max Time: 3.661 ms | Avg Time: 3.492 ms | Load Imbalance: 1.049' [0m
			|--[91m 'all-reduce | Max Time: 34.424 ms | Avg Time: 33.448 ms | Load Imbalance: 1.029' [0m
			|--[91m 'output_linear GRAD_W | Max Time: 4.070 ms | Avg Time: 4.062 ms | Load Imbalance: 1.002' [0m
			|--[91m 'input_linear GRAD_W | Max Time: 4.102 ms | Avg Time: 4.078 ms | Load Imbalance: 1.006' [0m
		|--[96m 'gcn conv bwd | Max Time: 556.022 ms | Avg Time: 555.457 ms | Load Imbalance: 1.001' [0m
			|--[91m 'gather | Max Time: 0.873 ms | Avg Time: 0.727 ms | Load Imbalance: 1.200' [0m
			|--[91m 'GRAD_AGG = GRAD_OUT * W.T | Max Time: 24.276 ms | Avg Time: 24.255 ms | Load Imbalance: 1.001' [0m
			|--[91m 'allreduce lowp comm dtype | Max Time: 11.069 ms | Avg Time: 11.059 ms | Load Imbalance: 1.001' [0m
			|--[91m 'allreduce lowp | Max Time: 213.188 ms | Avg Time: 211.293 ms | Load Imbalance: 1.009' [0m
			|--[91m 'allreduce copy back | Max Time: 13.156 ms | Avg Time: 13.140 ms | Load Imbalance: 1.001' [0m
			|--[91m 'GRAD_W = AGG.T * GRAD_OUT | Max Time: 24.660 ms | Avg Time: 24.613 ms | Load Imbalance: 1.002' [0m
			|--[91m 'ReduceScatter grad_weight | Max Time: 11.506 ms | Avg Time: 5.473 ms | Load Imbalance: 2.103' [0m
				|--[95m 'reduce-scatter | Max Time: 11.436 ms | Avg Time: 5.402 ms | Load Imbalance: 2.117' [0m
					|--[92m 'reduce-scatter-dist | Max Time: 11.380 ms | Avg Time: 5.346 ms | Load Imbalance: 2.129' [0m
			|--[91m 'GRAD_H = A.T * GRAD_AGG | Max Time: 33.238 ms | Avg Time: 28.709 ms | Load Imbalance: 1.158' [0m
			|--[91m 'allreduce grad_x | Max Time: 240.430 ms | Avg Time: 235.778 ms | Load Imbalance: 1.020' [0m
				|--[95m 'allreduce lowp comm dtype | Max Time: 10.979 ms | Avg Time: 10.961 ms | Load Imbalance: 1.002' [0m
				|--[95m 'allreduce lowp | Max Time: 216.183 ms | Avg Time: 211.510 ms | Load Imbalance: 1.022' [0m
				|--[95m 'allreduce copy back | Max Time: 13.156 ms | Avg Time: 13.137 ms | Load Imbalance: 1.001' [0m
		|--[96m 'sync_norm_gradients | Max Time: 0.540 ms | Avg Time: 0.500 ms | Load Imbalance: 1.080' [0m
		|--[96m 'sync_data_parallel_gradients | Max Time: 0.015 ms | Avg Time: 0.014 ms | Load Imbalance: 1.040' [0m

Epoch: 009, Train Loss: 3.2945
rank 0 Peak GPU memory: 11.54 GB
